graph: { title: "/home/taste/work/work/data-compress-git-out/work/build/node_1/partition_1/runtime/SAMX-RTEMS-Runtime/arm-bsp/src/Utils/ByteFifo.c"
node: { title: "/home/taste/work/work/data-compress-git-out/work/build/node_1/partition_1/runtime/SAMX-RTEMS-Runtime/arm-bsp/src/Utils/ByteFifo.c:ByteFifo_isFull" label: "ByteFifo_isFull\n/home/taste/work/work/data-compress-git-out/work/build/node_1/partition_1/runtime/SAMX-RTEMS-Runtime/arm-bsp/src/Utils/ByteFifo.h:110:1\n16 bytes (static)" }
node: { title: "/home/taste/work/work/data-compress-git-out/work/build/node_1/partition_1/runtime/SAMX-RTEMS-Runtime/arm-bsp/src/Utils/ByteFifo.c:ByteFifo_isEmpty" label: "ByteFifo_isEmpty\n/home/taste/work/work/data-compress-git-out/work/build/node_1/partition_1/runtime/SAMX-RTEMS-Runtime/arm-bsp/src/Utils/ByteFifo.h:120:1\n16 bytes (static)" }
node: { title: "ByteFifo_init" label: "ByteFifo_init\n/home/taste/work/work/data-compress-git-out/work/build/node_1/partition_1/runtime/SAMX-RTEMS-Runtime/arm-bsp/src/Utils/ByteFifo.c:29:1\n24 bytes (static)" }
node: { title: "__assert_func" label: "__assert_func\n/opt/taste-rtems-qdp-arm/arm-rtems6/include/assert.h:41:6" shape : ellipse }
edge: { sourcename: "ByteFifo_init" targetname: "__assert_func" label: "/home/taste/work/work/data-compress-git-out/work/build/node_1/partition_1/runtime/SAMX-RTEMS-Runtime/arm-bsp/src/Utils/ByteFifo.c:32:2" }
node: { title: "ByteFifo_initFromBytes" label: "ByteFifo_initFromBytes\n/home/taste/work/work/data-compress-git-out/work/build/node_1/partition_1/runtime/SAMX-RTEMS-Runtime/arm-bsp/src/Utils/ByteFifo.c:42:1\n24 bytes (static)" }
edge: { sourcename: "ByteFifo_initFromBytes" targetname: "__assert_func" label: "/home/taste/work/work/data-compress-git-out/work/build/node_1/partition_1/runtime/SAMX-RTEMS-Runtime/arm-bsp/src/Utils/ByteFifo.c:45:2" }
node: { title: "ByteFifo_getCount" label: "ByteFifo_getCount\n/home/taste/work/work/data-compress-git-out/work/build/node_1/partition_1/runtime/SAMX-RTEMS-Runtime/arm-bsp/src/Utils/ByteFifo.c:55:1\n24 bytes (static)" }
edge: { sourcename: "ByteFifo_getCount" targetname: "/home/taste/work/work/data-compress-git-out/work/build/node_1/partition_1/runtime/SAMX-RTEMS-Runtime/arm-bsp/src/Utils/ByteFifo.c:ByteFifo_isEmpty" label: "/home/taste/work/work/data-compress-git-out/work/build/node_1/partition_1/runtime/SAMX-RTEMS-Runtime/arm-bsp/src/Utils/ByteFifo.c:57:6" }
node: { title: "ByteFifo_push" label: "ByteFifo_push\n/home/taste/work/work/data-compress-git-out/work/build/node_1/partition_1/runtime/SAMX-RTEMS-Runtime/arm-bsp/src/Utils/ByteFifo.c:70:1\n16 bytes (static)" }
edge: { sourcename: "ByteFifo_push" targetname: "/home/taste/work/work/data-compress-git-out/work/build/node_1/partition_1/runtime/SAMX-RTEMS-Runtime/arm-bsp/src/Utils/ByteFifo.c:ByteFifo_isFull" label: "/home/taste/work/work/data-compress-git-out/work/build/node_1/partition_1/runtime/SAMX-RTEMS-Runtime/arm-bsp/src/Utils/ByteFifo.c:72:6" }
node: { title: "ByteFifo_pull" label: "ByteFifo_pull\n/home/taste/work/work/data-compress-git-out/work/build/node_1/partition_1/runtime/SAMX-RTEMS-Runtime/arm-bsp/src/Utils/ByteFifo.c:87:1\n16 bytes (static)" }
edge: { sourcename: "ByteFifo_pull" targetname: "/home/taste/work/work/data-compress-git-out/work/build/node_1/partition_1/runtime/SAMX-RTEMS-Runtime/arm-bsp/src/Utils/ByteFifo.c:ByteFifo_isEmpty" label: "/home/taste/work/work/data-compress-git-out/work/build/node_1/partition_1/runtime/SAMX-RTEMS-Runtime/arm-bsp/src/Utils/ByteFifo.c:89:6" }
}
