graph: { title: "/home/taste/work/work/data-compress-git-out/work/dataview/C/dataview-uniq.c"
node: { title: "asn1SccMyInteger_Equal" label: "asn1SccMyInteger_Equal\n/home/taste/work/work/data-compress-git-out/work/dataview/C/dataview-uniq.c:15:6\n16 bytes (static)" }
node: { title: "asn1SccMyInteger_IsConstraintValid" label: "asn1SccMyInteger_IsConstraintValid\n/home/taste/work/work/data-compress-git-out/work/dataview/C/dataview-uniq.c:21:6\n24 bytes (static)" }
node: { title: "asn1SccMyInteger_Initialize" label: "asn1SccMyInteger_Initialize\n/home/taste/work/work/data-compress-git-out/work/dataview/C/dataview-uniq.c:34:6\n16 bytes (static)" }
node: { title: "asn1SccMyInteger_Encode" label: "asn1SccMyInteger_Encode\n/home/taste/work/work/data-compress-git-out/work/dataview/C/dataview-uniq.c:42:6\n32 bytes (static)" }
edge: { sourcename: "asn1SccMyInteger_Encode" targetname: "asn1SccMyInteger_IsConstraintValid" label: "/home/taste/work/work/data-compress-git-out/work/dataview/C/dataview-uniq.c:48:28" }
node: { title: "BitStream_EncodeConstraintPosWholeNumber" label: "BitStream_EncodeConstraintPosWholeNumber\n/home/taste/work/work/data-compress-git-out/work/dataview/C/asn1crt_encoding.h:52:6" shape : ellipse }
edge: { sourcename: "asn1SccMyInteger_Encode" targetname: "BitStream_EncodeConstraintPosWholeNumber" label: "/home/taste/work/work/data-compress-git-out/work/dataview/C/dataview-uniq.c:50:6" }
node: { title: "asn1SccMyInteger_Decode" label: "asn1SccMyInteger_Decode\n/home/taste/work/work/data-compress-git-out/work/dataview/C/dataview-uniq.c:57:6\n32 bytes (static)" }
node: { title: "BitStream_DecodeConstraintPosWholeNumber" label: "BitStream_DecodeConstraintPosWholeNumber\n/home/taste/work/work/data-compress-git-out/work/dataview/C/asn1crt_encoding.h:56:6" shape : ellipse }
edge: { sourcename: "asn1SccMyInteger_Decode" targetname: "BitStream_DecodeConstraintPosWholeNumber" label: "/home/taste/work/work/data-compress-git-out/work/dataview/C/dataview-uniq.c:63:8" }
edge: { sourcename: "asn1SccMyInteger_Decode" targetname: "asn1SccMyInteger_IsConstraintValid" label: "/home/taste/work/work/data-compress-git-out/work/dataview/C/dataview-uniq.c:66:17" }
node: { title: "asn1SccMyInteger_ACN_Encode" label: "asn1SccMyInteger_ACN_Encode\n/home/taste/work/work/data-compress-git-out/work/dataview/C/dataview-uniq.c:69:6\n32 bytes (static)" }
edge: { sourcename: "asn1SccMyInteger_ACN_Encode" targetname: "asn1SccMyInteger_IsConstraintValid" label: "/home/taste/work/work/data-compress-git-out/work/dataview/C/dataview-uniq.c:74:28" }
edge: { sourcename: "asn1SccMyInteger_ACN_Encode" targetname: "BitStream_EncodeConstraintPosWholeNumber" label: "/home/taste/work/work/data-compress-git-out/work/dataview/C/dataview-uniq.c:76:6" }
node: { title: "asn1SccMyInteger_ACN_Decode" label: "asn1SccMyInteger_ACN_Decode\n/home/taste/work/work/data-compress-git-out/work/dataview/C/dataview-uniq.c:83:6\n32 bytes (static)" }
edge: { sourcename: "asn1SccMyInteger_ACN_Decode" targetname: "BitStream_DecodeConstraintPosWholeNumber" label: "/home/taste/work/work/data-compress-git-out/work/dataview/C/dataview-uniq.c:89:8" }
edge: { sourcename: "asn1SccMyInteger_ACN_Decode" targetname: "asn1SccMyInteger_IsConstraintValid" label: "/home/taste/work/work/data-compress-git-out/work/dataview/C/dataview-uniq.c:92:19" }
node: { title: "asn1SccCompressorDataBuffer_Equal" label: "asn1SccCompressorDataBuffer_Equal\n/home/taste/work/work/data-compress-git-out/work/dataview/C/dataview-uniq.c:96:6\n16 bytes (static)" }
node: { title: "memcmp" label: "memcmp\n/opt/taste-rtems-qdp-arm/arm-rtems6/include/string.h:30:7" shape : ellipse }
edge: { sourcename: "asn1SccCompressorDataBuffer_Equal" targetname: "memcmp" label: "/home/taste/work/work/data-compress-git-out/work/dataview/C/dataview-uniq.c:98:9" }
node: { title: "asn1SccCompressorDataBuffer_IsConstraintValid" label: "asn1SccCompressorDataBuffer_IsConstraintValid\n/home/taste/work/work/data-compress-git-out/work/dataview/C/dataview-uniq.c:102:6\n24 bytes (static)" }
node: { title: "asn1SccCompressorDataBuffer_Initialize" label: "asn1SccCompressorDataBuffer_Initialize\n/home/taste/work/work/data-compress-git-out/work/dataview/C/dataview-uniq.c:116:6\n48 bytes (static)" }
node: { title: "memset" label: "__builtin_memset\n<built-in>" shape : ellipse }
edge: { sourcename: "asn1SccCompressorDataBuffer_Initialize" targetname: "memset" }
node: { title: "asn1SccCompressorDataBuffer_Encode" label: "asn1SccCompressorDataBuffer_Encode\n/home/taste/work/work/data-compress-git-out/work/dataview/C/dataview-uniq.c:124:6\n32 bytes (static)" }
edge: { sourcename: "asn1SccCompressorDataBuffer_Encode" targetname: "asn1SccCompressorDataBuffer_IsConstraintValid" label: "/home/taste/work/work/data-compress-git-out/work/dataview/C/dataview-uniq.c:130:28" }
node: { title: "BitStream_EncodeOctetString_no_length" label: "BitStream_EncodeOctetString_no_length\n/home/taste/work/work/data-compress-git-out/work/dataview/C/asn1crt_encoding.h:69:6" shape : ellipse }
edge: { sourcename: "asn1SccCompressorDataBuffer_Encode" targetname: "BitStream_EncodeOctetString_no_length" label: "/home/taste/work/work/data-compress-git-out/work/dataview/C/dataview-uniq.c:132:12" }
node: { title: "asn1SccCompressorDataBuffer_Decode" label: "asn1SccCompressorDataBuffer_Decode\n/home/taste/work/work/data-compress-git-out/work/dataview/C/dataview-uniq.c:139:6\n32 bytes (static)" }
node: { title: "BitStream_DecodeOctetString_no_length" label: "BitStream_DecodeOctetString_no_length\n/home/taste/work/work/data-compress-git-out/work/dataview/C/asn1crt_encoding.h:70:6" shape : ellipse }
edge: { sourcename: "asn1SccCompressorDataBuffer_Decode" targetname: "BitStream_DecodeOctetString_no_length" label: "/home/taste/work/work/data-compress-git-out/work/dataview/C/dataview-uniq.c:145:8" }
edge: { sourcename: "asn1SccCompressorDataBuffer_Decode" targetname: "asn1SccCompressorDataBuffer_IsConstraintValid" label: "/home/taste/work/work/data-compress-git-out/work/dataview/C/dataview-uniq.c:147:17" }
node: { title: "asn1SccCompressorDataBuffer_ACN_Encode" label: "asn1SccCompressorDataBuffer_ACN_Encode\n/home/taste/work/work/data-compress-git-out/work/dataview/C/dataview-uniq.c:150:6\n32 bytes (static)" }
edge: { sourcename: "asn1SccCompressorDataBuffer_ACN_Encode" targetname: "asn1SccCompressorDataBuffer_IsConstraintValid" label: "/home/taste/work/work/data-compress-git-out/work/dataview/C/dataview-uniq.c:155:28" }
edge: { sourcename: "asn1SccCompressorDataBuffer_ACN_Encode" targetname: "BitStream_EncodeOctetString_no_length" label: "/home/taste/work/work/data-compress-git-out/work/dataview/C/dataview-uniq.c:157:12" }
node: { title: "asn1SccCompressorDataBuffer_ACN_Decode" label: "asn1SccCompressorDataBuffer_ACN_Decode\n/home/taste/work/work/data-compress-git-out/work/dataview/C/dataview-uniq.c:164:6\n32 bytes (static)" }
edge: { sourcename: "asn1SccCompressorDataBuffer_ACN_Decode" targetname: "BitStream_DecodeOctetString_no_length" label: "/home/taste/work/work/data-compress-git-out/work/dataview/C/dataview-uniq.c:170:8" }
edge: { sourcename: "asn1SccCompressorDataBuffer_ACN_Decode" targetname: "asn1SccCompressorDataBuffer_IsConstraintValid" label: "/home/taste/work/work/data-compress-git-out/work/dataview/C/dataview-uniq.c:172:19" }
node: { title: "asn1SccCompressorState_Equal" label: "asn1SccCompressorState_Equal\n/home/taste/work/work/data-compress-git-out/work/dataview/C/dataview-uniq.c:176:6\n16 bytes (static)" }
node: { title: "asn1SccCompressorState_IsConstraintValid" label: "asn1SccCompressorState_IsConstraintValid\n/home/taste/work/work/data-compress-git-out/work/dataview/C/dataview-uniq.c:182:6\n24 bytes (static)" }
node: { title: "asn1SccCompressorState_Initialize" label: "asn1SccCompressorState_Initialize\n/home/taste/work/work/data-compress-git-out/work/dataview/C/dataview-uniq.c:195:6\n16 bytes (static)" }
node: { title: "asn1SccCompressorState_Encode" label: "asn1SccCompressorState_Encode\n/home/taste/work/work/data-compress-git-out/work/dataview/C/dataview-uniq.c:203:6\n32 bytes (static)" }
edge: { sourcename: "asn1SccCompressorState_Encode" targetname: "asn1SccCompressorState_IsConstraintValid" label: "/home/taste/work/work/data-compress-git-out/work/dataview/C/dataview-uniq.c:209:28" }
node: { title: "BitStream_EncodeConstraintWholeNumber" label: "BitStream_EncodeConstraintWholeNumber\n/home/taste/work/work/data-compress-git-out/work/dataview/C/asn1crt_encoding.h:51:6" shape : ellipse }
edge: { sourcename: "asn1SccCompressorState_Encode" targetname: "BitStream_EncodeConstraintWholeNumber" label: "/home/taste/work/work/data-compress-git-out/work/dataview/C/dataview-uniq.c:214:14" }
edge: { sourcename: "asn1SccCompressorState_Encode" targetname: "BitStream_EncodeConstraintWholeNumber" label: "/home/taste/work/work/data-compress-git-out/work/dataview/C/dataview-uniq.c:217:14" }
edge: { sourcename: "asn1SccCompressorState_Encode" targetname: "BitStream_EncodeConstraintWholeNumber" label: "/home/taste/work/work/data-compress-git-out/work/dataview/C/dataview-uniq.c:220:14" }
edge: { sourcename: "asn1SccCompressorState_Encode" targetname: "BitStream_EncodeConstraintWholeNumber" label: "/home/taste/work/work/data-compress-git-out/work/dataview/C/dataview-uniq.c:223:14" }
edge: { sourcename: "asn1SccCompressorState_Encode" targetname: "BitStream_EncodeConstraintWholeNumber" label: "/home/taste/work/work/data-compress-git-out/work/dataview/C/dataview-uniq.c:226:14" }
edge: { sourcename: "asn1SccCompressorState_Encode" targetname: "BitStream_EncodeConstraintWholeNumber" label: "/home/taste/work/work/data-compress-git-out/work/dataview/C/dataview-uniq.c:229:14" }
node: { title: "asn1SccCompressorState_Decode" label: "asn1SccCompressorState_Decode\n/home/taste/work/work/data-compress-git-out/work/dataview/C/dataview-uniq.c:241:6\n32 bytes (static)" }
node: { title: "BitStream_DecodeConstraintWholeNumber" label: "BitStream_DecodeConstraintWholeNumber\n/home/taste/work/work/data-compress-git-out/work/dataview/C/asn1crt_encoding.h:55:6" shape : ellipse }
edge: { sourcename: "asn1SccCompressorState_Decode" targetname: "BitStream_DecodeConstraintWholeNumber" label: "/home/taste/work/work/data-compress-git-out/work/dataview/C/dataview-uniq.c:249:12" }
edge: { sourcename: "asn1SccCompressorState_Decode" targetname: "asn1SccCompressorState_IsConstraintValid" label: "/home/taste/work/work/data-compress-git-out/work/dataview/C/dataview-uniq.c:281:17" }
node: { title: "asn1SccCompressorState_ACN_Encode" label: "asn1SccCompressorState_ACN_Encode\n/home/taste/work/work/data-compress-git-out/work/dataview/C/dataview-uniq.c:284:6\n32 bytes (static)" }
edge: { sourcename: "asn1SccCompressorState_ACN_Encode" targetname: "asn1SccCompressorState_IsConstraintValid" label: "/home/taste/work/work/data-compress-git-out/work/dataview/C/dataview-uniq.c:290:28" }
edge: { sourcename: "asn1SccCompressorState_ACN_Encode" targetname: "BitStream_EncodeConstraintPosWholeNumber" label: "/home/taste/work/work/data-compress-git-out/work/dataview/C/dataview-uniq.c:316:7" }
node: { title: "asn1SccCompressorState_ACN_Decode" label: "asn1SccCompressorState_ACN_Decode\n/home/taste/work/work/data-compress-git-out/work/dataview/C/dataview-uniq.c:324:6\n32 bytes (static)" }
edge: { sourcename: "asn1SccCompressorState_ACN_Decode" targetname: "BitStream_DecodeConstraintPosWholeNumber" label: "/home/taste/work/work/data-compress-git-out/work/dataview/C/dataview-uniq.c:331:8" }
edge: { sourcename: "asn1SccCompressorState_ACN_Decode" targetname: "asn1SccCompressorState_IsConstraintValid" label: "/home/taste/work/work/data-compress-git-out/work/dataview/C/dataview-uniq.c:359:19" }
node: { title: "asn1SccT_Int32_Equal" label: "asn1SccT_Int32_Equal\n/home/taste/work/work/data-compress-git-out/work/dataview/C/dataview-uniq.c:363:6\n16 bytes (static)" }
node: { title: "asn1SccT_Int32_IsConstraintValid" label: "asn1SccT_Int32_IsConstraintValid\n/home/taste/work/work/data-compress-git-out/work/dataview/C/dataview-uniq.c:369:6\n24 bytes (static)" }
node: { title: "asn1SccT_Int32_Initialize" label: "asn1SccT_Int32_Initialize\n/home/taste/work/work/data-compress-git-out/work/dataview/C/dataview-uniq.c:382:6\n16 bytes (static)" }
node: { title: "asn1SccT_Int32_Encode" label: "asn1SccT_Int32_Encode\n/home/taste/work/work/data-compress-git-out/work/dataview/C/dataview-uniq.c:390:6\n32 bytes (static)" }
edge: { sourcename: "asn1SccT_Int32_Encode" targetname: "asn1SccT_Int32_IsConstraintValid" label: "/home/taste/work/work/data-compress-git-out/work/dataview/C/dataview-uniq.c:396:28" }
edge: { sourcename: "asn1SccT_Int32_Encode" targetname: "BitStream_EncodeConstraintWholeNumber" label: "/home/taste/work/work/data-compress-git-out/work/dataview/C/dataview-uniq.c:398:6" }
node: { title: "asn1SccT_Int32_Decode" label: "asn1SccT_Int32_Decode\n/home/taste/work/work/data-compress-git-out/work/dataview/C/dataview-uniq.c:405:6\n32 bytes (static)" }
edge: { sourcename: "asn1SccT_Int32_Decode" targetname: "BitStream_DecodeConstraintWholeNumber" label: "/home/taste/work/work/data-compress-git-out/work/dataview/C/dataview-uniq.c:411:8" }
edge: { sourcename: "asn1SccT_Int32_Decode" targetname: "asn1SccT_Int32_IsConstraintValid" label: "/home/taste/work/work/data-compress-git-out/work/dataview/C/dataview-uniq.c:414:17" }
node: { title: "asn1SccT_Int32_ACN_Encode" label: "asn1SccT_Int32_ACN_Encode\n/home/taste/work/work/data-compress-git-out/work/dataview/C/dataview-uniq.c:417:6\n32 bytes (static)" }
edge: { sourcename: "asn1SccT_Int32_ACN_Encode" targetname: "asn1SccT_Int32_IsConstraintValid" label: "/home/taste/work/work/data-compress-git-out/work/dataview/C/dataview-uniq.c:422:28" }
edge: { sourcename: "asn1SccT_Int32_ACN_Encode" targetname: "BitStream_EncodeConstraintWholeNumber" label: "/home/taste/work/work/data-compress-git-out/work/dataview/C/dataview-uniq.c:424:6" }
node: { title: "asn1SccT_Int32_ACN_Decode" label: "asn1SccT_Int32_ACN_Decode\n/home/taste/work/work/data-compress-git-out/work/dataview/C/dataview-uniq.c:431:6\n32 bytes (static)" }
edge: { sourcename: "asn1SccT_Int32_ACN_Decode" targetname: "BitStream_DecodeConstraintWholeNumber" label: "/home/taste/work/work/data-compress-git-out/work/dataview/C/dataview-uniq.c:437:8" }
edge: { sourcename: "asn1SccT_Int32_ACN_Decode" targetname: "asn1SccT_Int32_IsConstraintValid" label: "/home/taste/work/work/data-compress-git-out/work/dataview/C/dataview-uniq.c:440:19" }
node: { title: "asn1SccT_UInt32_Equal" label: "asn1SccT_UInt32_Equal\n/home/taste/work/work/data-compress-git-out/work/dataview/C/dataview-uniq.c:444:6\n16 bytes (static)" }
node: { title: "asn1SccT_UInt32_IsConstraintValid" label: "asn1SccT_UInt32_IsConstraintValid\n/home/taste/work/work/data-compress-git-out/work/dataview/C/dataview-uniq.c:450:6\n24 bytes (static)" }
node: { title: "asn1SccT_UInt32_Initialize" label: "asn1SccT_UInt32_Initialize\n/home/taste/work/work/data-compress-git-out/work/dataview/C/dataview-uniq.c:463:6\n16 bytes (static)" }
node: { title: "asn1SccT_UInt32_Encode" label: "asn1SccT_UInt32_Encode\n/home/taste/work/work/data-compress-git-out/work/dataview/C/dataview-uniq.c:471:6\n32 bytes (static)" }
edge: { sourcename: "asn1SccT_UInt32_Encode" targetname: "asn1SccT_UInt32_IsConstraintValid" label: "/home/taste/work/work/data-compress-git-out/work/dataview/C/dataview-uniq.c:477:28" }
edge: { sourcename: "asn1SccT_UInt32_Encode" targetname: "BitStream_EncodeConstraintPosWholeNumber" label: "/home/taste/work/work/data-compress-git-out/work/dataview/C/dataview-uniq.c:479:6" }
node: { title: "asn1SccT_UInt32_Decode" label: "asn1SccT_UInt32_Decode\n/home/taste/work/work/data-compress-git-out/work/dataview/C/dataview-uniq.c:486:6\n32 bytes (static)" }
edge: { sourcename: "asn1SccT_UInt32_Decode" targetname: "BitStream_DecodeConstraintPosWholeNumber" label: "/home/taste/work/work/data-compress-git-out/work/dataview/C/dataview-uniq.c:492:8" }
edge: { sourcename: "asn1SccT_UInt32_Decode" targetname: "asn1SccT_UInt32_IsConstraintValid" label: "/home/taste/work/work/data-compress-git-out/work/dataview/C/dataview-uniq.c:495:17" }
node: { title: "asn1SccT_UInt32_ACN_Encode" label: "asn1SccT_UInt32_ACN_Encode\n/home/taste/work/work/data-compress-git-out/work/dataview/C/dataview-uniq.c:498:6\n32 bytes (static)" }
edge: { sourcename: "asn1SccT_UInt32_ACN_Encode" targetname: "asn1SccT_UInt32_IsConstraintValid" label: "/home/taste/work/work/data-compress-git-out/work/dataview/C/dataview-uniq.c:503:28" }
edge: { sourcename: "asn1SccT_UInt32_ACN_Encode" targetname: "BitStream_EncodeConstraintPosWholeNumber" label: "/home/taste/work/work/data-compress-git-out/work/dataview/C/dataview-uniq.c:505:6" }
node: { title: "asn1SccT_UInt32_ACN_Decode" label: "asn1SccT_UInt32_ACN_Decode\n/home/taste/work/work/data-compress-git-out/work/dataview/C/dataview-uniq.c:512:6\n32 bytes (static)" }
edge: { sourcename: "asn1SccT_UInt32_ACN_Decode" targetname: "BitStream_DecodeConstraintPosWholeNumber" label: "/home/taste/work/work/data-compress-git-out/work/dataview/C/dataview-uniq.c:518:8" }
edge: { sourcename: "asn1SccT_UInt32_ACN_Decode" targetname: "asn1SccT_UInt32_IsConstraintValid" label: "/home/taste/work/work/data-compress-git-out/work/dataview/C/dataview-uniq.c:521:19" }
node: { title: "asn1SccT_Runtime_Error_Equal" label: "asn1SccT_Runtime_Error_Equal\n/home/taste/work/work/data-compress-git-out/work/dataview/C/dataview-uniq.c:525:6\n24 bytes (static)" }
node: { title: "asn1SccT_Runtime_Error_IsConstraintValid" label: "asn1SccT_Runtime_Error_IsConstraintValid\n/home/taste/work/work/data-compress-git-out/work/dataview/C/dataview-uniq.c:550:6\n24 bytes (static)" }
edge: { sourcename: "asn1SccT_Runtime_Error_IsConstraintValid" targetname: "asn1SccT_UInt32_IsConstraintValid" label: "/home/taste/work/work/data-compress-git-out/work/dataview/C/dataview-uniq.c:555:19" }
edge: { sourcename: "asn1SccT_Runtime_Error_IsConstraintValid" targetname: "asn1SccT_Int32_IsConstraintValid" label: "/home/taste/work/work/data-compress-git-out/work/dataview/C/dataview-uniq.c:558:19" }
edge: { sourcename: "asn1SccT_Runtime_Error_IsConstraintValid" targetname: "asn1SccT_Int32_IsConstraintValid" label: "/home/taste/work/work/data-compress-git-out/work/dataview/C/dataview-uniq.c:561:19" }
node: { title: "asn1SccT_Runtime_Error_Initialize" label: "asn1SccT_Runtime_Error_Initialize\n/home/taste/work/work/data-compress-git-out/work/dataview/C/dataview-uniq.c:575:6\n24 bytes (static)" }
node: { title: "asn1SccT_Runtime_Error_Encode" label: "asn1SccT_Runtime_Error_Encode\n/home/taste/work/work/data-compress-git-out/work/dataview/C/dataview-uniq.c:583:6\n32 bytes (static)" }
edge: { sourcename: "asn1SccT_Runtime_Error_Encode" targetname: "asn1SccT_Runtime_Error_IsConstraintValid" label: "/home/taste/work/work/data-compress-git-out/work/dataview/C/dataview-uniq.c:589:28" }
edge: { sourcename: "asn1SccT_Runtime_Error_Encode" targetname: "BitStream_EncodeConstraintWholeNumber" label: "/home/taste/work/work/data-compress-git-out/work/dataview/C/dataview-uniq.c:594:7" }
edge: { sourcename: "asn1SccT_Runtime_Error_Encode" targetname: "asn1SccT_UInt32_Encode" label: "/home/taste/work/work/data-compress-git-out/work/dataview/C/dataview-uniq.c:595:13" }
edge: { sourcename: "asn1SccT_Runtime_Error_Encode" targetname: "BitStream_EncodeConstraintWholeNumber" label: "/home/taste/work/work/data-compress-git-out/work/dataview/C/dataview-uniq.c:598:7" }
edge: { sourcename: "asn1SccT_Runtime_Error_Encode" targetname: "asn1SccT_Int32_Encode" label: "/home/taste/work/work/data-compress-git-out/work/dataview/C/dataview-uniq.c:599:13" }
edge: { sourcename: "asn1SccT_Runtime_Error_Encode" targetname: "BitStream_EncodeConstraintWholeNumber" label: "/home/taste/work/work/data-compress-git-out/work/dataview/C/dataview-uniq.c:602:7" }
edge: { sourcename: "asn1SccT_Runtime_Error_Encode" targetname: "asn1SccT_Int32_Encode" label: "/home/taste/work/work/data-compress-git-out/work/dataview/C/dataview-uniq.c:603:13" }
node: { title: "asn1SccT_Runtime_Error_Decode" label: "asn1SccT_Runtime_Error_Decode\n/home/taste/work/work/data-compress-git-out/work/dataview/C/dataview-uniq.c:615:6\n32 bytes (static)" }
edge: { sourcename: "asn1SccT_Runtime_Error_Decode" targetname: "BitStream_DecodeConstraintWholeNumber" label: "/home/taste/work/work/data-compress-git-out/work/dataview/C/dataview-uniq.c:622:8" }
edge: { sourcename: "asn1SccT_Runtime_Error_Decode" targetname: "asn1SccT_UInt32_Decode" label: "/home/taste/work/work/data-compress-git-out/work/dataview/C/dataview-uniq.c:629:13" }
edge: { sourcename: "asn1SccT_Runtime_Error_Decode" targetname: "asn1SccT_Int32_Decode" label: "/home/taste/work/work/data-compress-git-out/work/dataview/C/dataview-uniq.c:633:13" }
edge: { sourcename: "asn1SccT_Runtime_Error_Decode" targetname: "asn1SccT_Int32_Decode" label: "/home/taste/work/work/data-compress-git-out/work/dataview/C/dataview-uniq.c:637:13" }
edge: { sourcename: "asn1SccT_Runtime_Error_Decode" targetname: "asn1SccT_Runtime_Error_IsConstraintValid" label: "/home/taste/work/work/data-compress-git-out/work/dataview/C/dataview-uniq.c:645:17" }
node: { title: "asn1SccT_Runtime_Error_ACN_Encode" label: "asn1SccT_Runtime_Error_ACN_Encode\n/home/taste/work/work/data-compress-git-out/work/dataview/C/dataview-uniq.c:648:6\n32 bytes (static)" }
edge: { sourcename: "asn1SccT_Runtime_Error_ACN_Encode" targetname: "asn1SccT_Runtime_Error_IsConstraintValid" label: "/home/taste/work/work/data-compress-git-out/work/dataview/C/dataview-uniq.c:653:28" }
edge: { sourcename: "asn1SccT_Runtime_Error_ACN_Encode" targetname: "BitStream_EncodeConstraintWholeNumber" label: "/home/taste/work/work/data-compress-git-out/work/dataview/C/dataview-uniq.c:658:7" }
edge: { sourcename: "asn1SccT_Runtime_Error_ACN_Encode" targetname: "asn1SccT_UInt32_ACN_Encode" label: "/home/taste/work/work/data-compress-git-out/work/dataview/C/dataview-uniq.c:659:13" }
edge: { sourcename: "asn1SccT_Runtime_Error_ACN_Encode" targetname: "BitStream_EncodeConstraintWholeNumber" label: "/home/taste/work/work/data-compress-git-out/work/dataview/C/dataview-uniq.c:662:7" }
edge: { sourcename: "asn1SccT_Runtime_Error_ACN_Encode" targetname: "asn1SccT_Int32_ACN_Encode" label: "/home/taste/work/work/data-compress-git-out/work/dataview/C/dataview-uniq.c:663:13" }
edge: { sourcename: "asn1SccT_Runtime_Error_ACN_Encode" targetname: "BitStream_EncodeConstraintWholeNumber" label: "/home/taste/work/work/data-compress-git-out/work/dataview/C/dataview-uniq.c:666:7" }
edge: { sourcename: "asn1SccT_Runtime_Error_ACN_Encode" targetname: "asn1SccT_Int32_ACN_Encode" label: "/home/taste/work/work/data-compress-git-out/work/dataview/C/dataview-uniq.c:667:13" }
node: { title: "asn1SccT_Runtime_Error_ACN_Decode" label: "asn1SccT_Runtime_Error_ACN_Decode\n/home/taste/work/work/data-compress-git-out/work/dataview/C/dataview-uniq.c:679:6\n32 bytes (static)" }
edge: { sourcename: "asn1SccT_Runtime_Error_ACN_Decode" targetname: "BitStream_DecodeConstraintWholeNumber" label: "/home/taste/work/work/data-compress-git-out/work/dataview/C/dataview-uniq.c:686:8" }
edge: { sourcename: "asn1SccT_Runtime_Error_ACN_Decode" targetname: "asn1SccT_UInt32_ACN_Decode" label: "/home/taste/work/work/data-compress-git-out/work/dataview/C/dataview-uniq.c:693:13" }
edge: { sourcename: "asn1SccT_Runtime_Error_ACN_Decode" targetname: "asn1SccT_Int32_ACN_Decode" label: "/home/taste/work/work/data-compress-git-out/work/dataview/C/dataview-uniq.c:697:13" }
edge: { sourcename: "asn1SccT_Runtime_Error_ACN_Decode" targetname: "asn1SccT_Int32_ACN_Decode" label: "/home/taste/work/work/data-compress-git-out/work/dataview/C/dataview-uniq.c:701:13" }
edge: { sourcename: "asn1SccT_Runtime_Error_ACN_Decode" targetname: "asn1SccT_Runtime_Error_IsConstraintValid" label: "/home/taste/work/work/data-compress-git-out/work/dataview/C/dataview-uniq.c:709:19" }
node: { title: "asn1SccT_Int8_Equal" label: "asn1SccT_Int8_Equal\n/home/taste/work/work/data-compress-git-out/work/dataview/C/dataview-uniq.c:713:6\n16 bytes (static)" }
node: { title: "asn1SccT_Int8_IsConstraintValid" label: "asn1SccT_Int8_IsConstraintValid\n/home/taste/work/work/data-compress-git-out/work/dataview/C/dataview-uniq.c:719:6\n24 bytes (static)" }
node: { title: "asn1SccT_Int8_Initialize" label: "asn1SccT_Int8_Initialize\n/home/taste/work/work/data-compress-git-out/work/dataview/C/dataview-uniq.c:732:6\n16 bytes (static)" }
node: { title: "asn1SccT_Int8_Encode" label: "asn1SccT_Int8_Encode\n/home/taste/work/work/data-compress-git-out/work/dataview/C/dataview-uniq.c:740:6\n32 bytes (static)" }
edge: { sourcename: "asn1SccT_Int8_Encode" targetname: "asn1SccT_Int8_IsConstraintValid" label: "/home/taste/work/work/data-compress-git-out/work/dataview/C/dataview-uniq.c:746:28" }
edge: { sourcename: "asn1SccT_Int8_Encode" targetname: "BitStream_EncodeConstraintWholeNumber" label: "/home/taste/work/work/data-compress-git-out/work/dataview/C/dataview-uniq.c:748:6" }
node: { title: "asn1SccT_Int8_Decode" label: "asn1SccT_Int8_Decode\n/home/taste/work/work/data-compress-git-out/work/dataview/C/dataview-uniq.c:755:6\n32 bytes (static)" }
edge: { sourcename: "asn1SccT_Int8_Decode" targetname: "BitStream_DecodeConstraintWholeNumber" label: "/home/taste/work/work/data-compress-git-out/work/dataview/C/dataview-uniq.c:761:8" }
edge: { sourcename: "asn1SccT_Int8_Decode" targetname: "asn1SccT_Int8_IsConstraintValid" label: "/home/taste/work/work/data-compress-git-out/work/dataview/C/dataview-uniq.c:764:17" }
node: { title: "asn1SccT_Int8_ACN_Encode" label: "asn1SccT_Int8_ACN_Encode\n/home/taste/work/work/data-compress-git-out/work/dataview/C/dataview-uniq.c:767:6\n32 bytes (static)" }
edge: { sourcename: "asn1SccT_Int8_ACN_Encode" targetname: "asn1SccT_Int8_IsConstraintValid" label: "/home/taste/work/work/data-compress-git-out/work/dataview/C/dataview-uniq.c:772:28" }
edge: { sourcename: "asn1SccT_Int8_ACN_Encode" targetname: "BitStream_EncodeConstraintWholeNumber" label: "/home/taste/work/work/data-compress-git-out/work/dataview/C/dataview-uniq.c:774:6" }
node: { title: "asn1SccT_Int8_ACN_Decode" label: "asn1SccT_Int8_ACN_Decode\n/home/taste/work/work/data-compress-git-out/work/dataview/C/dataview-uniq.c:781:6\n32 bytes (static)" }
edge: { sourcename: "asn1SccT_Int8_ACN_Decode" targetname: "BitStream_DecodeConstraintWholeNumber" label: "/home/taste/work/work/data-compress-git-out/work/dataview/C/dataview-uniq.c:787:8" }
edge: { sourcename: "asn1SccT_Int8_ACN_Decode" targetname: "asn1SccT_Int8_IsConstraintValid" label: "/home/taste/work/work/data-compress-git-out/work/dataview/C/dataview-uniq.c:790:19" }
node: { title: "asn1SccT_UInt8_Equal" label: "asn1SccT_UInt8_Equal\n/home/taste/work/work/data-compress-git-out/work/dataview/C/dataview-uniq.c:794:6\n16 bytes (static)" }
node: { title: "asn1SccT_UInt8_IsConstraintValid" label: "asn1SccT_UInt8_IsConstraintValid\n/home/taste/work/work/data-compress-git-out/work/dataview/C/dataview-uniq.c:800:6\n24 bytes (static)" }
node: { title: "asn1SccT_UInt8_Initialize" label: "asn1SccT_UInt8_Initialize\n/home/taste/work/work/data-compress-git-out/work/dataview/C/dataview-uniq.c:813:6\n16 bytes (static)" }
node: { title: "asn1SccT_UInt8_Encode" label: "asn1SccT_UInt8_Encode\n/home/taste/work/work/data-compress-git-out/work/dataview/C/dataview-uniq.c:821:6\n32 bytes (static)" }
edge: { sourcename: "asn1SccT_UInt8_Encode" targetname: "asn1SccT_UInt8_IsConstraintValid" label: "/home/taste/work/work/data-compress-git-out/work/dataview/C/dataview-uniq.c:827:28" }
edge: { sourcename: "asn1SccT_UInt8_Encode" targetname: "BitStream_EncodeConstraintPosWholeNumber" label: "/home/taste/work/work/data-compress-git-out/work/dataview/C/dataview-uniq.c:829:6" }
node: { title: "asn1SccT_UInt8_Decode" label: "asn1SccT_UInt8_Decode\n/home/taste/work/work/data-compress-git-out/work/dataview/C/dataview-uniq.c:836:6\n32 bytes (static)" }
edge: { sourcename: "asn1SccT_UInt8_Decode" targetname: "BitStream_DecodeConstraintPosWholeNumber" label: "/home/taste/work/work/data-compress-git-out/work/dataview/C/dataview-uniq.c:842:8" }
edge: { sourcename: "asn1SccT_UInt8_Decode" targetname: "asn1SccT_UInt8_IsConstraintValid" label: "/home/taste/work/work/data-compress-git-out/work/dataview/C/dataview-uniq.c:845:17" }
node: { title: "asn1SccT_UInt8_ACN_Encode" label: "asn1SccT_UInt8_ACN_Encode\n/home/taste/work/work/data-compress-git-out/work/dataview/C/dataview-uniq.c:848:6\n32 bytes (static)" }
edge: { sourcename: "asn1SccT_UInt8_ACN_Encode" targetname: "asn1SccT_UInt8_IsConstraintValid" label: "/home/taste/work/work/data-compress-git-out/work/dataview/C/dataview-uniq.c:853:28" }
edge: { sourcename: "asn1SccT_UInt8_ACN_Encode" targetname: "BitStream_EncodeConstraintPosWholeNumber" label: "/home/taste/work/work/data-compress-git-out/work/dataview/C/dataview-uniq.c:855:6" }
node: { title: "asn1SccT_UInt8_ACN_Decode" label: "asn1SccT_UInt8_ACN_Decode\n/home/taste/work/work/data-compress-git-out/work/dataview/C/dataview-uniq.c:862:6\n32 bytes (static)" }
edge: { sourcename: "asn1SccT_UInt8_ACN_Decode" targetname: "BitStream_DecodeConstraintPosWholeNumber" label: "/home/taste/work/work/data-compress-git-out/work/dataview/C/dataview-uniq.c:868:8" }
edge: { sourcename: "asn1SccT_UInt8_ACN_Decode" targetname: "asn1SccT_UInt8_IsConstraintValid" label: "/home/taste/work/work/data-compress-git-out/work/dataview/C/dataview-uniq.c:871:19" }
node: { title: "asn1SccT_Boolean_Equal" label: "asn1SccT_Boolean_Equal\n/home/taste/work/work/data-compress-git-out/work/dataview/C/dataview-uniq.c:875:6\n16 bytes (static)" }
node: { title: "asn1SccT_Boolean_IsConstraintValid" label: "asn1SccT_Boolean_IsConstraintValid\n/home/taste/work/work/data-compress-git-out/work/dataview/C/dataview-uniq.c:881:6\n24 bytes (static)" }
node: { title: "asn1SccT_Boolean_Initialize" label: "asn1SccT_Boolean_Initialize\n/home/taste/work/work/data-compress-git-out/work/dataview/C/dataview-uniq.c:895:6\n16 bytes (static)" }
node: { title: "asn1SccT_Boolean_Encode" label: "asn1SccT_Boolean_Encode\n/home/taste/work/work/data-compress-git-out/work/dataview/C/dataview-uniq.c:903:6\n32 bytes (static)" }
edge: { sourcename: "asn1SccT_Boolean_Encode" targetname: "asn1SccT_Boolean_IsConstraintValid" label: "/home/taste/work/work/data-compress-git-out/work/dataview/C/dataview-uniq.c:909:28" }
node: { title: "BitStream_AppendBit" label: "BitStream_AppendBit\n/home/taste/work/work/data-compress-git-out/work/dataview/C/asn1crt_encoding.h:42:6" shape : ellipse }
edge: { sourcename: "asn1SccT_Boolean_Encode" targetname: "BitStream_AppendBit" label: "/home/taste/work/work/data-compress-git-out/work/dataview/C/dataview-uniq.c:911:6" }
node: { title: "asn1SccT_Boolean_Decode" label: "asn1SccT_Boolean_Decode\n/home/taste/work/work/data-compress-git-out/work/dataview/C/dataview-uniq.c:918:6\n32 bytes (static)" }
node: { title: "BitStream_ReadBit" label: "BitStream_ReadBit\n/home/taste/work/work/data-compress-git-out/work/dataview/C/asn1crt_encoding.h:47:6" shape : ellipse }
edge: { sourcename: "asn1SccT_Boolean_Decode" targetname: "BitStream_ReadBit" label: "/home/taste/work/work/data-compress-git-out/work/dataview/C/dataview-uniq.c:924:8" }
edge: { sourcename: "asn1SccT_Boolean_Decode" targetname: "asn1SccT_Boolean_IsConstraintValid" label: "/home/taste/work/work/data-compress-git-out/work/dataview/C/dataview-uniq.c:927:17" }
node: { title: "asn1SccT_Boolean_ACN_Encode" label: "asn1SccT_Boolean_ACN_Encode\n/home/taste/work/work/data-compress-git-out/work/dataview/C/dataview-uniq.c:930:6\n32 bytes (static)" }
edge: { sourcename: "asn1SccT_Boolean_ACN_Encode" targetname: "asn1SccT_Boolean_IsConstraintValid" label: "/home/taste/work/work/data-compress-git-out/work/dataview/C/dataview-uniq.c:935:28" }
edge: { sourcename: "asn1SccT_Boolean_ACN_Encode" targetname: "BitStream_AppendBit" label: "/home/taste/work/work/data-compress-git-out/work/dataview/C/dataview-uniq.c:937:6" }
node: { title: "asn1SccT_Boolean_ACN_Decode" label: "asn1SccT_Boolean_ACN_Decode\n/home/taste/work/work/data-compress-git-out/work/dataview/C/dataview-uniq.c:944:6\n32 bytes (static)" }
edge: { sourcename: "asn1SccT_Boolean_ACN_Decode" targetname: "BitStream_ReadBit" label: "/home/taste/work/work/data-compress-git-out/work/dataview/C/dataview-uniq.c:950:8" }
edge: { sourcename: "asn1SccT_Boolean_ACN_Decode" targetname: "asn1SccT_Boolean_IsConstraintValid" label: "/home/taste/work/work/data-compress-git-out/work/dataview/C/dataview-uniq.c:953:19" }
node: { title: "asn1SccT_Null_Record_Equal" label: "asn1SccT_Null_Record_Equal\n/home/taste/work/work/data-compress-git-out/work/dataview/C/dataview-uniq.c:957:6\n16 bytes (static)" }
node: { title: "asn1SccT_Null_Record_IsConstraintValid" label: "asn1SccT_Null_Record_IsConstraintValid\n/home/taste/work/work/data-compress-git-out/work/dataview/C/dataview-uniq.c:965:6\n24 bytes (static)" }
node: { title: "asn1SccT_Null_Record_Initialize" label: "asn1SccT_Null_Record_Initialize\n/home/taste/work/work/data-compress-git-out/work/dataview/C/dataview-uniq.c:979:6\n16 bytes (static)" }
node: { title: "asn1SccT_Null_Record_Encode" label: "asn1SccT_Null_Record_Encode\n/home/taste/work/work/data-compress-git-out/work/dataview/C/dataview-uniq.c:987:6\n32 bytes (static)" }
edge: { sourcename: "asn1SccT_Null_Record_Encode" targetname: "asn1SccT_Null_Record_IsConstraintValid" label: "/home/taste/work/work/data-compress-git-out/work/dataview/C/dataview-uniq.c:994:28" }
node: { title: "asn1SccT_Null_Record_Decode" label: "asn1SccT_Null_Record_Decode\n/home/taste/work/work/data-compress-git-out/work/dataview/C/dataview-uniq.c:1002:6\n32 bytes (static)" }
edge: { sourcename: "asn1SccT_Null_Record_Decode" targetname: "asn1SccT_Null_Record_IsConstraintValid" label: "/home/taste/work/work/data-compress-git-out/work/dataview/C/dataview-uniq.c:1010:17" }
node: { title: "asn1SccT_Null_Record_ACN_Encode" label: "asn1SccT_Null_Record_ACN_Encode\n/home/taste/work/work/data-compress-git-out/work/dataview/C/dataview-uniq.c:1013:6\n32 bytes (static)" }
edge: { sourcename: "asn1SccT_Null_Record_ACN_Encode" targetname: "asn1SccT_Null_Record_IsConstraintValid" label: "/home/taste/work/work/data-compress-git-out/work/dataview/C/dataview-uniq.c:1019:28" }
node: { title: "asn1SccT_Null_Record_ACN_Decode" label: "asn1SccT_Null_Record_ACN_Decode\n/home/taste/work/work/data-compress-git-out/work/dataview/C/dataview-uniq.c:1027:6\n32 bytes (static)" }
edge: { sourcename: "asn1SccT_Null_Record_ACN_Decode" targetname: "asn1SccT_Null_Record_IsConstraintValid" label: "/home/taste/work/work/data-compress-git-out/work/dataview/C/dataview-uniq.c:1035:19" }
node: { title: "asn1SccPID_Range_Equal" label: "asn1SccPID_Range_Equal\n/home/taste/work/work/data-compress-git-out/work/dataview/C/dataview-uniq.c:1039:6\n16 bytes (static)" }
node: { title: "asn1SccPID_Range_IsConstraintValid" label: "asn1SccPID_Range_IsConstraintValid\n/home/taste/work/work/data-compress-git-out/work/dataview/C/dataview-uniq.c:1045:6\n24 bytes (static)" }
node: { title: "asn1SccPID_Range_Initialize" label: "asn1SccPID_Range_Initialize\n/home/taste/work/work/data-compress-git-out/work/dataview/C/dataview-uniq.c:1058:6\n16 bytes (static)" }
node: { title: "asn1SccPID_Range_Encode" label: "asn1SccPID_Range_Encode\n/home/taste/work/work/data-compress-git-out/work/dataview/C/dataview-uniq.c:1066:6\n32 bytes (static)" }
edge: { sourcename: "asn1SccPID_Range_Encode" targetname: "asn1SccPID_Range_IsConstraintValid" label: "/home/taste/work/work/data-compress-git-out/work/dataview/C/dataview-uniq.c:1072:28" }
edge: { sourcename: "asn1SccPID_Range_Encode" targetname: "BitStream_EncodeConstraintPosWholeNumber" label: "/home/taste/work/work/data-compress-git-out/work/dataview/C/dataview-uniq.c:1074:6" }
node: { title: "asn1SccPID_Range_Decode" label: "asn1SccPID_Range_Decode\n/home/taste/work/work/data-compress-git-out/work/dataview/C/dataview-uniq.c:1081:6\n32 bytes (static)" }
edge: { sourcename: "asn1SccPID_Range_Decode" targetname: "BitStream_DecodeConstraintPosWholeNumber" label: "/home/taste/work/work/data-compress-git-out/work/dataview/C/dataview-uniq.c:1087:8" }
edge: { sourcename: "asn1SccPID_Range_Decode" targetname: "asn1SccPID_Range_IsConstraintValid" label: "/home/taste/work/work/data-compress-git-out/work/dataview/C/dataview-uniq.c:1090:17" }
node: { title: "asn1SccPID_Range_ACN_Encode" label: "asn1SccPID_Range_ACN_Encode\n/home/taste/work/work/data-compress-git-out/work/dataview/C/dataview-uniq.c:1093:6\n32 bytes (static)" }
edge: { sourcename: "asn1SccPID_Range_ACN_Encode" targetname: "asn1SccPID_Range_IsConstraintValid" label: "/home/taste/work/work/data-compress-git-out/work/dataview/C/dataview-uniq.c:1098:28" }
edge: { sourcename: "asn1SccPID_Range_ACN_Encode" targetname: "BitStream_EncodeConstraintPosWholeNumber" label: "/home/taste/work/work/data-compress-git-out/work/dataview/C/dataview-uniq.c:1100:6" }
node: { title: "asn1SccPID_Range_ACN_Decode" label: "asn1SccPID_Range_ACN_Decode\n/home/taste/work/work/data-compress-git-out/work/dataview/C/dataview-uniq.c:1107:6\n32 bytes (static)" }
edge: { sourcename: "asn1SccPID_Range_ACN_Decode" targetname: "BitStream_DecodeConstraintPosWholeNumber" label: "/home/taste/work/work/data-compress-git-out/work/dataview/C/dataview-uniq.c:1113:8" }
edge: { sourcename: "asn1SccPID_Range_ACN_Decode" targetname: "asn1SccPID_Range_IsConstraintValid" label: "/home/taste/work/work/data-compress-git-out/work/dataview/C/dataview-uniq.c:1116:19" }
node: { title: "asn1SccPID_Equal" label: "asn1SccPID_Equal\n/home/taste/work/work/data-compress-git-out/work/dataview/C/dataview-uniq.c:1120:6\n16 bytes (static)" }
node: { title: "asn1SccPID_IsConstraintValid" label: "asn1SccPID_IsConstraintValid\n/home/taste/work/work/data-compress-git-out/work/dataview/C/dataview-uniq.c:1126:6\n24 bytes (static)" }
node: { title: "asn1SccPID_Initialize" label: "asn1SccPID_Initialize\n/home/taste/work/work/data-compress-git-out/work/dataview/C/dataview-uniq.c:1139:6\n16 bytes (static)" }
node: { title: "asn1SccPID_Encode" label: "asn1SccPID_Encode\n/home/taste/work/work/data-compress-git-out/work/dataview/C/dataview-uniq.c:1147:6\n32 bytes (static)" }
edge: { sourcename: "asn1SccPID_Encode" targetname: "asn1SccPID_IsConstraintValid" label: "/home/taste/work/work/data-compress-git-out/work/dataview/C/dataview-uniq.c:1153:28" }
edge: { sourcename: "asn1SccPID_Encode" targetname: "BitStream_EncodeConstraintWholeNumber" label: "/home/taste/work/work/data-compress-git-out/work/dataview/C/dataview-uniq.c:1158:14" }
edge: { sourcename: "asn1SccPID_Encode" targetname: "BitStream_EncodeConstraintWholeNumber" label: "/home/taste/work/work/data-compress-git-out/work/dataview/C/dataview-uniq.c:1161:14" }
edge: { sourcename: "asn1SccPID_Encode" targetname: "BitStream_EncodeConstraintWholeNumber" label: "/home/taste/work/work/data-compress-git-out/work/dataview/C/dataview-uniq.c:1164:14" }
edge: { sourcename: "asn1SccPID_Encode" targetname: "BitStream_EncodeConstraintWholeNumber" label: "/home/taste/work/work/data-compress-git-out/work/dataview/C/dataview-uniq.c:1167:14" }
edge: { sourcename: "asn1SccPID_Encode" targetname: "BitStream_EncodeConstraintWholeNumber" label: "/home/taste/work/work/data-compress-git-out/work/dataview/C/dataview-uniq.c:1170:14" }
node: { title: "asn1SccPID_Decode" label: "asn1SccPID_Decode\n/home/taste/work/work/data-compress-git-out/work/dataview/C/dataview-uniq.c:1182:6\n32 bytes (static)" }
edge: { sourcename: "asn1SccPID_Decode" targetname: "BitStream_DecodeConstraintWholeNumber" label: "/home/taste/work/work/data-compress-git-out/work/dataview/C/dataview-uniq.c:1190:12" }
edge: { sourcename: "asn1SccPID_Decode" targetname: "asn1SccPID_IsConstraintValid" label: "/home/taste/work/work/data-compress-git-out/work/dataview/C/dataview-uniq.c:1219:17" }
node: { title: "asn1SccPID_ACN_Encode" label: "asn1SccPID_ACN_Encode\n/home/taste/work/work/data-compress-git-out/work/dataview/C/dataview-uniq.c:1222:6\n32 bytes (static)" }
edge: { sourcename: "asn1SccPID_ACN_Encode" targetname: "asn1SccPID_IsConstraintValid" label: "/home/taste/work/work/data-compress-git-out/work/dataview/C/dataview-uniq.c:1228:28" }
edge: { sourcename: "asn1SccPID_ACN_Encode" targetname: "BitStream_EncodeConstraintPosWholeNumber" label: "/home/taste/work/work/data-compress-git-out/work/dataview/C/dataview-uniq.c:1251:7" }
node: { title: "asn1SccPID_ACN_Decode" label: "asn1SccPID_ACN_Decode\n/home/taste/work/work/data-compress-git-out/work/dataview/C/dataview-uniq.c:1259:6\n32 bytes (static)" }
edge: { sourcename: "asn1SccPID_ACN_Decode" targetname: "BitStream_DecodeConstraintPosWholeNumber" label: "/home/taste/work/work/data-compress-git-out/work/dataview/C/dataview-uniq.c:1266:8" }
edge: { sourcename: "asn1SccPID_ACN_Decode" targetname: "asn1SccPID_IsConstraintValid" label: "/home/taste/work/work/data-compress-git-out/work/dataview/C/dataview-uniq.c:1291:19" }
}
