graph: { title: "/home/taste/work/work/data-compress-git-out/work/datacompressor/C/src/deflate.c"
node: { title: "/home/taste/work/work/data-compress-git-out/work/datacompressor/C/src/deflate.c:slide_hash" label: "slide_hash\n/home/taste/work/work/data-compress-git-out/work/datacompressor/C/src/deflate.c:187:12\n32 bytes (static)" }
node: { title: "/home/taste/work/work/data-compress-git-out/work/datacompressor/C/src/deflate.c:read_buf" label: "read_buf\n/home/taste/work/work/data-compress-git-out/work/datacompressor/C/src/deflate.c:219:16\n32 bytes (static)" }
node: { title: "memcpy" label: "memcpy\n/opt/taste-rtems-qdp-arm/arm-rtems6/include/string.h:31:9" shape : ellipse }
edge: { sourcename: "/home/taste/work/work/data-compress-git-out/work/datacompressor/C/src/deflate.c:read_buf" targetname: "memcpy" label: "/home/taste/work/work/data-compress-git-out/work/datacompressor/C/src/deflate.c:227:5" }
node: { title: "adler32" label: "adler32\n/home/taste/work/work/data-compress-git-out/work/datacompressor/C/src/zlib.h:1809:23" shape : ellipse }
edge: { sourcename: "/home/taste/work/work/data-compress-git-out/work/datacompressor/C/src/deflate.c:read_buf" targetname: "adler32" label: "/home/taste/work/work/data-compress-git-out/work/datacompressor/C/src/deflate.c:229:23" }
node: { title: "crc32" label: "crc32\n/home/taste/work/work/data-compress-git-out/work/datacompressor/C/src/zlib.h:1848:23" shape : ellipse }
edge: { sourcename: "/home/taste/work/work/data-compress-git-out/work/datacompressor/C/src/deflate.c:read_buf" targetname: "crc32" label: "/home/taste/work/work/data-compress-git-out/work/datacompressor/C/src/deflate.c:233:23" }
node: { title: "/home/taste/work/work/data-compress-git-out/work/datacompressor/C/src/deflate.c:fill_window" label: "fill_window\n/home/taste/work/work/data-compress-git-out/work/datacompressor/C/src/deflate.c:252:12\n40 bytes (static)" }
edge: { sourcename: "/home/taste/work/work/data-compress-git-out/work/datacompressor/C/src/deflate.c:fill_window" targetname: "memcpy" label: "/home/taste/work/work/data-compress-git-out/work/datacompressor/C/src/deflate.c:287:13" }
edge: { sourcename: "/home/taste/work/work/data-compress-git-out/work/datacompressor/C/src/deflate.c:fill_window" targetname: "/home/taste/work/work/data-compress-git-out/work/datacompressor/C/src/deflate.c:slide_hash" label: "/home/taste/work/work/data-compress-git-out/work/datacompressor/C/src/deflate.c:293:13" }
edge: { sourcename: "/home/taste/work/work/data-compress-git-out/work/datacompressor/C/src/deflate.c:fill_window" targetname: "/home/taste/work/work/data-compress-git-out/work/datacompressor/C/src/deflate.c:read_buf" label: "/home/taste/work/work/data-compress-git-out/work/datacompressor/C/src/deflate.c:311:13" }
node: { title: "memset" label: "memset\n/opt/taste-rtems-qdp-arm/arm-rtems6/include/string.h:33:9" shape : ellipse }
edge: { sourcename: "/home/taste/work/work/data-compress-git-out/work/datacompressor/C/src/deflate.c:fill_window" targetname: "memset" label: "/home/taste/work/work/data-compress-git-out/work/datacompressor/C/src/deflate.c:358:13" }
edge: { sourcename: "/home/taste/work/work/data-compress-git-out/work/datacompressor/C/src/deflate.c:fill_window" targetname: "memset" label: "/home/taste/work/work/data-compress-git-out/work/datacompressor/C/src/deflate.c:369:13" }
node: { title: "deflateInit_" label: "deflateInit_\n/home/taste/work/work/data-compress-git-out/work/datacompressor/C/src/deflate.c:379:13\n40 bytes (static)" }
edge: { sourcename: "deflateInit_" targetname: "deflateInit2_" label: "/home/taste/work/work/data-compress-git-out/work/datacompressor/C/src/deflate.c:381:12" }
node: { title: "deflateInit2_" label: "deflateInit2_\n/home/taste/work/work/data-compress-git-out/work/datacompressor/C/src/deflate.c:387:13\n32 bytes (static)" }
node: { title: "__indirect_call" label: "Indirect Call Placeholder" shape : ellipse }
edge: { sourcename: "deflateInit2_" targetname: "__indirect_call" label: "/home/taste/work/work/data-compress-git-out/work/datacompressor/C/src/deflate.c:440:27" }
edge: { sourcename: "deflateInit2_" targetname: "memset" label: "/home/taste/work/work/data-compress-git-out/work/datacompressor/C/src/deflate.c:442:5" }
edge: { sourcename: "deflateInit2_" targetname: "__indirect_call" label: "/home/taste/work/work/data-compress-git-out/work/datacompressor/C/src/deflate.c:458:27" }
edge: { sourcename: "deflateInit2_" targetname: "__indirect_call" label: "/home/taste/work/work/data-compress-git-out/work/datacompressor/C/src/deflate.c:459:27" }
edge: { sourcename: "deflateInit2_" targetname: "__indirect_call" label: "/home/taste/work/work/data-compress-git-out/work/datacompressor/C/src/deflate.c:460:27" }
edge: { sourcename: "deflateInit2_" targetname: "__indirect_call" label: "/home/taste/work/work/data-compress-git-out/work/datacompressor/C/src/deflate.c:505:31" }
edge: { sourcename: "deflateInit2_" targetname: "deflateEnd" label: "/home/taste/work/work/data-compress-git-out/work/datacompressor/C/src/deflate.c:512:9" }
edge: { sourcename: "deflateInit2_" targetname: "deflateReset" label: "/home/taste/work/work/data-compress-git-out/work/datacompressor/C/src/deflate.c:532:12" }
node: { title: "/home/taste/work/work/data-compress-git-out/work/datacompressor/C/src/deflate.c:deflateStateCheck" label: "deflateStateCheck\n/home/taste/work/work/data-compress-git-out/work/datacompressor/C/src/deflate.c:538:11\n24 bytes (static)" }
node: { title: "deflateSetDictionary" label: "deflateSetDictionary\n/home/taste/work/work/data-compress-git-out/work/datacompressor/C/src/deflate.c:559:13\n48 bytes (static)" }
edge: { sourcename: "deflateSetDictionary" targetname: "/home/taste/work/work/data-compress-git-out/work/datacompressor/C/src/deflate.c:deflateStateCheck" label: "/home/taste/work/work/data-compress-git-out/work/datacompressor/C/src/deflate.c:567:9" }
edge: { sourcename: "deflateSetDictionary" targetname: "adler32" label: "/home/taste/work/work/data-compress-git-out/work/datacompressor/C/src/deflate.c:576:23" }
edge: { sourcename: "deflateSetDictionary" targetname: "memset" label: "/home/taste/work/work/data-compress-git-out/work/datacompressor/C/src/deflate.c:582:13" }
edge: { sourcename: "deflateSetDictionary" targetname: "/home/taste/work/work/data-compress-git-out/work/datacompressor/C/src/deflate.c:fill_window" label: "/home/taste/work/work/data-compress-git-out/work/datacompressor/C/src/deflate.c:596:5" }
edge: { sourcename: "deflateSetDictionary" targetname: "/home/taste/work/work/data-compress-git-out/work/datacompressor/C/src/deflate.c:fill_window" label: "/home/taste/work/work/data-compress-git-out/work/datacompressor/C/src/deflate.c:610:9" }
node: { title: "deflateGetDictionary" label: "deflateGetDictionary\n/home/taste/work/work/data-compress-git-out/work/datacompressor/C/src/deflate.c:625:13\n32 bytes (static)" }
edge: { sourcename: "deflateGetDictionary" targetname: "/home/taste/work/work/data-compress-git-out/work/datacompressor/C/src/deflate.c:deflateStateCheck" label: "/home/taste/work/work/data-compress-git-out/work/datacompressor/C/src/deflate.c:630:9" }
edge: { sourcename: "deflateGetDictionary" targetname: "memcpy" label: "/home/taste/work/work/data-compress-git-out/work/datacompressor/C/src/deflate.c:637:9" }
node: { title: "deflateResetKeep" label: "deflateResetKeep\n/home/taste/work/work/data-compress-git-out/work/datacompressor/C/src/deflate.c:644:13\n24 bytes (static)" }
edge: { sourcename: "deflateResetKeep" targetname: "/home/taste/work/work/data-compress-git-out/work/datacompressor/C/src/deflate.c:deflateStateCheck" label: "/home/taste/work/work/data-compress-git-out/work/datacompressor/C/src/deflate.c:647:9" }
edge: { sourcename: "deflateResetKeep" targetname: "crc32" label: "/home/taste/work/work/data-compress-git-out/work/datacompressor/C/src/deflate.c:669:24" }
edge: { sourcename: "deflateResetKeep" targetname: "adler32" label: "/home/taste/work/work/data-compress-git-out/work/datacompressor/C/src/deflate.c:671:9" }
node: { title: "_tr_init" label: "_tr_init\n/home/taste/work/work/data-compress-git-out/work/datacompressor/C/src/deflate.h:311:20" shape : ellipse }
edge: { sourcename: "deflateResetKeep" targetname: "_tr_init" label: "/home/taste/work/work/data-compress-git-out/work/datacompressor/C/src/deflate.c:674:5" }
node: { title: "/home/taste/work/work/data-compress-git-out/work/datacompressor/C/src/deflate.c:lm_init" label: "lm_init\n/home/taste/work/work/data-compress-git-out/work/datacompressor/C/src/deflate.c:682:12\n16 bytes (static)" }
edge: { sourcename: "/home/taste/work/work/data-compress-git-out/work/datacompressor/C/src/deflate.c:lm_init" targetname: "memset" label: "/home/taste/work/work/data-compress-git-out/work/datacompressor/C/src/deflate.c:685:5" }
node: { title: "deflateReset" label: "deflateReset\n/home/taste/work/work/data-compress-git-out/work/datacompressor/C/src/deflate.c:704:13\n24 bytes (static)" }
edge: { sourcename: "deflateReset" targetname: "deflateResetKeep" label: "/home/taste/work/work/data-compress-git-out/work/datacompressor/C/src/deflate.c:707:11" }
edge: { sourcename: "deflateReset" targetname: "/home/taste/work/work/data-compress-git-out/work/datacompressor/C/src/deflate.c:lm_init" label: "/home/taste/work/work/data-compress-git-out/work/datacompressor/C/src/deflate.c:709:9" }
node: { title: "deflateSetHeader" label: "deflateSetHeader\n/home/taste/work/work/data-compress-git-out/work/datacompressor/C/src/deflate.c:714:13\n16 bytes (static)" }
edge: { sourcename: "deflateSetHeader" targetname: "/home/taste/work/work/data-compress-git-out/work/datacompressor/C/src/deflate.c:deflateStateCheck" label: "/home/taste/work/work/data-compress-git-out/work/datacompressor/C/src/deflate.c:715:9" }
node: { title: "deflatePending" label: "deflatePending\n/home/taste/work/work/data-compress-git-out/work/datacompressor/C/src/deflate.c:722:13\n24 bytes (static)" }
edge: { sourcename: "deflatePending" targetname: "/home/taste/work/work/data-compress-git-out/work/datacompressor/C/src/deflate.c:deflateStateCheck" label: "/home/taste/work/work/data-compress-git-out/work/datacompressor/C/src/deflate.c:723:9" }
node: { title: "deflateUsed" label: "deflateUsed\n/home/taste/work/work/data-compress-git-out/work/datacompressor/C/src/deflate.c:737:13\n16 bytes (static)" }
edge: { sourcename: "deflateUsed" targetname: "/home/taste/work/work/data-compress-git-out/work/datacompressor/C/src/deflate.c:deflateStateCheck" label: "/home/taste/work/work/data-compress-git-out/work/datacompressor/C/src/deflate.c:738:9" }
node: { title: "deflatePrime" label: "deflatePrime\n/home/taste/work/work/data-compress-git-out/work/datacompressor/C/src/deflate.c:745:13\n32 bytes (static)" }
edge: { sourcename: "deflatePrime" targetname: "/home/taste/work/work/data-compress-git-out/work/datacompressor/C/src/deflate.c:deflateStateCheck" label: "/home/taste/work/work/data-compress-git-out/work/datacompressor/C/src/deflate.c:749:9" }
node: { title: "_tr_flush_bits" label: "_tr_flush_bits\n/home/taste/work/work/data-compress-git-out/work/datacompressor/C/src/deflate.h:315:20" shape : ellipse }
edge: { sourcename: "deflatePrime" targetname: "_tr_flush_bits" label: "/home/taste/work/work/data-compress-git-out/work/datacompressor/C/src/deflate.c:766:9" }
node: { title: "deflateParams" label: "deflateParams\n/home/taste/work/work/data-compress-git-out/work/datacompressor/C/src/deflate.c:774:13\n40 bytes (static)" }
edge: { sourcename: "deflateParams" targetname: "/home/taste/work/work/data-compress-git-out/work/datacompressor/C/src/deflate.c:deflateStateCheck" label: "/home/taste/work/work/data-compress-git-out/work/datacompressor/C/src/deflate.c:778:9" }
edge: { sourcename: "deflateParams" targetname: "deflate" label: "/home/taste/work/work/data-compress-git-out/work/datacompressor/C/src/deflate.c:794:19" }
edge: { sourcename: "deflateParams" targetname: "/home/taste/work/work/data-compress-git-out/work/datacompressor/C/src/deflate.c:slide_hash" label: "/home/taste/work/work/data-compress-git-out/work/datacompressor/C/src/deflate.c:803:17" }
edge: { sourcename: "deflateParams" targetname: "memset" label: "/home/taste/work/work/data-compress-git-out/work/datacompressor/C/src/deflate.c:805:17" }
node: { title: "deflateTune" label: "deflateTune\n/home/taste/work/work/data-compress-git-out/work/datacompressor/C/src/deflate.c:819:13\n32 bytes (static)" }
edge: { sourcename: "deflateTune" targetname: "/home/taste/work/work/data-compress-git-out/work/datacompressor/C/src/deflate.c:deflateStateCheck" label: "/home/taste/work/work/data-compress-git-out/work/datacompressor/C/src/deflate.c:823:9" }
node: { title: "deflateBound_z" label: "deflateBound_z\n/home/taste/work/work/data-compress-git-out/work/datacompressor/C/src/deflate.c:856:18\n40 bytes (static)" }
edge: { sourcename: "deflateBound_z" targetname: "/home/taste/work/work/data-compress-git-out/work/datacompressor/C/src/deflate.c:deflateStateCheck" label: "/home/taste/work/work/data-compress-git-out/work/datacompressor/C/src/deflate.c:876:9" }
node: { title: "deflateBound" label: "deflateBound\n/home/taste/work/work/data-compress-git-out/work/datacompressor/C/src/deflate.c:929:15\n24 bytes (static)" }
edge: { sourcename: "deflateBound" targetname: "deflateBound_z" label: "/home/taste/work/work/data-compress-git-out/work/datacompressor/C/src/deflate.c:930:22" }
node: { title: "/home/taste/work/work/data-compress-git-out/work/datacompressor/C/src/deflate.c:putShortMSB" label: "putShortMSB\n/home/taste/work/work/data-compress-git-out/work/datacompressor/C/src/deflate.c:939:12\n16 bytes (static)" }
node: { title: "/home/taste/work/work/data-compress-git-out/work/datacompressor/C/src/deflate.c:flush_pending" label: "flush_pending\n/home/taste/work/work/data-compress-git-out/work/datacompressor/C/src/deflate.c:950:12\n24 bytes (static)" }
edge: { sourcename: "/home/taste/work/work/data-compress-git-out/work/datacompressor/C/src/deflate.c:flush_pending" targetname: "_tr_flush_bits" label: "/home/taste/work/work/data-compress-git-out/work/datacompressor/C/src/deflate.c:954:5" }
edge: { sourcename: "/home/taste/work/work/data-compress-git-out/work/datacompressor/C/src/deflate.c:flush_pending" targetname: "memcpy" label: "/home/taste/work/work/data-compress-git-out/work/datacompressor/C/src/deflate.c:959:5" }
node: { title: "deflate" label: "deflate\n/home/taste/work/work/data-compress-git-out/work/datacompressor/C/src/deflate.c:981:13\n72 bytes (static)" }
edge: { sourcename: "deflate" targetname: "/home/taste/work/work/data-compress-git-out/work/datacompressor/C/src/deflate.c:deflateStateCheck" label: "/home/taste/work/work/data-compress-git-out/work/datacompressor/C/src/deflate.c:985:9" }
edge: { sourcename: "deflate" targetname: "/home/taste/work/work/data-compress-git-out/work/datacompressor/C/src/deflate.c:flush_pending" label: "/home/taste/work/work/data-compress-git-out/work/datacompressor/C/src/deflate.c:1002:9" }
edge: { sourcename: "deflate" targetname: "/home/taste/work/work/data-compress-git-out/work/datacompressor/C/src/deflate.c:putShortMSB" label: "/home/taste/work/work/data-compress-git-out/work/datacompressor/C/src/deflate.c:1048:9" }
edge: { sourcename: "deflate" targetname: "/home/taste/work/work/data-compress-git-out/work/datacompressor/C/src/deflate.c:putShortMSB" label: "/home/taste/work/work/data-compress-git-out/work/datacompressor/C/src/deflate.c:1052:13" }
edge: { sourcename: "deflate" targetname: "/home/taste/work/work/data-compress-git-out/work/datacompressor/C/src/deflate.c:putShortMSB" label: "/home/taste/work/work/data-compress-git-out/work/datacompressor/C/src/deflate.c:1053:13" }
edge: { sourcename: "deflate" targetname: "adler32" label: "/home/taste/work/work/data-compress-git-out/work/datacompressor/C/src/deflate.c:1055:23" }
edge: { sourcename: "deflate" targetname: "/home/taste/work/work/data-compress-git-out/work/datacompressor/C/src/deflate.c:flush_pending" label: "/home/taste/work/work/data-compress-git-out/work/datacompressor/C/src/deflate.c:1059:9" }
edge: { sourcename: "deflate" targetname: "crc32" label: "/home/taste/work/work/data-compress-git-out/work/datacompressor/C/src/deflate.c:1068:23" }
edge: { sourcename: "deflate" targetname: "/home/taste/work/work/data-compress-git-out/work/datacompressor/C/src/deflate.c:flush_pending" label: "/home/taste/work/work/data-compress-git-out/work/datacompressor/C/src/deflate.c:1085:13" }
node: { title: "crc32_z" label: "crc32_z\n/home/taste/work/work/data-compress-git-out/work/datacompressor/C/src/zlib.h:1866:23" shape : ellipse }
edge: { sourcename: "deflate" targetname: "crc32_z" label: "/home/taste/work/work/data-compress-git-out/work/datacompressor/C/src/deflate.c:1111:31" }
edge: { sourcename: "deflate" targetname: "memcpy" label: "/home/taste/work/work/data-compress-git-out/work/datacompressor/C/src/deflate.c:1123:17" }
edge: { sourcename: "deflate" targetname: "crc32_z" label: "/home/taste/work/work/data-compress-git-out/work/datacompressor/C/src/deflate.c:1126:17" }
edge: { sourcename: "deflate" targetname: "/home/taste/work/work/data-compress-git-out/work/datacompressor/C/src/deflate.c:flush_pending" label: "/home/taste/work/work/data-compress-git-out/work/datacompressor/C/src/deflate.c:1128:17" }
edge: { sourcename: "deflate" targetname: "memcpy" label: "/home/taste/work/work/data-compress-git-out/work/datacompressor/C/src/deflate.c:1136:13" }
edge: { sourcename: "deflate" targetname: "crc32_z" label: "/home/taste/work/work/data-compress-git-out/work/datacompressor/C/src/deflate.c:1139:13" }
edge: { sourcename: "deflate" targetname: "crc32_z" label: "/home/taste/work/work/data-compress-git-out/work/datacompressor/C/src/deflate.c:1150:21" }
edge: { sourcename: "deflate" targetname: "/home/taste/work/work/data-compress-git-out/work/datacompressor/C/src/deflate.c:flush_pending" label: "/home/taste/work/work/data-compress-git-out/work/datacompressor/C/src/deflate.c:1151:21" }
edge: { sourcename: "deflate" targetname: "crc32_z" label: "/home/taste/work/work/data-compress-git-out/work/datacompressor/C/src/deflate.c:1161:13" }
edge: { sourcename: "deflate" targetname: "crc32_z" label: "/home/taste/work/work/data-compress-git-out/work/datacompressor/C/src/deflate.c:1172:21" }
edge: { sourcename: "deflate" targetname: "/home/taste/work/work/data-compress-git-out/work/datacompressor/C/src/deflate.c:flush_pending" label: "/home/taste/work/work/data-compress-git-out/work/datacompressor/C/src/deflate.c:1173:21" }
edge: { sourcename: "deflate" targetname: "crc32_z" label: "/home/taste/work/work/data-compress-git-out/work/datacompressor/C/src/deflate.c:1183:13" }
edge: { sourcename: "deflate" targetname: "/home/taste/work/work/data-compress-git-out/work/datacompressor/C/src/deflate.c:flush_pending" label: "/home/taste/work/work/data-compress-git-out/work/datacompressor/C/src/deflate.c:1190:17" }
edge: { sourcename: "deflate" targetname: "crc32" label: "/home/taste/work/work/data-compress-git-out/work/datacompressor/C/src/deflate.c:1198:27" }
edge: { sourcename: "deflate" targetname: "/home/taste/work/work/data-compress-git-out/work/datacompressor/C/src/deflate.c:flush_pending" label: "/home/taste/work/work/data-compress-git-out/work/datacompressor/C/src/deflate.c:1203:9" }
edge: { sourcename: "deflate" targetname: "/home/taste/work/work/data-compress-git-out/work/datacompressor/C/src/deflate.c:deflate_stored" label: "/home/taste/work/work/data-compress-git-out/work/datacompressor/C/src/deflate.c:1217:34" }
edge: { sourcename: "deflate" targetname: "/home/taste/work/work/data-compress-git-out/work/datacompressor/C/src/deflate.c:deflate_huff" label: "/home/taste/work/work/data-compress-git-out/work/datacompressor/C/src/deflate.c:1218:50" }
edge: { sourcename: "deflate" targetname: "/home/taste/work/work/data-compress-git-out/work/datacompressor/C/src/deflate.c:deflate_rle" label: "/home/taste/work/work/data-compress-git-out/work/datacompressor/C/src/deflate.c:1219:41" }
edge: { sourcename: "deflate" targetname: "__indirect_call" label: "/home/taste/work/work/data-compress-git-out/work/datacompressor/C/src/deflate.c:1220:19" }
node: { title: "_tr_align" label: "_tr_align\n/home/taste/work/work/data-compress-git-out/work/datacompressor/C/src/deflate.h:316:20" shape : ellipse }
edge: { sourcename: "deflate" targetname: "_tr_align" label: "/home/taste/work/work/data-compress-git-out/work/datacompressor/C/src/deflate.c:1240:17" }
node: { title: "_tr_stored_block" label: "_tr_stored_block\n/home/taste/work/work/data-compress-git-out/work/datacompressor/C/src/deflate.h:317:20" shape : ellipse }
edge: { sourcename: "deflate" targetname: "_tr_stored_block" label: "/home/taste/work/work/data-compress-git-out/work/datacompressor/C/src/deflate.c:1242:17" }
edge: { sourcename: "deflate" targetname: "memset" label: "/home/taste/work/work/data-compress-git-out/work/datacompressor/C/src/deflate.c:1247:21" }
edge: { sourcename: "deflate" targetname: "/home/taste/work/work/data-compress-git-out/work/datacompressor/C/src/deflate.c:flush_pending" label: "/home/taste/work/work/data-compress-git-out/work/datacompressor/C/src/deflate.c:1255:13" }
edge: { sourcename: "deflate" targetname: "/home/taste/work/work/data-compress-git-out/work/datacompressor/C/src/deflate.c:putShortMSB" label: "/home/taste/work/work/data-compress-git-out/work/datacompressor/C/src/deflate.c:1281:9" }
edge: { sourcename: "deflate" targetname: "/home/taste/work/work/data-compress-git-out/work/datacompressor/C/src/deflate.c:putShortMSB" label: "/home/taste/work/work/data-compress-git-out/work/datacompressor/C/src/deflate.c:1282:9" }
edge: { sourcename: "deflate" targetname: "/home/taste/work/work/data-compress-git-out/work/datacompressor/C/src/deflate.c:flush_pending" label: "/home/taste/work/work/data-compress-git-out/work/datacompressor/C/src/deflate.c:1284:5" }
node: { title: "deflateEnd" label: "deflateEnd\n/home/taste/work/work/data-compress-git-out/work/datacompressor/C/src/deflate.c:1293:13\n24 bytes (static)" }
edge: { sourcename: "deflateEnd" targetname: "/home/taste/work/work/data-compress-git-out/work/datacompressor/C/src/deflate.c:deflateStateCheck" label: "/home/taste/work/work/data-compress-git-out/work/datacompressor/C/src/deflate.c:1296:9" }
edge: { sourcename: "deflateEnd" targetname: "__indirect_call" label: "/home/taste/work/work/data-compress-git-out/work/datacompressor/C/src/deflate.c:1301:5" }
edge: { sourcename: "deflateEnd" targetname: "__indirect_call" label: "/home/taste/work/work/data-compress-git-out/work/datacompressor/C/src/deflate.c:1302:5" }
edge: { sourcename: "deflateEnd" targetname: "__indirect_call" label: "/home/taste/work/work/data-compress-git-out/work/datacompressor/C/src/deflate.c:1303:5" }
edge: { sourcename: "deflateEnd" targetname: "__indirect_call" label: "/home/taste/work/work/data-compress-git-out/work/datacompressor/C/src/deflate.c:1304:5" }
edge: { sourcename: "deflateEnd" targetname: "__indirect_call" label: "/home/taste/work/work/data-compress-git-out/work/datacompressor/C/src/deflate.c:1306:5" }
node: { title: "deflateCopy" label: "deflateCopy\n/home/taste/work/work/data-compress-git-out/work/datacompressor/C/src/deflate.c:1317:13\n24 bytes (static)" }
edge: { sourcename: "deflateCopy" targetname: "/home/taste/work/work/data-compress-git-out/work/datacompressor/C/src/deflate.c:deflateStateCheck" label: "/home/taste/work/work/data-compress-git-out/work/datacompressor/C/src/deflate.c:1327:9" }
edge: { sourcename: "deflateCopy" targetname: "memcpy" label: "/home/taste/work/work/data-compress-git-out/work/datacompressor/C/src/deflate.c:1333:5" }
edge: { sourcename: "deflateCopy" targetname: "__indirect_call" label: "/home/taste/work/work/data-compress-git-out/work/datacompressor/C/src/deflate.c:1335:28" }
edge: { sourcename: "deflateCopy" targetname: "memset" label: "/home/taste/work/work/data-compress-git-out/work/datacompressor/C/src/deflate.c:1337:5" }
edge: { sourcename: "deflateCopy" targetname: "memcpy" label: "/home/taste/work/work/data-compress-git-out/work/datacompressor/C/src/deflate.c:1339:5" }
edge: { sourcename: "deflateCopy" targetname: "__indirect_call" label: "/home/taste/work/work/data-compress-git-out/work/datacompressor/C/src/deflate.c:1342:28" }
edge: { sourcename: "deflateCopy" targetname: "__indirect_call" label: "/home/taste/work/work/data-compress-git-out/work/datacompressor/C/src/deflate.c:1343:28" }
edge: { sourcename: "deflateCopy" targetname: "__indirect_call" label: "/home/taste/work/work/data-compress-git-out/work/datacompressor/C/src/deflate.c:1344:28" }
edge: { sourcename: "deflateCopy" targetname: "__indirect_call" label: "/home/taste/work/work/data-compress-git-out/work/datacompressor/C/src/deflate.c:1345:32" }
edge: { sourcename: "deflateCopy" targetname: "deflateEnd" label: "/home/taste/work/work/data-compress-git-out/work/datacompressor/C/src/deflate.c:1349:9" }
edge: { sourcename: "deflateCopy" targetname: "memcpy" label: "/home/taste/work/work/data-compress-git-out/work/datacompressor/C/src/deflate.c:1353:5" }
edge: { sourcename: "deflateCopy" targetname: "memcpy" label: "/home/taste/work/work/data-compress-git-out/work/datacompressor/C/src/deflate.c:1354:5" }
edge: { sourcename: "deflateCopy" targetname: "memcpy" label: "/home/taste/work/work/data-compress-git-out/work/datacompressor/C/src/deflate.c:1357:5" }
edge: { sourcename: "deflateCopy" targetname: "memcpy" label: "/home/taste/work/work/data-compress-git-out/work/datacompressor/C/src/deflate.c:1360:5" }
edge: { sourcename: "deflateCopy" targetname: "memcpy" label: "/home/taste/work/work/data-compress-git-out/work/datacompressor/C/src/deflate.c:1368:5" }
node: { title: "/home/taste/work/work/data-compress-git-out/work/datacompressor/C/src/deflate.c:longest_match" label: "longest_match\n/home/taste/work/work/data-compress-git-out/work/datacompressor/C/src/deflate.c:1389:12\n64 bytes (static)" }
node: { title: "/home/taste/work/work/data-compress-git-out/work/datacompressor/C/src/deflate.c:deflate_stored" label: "deflate_stored\n/home/taste/work/work/data-compress-git-out/work/datacompressor/C/src/deflate.c:1668:19\n40 bytes (static)" }
edge: { sourcename: "/home/taste/work/work/data-compress-git-out/work/datacompressor/C/src/deflate.c:deflate_stored" targetname: "_tr_stored_block" label: "/home/taste/work/work/data-compress-git-out/work/datacompressor/C/src/deflate.c:1713:9" }
edge: { sourcename: "/home/taste/work/work/data-compress-git-out/work/datacompressor/C/src/deflate.c:deflate_stored" targetname: "/home/taste/work/work/data-compress-git-out/work/datacompressor/C/src/deflate.c:flush_pending" label: "/home/taste/work/work/data-compress-git-out/work/datacompressor/C/src/deflate.c:1722:9" }
edge: { sourcename: "/home/taste/work/work/data-compress-git-out/work/datacompressor/C/src/deflate.c:deflate_stored" targetname: "memcpy" label: "/home/taste/work/work/data-compress-git-out/work/datacompressor/C/src/deflate.c:1734:13" }
edge: { sourcename: "/home/taste/work/work/data-compress-git-out/work/datacompressor/C/src/deflate.c:deflate_stored" targetname: "/home/taste/work/work/data-compress-git-out/work/datacompressor/C/src/deflate.c:read_buf" label: "/home/taste/work/work/data-compress-git-out/work/datacompressor/C/src/deflate.c:1746:13" }
edge: { sourcename: "/home/taste/work/work/data-compress-git-out/work/datacompressor/C/src/deflate.c:deflate_stored" targetname: "memcpy" label: "/home/taste/work/work/data-compress-git-out/work/datacompressor/C/src/deflate.c:1766:13" }
edge: { sourcename: "/home/taste/work/work/data-compress-git-out/work/datacompressor/C/src/deflate.c:deflate_stored" targetname: "memcpy" label: "/home/taste/work/work/data-compress-git-out/work/datacompressor/C/src/deflate.c:1774:17" }
edge: { sourcename: "/home/taste/work/work/data-compress-git-out/work/datacompressor/C/src/deflate.c:deflate_stored" targetname: "memcpy" label: "/home/taste/work/work/data-compress-git-out/work/datacompressor/C/src/deflate.c:1780:13" }
edge: { sourcename: "/home/taste/work/work/data-compress-git-out/work/datacompressor/C/src/deflate.c:deflate_stored" targetname: "memcpy" label: "/home/taste/work/work/data-compress-git-out/work/datacompressor/C/src/deflate.c:1806:9" }
edge: { sourcename: "/home/taste/work/work/data-compress-git-out/work/datacompressor/C/src/deflate.c:deflate_stored" targetname: "/home/taste/work/work/data-compress-git-out/work/datacompressor/C/src/deflate.c:read_buf" label: "/home/taste/work/work/data-compress-git-out/work/datacompressor/C/src/deflate.c:1816:9" }
edge: { sourcename: "/home/taste/work/work/data-compress-git-out/work/datacompressor/C/src/deflate.c:deflate_stored" targetname: "_tr_stored_block" label: "/home/taste/work/work/data-compress-git-out/work/datacompressor/C/src/deflate.c:1839:9" }
edge: { sourcename: "/home/taste/work/work/data-compress-git-out/work/datacompressor/C/src/deflate.c:deflate_stored" targetname: "/home/taste/work/work/data-compress-git-out/work/datacompressor/C/src/deflate.c:flush_pending" label: "/home/taste/work/work/data-compress-git-out/work/datacompressor/C/src/deflate.c:1841:9" }
node: { title: "/home/taste/work/work/data-compress-git-out/work/datacompressor/C/src/deflate.c:deflate_fast" label: "deflate_fast\n/home/taste/work/work/data-compress-git-out/work/datacompressor/C/src/deflate.c:1857:19\n40 bytes (static)" }
edge: { sourcename: "/home/taste/work/work/data-compress-git-out/work/datacompressor/C/src/deflate.c:deflate_fast" targetname: "/home/taste/work/work/data-compress-git-out/work/datacompressor/C/src/deflate.c:fill_window" label: "/home/taste/work/work/data-compress-git-out/work/datacompressor/C/src/deflate.c:1868:13" }
edge: { sourcename: "/home/taste/work/work/data-compress-git-out/work/datacompressor/C/src/deflate.c:deflate_fast" targetname: "/home/taste/work/work/data-compress-git-out/work/datacompressor/C/src/deflate.c:longest_match" label: "/home/taste/work/work/data-compress-git-out/work/datacompressor/C/src/deflate.c:1891:31" }
node: { title: "_tr_flush_block" label: "_tr_flush_block\n/home/taste/work/work/data-compress-git-out/work/datacompressor/C/src/deflate.h:313:20" shape : ellipse }
edge: { sourcename: "/home/taste/work/work/data-compress-git-out/work/datacompressor/C/src/deflate.c:deflate_fast" targetname: "_tr_flush_block" label: "/home/taste/work/work/data-compress-git-out/work/datacompressor/C/src/deflate.c:1938:21" }
edge: { sourcename: "/home/taste/work/work/data-compress-git-out/work/datacompressor/C/src/deflate.c:deflate_fast" targetname: "/home/taste/work/work/data-compress-git-out/work/datacompressor/C/src/deflate.c:flush_pending" label: "/home/taste/work/work/data-compress-git-out/work/datacompressor/C/src/deflate.c:1938:21" }
edge: { sourcename: "/home/taste/work/work/data-compress-git-out/work/datacompressor/C/src/deflate.c:deflate_fast" targetname: "_tr_flush_block" label: "/home/taste/work/work/data-compress-git-out/work/datacompressor/C/src/deflate.c:1942:9" }
edge: { sourcename: "/home/taste/work/work/data-compress-git-out/work/datacompressor/C/src/deflate.c:deflate_fast" targetname: "/home/taste/work/work/data-compress-git-out/work/datacompressor/C/src/deflate.c:flush_pending" label: "/home/taste/work/work/data-compress-git-out/work/datacompressor/C/src/deflate.c:1942:9" }
edge: { sourcename: "/home/taste/work/work/data-compress-git-out/work/datacompressor/C/src/deflate.c:deflate_fast" targetname: "_tr_flush_block" label: "/home/taste/work/work/data-compress-git-out/work/datacompressor/C/src/deflate.c:1946:9" }
edge: { sourcename: "/home/taste/work/work/data-compress-git-out/work/datacompressor/C/src/deflate.c:deflate_fast" targetname: "/home/taste/work/work/data-compress-git-out/work/datacompressor/C/src/deflate.c:flush_pending" label: "/home/taste/work/work/data-compress-git-out/work/datacompressor/C/src/deflate.c:1946:9" }
node: { title: "/home/taste/work/work/data-compress-git-out/work/datacompressor/C/src/deflate.c:deflate_slow" label: "deflate_slow\n/home/taste/work/work/data-compress-git-out/work/datacompressor/C/src/deflate.c:1956:19\n48 bytes (static)" }
edge: { sourcename: "/home/taste/work/work/data-compress-git-out/work/datacompressor/C/src/deflate.c:deflate_slow" targetname: "/home/taste/work/work/data-compress-git-out/work/datacompressor/C/src/deflate.c:fill_window" label: "/home/taste/work/work/data-compress-git-out/work/datacompressor/C/src/deflate.c:1968:13" }
edge: { sourcename: "/home/taste/work/work/data-compress-git-out/work/datacompressor/C/src/deflate.c:deflate_slow" targetname: "/home/taste/work/work/data-compress-git-out/work/datacompressor/C/src/deflate.c:longest_match" label: "/home/taste/work/work/data-compress-git-out/work/datacompressor/C/src/deflate.c:1994:31" }
edge: { sourcename: "/home/taste/work/work/data-compress-git-out/work/datacompressor/C/src/deflate.c:deflate_slow" targetname: "_tr_flush_block" label: "/home/taste/work/work/data-compress-git-out/work/datacompressor/C/src/deflate.c:2038:25" }
edge: { sourcename: "/home/taste/work/work/data-compress-git-out/work/datacompressor/C/src/deflate.c:deflate_slow" targetname: "/home/taste/work/work/data-compress-git-out/work/datacompressor/C/src/deflate.c:flush_pending" label: "/home/taste/work/work/data-compress-git-out/work/datacompressor/C/src/deflate.c:2038:25" }
edge: { sourcename: "/home/taste/work/work/data-compress-git-out/work/datacompressor/C/src/deflate.c:deflate_slow" targetname: "_tr_flush_block" label: "/home/taste/work/work/data-compress-git-out/work/datacompressor/C/src/deflate.c:2048:17" }
edge: { sourcename: "/home/taste/work/work/data-compress-git-out/work/datacompressor/C/src/deflate.c:deflate_slow" targetname: "/home/taste/work/work/data-compress-git-out/work/datacompressor/C/src/deflate.c:flush_pending" label: "/home/taste/work/work/data-compress-git-out/work/datacompressor/C/src/deflate.c:2048:17" }
edge: { sourcename: "/home/taste/work/work/data-compress-git-out/work/datacompressor/C/src/deflate.c:deflate_slow" targetname: "_tr_flush_block" label: "/home/taste/work/work/data-compress-git-out/work/datacompressor/C/src/deflate.c:2070:9" }
edge: { sourcename: "/home/taste/work/work/data-compress-git-out/work/datacompressor/C/src/deflate.c:deflate_slow" targetname: "/home/taste/work/work/data-compress-git-out/work/datacompressor/C/src/deflate.c:flush_pending" label: "/home/taste/work/work/data-compress-git-out/work/datacompressor/C/src/deflate.c:2070:9" }
edge: { sourcename: "/home/taste/work/work/data-compress-git-out/work/datacompressor/C/src/deflate.c:deflate_slow" targetname: "_tr_flush_block" label: "/home/taste/work/work/data-compress-git-out/work/datacompressor/C/src/deflate.c:2074:9" }
edge: { sourcename: "/home/taste/work/work/data-compress-git-out/work/datacompressor/C/src/deflate.c:deflate_slow" targetname: "/home/taste/work/work/data-compress-git-out/work/datacompressor/C/src/deflate.c:flush_pending" label: "/home/taste/work/work/data-compress-git-out/work/datacompressor/C/src/deflate.c:2074:9" }
node: { title: "/home/taste/work/work/data-compress-git-out/work/datacompressor/C/src/deflate.c:deflate_rle" label: "deflate_rle\n/home/taste/work/work/data-compress-git-out/work/datacompressor/C/src/deflate.c:2084:19\n48 bytes (static)" }
edge: { sourcename: "/home/taste/work/work/data-compress-git-out/work/datacompressor/C/src/deflate.c:deflate_rle" targetname: "/home/taste/work/work/data-compress-git-out/work/datacompressor/C/src/deflate.c:fill_window" label: "/home/taste/work/work/data-compress-git-out/work/datacompressor/C/src/deflate.c:2095:13" }
edge: { sourcename: "/home/taste/work/work/data-compress-git-out/work/datacompressor/C/src/deflate.c:deflate_rle" targetname: "_tr_flush_block" label: "/home/taste/work/work/data-compress-git-out/work/datacompressor/C/src/deflate.c:2139:21" }
edge: { sourcename: "/home/taste/work/work/data-compress-git-out/work/datacompressor/C/src/deflate.c:deflate_rle" targetname: "/home/taste/work/work/data-compress-git-out/work/datacompressor/C/src/deflate.c:flush_pending" label: "/home/taste/work/work/data-compress-git-out/work/datacompressor/C/src/deflate.c:2139:21" }
edge: { sourcename: "/home/taste/work/work/data-compress-git-out/work/datacompressor/C/src/deflate.c:deflate_rle" targetname: "_tr_flush_block" label: "/home/taste/work/work/data-compress-git-out/work/datacompressor/C/src/deflate.c:2143:9" }
edge: { sourcename: "/home/taste/work/work/data-compress-git-out/work/datacompressor/C/src/deflate.c:deflate_rle" targetname: "/home/taste/work/work/data-compress-git-out/work/datacompressor/C/src/deflate.c:flush_pending" label: "/home/taste/work/work/data-compress-git-out/work/datacompressor/C/src/deflate.c:2143:9" }
edge: { sourcename: "/home/taste/work/work/data-compress-git-out/work/datacompressor/C/src/deflate.c:deflate_rle" targetname: "_tr_flush_block" label: "/home/taste/work/work/data-compress-git-out/work/datacompressor/C/src/deflate.c:2147:9" }
edge: { sourcename: "/home/taste/work/work/data-compress-git-out/work/datacompressor/C/src/deflate.c:deflate_rle" targetname: "/home/taste/work/work/data-compress-git-out/work/datacompressor/C/src/deflate.c:flush_pending" label: "/home/taste/work/work/data-compress-git-out/work/datacompressor/C/src/deflate.c:2147:9" }
node: { title: "/home/taste/work/work/data-compress-git-out/work/datacompressor/C/src/deflate.c:deflate_huff" label: "deflate_huff\n/home/taste/work/work/data-compress-git-out/work/datacompressor/C/src/deflate.c:2155:19\n24 bytes (static)" }
edge: { sourcename: "/home/taste/work/work/data-compress-git-out/work/datacompressor/C/src/deflate.c:deflate_huff" targetname: "/home/taste/work/work/data-compress-git-out/work/datacompressor/C/src/deflate.c:fill_window" label: "/home/taste/work/work/data-compress-git-out/work/datacompressor/C/src/deflate.c:2161:13" }
edge: { sourcename: "/home/taste/work/work/data-compress-git-out/work/datacompressor/C/src/deflate.c:deflate_huff" targetname: "_tr_flush_block" label: "/home/taste/work/work/data-compress-git-out/work/datacompressor/C/src/deflate.c:2175:21" }
edge: { sourcename: "/home/taste/work/work/data-compress-git-out/work/datacompressor/C/src/deflate.c:deflate_huff" targetname: "/home/taste/work/work/data-compress-git-out/work/datacompressor/C/src/deflate.c:flush_pending" label: "/home/taste/work/work/data-compress-git-out/work/datacompressor/C/src/deflate.c:2175:21" }
edge: { sourcename: "/home/taste/work/work/data-compress-git-out/work/datacompressor/C/src/deflate.c:deflate_huff" targetname: "_tr_flush_block" label: "/home/taste/work/work/data-compress-git-out/work/datacompressor/C/src/deflate.c:2179:9" }
edge: { sourcename: "/home/taste/work/work/data-compress-git-out/work/datacompressor/C/src/deflate.c:deflate_huff" targetname: "/home/taste/work/work/data-compress-git-out/work/datacompressor/C/src/deflate.c:flush_pending" label: "/home/taste/work/work/data-compress-git-out/work/datacompressor/C/src/deflate.c:2179:9" }
edge: { sourcename: "/home/taste/work/work/data-compress-git-out/work/datacompressor/C/src/deflate.c:deflate_huff" targetname: "_tr_flush_block" label: "/home/taste/work/work/data-compress-git-out/work/datacompressor/C/src/deflate.c:2183:9" }
edge: { sourcename: "/home/taste/work/work/data-compress-git-out/work/datacompressor/C/src/deflate.c:deflate_huff" targetname: "/home/taste/work/work/data-compress-git-out/work/datacompressor/C/src/deflate.c:flush_pending" label: "/home/taste/work/work/data-compress-git-out/work/datacompressor/C/src/deflate.c:2183:9" }
}
