graph: { title: "/home/taste/work/work/data-compress-git-out/work/build/node_1/partition_1/main.c"
node: { title: "/home/taste/work/work/data-compress-git-out/work/build/node_1/partition_1/main.c:rtems_fatal" label: "rtems_fatal\n/opt/taste-rtems-qdp-arm/arm-rtems6/n7sbsp-samrh71f20/lib/include/rtems/fatal.h:155:36\n16 bytes (static)" }
node: { title: "_Terminate" label: "_Terminate\n/opt/taste-rtems-qdp-arm/arm-rtems6/n7sbsp-samrh71f20/lib/include/rtems/score/interr.h:275:22" shape : ellipse }
edge: { sourcename: "/home/taste/work/work/data-compress-git-out/work/build/node_1/partition_1/main.c:rtems_fatal" targetname: "_Terminate" label: "/opt/taste-rtems-qdp-arm/arm-rtems6/n7sbsp-samrh71f20/lib/include/rtems/fatal.h:160:3" }
node: { title: "/home/taste/work/work/data-compress-git-out/work/build/node_1/partition_1/main.c:initialize_devices" label: "initialize_devices\n/home/taste/work/work/data-compress-git-out/work/build/node_1/partition_1/main.c:65:13\n32 bytes (static)" }
node: { title: "get_device_packetizer_cfg" label: "get_device_packetizer_cfg\n/home/taste/work/work/data-compress-git-out/work/build/node_1/partition_1/runtime/RuntimeCommon/DriverHelper.h:60:20" shape : ellipse }
edge: { sourcename: "/home/taste/work/work/data-compress-git-out/work/build/node_1/partition_1/main.c:initialize_devices" targetname: "get_device_packetizer_cfg" label: "/home/taste/work/work/data-compress-git-out/work/build/node_1/partition_1/main.c:77:40" }
node: { title: "get_device_configuration" label: "get_device_configuration\n/home/taste/work/work/data-compress-git-out/work/build/node_1/partition_1/runtime/RuntimeCommon/DriverHelper.h:41:13" shape : ellipse }
edge: { sourcename: "/home/taste/work/work/data-compress-git-out/work/build/node_1/partition_1/main.c:initialize_devices" targetname: "get_device_configuration" label: "/home/taste/work/work/data-compress-git-out/work/build/node_1/partition_1/main.c:83:51" }
node: { title: "get_remote_device_configuration" label: "get_remote_device_configuration\n/home/taste/work/work/data-compress-git-out/work/build/node_1/partition_1/runtime/RuntimeCommon/DriverHelper.h:52:13" shape : ellipse }
edge: { sourcename: "/home/taste/work/work/data-compress-git-out/work/build/node_1/partition_1/main.c:initialize_devices" targetname: "get_remote_device_configuration" label: "/home/taste/work/work/data-compress-git-out/work/build/node_1/partition_1/main.c:84:51" }
node: { title: "Samrh71RtemsSerialInit" label: "Samrh71RtemsSerialInit\n/home/taste/work/work/data-compress-git-out/work/build/node_1/partition_1/drivers/samrh71_rtems_serial/samrh71_rtems_serial.h:108:6" shape : ellipse }
edge: { sourcename: "/home/taste/work/work/data-compress-git-out/work/build/node_1/partition_1/main.c:initialize_devices" targetname: "Samrh71RtemsSerialInit" label: "/home/taste/work/work/data-compress-git-out/work/build/node_1/partition_1/main.c:80:5" }
node: { title: "/home/taste/work/work/data-compress-git-out/work/build/node_1/partition_1/main.c:initialize_interface_to_queue_map" label: "initialize_interface_to_queue_map\n/home/taste/work/work/data-compress-git-out/work/build/node_1/partition_1/main.c:87:13\n16 bytes (static)" }
node: { title: "generate_new_partition_task_name" label: "generate_new_partition_task_name\n/home/taste/work/work/data-compress-git-out/work/build/node_1/partition_1/main.c:105:12\n4 bytes (static)" }
node: { title: "generate_new_partition_queue_name" label: "generate_new_partition_queue_name\n/home/taste/work/work/data-compress-git-out/work/build/node_1/partition_1/main.c:111:12\n4 bytes (static)" }
node: { title: "generate_new_partition_semaphore_name" label: "generate_new_partition_semaphore_name\n/home/taste/work/work/data-compress-git-out/work/build/node_1/partition_1/main.c:117:12\n4 bytes (static)" }
node: { title: "generate_new_partition_timer_name" label: "generate_new_partition_timer_name\n/home/taste/work/work/data-compress-git-out/work/build/node_1/partition_1/main.c:123:12\n4 bytes (static)" }
node: { title: "/home/taste/work/work/data-compress-git-out/work/build/node_1/partition_1/main.c:Create_Thread_testcompressuncompress_runonce" label: "Create_Thread_testcompressuncompress_runonce\n/home/taste/work/work/data-compress-git-out/work/build/node_1/partition_1/main.c:141:13\n80 bytes (static)" }
edge: { sourcename: "/home/taste/work/work/data-compress-git-out/work/build/node_1/partition_1/main.c:Create_Thread_testcompressuncompress_runonce" targetname: "generate_new_partition_queue_name" label: "/home/taste/work/work/data-compress-git-out/work/build/node_1/partition_1/main.c:144:17" }
node: { title: "rtems_message_queue_construct" label: "rtems_message_queue_construct\n/opt/taste-rtems-qdp-arm/arm-rtems6/n7sbsp-samrh71f20/lib/include/rtems/rtems/message.h:382:19" shape : ellipse }
edge: { sourcename: "/home/taste/work/work/data-compress-git-out/work/build/node_1/partition_1/main.c:Create_Thread_testcompressuncompress_runonce" targetname: "rtems_message_queue_construct" label: "/home/taste/work/work/data-compress-git-out/work/build/node_1/partition_1/main.c:154:55" }
edge: { sourcename: "/home/taste/work/work/data-compress-git-out/work/build/node_1/partition_1/main.c:Create_Thread_testcompressuncompress_runonce" targetname: "__assert_func" label: "/home/taste/work/work/data-compress-git-out/work/build/node_1/partition_1/main.c:157:5" }
edge: { sourcename: "/home/taste/work/work/data-compress-git-out/work/build/node_1/partition_1/main.c:Create_Thread_testcompressuncompress_runonce" targetname: "generate_new_partition_task_name" label: "/home/taste/work/work/data-compress-git-out/work/build/node_1/partition_1/main.c:166:17" }
node: { title: "rtems_task_construct" label: "rtems_task_construct\n/opt/taste-rtems-qdp-arm/arm-rtems6/n7sbsp-samrh71f20/lib/include/rtems/rtems/tasks.h:776:19" shape : ellipse }
edge: { sourcename: "/home/taste/work/work/data-compress-git-out/work/build/node_1/partition_1/main.c:Create_Thread_testcompressuncompress_runonce" targetname: "rtems_task_construct" label: "/home/taste/work/work/data-compress-git-out/work/build/node_1/partition_1/main.c:176:54" }
edge: { sourcename: "/home/taste/work/work/data-compress-git-out/work/build/node_1/partition_1/main.c:Create_Thread_testcompressuncompress_runonce" targetname: "__assert_func" label: "/home/taste/work/work/data-compress-git-out/work/build/node_1/partition_1/main.c:178:5" }
node: { title: "strncpy" label: "strncpy\n/opt/taste-rtems-qdp-arm/arm-rtems6/include/string.h:44:8" shape : ellipse }
edge: { sourcename: "/home/taste/work/work/data-compress-git-out/work/build/node_1/partition_1/main.c:Create_Thread_testcompressuncompress_runonce" targetname: "strncpy" label: "/home/taste/work/work/data-compress-git-out/work/build/node_1/partition_1/main.c:181:5" }
node: { title: "/home/taste/work/work/data-compress-git-out/work/build/node_1/partition_1/main.c:Start_Thread_testcompressuncompress_runonce" label: "Start_Thread_testcompressuncompress_runonce\n/home/taste/work/work/data-compress-git-out/work/build/node_1/partition_1/main.c:191:13\n16 bytes (static)" }
node: { title: "rtems_task_start" label: "rtems_task_start\n/opt/taste-rtems-qdp-arm/arm-rtems6/n7sbsp-samrh71f20/lib/include/rtems/rtems/tasks.h:943:19" shape : ellipse }
edge: { sourcename: "/home/taste/work/work/data-compress-git-out/work/build/node_1/partition_1/main.c:Start_Thread_testcompressuncompress_runonce" targetname: "rtems_task_start" label: "/home/taste/work/work/data-compress-git-out/work/build/node_1/partition_1/main.c:193:47" }
edge: { sourcename: "/home/taste/work/work/data-compress-git-out/work/build/node_1/partition_1/main.c:Start_Thread_testcompressuncompress_runonce" targetname: "__assert_func" label: "/home/taste/work/work/data-compress-git-out/work/build/node_1/partition_1/main.c:196:5" }
node: { title: "/home/taste/work/work/data-compress-git-out/work/build/node_1/partition_1/main.c:Create_Thread_testcompressuncompress_samrh71rx" label: "Create_Thread_testcompressuncompress_samrh71rx\n/home/taste/work/work/data-compress-git-out/work/build/node_1/partition_1/main.c:209:13\n80 bytes (static)" }
edge: { sourcename: "/home/taste/work/work/data-compress-git-out/work/build/node_1/partition_1/main.c:Create_Thread_testcompressuncompress_samrh71rx" targetname: "generate_new_partition_queue_name" label: "/home/taste/work/work/data-compress-git-out/work/build/node_1/partition_1/main.c:212:17" }
edge: { sourcename: "/home/taste/work/work/data-compress-git-out/work/build/node_1/partition_1/main.c:Create_Thread_testcompressuncompress_samrh71rx" targetname: "rtems_message_queue_construct" label: "/home/taste/work/work/data-compress-git-out/work/build/node_1/partition_1/main.c:222:55" }
edge: { sourcename: "/home/taste/work/work/data-compress-git-out/work/build/node_1/partition_1/main.c:Create_Thread_testcompressuncompress_samrh71rx" targetname: "__assert_func" label: "/home/taste/work/work/data-compress-git-out/work/build/node_1/partition_1/main.c:225:5" }
edge: { sourcename: "/home/taste/work/work/data-compress-git-out/work/build/node_1/partition_1/main.c:Create_Thread_testcompressuncompress_samrh71rx" targetname: "generate_new_partition_task_name" label: "/home/taste/work/work/data-compress-git-out/work/build/node_1/partition_1/main.c:234:17" }
edge: { sourcename: "/home/taste/work/work/data-compress-git-out/work/build/node_1/partition_1/main.c:Create_Thread_testcompressuncompress_samrh71rx" targetname: "rtems_task_construct" label: "/home/taste/work/work/data-compress-git-out/work/build/node_1/partition_1/main.c:244:54" }
edge: { sourcename: "/home/taste/work/work/data-compress-git-out/work/build/node_1/partition_1/main.c:Create_Thread_testcompressuncompress_samrh71rx" targetname: "__assert_func" label: "/home/taste/work/work/data-compress-git-out/work/build/node_1/partition_1/main.c:246:5" }
edge: { sourcename: "/home/taste/work/work/data-compress-git-out/work/build/node_1/partition_1/main.c:Create_Thread_testcompressuncompress_samrh71rx" targetname: "strncpy" label: "/home/taste/work/work/data-compress-git-out/work/build/node_1/partition_1/main.c:249:5" }
node: { title: "/home/taste/work/work/data-compress-git-out/work/build/node_1/partition_1/main.c:Start_Thread_testcompressuncompress_samrh71rx" label: "Start_Thread_testcompressuncompress_samrh71rx\n/home/taste/work/work/data-compress-git-out/work/build/node_1/partition_1/main.c:259:13\n16 bytes (static)" }
edge: { sourcename: "/home/taste/work/work/data-compress-git-out/work/build/node_1/partition_1/main.c:Start_Thread_testcompressuncompress_samrh71rx" targetname: "rtems_task_start" label: "/home/taste/work/work/data-compress-git-out/work/build/node_1/partition_1/main.c:261:47" }
edge: { sourcename: "/home/taste/work/work/data-compress-git-out/work/build/node_1/partition_1/main.c:Start_Thread_testcompressuncompress_samrh71rx" targetname: "__assert_func" label: "/home/taste/work/work/data-compress-git-out/work/build/node_1/partition_1/main.c:264:5" }
node: { title: "Init" label: "Init\n/home/taste/work/work/data-compress-git-out/work/build/node_1/partition_1/main.c:267:12\n40 bytes (static)" }
node: { title: "initialize_system_spec" label: "initialize_system_spec\n/home/taste/work/work/data-compress-git-out/work/build/system_spec/system_spec.h:61:6" shape : ellipse }
edge: { sourcename: "Init" targetname: "initialize_system_spec" label: "/home/taste/work/work/data-compress-git-out/work/build/node_1/partition_1/main.c:269:5" }
node: { title: "Hal_Init" label: "Hal_Init\n/home/taste/work/work/data-compress-git-out/work/build/node_1/partition_1/runtime/SAMX-RTEMS-Runtime/src/Hal/Hal.h:42:6" shape : ellipse }
edge: { sourcename: "Init" targetname: "Hal_Init" label: "/home/taste/work/work/data-compress-git-out/work/build/node_1/partition_1/main.c:270:5" }
node: { title: "Monitor_Init" label: "Monitor_Init\n/home/taste/work/work/data-compress-git-out/work/build/node_1/partition_1/runtime/SAMX-RTEMS-Runtime/src/Monitor/Monitor.h:94:6" shape : ellipse }
edge: { sourcename: "Init" targetname: "Monitor_Init" label: "/home/taste/work/work/data-compress-git-out/work/build/node_1/partition_1/main.c:271:5" }
node: { title: "FaultHandler_Init" label: "FaultHandler_Init\n/home/taste/work/work/data-compress-git-out/work/build/node_1/partition_1/runtime/SAMX-RTEMS-Runtime/src/FaultHandler/FaultHandler.h:38:6" shape : ellipse }
edge: { sourcename: "Init" targetname: "FaultHandler_Init" label: "/home/taste/work/work/data-compress-git-out/work/build/node_1/partition_1/main.c:272:5" }
edge: { sourcename: "Init" targetname: "/home/taste/work/work/data-compress-git-out/work/build/node_1/partition_1/main.c:initialize_devices" label: "/home/taste/work/work/data-compress-git-out/work/build/node_1/partition_1/main.c:273:5" }
node: { title: "initialize_transport" label: "initialize_transport\n/home/taste/work/work/data-compress-git-out/work/build/node_1/partition_1/transport.h:12:6" shape : ellipse }
edge: { sourcename: "Init" targetname: "initialize_transport" label: "/home/taste/work/work/data-compress-git-out/work/build/node_1/partition_1/main.c:274:5" }
node: { title: "initialize_transport_bus_maps" label: "initialize_transport_bus_maps\n/home/taste/work/work/data-compress-git-out/work/build/node_1/partition_1/routing.h:14:6" shape : ellipse }
edge: { sourcename: "Init" targetname: "initialize_transport_bus_maps" label: "/home/taste/work/work/data-compress-git-out/work/build/node_1/partition_1/main.c:275:5" }
node: { title: "Broker_initialize" label: "Broker_initialize\n/home/taste/work/work/data-compress-git-out/work/build/node_1/partition_1/runtime/Broker/Broker.h:80:6" shape : ellipse }
edge: { sourcename: "Init" targetname: "Broker_initialize" label: "/home/taste/work/work/data-compress-git-out/work/build/node_1/partition_1/main.c:283:5" }
edge: { sourcename: "Init" targetname: "/home/taste/work/work/data-compress-git-out/work/build/node_1/partition_1/main.c:initialize_interface_to_queue_map" label: "/home/taste/work/work/data-compress-git-out/work/build/node_1/partition_1/main.c:284:5" }
node: { title: "rtems_semaphore_create" label: "rtems_semaphore_create\n/opt/taste-rtems-qdp-arm/arm-rtems6/n7sbsp-samrh71f20/lib/include/rtems/rtems/sem.h:258:19" shape : ellipse }
edge: { sourcename: "Init" targetname: "rtems_semaphore_create" label: "/home/taste/work/work/data-compress-git-out/work/build/node_1/partition_1/main.c:286:5" }
edge: { sourcename: "Init" targetname: "generate_new_partition_semaphore_name" label: "/home/taste/work/work/data-compress-git-out/work/build/node_1/partition_1/main.c:293:5" }
edge: { sourcename: "Init" targetname: "rtems_semaphore_create" label: "/home/taste/work/work/data-compress-git-out/work/build/node_1/partition_1/main.c:293:5" }
node: { title: "init_testcompressuncompress" label: "init_testcompressuncompress\n/home/taste/work/work/data-compress-git-out/work/build/node_1/partition_1/main.c:52:13" shape : ellipse }
edge: { sourcename: "Init" targetname: "init_testcompressuncompress" label: "/home/taste/work/work/data-compress-git-out/work/build/node_1/partition_1/main.c:299:5" }
edge: { sourcename: "Init" targetname: "generate_new_partition_semaphore_name" label: "/home/taste/work/work/data-compress-git-out/work/build/node_1/partition_1/main.c:300:5" }
edge: { sourcename: "Init" targetname: "rtems_semaphore_create" label: "/home/taste/work/work/data-compress-git-out/work/build/node_1/partition_1/main.c:300:5" }
node: { title: "init_datauncompressor" label: "init_datauncompressor\n/home/taste/work/work/data-compress-git-out/work/build/node_1/partition_1/main.c:53:13" shape : ellipse }
edge: { sourcename: "Init" targetname: "init_datauncompressor" label: "/home/taste/work/work/data-compress-git-out/work/build/node_1/partition_1/main.c:306:5" }
edge: { sourcename: "Init" targetname: "generate_new_partition_semaphore_name" label: "/home/taste/work/work/data-compress-git-out/work/build/node_1/partition_1/main.c:307:5" }
edge: { sourcename: "Init" targetname: "rtems_semaphore_create" label: "/home/taste/work/work/data-compress-git-out/work/build/node_1/partition_1/main.c:307:5" }
node: { title: "init_datacompressor" label: "init_datacompressor\n/home/taste/work/work/data-compress-git-out/work/build/node_1/partition_1/main.c:54:13" shape : ellipse }
edge: { sourcename: "Init" targetname: "init_datacompressor" label: "/home/taste/work/work/data-compress-git-out/work/build/node_1/partition_1/main.c:313:5" }
edge: { sourcename: "Init" targetname: "/home/taste/work/work/data-compress-git-out/work/build/node_1/partition_1/main.c:Create_Thread_testcompressuncompress_runonce" label: "/home/taste/work/work/data-compress-git-out/work/build/node_1/partition_1/main.c:315:5" }
edge: { sourcename: "Init" targetname: "/home/taste/work/work/data-compress-git-out/work/build/node_1/partition_1/main.c:Create_Thread_testcompressuncompress_samrh71rx" label: "/home/taste/work/work/data-compress-git-out/work/build/node_1/partition_1/main.c:316:5" }
edge: { sourcename: "Init" targetname: "/home/taste/work/work/data-compress-git-out/work/build/node_1/partition_1/main.c:Start_Thread_testcompressuncompress_runonce" label: "/home/taste/work/work/data-compress-git-out/work/build/node_1/partition_1/main.c:318:5" }
edge: { sourcename: "Init" targetname: "/home/taste/work/work/data-compress-git-out/work/build/node_1/partition_1/main.c:Start_Thread_testcompressuncompress_samrh71rx" label: "/home/taste/work/work/data-compress-git-out/work/build/node_1/partition_1/main.c:319:5" }
node: { title: "rtems_task_delete" label: "rtems_task_delete\n/opt/taste-rtems-qdp-arm/arm-rtems6/n7sbsp-samrh71f20/lib/include/rtems/rtems/tasks.h:1105:19" shape : ellipse }
edge: { sourcename: "Init" targetname: "rtems_task_delete" label: "/home/taste/work/work/data-compress-git-out/work/build/node_1/partition_1/main.c:321:12" }
node: { title: "abort" label: "abort\n/opt/taste-rtems-qdp-arm/arm-rtems6/include/stdlib.h:69:6\n8 bytes (static)" }
edge: { sourcename: "abort" targetname: "/home/taste/work/work/data-compress-git-out/work/build/node_1/partition_1/main.c:rtems_fatal" label: "/home/taste/work/work/data-compress-git-out/work/build/node_1/partition_1/main.c:329:5" }
node: { title: "__assert_func" label: "__assert_func\n/opt/taste-rtems-qdp-arm/arm-rtems6/include/assert.h:41:6\n24 bytes (static)" }
edge: { sourcename: "__assert_func" targetname: "/home/taste/work/work/data-compress-git-out/work/build/node_1/partition_1/main.c:rtems_fatal" label: "/home/taste/work/work/data-compress-git-out/work/build/node_1/partition_1/main.c:336:5" }
}
