/opt/taste-rtems-qdp-arm/arm-rtems6/n7sbsp-samrh71f20/lib/include/rtems/fatal.h:155:36:rtems_fatal	16	static
/home/taste/work/work/data-compress-git-out/work/build/node_1/partition_1/main.c:65:13:initialize_devices	32	static
/home/taste/work/work/data-compress-git-out/work/build/node_1/partition_1/main.c:87:13:initialize_interface_to_queue_map	16	static
/home/taste/work/work/data-compress-git-out/work/build/node_1/partition_1/main.c:105:12:generate_new_partition_task_name	4	static
/home/taste/work/work/data-compress-git-out/work/build/node_1/partition_1/main.c:111:12:generate_new_partition_queue_name	4	static
/home/taste/work/work/data-compress-git-out/work/build/node_1/partition_1/main.c:117:12:generate_new_partition_semaphore_name	4	static
/home/taste/work/work/data-compress-git-out/work/build/node_1/partition_1/main.c:123:12:generate_new_partition_timer_name	4	static
/home/taste/work/work/data-compress-git-out/work/build/node_1/partition_1/main.c:141:13:Create_Thread_testcompressuncompress_runonce	80	static
/home/taste/work/work/data-compress-git-out/work/build/node_1/partition_1/main.c:191:13:Start_Thread_testcompressuncompress_runonce	16	static
/home/taste/work/work/data-compress-git-out/work/build/node_1/partition_1/main.c:209:13:Create_Thread_testcompressuncompress_samrh71rx	80	static
/home/taste/work/work/data-compress-git-out/work/build/node_1/partition_1/main.c:259:13:Start_Thread_testcompressuncompress_samrh71rx	16	static
/home/taste/work/work/data-compress-git-out/work/build/node_1/partition_1/main.c:267:12:Init	40	static
/opt/taste-rtems-qdp-arm/arm-rtems6/include/stdlib.h:69:6:abort	8	static
/opt/taste-rtems-qdp-arm/arm-rtems6/include/assert.h:41:6:__assert_func	24	static
