graph: { title: "/home/taste/work/work/data-compress-git-out/work/build/node_1/partition_1/runtime/SAMX-RTEMS-Runtime/arm-bsp/src/Matrix/Matrix.c"
node: { title: "/home/taste/work/work/data-compress-git-out/work/build/node_1/partition_1/runtime/SAMX-RTEMS-Runtime/arm-bsp/src/Matrix/Matrix.c:shiftValueLeft" label: "shiftValueLeft\n/home/taste/work/work/data-compress-git-out/work/build/node_1/partition_1/runtime/SAMX-RTEMS-Runtime/arm-bsp/src/Utils/Bits.h:121:1\n32 bytes (static)" }
node: { title: "/home/taste/work/work/data-compress-git-out/work/build/node_1/partition_1/runtime/SAMX-RTEMS-Runtime/arm-bsp/src/Matrix/Matrix.c:shiftBitLeft" label: "shiftBitLeft\n/home/taste/work/work/data-compress-git-out/work/build/node_1/partition_1/runtime/SAMX-RTEMS-Runtime/arm-bsp/src/Utils/Bits.h:132:1\n24 bytes (static)" }
node: { title: "/home/taste/work/work/data-compress-git-out/work/build/node_1/partition_1/runtime/SAMX-RTEMS-Runtime/arm-bsp/src/Matrix/Matrix.c:changeBitAtOffset" label: "changeBitAtOffset\n/home/taste/work/work/data-compress-git-out/work/build/node_1/partition_1/runtime/SAMX-RTEMS-Runtime/arm-bsp/src/Utils/Bits.h:143:1\n32 bytes (static)" }
node: { title: "/home/taste/work/work/data-compress-git-out/work/build/node_1/partition_1/runtime/SAMX-RTEMS-Runtime/arm-bsp/src/Matrix/Matrix.c:setValueAtOffset" label: "setValueAtOffset\n/home/taste/work/work/data-compress-git-out/work/build/node_1/partition_1/runtime/SAMX-RTEMS-Runtime/arm-bsp/src/Utils/Bits.h:160:1\n32 bytes (static)" }
edge: { sourcename: "/home/taste/work/work/data-compress-git-out/work/build/node_1/partition_1/runtime/SAMX-RTEMS-Runtime/arm-bsp/src/Matrix/Matrix.c:setValueAtOffset" targetname: "/home/taste/work/work/data-compress-git-out/work/build/node_1/partition_1/runtime/SAMX-RTEMS-Runtime/arm-bsp/src/Matrix/Matrix.c:shiftValueLeft" label: "/home/taste/work/work/data-compress-git-out/work/build/node_1/partition_1/runtime/SAMX-RTEMS-Runtime/arm-bsp/src/Utils/Bits.h:165:12" }
node: { title: "Matrix_init" label: "Matrix_init\n/home/taste/work/work/data-compress-git-out/work/build/node_1/partition_1/runtime/SAMX-RTEMS-Runtime/arm-bsp/src/Matrix/Matrix.c:32:1\n16 bytes (static)" }
node: { title: "__assert_func" label: "__assert_func\n/opt/taste-rtems-qdp-arm/arm-rtems6/include/assert.h:41:6" shape : ellipse }
edge: { sourcename: "Matrix_init" targetname: "__assert_func" label: "/home/taste/work/work/data-compress-git-out/work/build/node_1/partition_1/runtime/SAMX-RTEMS-Runtime/arm-bsp/src/Matrix/Matrix.c:34:2" }
edge: { sourcename: "Matrix_init" targetname: "__assert_func" label: "/home/taste/work/work/data-compress-git-out/work/build/node_1/partition_1/runtime/SAMX-RTEMS-Runtime/arm-bsp/src/Matrix/Matrix.c:35:2" }
node: { title: "Matrix_setMasterConfig" label: "Matrix_setMasterConfig\n/home/taste/work/work/data-compress-git-out/work/build/node_1/partition_1/runtime/SAMX-RTEMS-Runtime/arm-bsp/src/Matrix/Matrix.c:41:1\n32 bytes (static)" }
edge: { sourcename: "Matrix_setMasterConfig" targetname: "__assert_func" label: "/home/taste/work/work/data-compress-git-out/work/build/node_1/partition_1/runtime/SAMX-RTEMS-Runtime/arm-bsp/src/Matrix/Matrix.c:44:2" }
edge: { sourcename: "Matrix_setMasterConfig" targetname: "__assert_func" label: "/home/taste/work/work/data-compress-git-out/work/build/node_1/partition_1/runtime/SAMX-RTEMS-Runtime/arm-bsp/src/Matrix/Matrix.c:45:2" }
edge: { sourcename: "Matrix_setMasterConfig" targetname: "__assert_func" label: "/home/taste/work/work/data-compress-git-out/work/build/node_1/partition_1/runtime/SAMX-RTEMS-Runtime/arm-bsp/src/Matrix/Matrix.c:46:2" }
edge: { sourcename: "Matrix_setMasterConfig" targetname: "/home/taste/work/work/data-compress-git-out/work/build/node_1/partition_1/runtime/SAMX-RTEMS-Runtime/arm-bsp/src/Matrix/Matrix.c:shiftValueLeft" label: "/home/taste/work/work/data-compress-git-out/work/build/node_1/partition_1/runtime/SAMX-RTEMS-Runtime/arm-bsp/src/Matrix/Matrix.c:49:4" }
edge: { sourcename: "Matrix_setMasterConfig" targetname: "/home/taste/work/work/data-compress-git-out/work/build/node_1/partition_1/runtime/SAMX-RTEMS-Runtime/arm-bsp/src/Matrix/Matrix.c:changeBitAtOffset" label: "/home/taste/work/work/data-compress-git-out/work/build/node_1/partition_1/runtime/SAMX-RTEMS-Runtime/arm-bsp/src/Matrix/Matrix.c:51:2" }
edge: { sourcename: "Matrix_setMasterConfig" targetname: "/home/taste/work/work/data-compress-git-out/work/build/node_1/partition_1/runtime/SAMX-RTEMS-Runtime/arm-bsp/src/Matrix/Matrix.c:shiftBitLeft" label: "/home/taste/work/work/data-compress-git-out/work/build/node_1/partition_1/runtime/SAMX-RTEMS-Runtime/arm-bsp/src/Matrix/Matrix.c:55:25" }
edge: { sourcename: "Matrix_setMasterConfig" targetname: "/home/taste/work/work/data-compress-git-out/work/build/node_1/partition_1/runtime/SAMX-RTEMS-Runtime/arm-bsp/src/Matrix/Matrix.c:shiftBitLeft" label: "/home/taste/work/work/data-compress-git-out/work/build/node_1/partition_1/runtime/SAMX-RTEMS-Runtime/arm-bsp/src/Matrix/Matrix.c:57:25" }
node: { title: "Matrix_setSlaveConfig" label: "Matrix_setSlaveConfig\n/home/taste/work/work/data-compress-git-out/work/build/node_1/partition_1/runtime/SAMX-RTEMS-Runtime/arm-bsp/src/Matrix/Matrix.c:61:1\n48 bytes (static)" }
edge: { sourcename: "Matrix_setSlaveConfig" targetname: "__assert_func" label: "/home/taste/work/work/data-compress-git-out/work/build/node_1/partition_1/runtime/SAMX-RTEMS-Runtime/arm-bsp/src/Matrix/Matrix.c:64:2" }
edge: { sourcename: "Matrix_setSlaveConfig" targetname: "__assert_func" label: "/home/taste/work/work/data-compress-git-out/work/build/node_1/partition_1/runtime/SAMX-RTEMS-Runtime/arm-bsp/src/Matrix/Matrix.c:65:2" }
edge: { sourcename: "Matrix_setSlaveConfig" targetname: "__assert_func" label: "/home/taste/work/work/data-compress-git-out/work/build/node_1/partition_1/runtime/SAMX-RTEMS-Runtime/arm-bsp/src/Matrix/Matrix.c:66:2" }
edge: { sourcename: "Matrix_setSlaveConfig" targetname: "/home/taste/work/work/data-compress-git-out/work/build/node_1/partition_1/runtime/SAMX-RTEMS-Runtime/arm-bsp/src/Matrix/Matrix.c:shiftValueLeft" label: "/home/taste/work/work/data-compress-git-out/work/build/node_1/partition_1/runtime/SAMX-RTEMS-Runtime/arm-bsp/src/Matrix/Matrix.c:69:4" }
edge: { sourcename: "Matrix_setSlaveConfig" targetname: "/home/taste/work/work/data-compress-git-out/work/build/node_1/partition_1/runtime/SAMX-RTEMS-Runtime/arm-bsp/src/Matrix/Matrix.c:shiftValueLeft" label: "/home/taste/work/work/data-compress-git-out/work/build/node_1/partition_1/runtime/SAMX-RTEMS-Runtime/arm-bsp/src/Matrix/Matrix.c:71:6" }
edge: { sourcename: "Matrix_setSlaveConfig" targetname: "/home/taste/work/work/data-compress-git-out/work/build/node_1/partition_1/runtime/SAMX-RTEMS-Runtime/arm-bsp/src/Matrix/Matrix.c:shiftValueLeft" label: "/home/taste/work/work/data-compress-git-out/work/build/node_1/partition_1/runtime/SAMX-RTEMS-Runtime/arm-bsp/src/Matrix/Matrix.c:73:6" }
edge: { sourcename: "Matrix_setSlaveConfig" targetname: "/home/taste/work/work/data-compress-git-out/work/build/node_1/partition_1/runtime/SAMX-RTEMS-Runtime/arm-bsp/src/Matrix/Matrix.c:shiftBitLeft" label: "/home/taste/work/work/data-compress-git-out/work/build/node_1/partition_1/runtime/SAMX-RTEMS-Runtime/arm-bsp/src/Matrix/Matrix.c:78:11" }
edge: { sourcename: "Matrix_setSlaveConfig" targetname: "/home/taste/work/work/data-compress-git-out/work/build/node_1/partition_1/runtime/SAMX-RTEMS-Runtime/arm-bsp/src/Matrix/Matrix.c:shiftValueLeft" label: "/home/taste/work/work/data-compress-git-out/work/build/node_1/partition_1/runtime/SAMX-RTEMS-Runtime/arm-bsp/src/Matrix/Matrix.c:83:11" }
edge: { sourcename: "Matrix_setSlaveConfig" targetname: "/home/taste/work/work/data-compress-git-out/work/build/node_1/partition_1/runtime/SAMX-RTEMS-Runtime/arm-bsp/src/Matrix/Matrix.c:shiftBitLeft" label: "/home/taste/work/work/data-compress-git-out/work/build/node_1/partition_1/runtime/SAMX-RTEMS-Runtime/arm-bsp/src/Matrix/Matrix.c:94:11" }
edge: { sourcename: "Matrix_setSlaveConfig" targetname: "/home/taste/work/work/data-compress-git-out/work/build/node_1/partition_1/runtime/SAMX-RTEMS-Runtime/arm-bsp/src/Matrix/Matrix.c:shiftValueLeft" label: "/home/taste/work/work/data-compress-git-out/work/build/node_1/partition_1/runtime/SAMX-RTEMS-Runtime/arm-bsp/src/Matrix/Matrix.c:100:11" }
node: { title: "Matrix_getMasterConfig" label: "Matrix_getMasterConfig\n/home/taste/work/work/data-compress-git-out/work/build/node_1/partition_1/runtime/SAMX-RTEMS-Runtime/arm-bsp/src/Matrix/Matrix.c:114:1\n32 bytes (static)" }
edge: { sourcename: "Matrix_getMasterConfig" targetname: "__assert_func" label: "/home/taste/work/work/data-compress-git-out/work/build/node_1/partition_1/runtime/SAMX-RTEMS-Runtime/arm-bsp/src/Matrix/Matrix.c:117:2" }
edge: { sourcename: "Matrix_getMasterConfig" targetname: "__assert_func" label: "/home/taste/work/work/data-compress-git-out/work/build/node_1/partition_1/runtime/SAMX-RTEMS-Runtime/arm-bsp/src/Matrix/Matrix.c:118:2" }
edge: { sourcename: "Matrix_getMasterConfig" targetname: "__assert_func" label: "/home/taste/work/work/data-compress-git-out/work/build/node_1/partition_1/runtime/SAMX-RTEMS-Runtime/arm-bsp/src/Matrix/Matrix.c:119:2" }
edge: { sourcename: "Matrix_getMasterConfig" targetname: "/home/taste/work/work/data-compress-git-out/work/build/node_1/partition_1/runtime/SAMX-RTEMS-Runtime/arm-bsp/src/Matrix/Matrix.c:shiftBitLeft" label: "/home/taste/work/work/data-compress-git-out/work/build/node_1/partition_1/runtime/SAMX-RTEMS-Runtime/arm-bsp/src/Matrix/Matrix.c:126:8" }
edge: { sourcename: "Matrix_getMasterConfig" targetname: "/home/taste/work/work/data-compress-git-out/work/build/node_1/partition_1/runtime/SAMX-RTEMS-Runtime/arm-bsp/src/Matrix/Matrix.c:shiftBitLeft" label: "/home/taste/work/work/data-compress-git-out/work/build/node_1/partition_1/runtime/SAMX-RTEMS-Runtime/arm-bsp/src/Matrix/Matrix.c:131:8" }
node: { title: "Matrix_getSlaveConfig" label: "Matrix_getSlaveConfig\n/home/taste/work/work/data-compress-git-out/work/build/node_1/partition_1/runtime/SAMX-RTEMS-Runtime/arm-bsp/src/Matrix/Matrix.c:136:1\n48 bytes (static)" }
edge: { sourcename: "Matrix_getSlaveConfig" targetname: "__assert_func" label: "/home/taste/work/work/data-compress-git-out/work/build/node_1/partition_1/runtime/SAMX-RTEMS-Runtime/arm-bsp/src/Matrix/Matrix.c:139:2" }
edge: { sourcename: "Matrix_getSlaveConfig" targetname: "__assert_func" label: "/home/taste/work/work/data-compress-git-out/work/build/node_1/partition_1/runtime/SAMX-RTEMS-Runtime/arm-bsp/src/Matrix/Matrix.c:140:2" }
edge: { sourcename: "Matrix_getSlaveConfig" targetname: "__assert_func" label: "/home/taste/work/work/data-compress-git-out/work/build/node_1/partition_1/runtime/SAMX-RTEMS-Runtime/arm-bsp/src/Matrix/Matrix.c:141:2" }
node: { title: "Matrix_getMastersStatuses" label: "Matrix_getMastersStatuses\n/home/taste/work/work/data-compress-git-out/work/build/node_1/partition_1/runtime/SAMX-RTEMS-Runtime/arm-bsp/src/Matrix/Matrix.c:190:1\n24 bytes (static)" }
edge: { sourcename: "Matrix_getMastersStatuses" targetname: "__assert_func" label: "/home/taste/work/work/data-compress-git-out/work/build/node_1/partition_1/runtime/SAMX-RTEMS-Runtime/arm-bsp/src/Matrix/Matrix.c:193:2" }
edge: { sourcename: "Matrix_getMastersStatuses" targetname: "__assert_func" label: "/home/taste/work/work/data-compress-git-out/work/build/node_1/partition_1/runtime/SAMX-RTEMS-Runtime/arm-bsp/src/Matrix/Matrix.c:194:2" }
edge: { sourcename: "Matrix_getMastersStatuses" targetname: "/home/taste/work/work/data-compress-git-out/work/build/node_1/partition_1/runtime/SAMX-RTEMS-Runtime/arm-bsp/src/Matrix/Matrix.c:shiftBitLeft" label: "/home/taste/work/work/data-compress-git-out/work/build/node_1/partition_1/runtime/SAMX-RTEMS-Runtime/arm-bsp/src/Matrix/Matrix.c:200:13" }
node: { title: "Matrix_setWriteProtectionEnabled" label: "Matrix_setWriteProtectionEnabled\n/home/taste/work/work/data-compress-git-out/work/build/node_1/partition_1/runtime/SAMX-RTEMS-Runtime/arm-bsp/src/Matrix/Matrix.c:206:1\n24 bytes (static)" }
edge: { sourcename: "Matrix_setWriteProtectionEnabled" targetname: "__assert_func" label: "/home/taste/work/work/data-compress-git-out/work/build/node_1/partition_1/runtime/SAMX-RTEMS-Runtime/arm-bsp/src/Matrix/Matrix.c:208:2" }
edge: { sourcename: "Matrix_setWriteProtectionEnabled" targetname: "/home/taste/work/work/data-compress-git-out/work/build/node_1/partition_1/runtime/SAMX-RTEMS-Runtime/arm-bsp/src/Matrix/Matrix.c:shiftBitLeft" label: "/home/taste/work/work/data-compress-git-out/work/build/node_1/partition_1/runtime/SAMX-RTEMS-Runtime/arm-bsp/src/Matrix/Matrix.c:210:23" }
edge: { sourcename: "Matrix_setWriteProtectionEnabled" targetname: "/home/taste/work/work/data-compress-git-out/work/build/node_1/partition_1/runtime/SAMX-RTEMS-Runtime/arm-bsp/src/Matrix/Matrix.c:shiftValueLeft" label: "/home/taste/work/work/data-compress-git-out/work/build/node_1/partition_1/runtime/SAMX-RTEMS-Runtime/arm-bsp/src/Matrix/Matrix.c:211:6" }
node: { title: "Matrix_isWriteProtectionEnabled" label: "Matrix_isWriteProtectionEnabled\n/home/taste/work/work/data-compress-git-out/work/build/node_1/partition_1/runtime/SAMX-RTEMS-Runtime/arm-bsp/src/Matrix/Matrix.c:216:1\n16 bytes (static)" }
edge: { sourcename: "Matrix_isWriteProtectionEnabled" targetname: "__assert_func" label: "/home/taste/work/work/data-compress-git-out/work/build/node_1/partition_1/runtime/SAMX-RTEMS-Runtime/arm-bsp/src/Matrix/Matrix.c:218:2" }
node: { title: "Matrix_isWriteProtectionViolated" label: "Matrix_isWriteProtectionViolated\n/home/taste/work/work/data-compress-git-out/work/build/node_1/partition_1/runtime/SAMX-RTEMS-Runtime/arm-bsp/src/Matrix/Matrix.c:224:1\n24 bytes (static)" }
edge: { sourcename: "Matrix_isWriteProtectionViolated" targetname: "__assert_func" label: "/home/taste/work/work/data-compress-git-out/work/build/node_1/partition_1/runtime/SAMX-RTEMS-Runtime/arm-bsp/src/Matrix/Matrix.c:227:2" }
node: { title: "Matrix_setSlaveRegionProtectionConfig" label: "Matrix_setSlaveRegionProtectionConfig\n/home/taste/work/work/data-compress-git-out/work/build/node_1/partition_1/runtime/SAMX-RTEMS-Runtime/arm-bsp/src/Matrix/Matrix.c:239:1\n32 bytes (static)" }
edge: { sourcename: "Matrix_setSlaveRegionProtectionConfig" targetname: "__assert_func" label: "/home/taste/work/work/data-compress-git-out/work/build/node_1/partition_1/runtime/SAMX-RTEMS-Runtime/arm-bsp/src/Matrix/Matrix.c:244:2" }
edge: { sourcename: "Matrix_setSlaveRegionProtectionConfig" targetname: "__assert_func" label: "/home/taste/work/work/data-compress-git-out/work/build/node_1/partition_1/runtime/SAMX-RTEMS-Runtime/arm-bsp/src/Matrix/Matrix.c:245:2" }
edge: { sourcename: "Matrix_setSlaveRegionProtectionConfig" targetname: "__assert_func" label: "/home/taste/work/work/data-compress-git-out/work/build/node_1/partition_1/runtime/SAMX-RTEMS-Runtime/arm-bsp/src/Matrix/Matrix.c:246:2" }
edge: { sourcename: "Matrix_setSlaveRegionProtectionConfig" targetname: "__assert_func" label: "/home/taste/work/work/data-compress-git-out/work/build/node_1/partition_1/runtime/SAMX-RTEMS-Runtime/arm-bsp/src/Matrix/Matrix.c:247:2" }
edge: { sourcename: "Matrix_setSlaveRegionProtectionConfig" targetname: "/home/taste/work/work/data-compress-git-out/work/build/node_1/partition_1/runtime/SAMX-RTEMS-Runtime/arm-bsp/src/Matrix/Matrix.c:changeBitAtOffset" label: "/home/taste/work/work/data-compress-git-out/work/build/node_1/partition_1/runtime/SAMX-RTEMS-Runtime/arm-bsp/src/Matrix/Matrix.c:249:2" }
edge: { sourcename: "Matrix_setSlaveRegionProtectionConfig" targetname: "/home/taste/work/work/data-compress-git-out/work/build/node_1/partition_1/runtime/SAMX-RTEMS-Runtime/arm-bsp/src/Matrix/Matrix.c:changeBitAtOffset" label: "/home/taste/work/work/data-compress-git-out/work/build/node_1/partition_1/runtime/SAMX-RTEMS-Runtime/arm-bsp/src/Matrix/Matrix.c:254:2" }
edge: { sourcename: "Matrix_setSlaveRegionProtectionConfig" targetname: "/home/taste/work/work/data-compress-git-out/work/build/node_1/partition_1/runtime/SAMX-RTEMS-Runtime/arm-bsp/src/Matrix/Matrix.c:setValueAtOffset" label: "/home/taste/work/work/data-compress-git-out/work/build/node_1/partition_1/runtime/SAMX-RTEMS-Runtime/arm-bsp/src/Matrix/Matrix.c:259:2" }
edge: { sourcename: "Matrix_setSlaveRegionProtectionConfig" targetname: "/home/taste/work/work/data-compress-git-out/work/build/node_1/partition_1/runtime/SAMX-RTEMS-Runtime/arm-bsp/src/Matrix/Matrix.c:setValueAtOffset" label: "/home/taste/work/work/data-compress-git-out/work/build/node_1/partition_1/runtime/SAMX-RTEMS-Runtime/arm-bsp/src/Matrix/Matrix.c:265:2" }
edge: { sourcename: "Matrix_setSlaveRegionProtectionConfig" targetname: "/home/taste/work/work/data-compress-git-out/work/build/node_1/partition_1/runtime/SAMX-RTEMS-Runtime/arm-bsp/src/Matrix/Matrix.c:setValueAtOffset" label: "/home/taste/work/work/data-compress-git-out/work/build/node_1/partition_1/runtime/SAMX-RTEMS-Runtime/arm-bsp/src/Matrix/Matrix.c:270:2" }
edge: { sourcename: "Matrix_setSlaveRegionProtectionConfig" targetname: "/home/taste/work/work/data-compress-git-out/work/build/node_1/partition_1/runtime/SAMX-RTEMS-Runtime/arm-bsp/src/Matrix/Matrix.c:setValueAtOffset" label: "/home/taste/work/work/data-compress-git-out/work/build/node_1/partition_1/runtime/SAMX-RTEMS-Runtime/arm-bsp/src/Matrix/Matrix.c:276:2" }
node: { title: "Matrix_getSlaveRegionProtectionConfig" label: "Matrix_getSlaveRegionProtectionConfig\n/home/taste/work/work/data-compress-git-out/work/build/node_1/partition_1/runtime/SAMX-RTEMS-Runtime/arm-bsp/src/Matrix/Matrix.c:285:1\n40 bytes (static)" }
edge: { sourcename: "Matrix_getSlaveRegionProtectionConfig" targetname: "__assert_func" label: "/home/taste/work/work/data-compress-git-out/work/build/node_1/partition_1/runtime/SAMX-RTEMS-Runtime/arm-bsp/src/Matrix/Matrix.c:290:2" }
edge: { sourcename: "Matrix_getSlaveRegionProtectionConfig" targetname: "__assert_func" label: "/home/taste/work/work/data-compress-git-out/work/build/node_1/partition_1/runtime/SAMX-RTEMS-Runtime/arm-bsp/src/Matrix/Matrix.c:291:2" }
edge: { sourcename: "Matrix_getSlaveRegionProtectionConfig" targetname: "__assert_func" label: "/home/taste/work/work/data-compress-git-out/work/build/node_1/partition_1/runtime/SAMX-RTEMS-Runtime/arm-bsp/src/Matrix/Matrix.c:292:2" }
edge: { sourcename: "Matrix_getSlaveRegionProtectionConfig" targetname: "__assert_func" label: "/home/taste/work/work/data-compress-git-out/work/build/node_1/partition_1/runtime/SAMX-RTEMS-Runtime/arm-bsp/src/Matrix/Matrix.c:293:2" }
node: { title: "Matrix_setPeripheralProtectionConfig" label: "Matrix_setPeripheralProtectionConfig\n/home/taste/work/work/data-compress-git-out/work/build/node_1/partition_1/runtime/SAMX-RTEMS-Runtime/arm-bsp/src/Matrix/Matrix.c:331:1\n48 bytes (static)" }
edge: { sourcename: "Matrix_setPeripheralProtectionConfig" targetname: "__assert_func" label: "/home/taste/work/work/data-compress-git-out/work/build/node_1/partition_1/runtime/SAMX-RTEMS-Runtime/arm-bsp/src/Matrix/Matrix.c:335:2" }
edge: { sourcename: "Matrix_setPeripheralProtectionConfig" targetname: "__assert_func" label: "/home/taste/work/work/data-compress-git-out/work/build/node_1/partition_1/runtime/SAMX-RTEMS-Runtime/arm-bsp/src/Matrix/Matrix.c:336:2" }
edge: { sourcename: "Matrix_setPeripheralProtectionConfig" targetname: "/home/taste/work/work/data-compress-git-out/work/build/node_1/partition_1/runtime/SAMX-RTEMS-Runtime/arm-bsp/src/Matrix/Matrix.c:shiftBitLeft" label: "/home/taste/work/work/data-compress-git-out/work/build/node_1/partition_1/runtime/SAMX-RTEMS-Runtime/arm-bsp/src/Matrix/Matrix.c:341:2" }
edge: { sourcename: "Matrix_setPeripheralProtectionConfig" targetname: "/home/taste/work/work/data-compress-git-out/work/build/node_1/partition_1/runtime/SAMX-RTEMS-Runtime/arm-bsp/src/Matrix/Matrix.c:setValueAtOffset" label: "/home/taste/work/work/data-compress-git-out/work/build/node_1/partition_1/runtime/SAMX-RTEMS-Runtime/arm-bsp/src/Matrix/Matrix.c:341:2" }
node: { title: "Matrix_getPeripheralProtectionConfig" label: "Matrix_getPeripheralProtectionConfig\n/home/taste/work/work/data-compress-git-out/work/build/node_1/partition_1/runtime/SAMX-RTEMS-Runtime/arm-bsp/src/Matrix/Matrix.c:347:1\n40 bytes (static)" }
edge: { sourcename: "Matrix_getPeripheralProtectionConfig" targetname: "__assert_func" label: "/home/taste/work/work/data-compress-git-out/work/build/node_1/partition_1/runtime/SAMX-RTEMS-Runtime/arm-bsp/src/Matrix/Matrix.c:351:2" }
edge: { sourcename: "Matrix_getPeripheralProtectionConfig" targetname: "__assert_func" label: "/home/taste/work/work/data-compress-git-out/work/build/node_1/partition_1/runtime/SAMX-RTEMS-Runtime/arm-bsp/src/Matrix/Matrix.c:352:2" }
edge: { sourcename: "Matrix_getPeripheralProtectionConfig" targetname: "/home/taste/work/work/data-compress-git-out/work/build/node_1/partition_1/runtime/SAMX-RTEMS-Runtime/arm-bsp/src/Matrix/Matrix.c:shiftBitLeft" label: "/home/taste/work/work/data-compress-git-out/work/build/node_1/partition_1/runtime/SAMX-RTEMS-Runtime/arm-bsp/src/Matrix/Matrix.c:359:14" }
}
