graph: { title: "/home/taste/work/work/data-compress-git-out/work/build/node_1/partition_1/runtime/SAMX-RTEMS-Runtime/arm-bsp/src/Mpu/Mpu.c"
node: { title: "/home/taste/work/work/data-compress-git-out/work/build/node_1/partition_1/runtime/SAMX-RTEMS-Runtime/arm-bsp/src/Mpu/Mpu.c:shiftValueLeft" label: "shiftValueLeft\n/home/taste/work/work/data-compress-git-out/work/build/node_1/partition_1/runtime/SAMX-RTEMS-Runtime/arm-bsp/src/Utils/Bits.h:121:1\n32 bytes (static)" }
node: { title: "/home/taste/work/work/data-compress-git-out/work/build/node_1/partition_1/runtime/SAMX-RTEMS-Runtime/arm-bsp/src/Mpu/Mpu.c:changeBitAtOffset" label: "changeBitAtOffset\n/home/taste/work/work/data-compress-git-out/work/build/node_1/partition_1/runtime/SAMX-RTEMS-Runtime/arm-bsp/src/Utils/Bits.h:143:1\n32 bytes (static)" }
node: { title: "Mpu_init" label: "Mpu_init\n/home/taste/work/work/data-compress-git-out/work/build/node_1/partition_1/runtime/SAMX-RTEMS-Runtime/arm-bsp/src/Mpu/Mpu.c:35:1\n16 bytes (static)" }
node: { title: "Mpu_setConfig" label: "Mpu_setConfig\n/home/taste/work/work/data-compress-git-out/work/build/node_1/partition_1/runtime/SAMX-RTEMS-Runtime/arm-bsp/src/Mpu/Mpu.c:42:1\n24 bytes (static)" }
node: { title: "Mpu_getConfig" label: "Mpu_getConfig\n/home/taste/work/work/data-compress-git-out/work/build/node_1/partition_1/runtime/SAMX-RTEMS-Runtime/arm-bsp/src/Mpu/Mpu.c:60:1\n24 bytes (static)" }
node: { title: "/home/taste/work/work/data-compress-git-out/work/build/node_1/partition_1/runtime/SAMX-RTEMS-Runtime/arm-bsp/src/Mpu/Mpu.c:generateAccessPermissionsAttrs" label: "generateAccessPermissionsAttrs\n/home/taste/work/work/data-compress-git-out/work/build/node_1/partition_1/runtime/SAMX-RTEMS-Runtime/arm-bsp/src/Mpu/Mpu.c:76:1\n16 bytes (static)" }
node: { title: "__assert_func" label: "__assert_func\n/opt/taste-rtems-qdp-arm/arm-rtems6/include/assert.h:41:6" shape : ellipse }
edge: { sourcename: "/home/taste/work/work/data-compress-git-out/work/build/node_1/partition_1/runtime/SAMX-RTEMS-Runtime/arm-bsp/src/Mpu/Mpu.c:generateAccessPermissionsAttrs" targetname: "__assert_func" label: "/home/taste/work/work/data-compress-git-out/work/build/node_1/partition_1/runtime/SAMX-RTEMS-Runtime/arm-bsp/src/Mpu/Mpu.c:84:3" }
edge: { sourcename: "/home/taste/work/work/data-compress-git-out/work/build/node_1/partition_1/runtime/SAMX-RTEMS-Runtime/arm-bsp/src/Mpu/Mpu.c:generateAccessPermissionsAttrs" targetname: "__assert_func" label: "/home/taste/work/work/data-compress-git-out/work/build/node_1/partition_1/runtime/SAMX-RTEMS-Runtime/arm-bsp/src/Mpu/Mpu.c:90:3" }
edge: { sourcename: "/home/taste/work/work/data-compress-git-out/work/build/node_1/partition_1/runtime/SAMX-RTEMS-Runtime/arm-bsp/src/Mpu/Mpu.c:generateAccessPermissionsAttrs" targetname: "__assert_func" label: "/home/taste/work/work/data-compress-git-out/work/build/node_1/partition_1/runtime/SAMX-RTEMS-Runtime/arm-bsp/src/Mpu/Mpu.c:93:2" }
edge: { sourcename: "/home/taste/work/work/data-compress-git-out/work/build/node_1/partition_1/runtime/SAMX-RTEMS-Runtime/arm-bsp/src/Mpu/Mpu.c:generateAccessPermissionsAttrs" targetname: "__assert_func" label: "/home/taste/work/work/data-compress-git-out/work/build/node_1/partition_1/runtime/SAMX-RTEMS-Runtime/arm-bsp/src/Mpu/Mpu.c:94:2" }
node: { title: "/home/taste/work/work/data-compress-git-out/work/build/node_1/partition_1/runtime/SAMX-RTEMS-Runtime/arm-bsp/src/Mpu/Mpu.c:generateStronglyOrderedMemoryAttrs" label: "generateStronglyOrderedMemoryAttrs\n/home/taste/work/work/data-compress-git-out/work/build/node_1/partition_1/runtime/SAMX-RTEMS-Runtime/arm-bsp/src/Mpu/Mpu.c:101:1\n4 bytes (static)" }
node: { title: "/home/taste/work/work/data-compress-git-out/work/build/node_1/partition_1/runtime/SAMX-RTEMS-Runtime/arm-bsp/src/Mpu/Mpu.c:generateDeviceMemoryAttrs" label: "generateDeviceMemoryAttrs\n/home/taste/work/work/data-compress-git-out/work/build/node_1/partition_1/runtime/SAMX-RTEMS-Runtime/arm-bsp/src/Mpu/Mpu.c:109:1\n16 bytes (static)" }
node: { title: "/home/taste/work/work/data-compress-git-out/work/build/node_1/partition_1/runtime/SAMX-RTEMS-Runtime/arm-bsp/src/Mpu/Mpu.c:generateNormalMemoryAttrs" label: "generateNormalMemoryAttrs\n/home/taste/work/work/data-compress-git-out/work/build/node_1/partition_1/runtime/SAMX-RTEMS-Runtime/arm-bsp/src/Mpu/Mpu.c:119:1\n32 bytes (static)" }
node: { title: "Mpu_generateAttributes" label: "Mpu_generateAttributes\n/home/taste/work/work/data-compress-git-out/work/build/node_1/partition_1/runtime/SAMX-RTEMS-Runtime/arm-bsp/src/Mpu/Mpu.c:154:1\n32 bytes (static)" }
edge: { sourcename: "Mpu_generateAttributes" targetname: "/home/taste/work/work/data-compress-git-out/work/build/node_1/partition_1/runtime/SAMX-RTEMS-Runtime/arm-bsp/src/Mpu/Mpu.c:generateStronglyOrderedMemoryAttrs" label: "/home/taste/work/work/data-compress-git-out/work/build/node_1/partition_1/runtime/SAMX-RTEMS-Runtime/arm-bsp/src/Mpu/Mpu.c:163:12" }
edge: { sourcename: "Mpu_generateAttributes" targetname: "/home/taste/work/work/data-compress-git-out/work/build/node_1/partition_1/runtime/SAMX-RTEMS-Runtime/arm-bsp/src/Mpu/Mpu.c:generateDeviceMemoryAttrs" label: "/home/taste/work/work/data-compress-git-out/work/build/node_1/partition_1/runtime/SAMX-RTEMS-Runtime/arm-bsp/src/Mpu/Mpu.c:166:12" }
edge: { sourcename: "Mpu_generateAttributes" targetname: "/home/taste/work/work/data-compress-git-out/work/build/node_1/partition_1/runtime/SAMX-RTEMS-Runtime/arm-bsp/src/Mpu/Mpu.c:generateNormalMemoryAttrs" label: "/home/taste/work/work/data-compress-git-out/work/build/node_1/partition_1/runtime/SAMX-RTEMS-Runtime/arm-bsp/src/Mpu/Mpu.c:169:12" }
edge: { sourcename: "Mpu_generateAttributes" targetname: "__assert_func" label: "/home/taste/work/work/data-compress-git-out/work/build/node_1/partition_1/runtime/SAMX-RTEMS-Runtime/arm-bsp/src/Mpu/Mpu.c:172:11" }
edge: { sourcename: "Mpu_generateAttributes" targetname: "/home/taste/work/work/data-compress-git-out/work/build/node_1/partition_1/runtime/SAMX-RTEMS-Runtime/arm-bsp/src/Mpu/Mpu.c:generateAccessPermissionsAttrs" label: "/home/taste/work/work/data-compress-git-out/work/build/node_1/partition_1/runtime/SAMX-RTEMS-Runtime/arm-bsp/src/Mpu/Mpu.c:175:11" }
node: { title: "Mpu_setRegionConfig" label: "Mpu_setRegionConfig\n/home/taste/work/work/data-compress-git-out/work/build/node_1/partition_1/runtime/SAMX-RTEMS-Runtime/arm-bsp/src/Mpu/Mpu.c:182:1\n48 bytes (static)" }
edge: { sourcename: "Mpu_setRegionConfig" targetname: "__assert_func" label: "/home/taste/work/work/data-compress-git-out/work/build/node_1/partition_1/runtime/SAMX-RTEMS-Runtime/arm-bsp/src/Mpu/Mpu.c:185:2" }
edge: { sourcename: "Mpu_setRegionConfig" targetname: "/home/taste/work/work/data-compress-git-out/work/build/node_1/partition_1/runtime/SAMX-RTEMS-Runtime/arm-bsp/src/Mpu/Mpu.c:shiftValueLeft" label: "/home/taste/work/work/data-compress-git-out/work/build/node_1/partition_1/runtime/SAMX-RTEMS-Runtime/arm-bsp/src/Mpu/Mpu.c:194:11" }
edge: { sourcename: "Mpu_setRegionConfig" targetname: "/home/taste/work/work/data-compress-git-out/work/build/node_1/partition_1/runtime/SAMX-RTEMS-Runtime/arm-bsp/src/Mpu/Mpu.c:shiftValueLeft" label: "/home/taste/work/work/data-compress-git-out/work/build/node_1/partition_1/runtime/SAMX-RTEMS-Runtime/arm-bsp/src/Mpu/Mpu.c:195:11" }
edge: { sourcename: "Mpu_setRegionConfig" targetname: "Mpu_generateAttributes" label: "/home/taste/work/work/data-compress-git-out/work/build/node_1/partition_1/runtime/SAMX-RTEMS-Runtime/arm-bsp/src/Mpu/Mpu.c:200:11" }
edge: { sourcename: "Mpu_setRegionConfig" targetname: "/home/taste/work/work/data-compress-git-out/work/build/node_1/partition_1/runtime/SAMX-RTEMS-Runtime/arm-bsp/src/Mpu/Mpu.c:shiftValueLeft" label: "/home/taste/work/work/data-compress-git-out/work/build/node_1/partition_1/runtime/SAMX-RTEMS-Runtime/arm-bsp/src/Mpu/Mpu.c:210:18" }
edge: { sourcename: "Mpu_setRegionConfig" targetname: "/home/taste/work/work/data-compress-git-out/work/build/node_1/partition_1/runtime/SAMX-RTEMS-Runtime/arm-bsp/src/Mpu/Mpu.c:changeBitAtOffset" label: "/home/taste/work/work/data-compress-git-out/work/build/node_1/partition_1/runtime/SAMX-RTEMS-Runtime/arm-bsp/src/Mpu/Mpu.c:213:2" }
}
