Archive member included to satisfy reference by file (symbol)

libpartition_1.a(Broker.o)    main.o (Broker_initialize)
libpartition_1.a(BrokerLock.o)
                              libpartition_1.a(Broker.o) (Broker_acquire_lock)
libpartition_1.a(CCSDSPacketizer.o)
                              libpartition_1.a(Broker.o) (CCSDS_Packetizer_init)
libpartition_1.a(DeviceProvidedPacketizer.o)
                              libpartition_1.a(Broker.o) (DeviceProvidedPacketizer_init)
libpartition_1.a(DriverHelper.o)
                              main.o (get_device_configuration)
libpartition_1.a(FaultHandler.o)
                              main.o (FaultHandler_Init)
libpartition_1.a(Hal.o)       main.o (Hal_Init)
libpartition_1.a(IsoChecksum.o)
                              libpartition_1.a(CCSDSPacketizer.o) (IsoChecksum_calculate)
libpartition_1.a(Monitor.o)   main.o (Monitor_Init)
libpartition_1.a(Nvic.o)      libpartition_1.a(FaultHandler.o) (Nvic_relocateVectorTable)
libpartition_1.a(Packetizer.o)
                              libpartition_1.a(Broker.o) (Packetizer_init)
libpartition_1.a(PassthroughPacketizer.o)
                              libpartition_1.a(Broker.o) (PassthroughPacketizer_init)
libpartition_1.a(Rstc.o)      libpartition_1.a(FaultHandler.o) (Rstc_resetSystem)
libpartition_1.a(SamRH71Core.o)
                              libpartition_1.a(Hal.o) (SamRH71Core_Init)
libpartition_1.a(Systick.o)   libpartition_1.a(SamRH71Core.o) (Systick_getDeviceRegisterStartAddress)
libpartition_1.a(ThinPacketizer.o)
                              libpartition_1.a(Broker.o) (ThinPacketizer_init)
libpartition_1.a(Tic.o)       libpartition_1.a(Hal.o) (Tic_init)
libpartition_1.a(Wdt.o)       libpartition_1.a(Hal.o) (Wdt_init)
libpartition_1.a(datacompressor_vm_if.o)
                              main.o (init_datacompressor)
libpartition_1.a(datauncompressor_vm_if.o)
                              main.o (init_datauncompressor)
libpartition_1.a(device_provided_packetizer.o)
                              libpartition_1.a(Broker.o) (getDeviceProvidedPacketizerHeaderSize)
libpartition_1.a(interfaces_info.o)
                              main.o (threads_info)
libpartition_1.a(routing.o)   libpartition_1.a(datacompressor_vm_if.o) (datacompressor_clearbuffer_get_sender)
libpartition_1.a(samrh71_rtems_serial.o)
                              main.o (Samrh71RtemsSerialInit)
libpartition_1.a(system_spec.o)
                              libpartition_1.a(Broker.o) (port_to_bus_map)
libpartition_1.a(testcompressuncompress_vm_if.o)
                              main.o (init_testcompressuncompress)
libpartition_1.a(thread_testcompressuncompress_runonce.o)
                              main.o (testcompressuncompress_runonce_job)
libpartition_1.a(thread_testcompressuncompress_samrh71rx.o)
                              main.o (testcompressuncompress_samrh71rx_job)
libpartition_1.a(transport.o)
                              main.o (initialize_transport)
libpartition_1.a(transport_bus_map_initializer.o)
                              main.o (initialize_transport_bus_maps)
libpartition_1.a(BootHelper.o)
                              libpartition_1.a(Hal.o) (BootHelper_GetResetReason)
libpartition_1.a(ByteFifo.o)  libpartition_1.a(samrh71_rtems_serial.o) (ByteFifo_init)
libpartition_1.a(C_ASN1_Types.o)
                              libpartition_1.a(testcompressuncompress_vm_if.o) (Decode_ACN_T_UInt8)
libpartition_1.a(ConcurrentAccessFlag.o)
                              libpartition_1.a(Hal.o) (ConcurrentAccessFlag_reset)
libpartition_1.a(Crc16.o)     libpartition_1.a(Packetizer.o) (calculateCrc16)
libpartition_1.a(CustomExceptionVector.o)
                              libpartition_1.a(FaultHandler.o) (exception_table)
libpartition_1.a(DeathReportWriter.o)
                              libpartition_1.a(FaultHandler.o) (DeathReportWriter_GenerateDeathReport)
libpartition_1.a(Escaper.o)   libpartition_1.a(samrh71_rtems_serial.o) (Escaper_init)
libpartition_1.a(Matrix.o)    libpartition_1.a(SamRH71Core.o) (Matrix_init)
libpartition_1.a(Mpu.o)       libpartition_1.a(SamRH71Core.o) (Mpu_init)
libpartition_1.a(Pio.o)       libpartition_1.a(samrh71_rtems_serial.o) (Pio_init)
libpartition_1.a(Pmc.o)       libpartition_1.a(SamRH71Core.o) (Pmc_init)
libpartition_1.a(RoutingHelper.o)
                              libpartition_1.a(transport_bus_map_initializer.o) (find_unique_destination)
libpartition_1.a(ThreadsCommon.o)
                              libpartition_1.a(thread_testcompressuncompress_runonce.o) (ThreadsCommon_CreateCyclicRequest)
libpartition_1.a(Uart.o)      libpartition_1.a(samrh71_rtems_serial.o) (Uart_init)
libpartition_1.a(asn1crt_encoding.o)
                              libpartition_1.a(C_ASN1_Types.o) (BitStream_Init)
libpartition_1.a(datacompressor.o)
                              libpartition_1.a(datacompressor_vm_if.o) (datacompressor_startup)
libpartition_1.a(datauncompressor.o)
[...]
Memory Configuration

Name             Origin             Length             Attributes
ITCM             0x0000000000000000 0x0000000000020000
DTCM             0x0000000020000000 0x0000000000040000
INTFLASH         0x0000000010000000 0x0000000000020000
INTSRAM          0x0000000021000000 0x00000000000b0000
LOG              0x00000000210b5000 0x0000000000001000
NOCACHE          0x00000000210c0000 0x0000000000000000
SDRAM            0x0000000070000000 0x0000000004000000
SDRAM_NOCACHE    0x0000000074000000 0x0000000000000000
UNEXPECTED_SECTIONS 0x00000000ffffffff 0x0000000000000000
*default*        0x0000000000000000 0xffffffffffffffff

Linker script and memory map

LOAD /opt/taste-rtems-qdp-arm/arm-rtems6/n7sbsp-samrh71f20/lib/start.o
LOAD /opt/taste-rtems-qdp-arm/bin/../lib/gcc/arm-rtems6/12.3.1/thumb/cortex-m7/hard/crti.o
LOAD /opt/taste-rtems-qdp-arm/bin/../lib/gcc/arm-rtems6/12.3.1/thumb/cortex-m7/hard/crtbegin.o
LOAD main.o
LOAD libpartition_1.a
                0x0000000000000080                bsp_section_rwbarrier_align = 0x80
                0x00000000210bfc00                DEATH_REPORT_BEGIN = 0x210bfc00
                0x0000000000001000                bsp_stack_main_size = DEFINED (bsp_stack_main_size)?bsp_stack_main_size:0x1000
                0x0000000000001000                bsp_stack_main_size = ALIGN (bsp_stack_main_size, bsp_stack_align)
                [0x00000000000001ac]                bsp_vector_table_size = DEFINED (bsp_vector_table_size)?bsp_vector_table_size:0x40
                0x0000000000000001                bsp_section_xbarrier_align = DEFINED (bsp_section_xbarrier_align)?bsp_section_xbarrier_align:0x1
                0x0000000000000001                bsp_section_robarrier_align = DEFINED (bsp_section_robarrier_align)?bsp_section_robarrier_align:0x1
                0x0000000000000080                bsp_section_rwbarrier_align = DEFINED (bsp_section_rwbarrier_align)?bsp_section_rwbarrier_align:0x1
                0x0000000000000008                bsp_stack_align = DEFINED (bsp_stack_align)?bsp_stack_align:0x8
                0x0000000000000000                bsp_stack_abt_size = DEFINED (bsp_stack_abt_size)?bsp_stack_abt_size:0x0
                0x0000000000000000                bsp_stack_abt_size = ALIGN (bsp_stack_abt_size, bsp_stack_align)
                0x0000000000000000                bsp_stack_fiq_size = DEFINED (bsp_stack_fiq_size)?bsp_stack_fiq_size:0x0
                0x0000000000000000                bsp_stack_fiq_size = ALIGN (bsp_stack_fiq_size, bsp_stack_align)
                0x0000000000000000                bsp_stack_und_size = DEFINED (bsp_stack_und_size)?bsp_stack_und_size:0x0
                0x0000000000000000                bsp_stack_und_size = ALIGN (bsp_stack_und_size, bsp_stack_align)
                0x0000000000000000                bsp_stack_hyp_size = DEFINED (bsp_stack_hyp_size)?bsp_stack_hyp_size:0x0
                0x0000000000000000                bsp_stack_hyp_size = ALIGN (bsp_stack_hyp_size, bsp_stack_align)

.start          0x0000000021000000      0x488
                0x0000000021000000                bsp_section_start_begin = .
 *(.vector)
 .vector        0x0000000021000000      0x1ac libpartition_1.a(CustomExceptionVector.o)
                0x0000000021000000                exception_table
 *(.bsp_start_text)
 .bsp_start_text
                0x00000000210001ac      0x1e8 /opt/taste-rtems-qdp-arm/arm-rtems6/n7sbsp-samrh71f20/lib/start.o
                0x00000000210001ac                bsp_start_vector_table_begin
                0x0000000021000358                _start
                0x0000000021000358                bsp_start_vector_table_end
                0x000000002100037c                bsp_start_hook_0_done
 .bsp_start_text
                0x0000000021000394       0xd8 /opt/taste-rtems-qdp-arm/arm-rtems6/n7sbsp-samrh71f20/lib/librtemsbsp.a(bspstarthooks.c.7.o)
                0x0000000021000394                bsp_start_hook_0
                0x0000000021000398                bsp_start_hook_1
 .bsp_start_text
                0x000000002100046c       0x1c /opt/taste-rtems-qdp-arm/arm-rtems6/n7sbsp-samrh71f20/lib/librtemsbsp.a(bspreset-armv7m.c.7.o)
                0x000000002100046c                bsp_reset
 *(.bsp_start_data)
                0x0000000021000488                bsp_section_start_end = .
                0x0000000000000488                bsp_section_start_size = (bsp_section_start_end - bsp_section_start_begin)

.xbarrier       0x0000000021000488        0x0
                0x0000000021000488                . = ALIGN (bsp_section_xbarrier_align)

.text           0x00000000210004c0    0x1c31c
                0x00000000210004c0                bsp_section_text_begin = .
 *(.text.unlikely .text.*_unlikely)
 *(.text .stub .text.* .gnu.linkonce.t.*)
 .text          0x00000000210004c0       0x8c /opt/taste-rtems-qdp-arm/bin/../lib/gcc/arm-rtems6/12.3.1/thumb/cortex-m7/hard/crtbegin.o
 .text.rtems_fatal
                0x000000002100054c       0x12 main.o
 *fill*         0x000000002100055e        0x2 
 .text.initialize_devices
                0x0000000021000560       0x88 main.o
 .text.initialize_interface_to_queue_map
                0x00000000210005e8       0x34 main.o
 .text.generate_new_partition_task_name
                0x000000002100061c       0x1c main.o
                0x000000002100061c                generate_new_partition_task_name
 .text.generate_new_partition_queue_name
                0x0000000021000638       0x1c main.o
                0x0000000021000638                generate_new_partition_queue_name
 .text.generate_new_partition_semaphore_name
                0x0000000021000654       0x1c main.o
                0x0000000021000654                generate_new_partition_semaphore_name
 .text.generate_new_partition_timer_name
                0x0000000021000670       0x1c main.o
                0x0000000021000670                generate_new_partition_timer_name
 .text.Create_Thread_testcompressuncompress_runonce
                0x000000002100068c      0x12c main.o
 .text.Start_Thread_testcompressuncompress_runonce
                0x00000000210007b8       0x44 main.o
 .text.Create_Thread_testcompressuncompress_samrh71rx
                0x00000000210007fc      0x12c main.o
 .text.Start_Thread_testcompressuncompress_samrh71rx
                0x0000000021000928       0x48 main.o
 .text.Init     0x0000000021000970       0xd8 main.o
                0x0000000021000970                Init
 .text.abort    0x0000000021000a48        0xc main.o
                0x0000000021000a48                abort
 .text.__assert_func
                0x0000000021000a54       0x16 main.o
                0x0000000021000a54                __assert_func
 .text.Broker_packetizer_error_to_broker_error
                0x0000000021000a6a       0x3e libpartition_1.a(Broker.o)
 .text.Broker_initialize_packetizers_functions
                0x0000000021000aa8       0xe0 libpartition_1.a(Broker.o)
                0x0000000021000aa8                Broker_initialize_packetizers_functions
 .text.Broker_initialize
                0x0000000021000b88       0x78 libpartition_1.a(Broker.o)
                0x0000000021000b88                Broker_initialize
 .text.Broker_deliver_request
                0x0000000021000c00       0xd4 libpartition_1.a(Broker.o)
                0x0000000021000c00                Broker_deliver_request
 .text.Broker_receive_packet
                0x0000000021000cd4       0xd4 libpartition_1.a(Broker.o)
                0x0000000021000cd4                Broker_receive_packet
 .text.Broker_acquire_lock
                0x0000000021000da8       0x40 libpartition_1.a(BrokerLock.o)
                0x0000000021000da8                Broker_acquire_lock
 .text.Broker_release_lock
                0x0000000021000de8       0x18 libpartition_1.a(BrokerLock.o)
                0x0000000021000de8                Broker_release_lock
 .text.CCSDS_Packetizer_init
                0x0000000021000e00       0x24 libpartition_1.a(CCSDSPacketizer.o)
                0x0000000021000e00                CCSDS_Packetizer_init
 .text.CCSDS_Packetizer_packetize
                0x0000000021000e24      0x11c libpartition_1.a(CCSDSPacketizer.o)
                0x0000000021000e24                CCSDS_Packetizer_packetize
 .text.CCSDS_Packetizer_depacketize
                0x0000000021000f40      0x140 libpartition_1.a(CCSDSPacketizer.o)
                0x0000000021000f40                CCSDS_Packetizer_depacketize
 .text.writeCCSDSPacketId
                0x0000000021001080       0x70 libpartition_1.a(CCSDSPacketizer.o)
                0x0000000021001080                writeCCSDSPacketId
 .text.writeCCSDSPacketSequenceControl
                0x00000000210010f0       0x76 libpartition_1.a(CCSDSPacketizer.o)
                0x00000000210010f0                writeCCSDSPacketSequenceControl
 .text.writeCCSDSPacketDataLength
                0x0000000021001166       0x32 libpartition_1.a(CCSDSPacketizer.o)
                0x0000000021001166                writeCCSDSPacketDataLength
 .text.writeChecksum
                0x0000000021001198       0x42 libpartition_1.a(CCSDSPacketizer.o)
                0x0000000021001198                writeChecksum
 .text.readCCSDSPacketDataLength
                0x00000000210011da       0x26 libpartition_1.a(CCSDSPacketizer.o)
                0x00000000210011da                readCCSDSPacketDataLength
 .text.DeviceProvidedPacketizer_init
                0x0000000021001200       0x32 libpartition_1.a(DeviceProvidedPacketizer.o)
                0x0000000021001200                DeviceProvidedPacketizer_init
 .text.DeviceProvidedPacketizer_packetize
                0x0000000021001232       0x48 libpartition_1.a(DeviceProvidedPacketizer.o)
                0x0000000021001232                DeviceProvidedPacketizer_packetize
 .text.DeviceProvidedPacketizer_depacketize
                0x000000002100127a       0x4e libpartition_1.a(DeviceProvidedPacketizer.o)
                0x000000002100127a                DeviceProvidedPacketizer_depacketize
 .text.get_device_configuration
                0x00000000210012c8       0x2c libpartition_1.a(DriverHelper.o)
                0x00000000210012c8                get_device_configuration
 .text.get_remote_device_configuration
                0x00000000210012f4       0x64 libpartition_1.a(DriverHelper.o)
                0x00000000210012f4                get_remote_device_configuration
 .text.get_device_packetizer_cfg
                0x0000000021001358       0x2c libpartition_1.a(DriverHelper.o)
                0x0000000021001358                get_device_packetizer_cfg
 .text.Scb_isDCacheEnabled
                0x0000000021001384       0x30 libpartition_1.a(FaultHandler.o)
 .text.Scb_cleanDCache
                0x00000000210013b4       0x80 libpartition_1.a(FaultHandler.o)
 .text.Scb_invalidateDCache
                0x0000000021001434       0x80 libpartition_1.a(FaultHandler.o)
 .text.Fault_HandlerTail
                0x00000000210014b4       0x18 libpartition_1.a(FaultHandler.o)
                0x00000000210014b4                Fault_HandlerTail
 *fill*         0x00000000210014cc        0x4 
 .text.Fault_Handler
                0x00000000210014d0       0xb4 libpartition_1.a(FaultHandler.o)
                0x00000000210014d0                Fault_Handler
 .text.FaultHandler_Init
                0x0000000021001584       0x40 libpartition_1.a(FaultHandler.o)
                0x0000000021001584                FaultHandler_Init
 .text.Init_setup_watchdog
                0x00000000210015c4       0x88 libpartition_1.a(Hal.o)
 .text.timer_irq_handler
                0x000000002100164c       0x40 libpartition_1.a(Hal.o)
                0x000000002100164c                timer_irq_handler
 .text.Hal_InitTimer
                0x000000002100168c       0x88 libpartition_1.a(Hal.o)
 *fill*         0x0000000021001714        0x4 
 .text.Hal_Init
                0x0000000021001718       0xa0 libpartition_1.a(Hal.o)
                0x0000000021001718                Hal_Init
 .text.Hal_GetElapsedTimeInNs
                0x00000000210017b8      0x164 libpartition_1.a(Hal.o)
                0x00000000210017b8                Hal_GetElapsedTimeInNs
 .text.fletcher16
                0x000000002100191c       0xa8 libpartition_1.a(IsoChecksum.o)
 .text.IsoChecksum_calculate
                0x00000000210019c4       0x7c libpartition_1.a(IsoChecksum.o)
                0x00000000210019c4                IsoChecksum_calculate
 .text._Timestamp_Set_to_zero
                0x0000000021001a40       0x22 libpartition_1.a(Monitor.o)
 .text._TOD_Get_uptime
                0x0000000021001a62       0x1e libpartition_1.a(Monitor.o)
 .text.handle_activation_log_cyclic_buffer
                0x0000000021001a80       0x18 libpartition_1.a(Monitor.o)
 .text.Monitor_Init
                0x0000000021001a98       0x48 libpartition_1.a(Monitor.o)
                0x0000000021001a98                Monitor_Init
 .text.Monitor_GetQueuedItemsCount
                0x0000000021001ae0       0x48 libpartition_1.a(Monitor.o)
                0x0000000021001ae0                Monitor_GetQueuedItemsCount
 .text.Monitor_IndicateInterfaceActivated
                0x0000000021001b28       0x1a libpartition_1.a(Monitor.o)
                0x0000000021001b28                Monitor_IndicateInterfaceActivated
 .text.Monitor_IndicateInterfaceDeactivated
                0x0000000021001b42       0x1a libpartition_1.a(Monitor.o)
                0x0000000021001b42                Monitor_IndicateInterfaceDeactivated
 .text.Nvic_enableIrq
                0x0000000021001b5c       0x10 libpartition_1.a(Nvic.o)
 .text.Nvic_disableIrq
                0x0000000021001b6c       0x10 libpartition_1.a(Nvic.o)
 .text.Nvic_enableFaultIrq
                0x0000000021001b7c       0x10 libpartition_1.a(Nvic.o)
 .text.Nvic_disableFaultIrq
                0x0000000021001b8c       0x10 libpartition_1.a(Nvic.o)
 .text.Nvic_relocateVectorTable
                0x0000000021001b9c       0x2e libpartition_1.a(Nvic.o)
                0x0000000021001b9c                Nvic_relocateVectorTable
 *fill*         0x0000000021001bca        0x2 
 .text.Nvic_relocateVectorTableUnsafe
                0x0000000021001bcc       0x48 libpartition_1.a(Nvic.o)
                0x0000000021001bcc                Nvic_relocateVectorTableUnsafe
 .text.Packetizer_init
                0x0000000021001c14       0x24 libpartition_1.a(Packetizer.o)
                0x0000000021001c14                Packetizer_init
 .text.Packetizer_packetize
                0x0000000021001c38       0xf0 libpartition_1.a(Packetizer.o)
                0x0000000021001c38                Packetizer_packetize
 .text.Packetizer_depacketize
                0x0000000021001d28      0x170 libpartition_1.a(Packetizer.o)
                0x0000000021001d28                Packetizer_depacketize
 .text.writePacketId
                0x0000000021001e98       0x70 libpartition_1.a(Packetizer.o)
                0x0000000021001e98                writePacketId
 .text.writePacketSequenceControl
                0x0000000021001f08       0x76 libpartition_1.a(Packetizer.o)
                0x0000000021001f08                writePacketSequenceControl
 .text.writePacketDataLength
                0x0000000021001f7e       0x76 libpartition_1.a(Packetizer.o)
                0x0000000021001f7e                writePacketDataLength
 .text.writeCrc
                0x0000000021001ff4       0x42 libpartition_1.a(Packetizer.o)
                0x0000000021001ff4                writeCrc
 .text.writeSenderPid
                0x0000000021002036       0x3a libpartition_1.a(Packetizer.o)
                0x0000000021002036                writeSenderPid
 .text.readPacketDataLength
                0x0000000021002070       0x50 libpartition_1.a(Packetizer.o)
                0x0000000021002070                readPacketDataLength
 .text.PassthroughPacketizer_init
                0x00000000210020c0       0x40 libpartition_1.a(PassthroughPacketizer.o)
                0x00000000210020c0                PassthroughPacketizer_init
 .text.PassthroughPacketizer_packetize
                0x0000000021002100       0x4c libpartition_1.a(PassthroughPacketizer.o)
                0x0000000021002100                PassthroughPacketizer_packetize
 .text.PassthroughPacketizer_depacketize
                0x000000002100214c       0x98 libpartition_1.a(PassthroughPacketizer.o)
                0x000000002100214c                PassthroughPacketizer_depacketize
 .text.shiftValueLeft
                0x00000000210021e4       0x28 libpartition_1.a(Rstc.o)
 .text.Rstc_resetSystem
                0x000000002100220c       0x2c libpartition_1.a(Rstc.o)
                0x000000002100220c                Rstc_resetSystem
 .text.Pmc_getDeviceRegisterStartAddress
                0x0000000021002238       0x14 libpartition_1.a(SamRH71Core.o)
 .text.Matrix_getDeviceBaseAddress
                0x000000002100224c       0x12 libpartition_1.a(SamRH71Core.o)
 *fill*         0x000000002100225e        0x2 
 .text.extract_main_oscillator_frequency
                0x0000000021002260       0x90 libpartition_1.a(SamRH71Core.o)
 .text.apply_plla_config
                0x00000000210022f0      0x100 libpartition_1.a(SamRH71Core.o)
 .text.SamRH71Core_InitMatrix
                0x00000000210023f0       0x94 libpartition_1.a(SamRH71Core.o)
 .text.SamRH71Core_GetProcessorClockFrequency
                0x0000000021002484      0x104 libpartition_1.a(SamRH71Core.o)
                0x0000000021002484                SamRH71Core_GetProcessorClockFrequency
 .text.SamRH71Core_Init
                0x0000000021002588      0x160 libpartition_1.a(SamRH71Core.o)
                0x0000000021002588                SamRH71Core_Init
 .text.SamRH71Core_EnablePeripheralClock
                0x00000000210026e8       0x48 libpartition_1.a(SamRH71Core.o)
                0x00000000210026e8                SamRH71Core_EnablePeripheralClock
 .text.SamRH71Core_GetMainClockFrequency
                0x0000000021002730       0x50 libpartition_1.a(SamRH71Core.o)
                0x0000000021002730                SamRH71Core_GetMainClockFrequency
 .text.SamRH71Core_InterruptSubscribe
                0x0000000021002780       0x2c libpartition_1.a(SamRH71Core.o)
                0x0000000021002780                SamRH71Core_InterruptSubscribe
 .text.SamRH71Core_GenerateNewSemaphoreName
                0x00000000210027ac       0x1c libpartition_1.a(SamRH71Core.o)
                0x00000000210027ac                SamRH71Core_GenerateNewSemaphoreName
 .text.SamRH71Core_GenerateNewTaskName
                0x00000000210027c8       0x1c libpartition_1.a(SamRH71Core.o)
                0x00000000210027c8                SamRH71Core_GenerateNewTaskName
 .text.shiftValueLeft
                0x00000000210027e4       0x28 libpartition_1.a(Systick.o)
 .text.shiftBitLeft
                0x000000002100280c       0x2e libpartition_1.a(Systick.o)
 *fill*         0x000000002100283a        0x2 
 .text.Systick_getDeviceRegisterStartAddress
                0x000000002100283c       0x14 libpartition_1.a(Systick.o)
                0x000000002100283c                Systick_getDeviceRegisterStartAddress
 .text.Systick_init
                0x0000000021002850       0x1c libpartition_1.a(Systick.o)
                0x0000000021002850                Systick_init
 .text.Systick_setConfig
                0x000000002100286c       0x86 libpartition_1.a(Systick.o)
                0x000000002100286c                Systick_setConfig
 .text.Systick_getConfig
                0x00000000210028f2       0x64 libpartition_1.a(Systick.o)
                0x00000000210028f2                Systick_getConfig
 .text.Systick_clearCurrentValue
                0x0000000021002956       0x1c libpartition_1.a(Systick.o)
                0x0000000021002956                Systick_clearCurrentValue
 .text.Systick_getCurrentValue
                0x0000000021002972       0x1a libpartition_1.a(Systick.o)
                0x0000000021002972                Systick_getCurrentValue
 .text.Systick_hasCountedToZero
                0x000000002100298c       0x28 libpartition_1.a(Systick.o)
                0x000000002100298c                Systick_hasCountedToZero
 .text.ThinPacketizer_init
                0x00000000210029b4       0x1e libpartition_1.a(ThinPacketizer.o)
                0x00000000210029b4                ThinPacketizer_init
 *fill*         0x00000000210029d2        0x2 
 .text.ThinPacketizer_packetize
                0x00000000210029d4       0xb4 libpartition_1.a(ThinPacketizer.o)
                0x00000000210029d4                ThinPacketizer_packetize
 .text.ThinPacketizer_depacketize
                0x0000000021002a88       0xc0 libpartition_1.a(ThinPacketizer.o)
                0x0000000021002a88                ThinPacketizer_depacketize
 .text.thinWritePacketId
                0x0000000021002b48       0x4a libpartition_1.a(ThinPacketizer.o)
                0x0000000021002b48                thinWritePacketId
 .text.thinReadPacketId
                0x0000000021002b92       0x26 libpartition_1.a(ThinPacketizer.o)
                0x0000000021002b92                thinReadPacketId
 .text.thinWritePacketDataLength
                0x0000000021002bb8       0x32 libpartition_1.a(ThinPacketizer.o)
                0x0000000021002bb8                thinWritePacketDataLength
 .text.thinReadPacketDataLength
                0x0000000021002bea       0x26 libpartition_1.a(ThinPacketizer.o)
                0x0000000021002bea                thinReadPacketDataLength
 .text.shiftValueLeft
                0x0000000021002c10       0x28 libpartition_1.a(Tic.o)
 .text.shiftBitLeft
                0x0000000021002c38       0x2e libpartition_1.a(Tic.o)
 *fill*         0x0000000021002c66        0x2 
 .text.Tic_init
                0x0000000021002c68       0x88 libpartition_1.a(Tic.o)
                0x0000000021002c68                Tic_init
 .text.Tic_enableChannel
                0x0000000021002cf0       0x40 libpartition_1.a(Tic.o)
                0x0000000021002cf0                Tic_enableChannel
 .text.Tic_disableChannel
                0x0000000021002d30       0x40 libpartition_1.a(Tic.o)
                0x0000000021002d30                Tic_disableChannel
 .text.Tic_triggerChannel
                0x0000000021002d70       0x40 libpartition_1.a(Tic.o)
                0x0000000021002d70                Tic_triggerChannel
 .text.prepareCaptureModeConfig
                0x0000000021002db0       0xd0 libpartition_1.a(Tic.o)
 .text.prepareWaveformModeConfig
                0x0000000021002e80      0x12c libpartition_1.a(Tic.o)
 .text.Tic_setChannelConfig
                0x0000000021002fac      0x1f0 libpartition_1.a(Tic.o)
                0x0000000021002fac                Tic_setChannelConfig
 .text.Tic_setChannelIrqConfig
                0x000000002100319c      0x104 libpartition_1.a(Tic.o)
                0x000000002100319c                Tic_setChannelIrqConfig
 .text.Tic_enableChannelIrq
                0x00000000210032a0       0x5c libpartition_1.a(Tic.o)
                0x00000000210032a0                Tic_enableChannelIrq
 .text.Tic_disableChannelIrq
                0x00000000210032fc       0x5c libpartition_1.a(Tic.o)
                0x00000000210032fc                Tic_disableChannelIrq
 .text.Tic_getChannelStatus
                0x0000000021003358      0x120 libpartition_1.a(Tic.o)
                0x0000000021003358                Tic_getChannelStatus
 .text.Tic_getCounterValue
                0x0000000021003478       0x40 libpartition_1.a(Tic.o)
                0x0000000021003478                Tic_getCounterValue
 .text.Tic_writeProtect
                0x00000000210034b8       0x78 libpartition_1.a(Tic.o)
                0x00000000210034b8                Tic_writeProtect
 .text.shiftValueLeft
                0x0000000021003530       0x28 libpartition_1.a(Wdt.o)
 .text.shiftBitLeft
                0x0000000021003558       0x2e libpartition_1.a(Wdt.o)
 *fill*         0x0000000021003586        0x2 
 .text.Wdt_init
                0x0000000021003588       0x20 libpartition_1.a(Wdt.o)
                0x0000000021003588                Wdt_init
 .text.Wdt_setConfig
                0x00000000210035a8       0xdc libpartition_1.a(Wdt.o)
                0x00000000210035a8                Wdt_setConfig
 .text.Wdt_getConfig
                0x0000000021003684       0xc4 libpartition_1.a(Wdt.o)
                0x0000000021003684                Wdt_getConfig
 .text.init_datacompressor
                0x0000000021003748       0x24 libpartition_1.a(datacompressor_vm_if.o)
                0x0000000021003748                init_datacompressor
 .text.datacompressor_ClearBuffer
                0x000000002100376c       0x1c libpartition_1.a(datacompressor_vm_if.o)
                0x000000002100376c                datacompressor_ClearBuffer
 .text.datacompressor_ReadData
                0x0000000021003788       0x30 libpartition_1.a(datacompressor_vm_if.o)
                0x0000000021003788                datacompressor_ReadData
 .text.datacompressor_StartCompression
                0x00000000210037b8       0x1c libpartition_1.a(datacompressor_vm_if.o)
                0x00000000210037b8                datacompressor_StartCompression
 .text.datacompressor_Status
                0x00000000210037d4       0x2c libpartition_1.a(datacompressor_vm_if.o)
                0x00000000210037d4                datacompressor_Status
 .text.datacompressor_WriteBuffer
                0x0000000021003800       0x2c libpartition_1.a(datacompressor_vm_if.o)
                0x0000000021003800                datacompressor_WriteBuffer
 .text.init_datauncompressor
                0x000000002100382c       0x24 libpartition_1.a(datauncompressor_vm_if.o)
                0x000000002100382c                init_datauncompressor
 .text.datauncompressor_ClearBuffer
                0x0000000021003850       0x1c libpartition_1.a(datauncompressor_vm_if.o)
                0x0000000021003850                datauncompressor_ClearBuffer
 .text.datauncompressor_ReadData
                0x000000002100386c       0x30 libpartition_1.a(datauncompressor_vm_if.o)
                0x000000002100386c                datauncompressor_ReadData
 .text.datauncompressor_StartUncompression
                0x000000002100389c       0x1c libpartition_1.a(datauncompressor_vm_if.o)
                0x000000002100389c                datauncompressor_StartUncompression
 .text.datauncompressor_Status
                0x00000000210038b8       0x2c libpartition_1.a(datauncompressor_vm_if.o)
                0x00000000210038b8                datauncompressor_Status
 .text.datauncompressor_WriteBuffer
                0x00000000210038e4       0x2c libpartition_1.a(datauncompressor_vm_if.o)
                0x00000000210038e4                datauncompressor_WriteBuffer
 .text.getDeviceProvidedPacketizerHeaderSize
                0x0000000021003910       0x2c libpartition_1.a(device_provided_packetizer.o)
                0x0000000021003910                getDeviceProvidedPacketizerHeaderSize
 .text.getDeviceProvidedPacketizerInitFunction
                0x000000002100393c       0x2c libpartition_1.a(device_provided_packetizer.o)
                0x000000002100393c                getDeviceProvidedPacketizerInitFunction
 .text.getDeviceProvidedPacketizerPacketizeFunction
                0x0000000021003968       0x2c libpartition_1.a(device_provided_packetizer.o)
                0x0000000021003968                getDeviceProvidedPacketizerPacketizeFunction
 .text.getDeviceProvidedPacketizerDepacketizeFunction
                0x0000000021003994       0x2c libpartition_1.a(device_provided_packetizer.o)
                0x0000000021003994                getDeviceProvidedPacketizerDepacketizeFunction
 .text.setDeviceProvidedPacketizerHeaderSize
                0x00000000210039c0       0x2c libpartition_1.a(device_provided_packetizer.o)
                0x00000000210039c0                setDeviceProvidedPacketizerHeaderSize
 .text.datacompressor_clearbuffer_get_sender
                0x00000000210039ec       0x18 libpartition_1.a(routing.o)
                0x00000000210039ec                datacompressor_clearbuffer_get_sender
 .text.datacompressor_readdata_get_sender
                0x0000000021003a04       0x18 libpartition_1.a(routing.o)
                0x0000000021003a04                datacompressor_readdata_get_sender
 .text.datacompressor_startcompression_get_sender
                0x0000000021003a1c       0x18 libpartition_1.a(routing.o)
                0x0000000021003a1c                datacompressor_startcompression_get_sender
 .text.datacompressor_status_get_sender
                0x0000000021003a34       0x18 libpartition_1.a(routing.o)
                0x0000000021003a34                datacompressor_status_get_sender
 .text.datacompressor_writebuffer_get_sender
                0x0000000021003a4c       0x18 libpartition_1.a(routing.o)
                0x0000000021003a4c                datacompressor_writebuffer_get_sender
 .text.datauncompressor_clearbuffer_get_sender
                0x0000000021003a64       0x18 libpartition_1.a(routing.o)
                0x0000000021003a64                datauncompressor_clearbuffer_get_sender
 .text.datauncompressor_readdata_get_sender
                0x0000000021003a7c       0x18 libpartition_1.a(routing.o)
                0x0000000021003a7c                datauncompressor_readdata_get_sender
 .text.datauncompressor_startuncompression_get_sender
                0x0000000021003a94       0x18 libpartition_1.a(routing.o)
                0x0000000021003a94                datauncompressor_startuncompression_get_sender
 .text.datauncompressor_status_get_sender
                0x0000000021003aac       0x18 libpartition_1.a(routing.o)
                0x0000000021003aac                datauncompressor_status_get_sender
 .text.datauncompressor_writebuffer_get_sender
                0x0000000021003ac4       0x18 libpartition_1.a(routing.o)
                0x0000000021003ac4                datauncompressor_writebuffer_get_sender
 .text.testcompressuncompress_samrh71rx_get_sender
                0x0000000021003adc       0x18 libpartition_1.a(routing.o)
                0x0000000021003adc                testcompressuncompress_samrh71rx_get_sender
 .text.UART0_Handler
                0x0000000021003af4       0x2c libpartition_1.a(samrh71_rtems_serial.o)
                0x0000000021003af4                UART0_Handler
 .text.UART1_Handler
                0x0000000021003b20       0x2c libpartition_1.a(samrh71_rtems_serial.o)
                0x0000000021003b20                UART1_Handler
 .text.UART2_Handler
                0x0000000021003b4c       0x2c libpartition_1.a(samrh71_rtems_serial.o)
                0x0000000021003b4c                UART2_Handler
 .text.UART3_Handler
                0x0000000021003b78       0x2c libpartition_1.a(samrh71_rtems_serial.o)
                0x0000000021003b78                UART3_Handler
 .text.UART4_Handler
                0x0000000021003ba4       0x2c libpartition_1.a(samrh71_rtems_serial.o)
                0x0000000021003ba4                UART4_Handler
 .text.UART5_Handler
                0x0000000021003bd0       0x2c libpartition_1.a(samrh71_rtems_serial.o)
                0x0000000021003bd0                UART5_Handler
 .text.UART6_Handler
                0x0000000021003bfc       0x2c libpartition_1.a(samrh71_rtems_serial.o)
                0x0000000021003bfc                UART6_Handler
 .text.UART7_Handler
                0x0000000021003c28       0x2c libpartition_1.a(samrh71_rtems_serial.o)
                0x0000000021003c28                UART7_Handler
 .text.UART8_Handler
                0x0000000021003c54       0x2c libpartition_1.a(samrh71_rtems_serial.o)
                0x0000000021003c54                UART8_Handler
 .text.UART9_Handler
                0x0000000021003c80       0x2c libpartition_1.a(samrh71_rtems_serial.o)
                0x0000000021003c80                UART9_Handler
 .text.SamRH71RtemsSerial_Init_global
                0x0000000021003cac       0xe8 libpartition_1.a(samrh71_rtems_serial.o)
 .text.Samrh71RtemsSerial_uart_error_handler
                0x0000000021003d94       0x30 libpartition_1.a(samrh71_rtems_serial.o)
 .text.Samrh71RtemsSerial_make_uart_pin_config
                0x0000000021003dc4       0x36 libpartition_1.a(samrh71_rtems_serial.o)
 *fill*         0x0000000021003dfa        0x2 
 .text.Samrh71RtemsSerial_get_uart_id
                0x0000000021003dfc       0x84 libpartition_1.a(samrh71_rtems_serial.o)
 .text.Samrh71RtemsSerial_get_flexcom_id
                0x0000000021003e80       0x88 libpartition_1.a(samrh71_rtems_serial.o)
 .text.Samrh71RtemsSerial_get_uart_tx_pin_config
                0x0000000021003f08      0x124 libpartition_1.a(samrh71_rtems_serial.o)
 .text.Samrh71RtemsSerial_get_uart_rx_pin_config
                0x000000002100402c      0x124 libpartition_1.a(samrh71_rtems_serial.o)
 .text.Samrh71RtemsSerial_uart_init_pin
                0x0000000021004150       0x6c libpartition_1.a(samrh71_rtems_serial.o)
 .text.Samrh71RtemsSerial_get_periph_uart_id
                0x00000000210041bc       0x88 libpartition_1.a(samrh71_rtems_serial.o)
 .text.Samrh71RtemsSerial_uart_init_pio
                0x0000000021004244       0x40 libpartition_1.a(samrh71_rtems_serial.o)
 .text.Samrh71RtemsSerial_uart_init_pmc
                0x0000000021004284       0x56 libpartition_1.a(samrh71_rtems_serial.o)
 *fill*         0x00000000210042da        0x2 
 .text.Samrh71RtemsSerial_uart_init_flexcom
                0x00000000210042dc       0x2c libpartition_1.a(samrh71_rtems_serial.o)
 .text.Samrh71RtemsSerial_uart_init_handle
                0x0000000021004308       0xdc libpartition_1.a(samrh71_rtems_serial.o)
 .text.SamRH71RtemsSerialInit_uart_init_hardware
                0x00000000210043e4       0xc4 libpartition_1.a(samrh71_rtems_serial.o)
 .text.SamRH71RtemsSerialInit_uart_write
                0x00000000210044a8       0x5c libpartition_1.a(samrh71_rtems_serial.o)
 .text.SamRH71RtemsSerial_uart_read
                0x0000000021004504       0x6c libpartition_1.a(samrh71_rtems_serial.o)
 .text.SamRH71RtemsSerialInit_uart_register
                0x0000000021004570       0x1e libpartition_1.a(samrh71_rtems_serial.o)
 *fill*         0x000000002100458e        0x2 
 .text.SamRH71RtemsSerialInit_uart_parity
                0x0000000021004590       0x5c libpartition_1.a(samrh71_rtems_serial.o)
 .text.SamRH71RtemsSerialInit_uart_baudrate
                0x00000000210045ec       0x9c libpartition_1.a(samrh71_rtems_serial.o)
 .text.SamRH71RtemsSerialInit_uart_init
                0x0000000021004688       0x52 libpartition_1.a(samrh71_rtems_serial.o)
 *fill*         0x00000000210046da        0x2 
 .text.UartRxCallback
                0x00000000210046dc       0x48 libpartition_1.a(samrh71_rtems_serial.o)
 .text.SamRH71RtemsSerialInit_rx_handler
                0x0000000021004724       0xbc libpartition_1.a(samrh71_rtems_serial.o)
 .text.UartTxCallback
                0x00000000210047e0       0x48 libpartition_1.a(samrh71_rtems_serial.o)
 .text.SamRH71RtemsSerialInit_tx_handler
                0x0000000021004828       0x6c libpartition_1.a(samrh71_rtems_serial.o)
 .text.Samrh71RtemsSerialInit
                0x0000000021004894       0xfc libpartition_1.a(samrh71_rtems_serial.o)
                0x0000000021004894                Samrh71RtemsSerialInit
 .text.Samrh71RtemsSerialPoll
                0x0000000021004990      0x150 libpartition_1.a(samrh71_rtems_serial.o)
                0x0000000021004990                Samrh71RtemsSerialPoll
 .text.Samrh71RtemsSerialSend
                0x0000000021004ae0      0x104 libpartition_1.a(samrh71_rtems_serial.o)
                0x0000000021004ae0                Samrh71RtemsSerialSend
 .text.initialize_system_spec
                0x0000000021004be4       0x30 libpartition_1.a(system_spec.o)
                0x0000000021004be4                initialize_system_spec
 .text.init_testcompressuncompress
                0x0000000021004c14       0x44 libpartition_1.a(testcompressuncompress_vm_if.o)
                0x0000000021004c14                init_testcompressuncompress
 .text.testcompressuncompress_RunOnce
                0x0000000021004c58        0xc libpartition_1.a(testcompressuncompress_vm_if.o)
                0x0000000021004c58                testcompressuncompress_RunOnce
 .text.testcompressuncompress_samrh71rx
                0x0000000021004c64       0x44 libpartition_1.a(testcompressuncompress_vm_if.o)
                0x0000000021004c64                testcompressuncompress_samrh71rx
 .text.testcompressuncompress_runonce_job
                0x0000000021004ca8       0xb8 libpartition_1.a(thread_testcompressuncompress_runonce.o)
                0x0000000021004ca8                testcompressuncompress_runonce_job
 .text.testcompressuncompress_samrh71rx_job
                0x0000000021004d60       0x68 libpartition_1.a(thread_testcompressuncompress_samrh71rx.o)
                0x0000000021004d60                testcompressuncompress_samrh71rx_job
 .text.deliver_to_uartotherend_samrh71tx
                0x0000000021004dc8       0x20 libpartition_1.a(transport.o)
                0x0000000021004dc8                deliver_to_uartotherend_samrh71tx
 .text.deliver_to_testcompressuncompress_samrh71rx
                0x0000000021004de8       0x5c libpartition_1.a(transport.o)
                0x0000000021004de8                deliver_to_testcompressuncompress_samrh71rx
 .text.initialize_transport
                0x0000000021004e44       0x1c libpartition_1.a(transport.o)
                0x0000000021004e44                initialize_transport
 .text.initialize_transport_bus_maps
                0x0000000021004e60       0x28 libpartition_1.a(transport_bus_map_initializer.o)
                0x0000000021004e60                initialize_transport_bus_maps
 .text.ByteFifo_isFull
                0x0000000021004e88       0x26 libpartition_1.a(ByteFifo.o)
 .text.ByteFifo_isEmpty
                0x0000000021004eae       0x22 libpartition_1.a(ByteFifo.o)
 .text.ByteFifo_init
                0x0000000021004ed0       0x50 libpartition_1.a(ByteFifo.o)
                0x0000000021004ed0                ByteFifo_init
 .text.ByteFifo_initFromBytes
                0x0000000021004f20       0x50 libpartition_1.a(ByteFifo.o)
                0x0000000021004f20                ByteFifo_initFromBytes
 .text.ByteFifo_getCount
                0x0000000021004f70       0x44 libpartition_1.a(ByteFifo.o)
                0x0000000021004f70                ByteFifo_getCount
 .text.ByteFifo_push
                0x0000000021004fb4       0x5c libpartition_1.a(ByteFifo.o)
                0x0000000021004fb4                ByteFifo_push
 .text.ByteFifo_pull
                0x0000000021005010       0x5e libpartition_1.a(ByteFifo.o)
                0x0000000021005010                ByteFifo_pull
 .text.Encode_ACN_T_UInt8
                0x000000002100506e       0x5e libpartition_1.a(C_ASN1_Types.o)
                0x000000002100506e                Encode_ACN_T_UInt8
 .text.Decode_ACN_T_UInt8
                0x00000000210050cc       0x4e libpartition_1.a(C_ASN1_Types.o)
                0x00000000210050cc                Decode_ACN_T_UInt8
 .text.ConcurrentAccessFlag_reset
                0x000000002100511a       0x1e libpartition_1.a(ConcurrentAccessFlag.o)
                0x000000002100511a                ConcurrentAccessFlag_reset
 .text.ConcurrentAccessFlag_check
                0x0000000021005138       0x28 libpartition_1.a(ConcurrentAccessFlag.o)
                0x0000000021005138                ConcurrentAccessFlag_check
 .text.ConcurrentAccessFlag_set
                0x0000000021005160       0x1e libpartition_1.a(ConcurrentAccessFlag.o)
                0x0000000021005160                ConcurrentAccessFlag_set
 *fill*         0x000000002100517e        0x2 
 .text.crc16    0x0000000021005180       0x34 libpartition_1.a(Crc16.o)
 .text.calculateCrc16
                0x00000000210051b4       0x42 libpartition_1.a(Crc16.o)
                0x00000000210051b4                calculateCrc16
 *fill*         0x00000000210051f6        0x2 
 .text.save_stack
                0x00000000210051f8       0x74 libpartition_1.a(DeathReportWriter.o)
 .text.calculate_crc
                0x000000002100526c       0x7a libpartition_1.a(DeathReportWriter.o)
 .text.calculate_report_crc
                0x00000000210052e6       0x28 libpartition_1.a(DeathReportWriter.o)
 *fill*         0x000000002100530e        0x2 
 .text.DeathReportWriter_GenerateDeathReport
                0x0000000021005310       0x3c libpartition_1.a(DeathReportWriter.o)
                0x0000000021005310                DeathReportWriter_GenerateDeathReport
 .text.Escaper_init
                0x000000002100534c       0x50 libpartition_1.a(Escaper.o)
                0x000000002100534c                Escaper_init
 .text.Escaper_start_decoder
                0x000000002100539c       0x1a libpartition_1.a(Escaper.o)
                0x000000002100539c                Escaper_start_decoder
 *fill*         0x00000000210053b6        0x2 
 .text.Escaper_decode_packet
                0x00000000210053b8      0x144 libpartition_1.a(Escaper.o)
                0x00000000210053b8                Escaper_decode_packet
 .text.Escaper_start_encoder
                0x00000000210054fc       0x26 libpartition_1.a(Escaper.o)
                0x00000000210054fc                Escaper_start_encoder
 .text.Escaper_encode_packet
                0x0000000021005522      0x15c libpartition_1.a(Escaper.o)
                0x0000000021005522                Escaper_encode_packet
 .text.shiftValueLeft
                0x000000002100567e       0x28 libpartition_1.a(Matrix.o)
 .text.changeBitAtOffset
                0x00000000210056a6       0x48 libpartition_1.a(Matrix.o)
 .text.setValueAtOffset
                0x00000000210056ee       0x3e libpartition_1.a(Matrix.o)
 .text.Matrix_init
                0x000000002100572c       0x4c libpartition_1.a(Matrix.o)
                0x000000002100572c                Matrix_init
 .text.Matrix_setSlaveRegionProtectionConfig
                0x0000000021005778      0x158 libpartition_1.a(Matrix.o)
                0x0000000021005778                Matrix_setSlaveRegionProtectionConfig
 .text.Mpu_init
                0x00000000210058d0       0x20 libpartition_1.a(Mpu.o)
                0x00000000210058d0                Mpu_init
 .text.Mpu_setConfig
                0x00000000210058f0       0x5a libpartition_1.a(Mpu.o)
                0x00000000210058f0                Mpu_setConfig
 .text.returnError
                0x000000002100594a       0x24 libpartition_1.a(Pio.o)
 .text.shiftValueLeft
                0x000000002100596e       0x28 libpartition_1.a(Pio.o)
 .text.setValueAtOffset
                0x0000000021005996       0x3e libpartition_1.a(Pio.o)
 .text.Pio_init
                0x00000000210059d4       0xdc libpartition_1.a(Pio.o)
                0x00000000210059d4                Pio_init
 .text.setControlConfig
                0x0000000021005ab0       0x40 libpartition_1.a(Pio.o)
 .text.setDirectionConfig
                0x0000000021005af0       0x68 libpartition_1.a(Pio.o)
 .text.setPullConfig
                0x0000000021005b58       0xb0 libpartition_1.a(Pio.o)
 .text.setOpenDrain
                0x0000000021005c08       0x40 libpartition_1.a(Pio.o)
 .text.setSchmittTriggerConfig
                0x0000000021005c48       0x40 libpartition_1.a(Pio.o)
 .text.setIrqConfig
                0x0000000021005c88       0x5c libpartition_1.a(Pio.o)
 .text.setDriveStrengthConfig
                0x0000000021005ce4       0x44 libpartition_1.a(Pio.o)
 .text.Pio_setPortConfig
                0x0000000021005d28       0x4c libpartition_1.a(Pio.o)
                0x0000000021005d28                Pio_setPortConfig
 .text.Pio_setPinsConfig
                0x0000000021005d74       0xa4 libpartition_1.a(Pio.o)
                0x0000000021005d74                Pio_setPinsConfig
 .text.returnError
                0x0000000021005e18       0x24 libpartition_1.a(Pmc.o)
 .text.shiftValueLeft
                0x0000000021005e3c       0x28 libpartition_1.a(Pmc.o)
 .text.shiftBitLeft
                0x0000000021005e64       0x2e libpartition_1.a(Pmc.o)
 .text.waitForRegisterWithTimeout
                0x0000000021005e92       0x3e libpartition_1.a(Pmc.o)
 .text.isBetweenUint32
                0x0000000021005ed0       0x34 libpartition_1.a(Pmc.o)
 .text.setMasterClockSource
                0x0000000021005f04       0x88 libpartition_1.a(Pmc.o)
 .text.enableRC
                0x0000000021005f8c       0x9c libpartition_1.a(Pmc.o)
 .text.switchMainClockToRC
                0x0000000021006028       0xa4 libpartition_1.a(Pmc.o)
 .text.setMasterClockPrescalerAndDivider
                0x00000000210060cc       0xd8 libpartition_1.a(Pmc.o)
 .text.resetMainClockGenerator
                0x00000000210061a4       0x3e libpartition_1.a(Pmc.o)
 .text.disablePll
                0x00000000210061e2       0x26 libpartition_1.a(Pmc.o)
 .text.resetMainAndMasterClockConfiguration
                0x0000000021006208       0xc8 libpartition_1.a(Pmc.o)
 .text.disableXtal
                0x00000000210062d0       0x44 libpartition_1.a(Pmc.o)
 .text.enableXtal
                0x0000000021006314       0x78 libpartition_1.a(Pmc.o)
 .text.switchMainClockToXtal
                0x000000002100638c       0x56 libpartition_1.a(Pmc.o)
 .text.disableRC
                0x00000000210063e2       0x88 libpartition_1.a(Pmc.o)
 *fill*         0x000000002100646a        0x2 
 .text.configureMainckRcOsc
                0x000000002100646c       0x64 libpartition_1.a(Pmc.o)
 .text.preconfigureXtal
                0x00000000210064d0       0xbc libpartition_1.a(Pmc.o)
 .text.trySwitchingToTC
                0x000000002100658c       0x3c libpartition_1.a(Pmc.o)
 .text.configureMainckXOsc
                0x00000000210065c8       0xe0 libpartition_1.a(Pmc.o)
 .text.configureMainckBypass
                0x00000000210066a8      0x10c libpartition_1.a(Pmc.o)
 .text.configurePlla
                0x00000000210067b4      0x124 libpartition_1.a(Pmc.o)
 .text.configurePllb
                0x00000000210068d8      0x128 libpartition_1.a(Pmc.o)
 .text.Pmc_init
                0x0000000021006a00       0x1c libpartition_1.a(Pmc.o)
                0x0000000021006a00                Pmc_init
 .text.Pmc_setMainckConfig
                0x0000000021006a1c      0x13c libpartition_1.a(Pmc.o)
                0x0000000021006a1c                Pmc_setMainckConfig
 .text.Pmc_getMainckConfig
                0x0000000021006b58       0xbe libpartition_1.a(Pmc.o)
                0x0000000021006b58                Pmc_getMainckConfig
 *fill*         0x0000000021006c16        0x2 
 .text.Pmc_setPllConfig
                0x0000000021006c18       0x60 libpartition_1.a(Pmc.o)
                0x0000000021006c18                Pmc_setPllConfig
 .text.Pmc_getPllConfig
                0x0000000021006c78       0xe2 libpartition_1.a(Pmc.o)
                0x0000000021006c78                Pmc_getPllConfig
 .text.Pmc_setMasterckConfig
                0x0000000021006d5a       0x88 libpartition_1.a(Pmc.o)
                0x0000000021006d5a                Pmc_setMasterckConfig
 .text.Pmc_getMasterckConfig
                0x0000000021006de2       0x40 libpartition_1.a(Pmc.o)
                0x0000000021006de2                Pmc_getMasterckConfig
 .text.Pmc_setConfig
                0x0000000021006e22       0xda libpartition_1.a(Pmc.o)
                0x0000000021006e22                Pmc_setConfig
 .text.Pmc_enablePeripheralClk
                0x0000000021006efc       0x4a libpartition_1.a(Pmc.o)
                0x0000000021006efc                Pmc_enablePeripheralClk
 *fill*         0x0000000021006f46        0x2 
 .text.Pmc_isPeripheralClkEnabled
                0x0000000021006f48       0x6c libpartition_1.a(Pmc.o)
                0x0000000021006f48                Pmc_isPeripheralClkEnabled
 .text.Pmc_setPckConfig
                0x0000000021006fb4       0xac libpartition_1.a(Pmc.o)
                0x0000000021006fb4                Pmc_setPckConfig
 .text.Pmc_measureMainck
                0x0000000021007060       0x90 libpartition_1.a(Pmc.o)
                0x0000000021007060                Pmc_measureMainck
 .text.Pmc_setRc2OscillatorConfig
                0x00000000210070f0       0xa8 libpartition_1.a(Pmc.o)
                0x00000000210070f0                Pmc_setRc2OscillatorConfig
 .text.find_unique_destination
                0x0000000021007198       0x60 libpartition_1.a(RoutingHelper.o)
                0x0000000021007198                find_unique_destination
 .text.check_bus_has_any_destination_port
                0x00000000210071f8       0x50 libpartition_1.a(RoutingHelper.o)
                0x00000000210071f8                check_bus_has_any_destination_port
 .text.schedule_next_tick
                0x0000000021007248       0x8c libpartition_1.a(ThreadsCommon.o)
 .text.timer_callback
                0x00000000210072d4       0x50 libpartition_1.a(ThreadsCommon.o)
 .text.update_execution_time_data
                0x0000000021007324      0x140 libpartition_1.a(ThreadsCommon.o)
 *fill*         0x0000000021007464        0x4 
 .text.ThreadsCommon_CreateCyclicRequest
                0x0000000021007468      0x16c libpartition_1.a(ThreadsCommon.o)
                0x0000000021007468                ThreadsCommon_CreateCyclicRequest
 .text.ThreadsCommon_ProcessRequest
                0x00000000210075d4       0x80 libpartition_1.a(ThreadsCommon.o)
                0x00000000210075d4                ThreadsCommon_ProcessRequest
 .text.ThreadsCommon_SendRequest
                0x0000000021007654       0x7c libpartition_1.a(ThreadsCommon.o)
                0x0000000021007654                ThreadsCommon_SendRequest
 .text.ByteFifo_isFull
                0x00000000210076d0       0x26 libpartition_1.a(Uart.o)
 .text.ByteFifo_isEmpty
                0x00000000210076f6       0x22 libpartition_1.a(Uart.o)
 .text.setErrorCode
                0x0000000021007718       0x22 libpartition_1.a(Uart.o)
 .text.shiftValueLeft
                0x000000002100773a       0x28 libpartition_1.a(Uart.o)
 .text.shiftBitLeft
                0x0000000021007762       0x2e libpartition_1.a(Uart.o)
 .text.enterCriticalSection
                0x0000000021007790       0x2e libpartition_1.a(Uart.o)
 .text.exitCriticalSection
                0x00000000210077be       0x26 libpartition_1.a(Uart.o)
 .text.disableTxIrq
                0x00000000210077e4       0x24 libpartition_1.a(Uart.o)
 .text.disableRxIrq
                0x0000000021007808       0x24 libpartition_1.a(Uart.o)
 .text.addressBase
                0x000000002100782c       0x20 libpartition_1.a(Uart.o)
 .text.Uart_init
                0x000000002100784c       0x50 libpartition_1.a(Uart.o)
                0x000000002100784c                Uart_init
 .text.Uart_reset
                0x000000002100789c       0x50 libpartition_1.a(Uart.o)
                0x000000002100789c                Uart_reset
 .text.Uart_setConfig
                0x00000000210078ec      0x174 libpartition_1.a(Uart.o)
                0x00000000210078ec                Uart_setConfig
 .text.Uart_writeAsync
                0x0000000021007a60       0x6a libpartition_1.a(Uart.o)
                0x0000000021007a60                Uart_writeAsync
 .text.Uart_readAsync
                0x0000000021007aca       0x5e libpartition_1.a(Uart.o)
                0x0000000021007aca                Uart_readAsync
 .text.Uart_readRxFifo
                0x0000000021007b28       0x70 libpartition_1.a(Uart.o)
                0x0000000021007b28                Uart_readRxFifo
 .text.Uart_registerErrorHandler
                0x0000000021007b98       0x40 libpartition_1.a(Uart.o)
                0x0000000021007b98                Uart_registerErrorHandler
 .text.handleRxInterrupt
                0x0000000021007bd8       0xa0 libpartition_1.a(Uart.o)
 .text.getNextTxFifo
                0x0000000021007c78       0x2a libpartition_1.a(Uart.o)
 .text.handleTxInterrupt
                0x0000000021007ca2       0x9e libpartition_1.a(Uart.o)
 .text.Uart_handleInterrupt
                0x0000000021007d40       0x8e libpartition_1.a(Uart.o)
                0x0000000021007d40                Uart_handleInterrupt
 .text.Uart_getLinkErrors
                0x0000000021007dce       0x52 libpartition_1.a(Uart.o)
                0x0000000021007dce                Uart_getLinkErrors
 .text.Uart_getStatusRegister
                0x0000000021007e20       0x28 libpartition_1.a(Uart.o)
                0x0000000021007e20                Uart_getStatusRegister
 .text.BitStream_Init
                0x0000000021007e48       0x46 libpartition_1.a(asn1crt_encoding.o)
                0x0000000021007e48                BitStream_Init
 .text.BitStream_AttachBuffer
                0x0000000021007e8e       0x3c libpartition_1.a(asn1crt_encoding.o)
                0x0000000021007e8e                BitStream_AttachBuffer
 .text.BitStream_GetLength
                0x0000000021007eca       0x2a libpartition_1.a(asn1crt_encoding.o)
                0x0000000021007eca                BitStream_GetLength
 .text.BitStream_AppendNBitZero
                0x0000000021007ef4       0x7c libpartition_1.a(asn1crt_encoding.o)
                0x0000000021007ef4                BitStream_AppendNBitZero
 .text.BitStream_AppendByte
                0x0000000021007f70      0x108 libpartition_1.a(asn1crt_encoding.o)
                0x0000000021007f70                BitStream_AppendByte
 .text.BitStream_ReadByte
                0x0000000021008078       0x94 libpartition_1.a(asn1crt_encoding.o)
                0x0000000021008078                BitStream_ReadByte
 .text.BitStream_AppendPartialByte
                0x000000002100810c      0x1c0 libpartition_1.a(asn1crt_encoding.o)
                0x000000002100810c                BitStream_AppendPartialByte
 .text.BitStream_ReadPartialByte
                0x00000000210082cc      0x104 libpartition_1.a(asn1crt_encoding.o)
                0x00000000210082cc                BitStream_ReadPartialByte
 .text.BitStream_EncodeNonNegativeInteger32Neg
                0x00000000210083d0       0xe4 libpartition_1.a(asn1crt_encoding.o)
 .text.BitStream_DecodeNonNegativeInteger32Neg
                0x00000000210084b4       0x9a libpartition_1.a(asn1crt_encoding.o)
 .text.BitStream_EncodeNonNegativeInteger
                0x000000002100854e       0x1c libpartition_1.a(asn1crt_encoding.o)
                0x000000002100854e                BitStream_EncodeNonNegativeInteger
 .text.BitStream_DecodeNonNegativeInteger
                0x000000002100856a       0x20 libpartition_1.a(asn1crt_encoding.o)
                0x000000002100856a                BitStream_DecodeNonNegativeInteger
 .text.GetNumberOfBitsForNonNegativeInteger32
                0x000000002100858a       0x6c libpartition_1.a(asn1crt_encoding.o)
                0x000000002100858a                GetNumberOfBitsForNonNegativeInteger32
 .text.GetNumberOfBitsForNonNegativeInteger
                0x00000000210085f6       0x18 libpartition_1.a(asn1crt_encoding.o)
                0x00000000210085f6                GetNumberOfBitsForNonNegativeInteger
 *fill*         0x000000002100860e        0x2 
 .text.BitStream_EncodeConstraintPosWholeNumber
                0x0000000021008610       0x94 libpartition_1.a(asn1crt_encoding.o)
                0x0000000021008610                BitStream_EncodeConstraintPosWholeNumber
 .text.BitStream_DecodeConstraintPosWholeNumber
                0x00000000210086a4       0x9c libpartition_1.a(asn1crt_encoding.o)
                0x00000000210086a4                BitStream_DecodeConstraintPosWholeNumber
 .text.datacompressor_startup
                0x0000000021008740       0x18 libpartition_1.a(datacompressor.o)
                0x0000000021008740                datacompressor_startup
 .text.datacompressor_PI_ClearBuffer
                0x0000000021008758       0x34 libpartition_1.a(datacompressor.o)
                0x0000000021008758                datacompressor_PI_ClearBuffer
 .text.datacompressor_PI_WriteBuffer
                0x000000002100878c       0x68 libpartition_1.a(datacompressor.o)
                0x000000002100878c                datacompressor_PI_WriteBuffer
 .text.datacompressor_PI_StartCompression
                0x00000000210087f4       0x7c libpartition_1.a(datacompressor.o)
                0x00000000210087f4                datacompressor_PI_StartCompression
 .text.datacompressor_PI_Status
                0x0000000021008870       0x30 libpartition_1.a(datacompressor.o)
                0x0000000021008870                datacompressor_PI_Status
 .text.datacompressor_PI_ReadData
                0x00000000210088a0       0x84 libpartition_1.a(datacompressor.o)
                0x00000000210088a0                datacompressor_PI_ReadData
 .text.datauncompressor_startup
                0x0000000021008924       0x18 libpartition_1.a(datauncompressor.o)
                0x0000000021008924                datauncompressor_startup
 .text.datauncompressor_PI_ClearBuffer
                0x000000002100893c       0x34 libpartition_1.a(datauncompressor.o)
                0x000000002100893c                datauncompressor_PI_ClearBuffer
 .text.datauncompressor_PI_WriteBuffer
                0x0000000021008970       0x68 libpartition_1.a(datauncompressor.o)
                0x0000000021008970                datauncompressor_PI_WriteBuffer
 .text.datauncompressor_PI_StartUncompression
                0x00000000210089d8       0x80 libpartition_1.a(datauncompressor.o)
                0x00000000210089d8                datauncompressor_PI_StartUncompression
 .text.datauncompressor_PI_Status
                0x0000000021008a58       0x30 libpartition_1.a(datauncompressor.o)
                0x0000000021008a58                datauncompressor_PI_Status
 .text.datauncompressor_PI_ReadData
                0x0000000021008a88       0x90 libpartition_1.a(datauncompressor.o)
                0x0000000021008a88                datauncompressor_PI_ReadData
 .text.asn1SccT_UInt8_IsConstraintValid
                0x0000000021008b18       0x3a libpartition_1.a(dataview-uniq.o)
                0x0000000021008b18                asn1SccT_UInt8_IsConstraintValid
 .text.asn1SccT_UInt8_ACN_Encode
                0x0000000021008b52       0x5a libpartition_1.a(dataview-uniq.o)
                0x0000000021008b52                asn1SccT_UInt8_ACN_Encode
 .text.asn1SccT_UInt8_ACN_Decode
                0x0000000021008bac       0x5e libpartition_1.a(dataview-uniq.o)
                0x0000000021008bac                asn1SccT_UInt8_ACN_Decode
 *fill*         0x0000000021008c0a        0x2 
 .text.call_testcompressuncompress_runonce
                0x0000000021008c0c       0x54 libpartition_1.a(partition_1_interface.o)
                0x0000000021008c0c                call_testcompressuncompress_runonce
 .text.call_testcompressuncompress_samrh71rx
                0x0000000021008c60       0x58 libpartition_1.a(partition_1_interface.o)
                0x0000000021008c60                call_testcompressuncompress_samrh71rx
 .text.call_protected_DataCompressor_ClearBuffer
                0x0000000021008cb8       0x50 libpartition_1.a(partition_1_interface.o)
                0x0000000021008cb8                call_protected_DataCompressor_ClearBuffer
 .text.call_protected_DataCompressor_ReadData
                0x0000000021008d08       0x70 libpartition_1.a(partition_1_interface.o)
                0x0000000021008d08                call_protected_DataCompressor_ReadData
 .text.call_protected_DataCompressor_StartCompression
                0x0000000021008d78       0x50 libpartition_1.a(partition_1_interface.o)
                0x0000000021008d78                call_protected_DataCompressor_StartCompression
 .text.call_protected_DataCompressor_Status
                0x0000000021008dc8       0x60 libpartition_1.a(partition_1_interface.o)
                0x0000000021008dc8                call_protected_DataCompressor_Status
 .text.call_protected_DataCompressor_WriteBuffer
                0x0000000021008e28       0x60 libpartition_1.a(partition_1_interface.o)
                0x0000000021008e28                call_protected_DataCompressor_WriteBuffer
 .text.call_protected_DataUncompressor_ClearBuffer
                0x0000000021008e88       0x50 libpartition_1.a(partition_1_interface.o)
                0x0000000021008e88                call_protected_DataUncompressor_ClearBuffer
 .text.call_protected_DataUncompressor_ReadData
                0x0000000021008ed8       0x70 libpartition_1.a(partition_1_interface.o)
                0x0000000021008ed8                call_protected_DataUncompressor_ReadData
 .text.call_protected_DataUncompressor_StartUncompression
                0x0000000021008f48       0x50 libpartition_1.a(partition_1_interface.o)
                0x0000000021008f48                call_protected_DataUncompressor_StartUncompression
 .text.call_protected_DataUncompressor_Status
                0x0000000021008f98       0x60 libpartition_1.a(partition_1_interface.o)
                0x0000000021008f98                call_protected_DataUncompressor_Status
 .text.call_protected_DataUncompressor_WriteBuffer
                0x0000000021008ff8       0x60 libpartition_1.a(partition_1_interface.o)
                0x0000000021008ff8                call_protected_DataUncompressor_WriteBuffer
 .text.vm_testcompressuncompress_comp_clearbuffer
                0x0000000021009058       0x30 libpartition_1.a(partition_1_interface.o)
                0x0000000021009058                vm_testcompressuncompress_comp_clearbuffer
 .text.vm_testcompressuncompress_comp_readdata
                0x0000000021009088       0x50 libpartition_1.a(partition_1_interface.o)
                0x0000000021009088                vm_testcompressuncompress_comp_readdata
 .text.vm_testcompressuncompress_comp_startcompression
                0x00000000210090d8       0x30 libpartition_1.a(partition_1_interface.o)
                0x00000000210090d8                vm_testcompressuncompress_comp_startcompression
 .text.vm_testcompressuncompress_comp_status
                0x0000000021009108       0x40 libpartition_1.a(partition_1_interface.o)
                0x0000000021009108                vm_testcompressuncompress_comp_status
 .text.vm_testcompressuncompress_comp_writebuffer
                0x0000000021009148       0x40 libpartition_1.a(partition_1_interface.o)
                0x0000000021009148                vm_testcompressuncompress_comp_writebuffer
 .text.vm_testcompressuncompress_uncomp_clearbuffer
                0x0000000021009188       0x30 libpartition_1.a(partition_1_interface.o)
                0x0000000021009188                vm_testcompressuncompress_uncomp_clearbuffer
 .text.vm_testcompressuncompress_uncomp_readdata
                0x00000000210091b8       0x50 libpartition_1.a(partition_1_interface.o)
                0x00000000210091b8                vm_testcompressuncompress_uncomp_readdata
 .text.vm_testcompressuncompress_uncomp_startuncompression
                0x0000000021009208       0x30 libpartition_1.a(partition_1_interface.o)
                0x0000000021009208                vm_testcompressuncompress_uncomp_startuncompression
 .text.vm_testcompressuncompress_uncomp_status
                0x0000000021009238       0x40 libpartition_1.a(partition_1_interface.o)
                0x0000000021009238                vm_testcompressuncompress_uncomp_status
 .text.vm_testcompressuncompress_uncomp_writebuffer
                0x0000000021009278       0x40 libpartition_1.a(partition_1_interface.o)
                0x0000000021009278                vm_testcompressuncompress_uncomp_writebuffer
 .text.vm_testcompressuncompress_samrh71tx
                0x00000000210092b8       0x2a libpartition_1.a(partition_1_interface.o)
                0x00000000210092b8                vm_testcompressuncompress_samrh71tx
 *fill*         0x00000000210092e2        0x2 
 .text.testcompressuncompress_startup
                0x00000000210092e4       0x50 libpartition_1.a(testcompressuncompress.o)
                0x00000000210092e4                testcompressuncompress_startup
 .text.testcompressuncompress_PI_RunOnce
                0x0000000021009334      0x3a4 libpartition_1.a(testcompressuncompress.o)
                0x0000000021009334                testcompressuncompress_PI_RunOnce
 .text.testcompressuncompress_PI_samrh71rx
                0x00000000210096d8       0xac libpartition_1.a(testcompressuncompress.o)
                0x00000000210096d8                testcompressuncompress_PI_samrh71rx
 .text.register_uart_byte_transmitter_function
                0x0000000021009784       0x20 libpartition_1.a(testcompressuncompress.o)
                0x0000000021009784                register_uart_byte_transmitter_function
 .text.transmit_bytes_over_uart
                0x00000000210097a4       0x5c libpartition_1.a(testcompressuncompress.o)
                0x00000000210097a4                transmit_bytes_over_uart
 .text.testcompressuncompress_RI_Comp_ClearBuffer
                0x0000000021009800        0xe libpartition_1.a(testcompressuncompress_invoke_ri.o)
                0x0000000021009800                testcompressuncompress_RI_Comp_ClearBuffer
 *fill*         0x000000002100980e        0x2 
 .text.testcompressuncompress_RI_Comp_ClearBuffer_To_PID
                0x0000000021009810       0x20 libpartition_1.a(testcompressuncompress_invoke_ri.o)
                0x0000000021009810                testcompressuncompress_RI_Comp_ClearBuffer_To_PID
 .text.testcompressuncompress_RI_Comp_ReadData
                0x0000000021009830       0x26 libpartition_1.a(testcompressuncompress_invoke_ri.o)
                0x0000000021009830                testcompressuncompress_RI_Comp_ReadData
 *fill*         0x0000000021009856        0x2 
 .text.testcompressuncompress_RI_Comp_ReadData_To_PID
                0x0000000021009858       0x4c libpartition_1.a(testcompressuncompress_invoke_ri.o)
                0x0000000021009858                testcompressuncompress_RI_Comp_ReadData_To_PID
 .text.testcompressuncompress_RI_Comp_StartCompression
                0x00000000210098a4        0xe libpartition_1.a(testcompressuncompress_invoke_ri.o)
                0x00000000210098a4                testcompressuncompress_RI_Comp_StartCompression
 *fill*         0x00000000210098b2        0x2 
 .text.testcompressuncompress_RI_Comp_StartCompression_To_PID
                0x00000000210098b4       0x20 libpartition_1.a(testcompressuncompress_invoke_ri.o)
                0x00000000210098b4                testcompressuncompress_RI_Comp_StartCompression_To_PID
 .text.testcompressuncompress_RI_Comp_Status
                0x00000000210098d4       0x1c libpartition_1.a(testcompressuncompress_invoke_ri.o)
                0x00000000210098d4                testcompressuncompress_RI_Comp_Status
 .text.testcompressuncompress_RI_Comp_Status_To_PID
                0x00000000210098f0       0x3c libpartition_1.a(testcompressuncompress_invoke_ri.o)
                0x00000000210098f0                testcompressuncompress_RI_Comp_Status_To_PID
 .text.testcompressuncompress_RI_Comp_WriteBuffer
                0x000000002100992c       0x1c libpartition_1.a(testcompressuncompress_invoke_ri.o)
                0x000000002100992c                testcompressuncompress_RI_Comp_WriteBuffer
 .text.testcompressuncompress_RI_Comp_WriteBuffer_To_PID
                0x0000000021009948       0x30 libpartition_1.a(testcompressuncompress_invoke_ri.o)
                0x0000000021009948                testcompressuncompress_RI_Comp_WriteBuffer_To_PID
 .text.testcompressuncompress_RI_Uncomp_ClearBuffer
                0x0000000021009978        0xe libpartition_1.a(testcompressuncompress_invoke_ri.o)
                0x0000000021009978                testcompressuncompress_RI_Uncomp_ClearBuffer
 *fill*         0x0000000021009986        0x2 
 .text.testcompressuncompress_RI_Uncomp_ClearBuffer_To_PID
                0x0000000021009988       0x20 libpartition_1.a(testcompressuncompress_invoke_ri.o)
                0x0000000021009988                testcompressuncompress_RI_Uncomp_ClearBuffer_To_PID
 .text.testcompressuncompress_RI_Uncomp_ReadData
                0x00000000210099a8       0x26 libpartition_1.a(testcompressuncompress_invoke_ri.o)
                0x00000000210099a8                testcompressuncompress_RI_Uncomp_ReadData
 *fill*         0x00000000210099ce        0x2 
 .text.testcompressuncompress_RI_Uncomp_ReadData_To_PID
                0x00000000210099d0       0x4c libpartition_1.a(testcompressuncompress_invoke_ri.o)
                0x00000000210099d0                testcompressuncompress_RI_Uncomp_ReadData_To_PID
 .text.testcompressuncompress_RI_Uncomp_StartUncompression
                0x0000000021009a1c        0xe libpartition_1.a(testcompressuncompress_invoke_ri.o)
                0x0000000021009a1c                testcompressuncompress_RI_Uncomp_StartUncompression
 *fill*         0x0000000021009a2a        0x2 
 .text.testcompressuncompress_RI_Uncomp_StartUncompression_To_PID
                0x0000000021009a2c       0x20 libpartition_1.a(testcompressuncompress_invoke_ri.o)
                0x0000000021009a2c                testcompressuncompress_RI_Uncomp_StartUncompression_To_PID
 .text.testcompressuncompress_RI_Uncomp_Status
                0x0000000021009a4c       0x1c libpartition_1.a(testcompressuncompress_invoke_ri.o)
                0x0000000021009a4c                testcompressuncompress_RI_Uncomp_Status
 .text.testcompressuncompress_RI_Uncomp_Status_To_PID
                0x0000000021009a68       0x3c libpartition_1.a(testcompressuncompress_invoke_ri.o)
                0x0000000021009a68                testcompressuncompress_RI_Uncomp_Status_To_PID
 .text.testcompressuncompress_RI_Uncomp_WriteBuffer
                0x0000000021009aa4       0x1c libpartition_1.a(testcompressuncompress_invoke_ri.o)
                0x0000000021009aa4                testcompressuncompress_RI_Uncomp_WriteBuffer
 .text.testcompressuncompress_RI_Uncomp_WriteBuffer_To_PID
                0x0000000021009ac0       0x30 libpartition_1.a(testcompressuncompress_invoke_ri.o)
                0x0000000021009ac0                testcompressuncompress_RI_Uncomp_WriteBuffer_To_PID
 .text.testcompressuncompress_RI_samrh71tx
                0x0000000021009af0       0x18 libpartition_1.a(testcompressuncompress_invoke_ri.o)
                0x0000000021009af0                testcompressuncompress_RI_samrh71tx
 .text.testcompressuncompress_RI_samrh71tx_To_PID
                0x0000000021009b08       0x54 libpartition_1.a(testcompressuncompress_invoke_ri.o)
                0x0000000021009b08                testcompressuncompress_RI_samrh71tx_To_PID
 .text.uncompress2_z
                0x0000000021009b5c      0x150 libpartition_1.a(uncompr.o)
                0x0000000021009b5c                uncompress2_z
 .text.uncompress2
                0x0000000021009cac       0x42 libpartition_1.a(uncompr.o)
                0x0000000021009cac                uncompress2
 .text.uncompress
                0x0000000021009cee       0x2a libpartition_1.a(uncompr.o)
                0x0000000021009cee                uncompress
 .text.zcalloc  0x0000000021009d18       0x64 libpartition_1.a(zutil.o)
                0x0000000021009d18                zcalloc
 .text.zcfree   0x0000000021009d7c       0x16 libpartition_1.a(zutil.o)
                0x0000000021009d7c                zcfree
 *fill*         0x0000000021009d92        0x2 
 .text.zcfreeall
                0x0000000021009d94       0x18 libpartition_1.a(zutil.o)
                0x0000000021009d94                zcfreeall
 .text.compress2_z
                0x0000000021009dac      0x104 libpartition_1.a(compress.o)
                0x0000000021009dac                compress2_z
 .text.compress2
                0x0000000021009eb0       0x38 libpartition_1.a(compress.o)
                0x0000000021009eb0                compress2
 .text.compressBound_z
                0x0000000021009ee8       0x3c libpartition_1.a(compress.o)
                0x0000000021009ee8                compressBound_z
 .text.compressBound
                0x0000000021009f24       0x1a libpartition_1.a(compress.o)
                0x0000000021009f24                compressBound
 .text.slide_hash
                0x0000000021009f3e       0xaa libpartition_1.a(deflate.o)
 .text.read_buf
                0x0000000021009fe8       0xa2 libpartition_1.a(deflate.o)
 .text.fill_window
                0x000000002100a08a      0x2d6 libpartition_1.a(deflate.o)
 .text.deflateInit_
                0x000000002100a360       0x34 libpartition_1.a(deflate.o)
                0x000000002100a360                deflateInit_
 .text.deflateInit2_
                0x000000002100a394      0x2d0 libpartition_1.a(deflate.o)
                0x000000002100a394                deflateInit2_
 .text.deflateStateCheck
                0x000000002100a664       0x8e libpartition_1.a(deflate.o)
 .text.deflateResetKeep
                0x000000002100a6f2       0xaa libpartition_1.a(deflate.o)
                0x000000002100a6f2                deflateResetKeep
 .text.lm_init  0x000000002100a79c      0x104 libpartition_1.a(deflate.o)
 .text.deflateReset
                0x000000002100a8a0       0x2a libpartition_1.a(deflate.o)
                0x000000002100a8a0                deflateReset
 .text.putShortMSB
                0x000000002100a8ca       0x42 libpartition_1.a(deflate.o)
 .text.flush_pending
                0x000000002100a90c       0x90 libpartition_1.a(deflate.o)
 .text.deflate  0x000000002100a99c      0xb38 libpartition_1.a(deflate.o)
                0x000000002100a99c                deflate
 .text.deflateEnd
                0x000000002100b4d4       0xbe libpartition_1.a(deflate.o)
                0x000000002100b4d4                deflateEnd
 .text.longest_match
                0x000000002100b592      0x264 libpartition_1.a(deflate.o)
 .text.deflate_stored
                0x000000002100b7f6      0x5c4 libpartition_1.a(deflate.o)
 *fill*         0x000000002100bdba        0x2 
 .text.deflate_fast
                0x000000002100bdbc      0x4f8 libpartition_1.a(deflate.o)
 .text.deflate_slow
                0x000000002100c2b4      0x670 libpartition_1.a(deflate.o)
 .text.deflate_rle
                0x000000002100c924      0x4a0 libpartition_1.a(deflate.o)
 .text.deflate_huff
                0x000000002100cdc4      0x22c libpartition_1.a(deflate.o)
 .text.inflateStateCheck
                0x000000002100cff0       0x62 libpartition_1.a(inflate.o)
 .text.inflateResetKeep
                0x000000002100d052       0xce libpartition_1.a(inflate.o)
                0x000000002100d052                inflateResetKeep
 .text.inflateReset
                0x000000002100d120       0x42 libpartition_1.a(inflate.o)
                0x000000002100d120                inflateReset
 .text.inflateReset2
                0x000000002100d162       0xb4 libpartition_1.a(inflate.o)
                0x000000002100d162                inflateReset2
 *fill*         0x000000002100d216        0x2 
 .text.inflateInit2_
                0x000000002100d218       0xd8 libpartition_1.a(inflate.o)
                0x000000002100d218                inflateInit2_
 .text.inflateInit_
                0x000000002100d2f0       0x22 libpartition_1.a(inflate.o)
                0x000000002100d2f0                inflateInit_
 .text.updatewindow
                0x000000002100d312      0x136 libpartition_1.a(inflate.o)
 .text.inflate  0x000000002100d448     0x19f4 libpartition_1.a(inflate.o)
                0x000000002100d448                inflate
 .text.inflateEnd
                0x000000002100ee3c       0x58 libpartition_1.a(inflate.o)
                0x000000002100ee3c                inflateEnd
 .text.inflate_table
                0x000000002100ee94      0x650 libpartition_1.a(inftrees.o)
                0x000000002100ee94                inflate_table
 .text.inflate_fixed
                0x000000002100f4e4       0x34 libpartition_1.a(inftrees.o)
                0x000000002100f4e4                inflate_fixed
 .text.bi_reverse
                0x000000002100f518       0x42 libpartition_1.a(trees.o)
 .text.bi_flush
                0x000000002100f55a       0xd6 libpartition_1.a(trees.o)
 .text.bi_windup
                0x000000002100f630       0xc4 libpartition_1.a(trees.o)
 .text.gen_codes
                0x000000002100f6f4       0xb4 libpartition_1.a(trees.o)
 .text.tr_static_init
                0x000000002100f7a8        0xe libpartition_1.a(trees.o)
 .text.init_block
                0x000000002100f7b6       0xc4 libpartition_1.a(trees.o)
 *fill*         0x000000002100f87a        0x2 
 .text._tr_init
                0x000000002100f87c       0x8c libpartition_1.a(trees.o)
                0x000000002100f87c                _tr_init
 .text.pqdownheap
                0x000000002100f908      0x1a0 libpartition_1.a(trees.o)
 .text.gen_bitlen
                0x000000002100faa8      0x2da libpartition_1.a(trees.o)
 .text.build_tree
                0x000000002100fd82      0x346 libpartition_1.a(trees.o)
 .text.scan_tree
                0x00000000210100c8      0x15e libpartition_1.a(trees.o)
 .text.send_tree
                0x0000000021010226      0xa2a libpartition_1.a(trees.o)
 .text.build_bl_tree
                0x0000000021010c50       0x9c libpartition_1.a(trees.o)
 .text.send_all_trees
                0x0000000021010cec      0x4ec libpartition_1.a(trees.o)
 .text._tr_stored_block
                0x00000000210111d8      0x1c6 libpartition_1.a(trees.o)
                0x00000000210111d8                _tr_stored_block
 .text._tr_flush_bits
                0x000000002101139e       0x16 libpartition_1.a(trees.o)
                0x000000002101139e                _tr_flush_bits
 .text._tr_align
                0x00000000210113b4      0x240 libpartition_1.a(trees.o)
                0x00000000210113b4                _tr_align
 .text.compress_block
                0x00000000210115f4      0x80c libpartition_1.a(trees.o)
 .text.detect_data_type
                0x0000000021011e00       0x9c libpartition_1.a(trees.o)
 .text._tr_flush_block
                0x0000000021011e9c      0x35c libpartition_1.a(trees.o)
                0x0000000021011e9c                _tr_flush_block
 .text.adler32_z
                0x00000000210121f8      0x47c libpartition_1.a(adler32.o)
                0x00000000210121f8                adler32_z
 .text.adler32  0x0000000021012674       0x20 libpartition_1.a(adler32.o)
                0x0000000021012674                adler32
 .text.byte_swap
                0x0000000021012694       0x32 libpartition_1.a(crc32.o)
 *fill*         0x00000000210126c6        0x2 
 .text.crc_word
                0x00000000210126c8       0x40 libpartition_1.a(crc32.o)
 .text.crc_word_big
                0x0000000021012708       0x40 libpartition_1.a(crc32.o)
 .text.crc32_z  0x0000000021012748      0x55c libpartition_1.a(crc32.o)
                0x0000000021012748                crc32_z
 .text.crc32    0x0000000021012ca4       0x20 libpartition_1.a(crc32.o)
                0x0000000021012ca4                crc32
 .text.inflate_fast
                0x0000000021012cc4      0x5f4 libpartition_1.a(inffast.o)
                0x0000000021012cc4                inflate_fast
 .text.CPU_usage_Per_thread_handler
                0x00000000210132b8       0x20 /opt/taste-rtems-qdp-arm/arm-rtems6/n7sbsp-samrh71f20/lib/librtemscpu.a(cpuusagereset.c.86.o)
 .text.rtems_cpu_usage_reset
                0x00000000210132d8       0x2c /opt/taste-rtems-qdp-arm/arm-rtems6/n7sbsp-samrh71f20/lib/librtemscpu.a(cpuusagereset.c.86.o)
                0x00000000210132d8                rtems_cpu_usage_reset
 .text._Message_queue_Get_buffers
                0x0000000021013304       0x24 /opt/taste-rtems-qdp-arm/arm-rtems6/n7sbsp-samrh71f20/lib/librtemscpu.a(msgqconstruct.c.86.o)
 .text._Message_queue_Manager_initialization
                0x0000000021013328        0xc /opt/taste-rtems-qdp-arm/arm-rtems6/n7sbsp-samrh71f20/lib/librtemscpu.a(msgqconstruct.c.86.o)
 .text._Message_queue_Create
                0x0000000021013334       0xa4 /opt/taste-rtems-qdp-arm/arm-rtems6/n7sbsp-samrh71f20/lib/librtemscpu.a(msgqconstruct.c.86.o)
                0x0000000021013334                _Message_queue_Create
 .text.rtems_message_queue_construct
                0x00000000210133d8       0x10 /opt/taste-rtems-qdp-arm/arm-rtems6/n7sbsp-samrh71f20/lib/librtemscpu.a(msgqconstruct.c.86.o)
                0x00000000210133d8                rtems_message_queue_construct
 .text.rtems_message_queue_get_number_pending
                0x00000000210133e8       0x30 /opt/taste-rtems-qdp-arm/arm-rtems6/n7sbsp-samrh71f20/lib/librtemscpu.a(msgqgetnumberpending.c.86.o)
                0x00000000210133e8                rtems_message_queue_get_number_pending
 .text.rtems_message_queue_receive
                0x0000000021013418       0x60 /opt/taste-rtems-qdp-arm/arm-rtems6/n7sbsp-samrh71f20/lib/librtemscpu.a(msgqreceive.c.86.o)
                0x0000000021013418                rtems_message_queue_receive
 .text.rtems_message_queue_send
                0x0000000021013478       0x48 /opt/taste-rtems-qdp-arm/arm-rtems6/n7sbsp-samrh71f20/lib/librtemscpu.a(msgqsend.c.86.o)
                0x0000000021013478                rtems_message_queue_send
 .text._Semaphore_Manager_initialization
                0x00000000210134c0        0xc /opt/taste-rtems-qdp-arm/arm-rtems6/n7sbsp-samrh71f20/lib/librtemscpu.a(semcreate.c.86.o)
 .text.rtems_semaphore_create
                0x00000000210134cc      0x184 /opt/taste-rtems-qdp-arm/arm-rtems6/n7sbsp-samrh71f20/lib/librtemscpu.a(semcreate.c.86.o)
                0x00000000210134cc                rtems_semaphore_create
 .text.rtems_semaphore_obtain
                0x0000000021013650      0x170 /opt/taste-rtems-qdp-arm/arm-rtems6/n7sbsp-samrh71f20/lib/librtemscpu.a(semobtain.c.86.o)
                0x0000000021013650                rtems_semaphore_obtain
 .text.rtems_semaphore_release
                0x00000000210137c0      0x120 /opt/taste-rtems-qdp-arm/arm-rtems6/n7sbsp-samrh71f20/lib/librtemscpu.a(semrelease.c.86.o)
                0x00000000210137c0                rtems_semaphore_release
 .text._RTEMS_tasks_Start_extension
                0x00000000210138e0        0xc /opt/taste-rtems-qdp-arm/arm-rtems6/n7sbsp-samrh71f20/lib/librtemscpu.a(taskconstruct.c.86.o)
 .text._RTEMS_tasks_Prepare_user_stack
                0x00000000210138ec       0x40 /opt/taste-rtems-qdp-arm/arm-rtems6/n7sbsp-samrh71f20/lib/librtemscpu.a(taskconstruct.c.86.o)
 .text._RTEMS_tasks_Manager_initialization
                0x000000002101392c       0x1c /opt/taste-rtems-qdp-arm/arm-rtems6/n7sbsp-samrh71f20/lib/librtemscpu.a(taskconstruct.c.86.o)
 .text._RTEMS_tasks_Create
                0x0000000021013948      0x110 /opt/taste-rtems-qdp-arm/arm-rtems6/n7sbsp-samrh71f20/lib/librtemscpu.a(taskconstruct.c.86.o)
                0x0000000021013948                _RTEMS_tasks_Create
 .text.rtems_task_construct
                0x0000000021013a58       0x10 /opt/taste-rtems-qdp-arm/arm-rtems6/n7sbsp-samrh71f20/lib/librtemscpu.a(taskconstruct.c.86.o)
                0x0000000021013a58                rtems_task_construct
 .text._RTEMS_tasks_Construct_user_task
                0x0000000021013a68       0x34 /opt/taste-rtems-qdp-arm/arm-rtems6/n7sbsp-samrh71f20/lib/librtemscpu.a(taskconstructuser.c.86.o)
                0x0000000021013a68                _RTEMS_tasks_Construct_user_task
 .text.rtems_task_delete
                0x0000000021013a9c       0x48 /opt/taste-rtems-qdp-arm/arm-rtems6/n7sbsp-samrh71f20/lib/librtemscpu.a(taskdelete.c.86.o)
                0x0000000021013a9c                rtems_task_delete
 .text.rtems_task_iterate
                0x0000000021013ae4       0x1c /opt/taste-rtems-qdp-arm/arm-rtems6/n7sbsp-samrh71f20/lib/librtemscpu.a(taskiterate.c.86.o)
                0x0000000021013ae4                rtems_task_iterate
 .text.rtems_task_start
                0x0000000021013b00       0x3c /opt/taste-rtems-qdp-arm/arm-rtems6/n7sbsp-samrh71f20/lib/librtemscpu.a(taskstart.c.86.o)
                0x0000000021013b00                rtems_task_start
 .text._Timer_Manager_initialization
                0x0000000021013b3c        0xc /opt/taste-rtems-qdp-arm/arm-rtems6/n7sbsp-samrh71f20/lib/librtemscpu.a(timercreate.c.86.o)
 .text._Timer_Routine_adaptor
                0x0000000021013b48       0x14 /opt/taste-rtems-qdp-arm/arm-rtems6/n7sbsp-samrh71f20/lib/librtemscpu.a(timercreate.c.86.o)
                0x0000000021013b48                _Timer_Routine_adaptor
 .text._Timer_Cancel
                0x0000000021013b5c       0x4c /opt/taste-rtems-qdp-arm/arm-rtems6/n7sbsp-samrh71f20/lib/librtemscpu.a(timercreate.c.86.o)
                0x0000000021013b5c                _Timer_Cancel
 .text._Timer_Fire
                0x0000000021013ba8       0x84 /opt/taste-rtems-qdp-arm/arm-rtems6/n7sbsp-samrh71f20/lib/librtemscpu.a(timercreate.c.86.o)
                0x0000000021013ba8                _Timer_Fire
 .text._Timer_Fire_after
                0x0000000021013c2c       0x20 /opt/taste-rtems-qdp-arm/arm-rtems6/n7sbsp-samrh71f20/lib/librtemscpu.a(timercreate.c.86.o)
                0x0000000021013c2c                _Timer_Fire_after
 .text.rtems_timer_create
                0x0000000021013c4c       0x50 /opt/taste-rtems-qdp-arm/arm-rtems6/n7sbsp-samrh71f20/lib/librtemscpu.a(timercreate.c.86.o)
                0x0000000021013c4c                rtems_timer_create
 .text.rtems_timer_fire_after
                0x0000000021013c9c       0x18 /opt/taste-rtems-qdp-arm/arm-rtems6/n7sbsp-samrh71f20/lib/librtemscpu.a(timerfireafter.c.86.o)
                0x0000000021013c9c                rtems_timer_fire_after
 .text._RTEMS_Lock_allocator
                0x0000000021013cb4        0xc /opt/taste-rtems-qdp-arm/arm-rtems6/n7sbsp-samrh71f20/lib/librtemscpu.a(allocatormutex.c.86.o)
                0x0000000021013cb4                _RTEMS_Lock_allocator
 .text._RTEMS_Unlock_allocator
                0x0000000021013cc0        0xc /opt/taste-rtems-qdp-arm/arm-rtems6/n7sbsp-samrh71f20/lib/librtemscpu.a(allocatormutex.c.86.o)
                0x0000000021013cc0                _RTEMS_Unlock_allocator
 .text._API_Mutex_Lock
                0x0000000021013ccc       0x1c /opt/taste-rtems-qdp-arm/arm-rtems6/n7sbsp-samrh71f20/lib/librtemscpu.a(apimutexlock.c.86.o)
                0x0000000021013ccc                _API_Mutex_Lock
 .text._API_Mutex_Unlock
                0x0000000021013ce8       0x18 /opt/taste-rtems-qdp-arm/arm-rtems6/n7sbsp-samrh71f20/lib/librtemscpu.a(apimutexunlock.c.86.o)
                0x0000000021013ce8                _API_Mutex_Unlock
 .text._CORE_message_queue_Initialize
                0x0000000021013d00       0x8c /opt/taste-rtems-qdp-arm/arm-rtems6/n7sbsp-samrh71f20/lib/librtemscpu.a(coremsg.c.86.o)
                0x0000000021013d00                _CORE_message_queue_Initialize
 .text._CORE_message_queue_Seize
                0x0000000021013d8c       0xb4 /opt/taste-rtems-qdp-arm/arm-rtems6/n7sbsp-samrh71f20/lib/librtemscpu.a(coremsgseize.c.86.o)
                0x0000000021013d8c                _CORE_message_queue_Seize
 .text._CORE_message_queue_Submit
                0x0000000021013e40       0xd8 /opt/taste-rtems-qdp-arm/arm-rtems6/n7sbsp-samrh71f20/lib/librtemscpu.a(coremsgsubmit.c.86.o)
                0x0000000021013e40                _CORE_message_queue_Submit
 .text._CORE_mutex_Seize_slow
                0x0000000021013f18       0x2c /opt/taste-rtems-qdp-arm/arm-rtems6/n7sbsp-samrh71f20/lib/librtemscpu.a(coremutexseize.c.86.o)
                0x0000000021013f18                _CORE_mutex_Seize_slow
 .text._CORE_semaphore_Initialize
                0x0000000021013f44        0x8 /opt/taste-rtems-qdp-arm/arm-rtems6/n7sbsp-samrh71f20/lib/librtemscpu.a(coresem.c.86.o)
                0x0000000021013f44                _CORE_semaphore_Initialize
 .text._Terminate
                0x0000000021013f4c       0x2c /opt/taste-rtems-qdp-arm/arm-rtems6/n7sbsp-samrh71f20/lib/librtemscpu.a(interr.c.86.o)
                0x0000000021013f4c                _Terminate
 .text._Internal_error
                0x0000000021013f78        0xc /opt/taste-rtems-qdp-arm/arm-rtems6/n7sbsp-samrh71f20/lib/librtemscpu.a(interr.c.86.o)
                0x0000000021013f78                _Internal_error
 .text._ISR_Is_in_progress
                0x0000000021013f84       0x10 /opt/taste-rtems-qdp-arm/arm-rtems6/n7sbsp-samrh71f20/lib/librtemscpu.a(isrisinprogress.c.86.o)
                0x0000000021013f84                _ISR_Is_in_progress
 .text.dummy_get_timecount
                0x0000000021013f94        0x4 /opt/taste-rtems-qdp-arm/arm-rtems6/n7sbsp-samrh71f20/lib/librtemscpu.a(kern_tc.c.86.o)
 .text._Timecounter_Windup
                0x0000000021013f98      0x320 /opt/taste-rtems-qdp-arm/arm-rtems6/n7sbsp-samrh71f20/lib/librtemscpu.a(kern_tc.c.86.o)
 .text._Timecounter_Sbinuptime
                0x00000000210142b8       0x6c /opt/taste-rtems-qdp-arm/arm-rtems6/n7sbsp-samrh71f20/lib/librtemscpu.a(kern_tc.c.86.o)
                0x00000000210142b8                _Timecounter_Sbinuptime
                0x00000000210142b8                rtems_clock_get_monotonic_sbintime
 .text._Timecounter_Getnanouptime
                0x0000000021014324       0x40 /opt/taste-rtems-qdp-arm/arm-rtems6/n7sbsp-samrh71f20/lib/librtemscpu.a(kern_tc.c.86.o)
                0x0000000021014324                rtems_clock_get_monotonic_coarse
                0x0000000021014324                _Timecounter_Getnanouptime
 .text._Timecounter_Getnanotime
                0x0000000021014364       0x2c /opt/taste-rtems-qdp-arm/arm-rtems6/n7sbsp-samrh71f20/lib/librtemscpu.a(kern_tc.c.86.o)
                0x0000000021014364                _Timecounter_Getnanotime
                0x0000000021014364                rtems_clock_get_realtime_coarse
 .text._Timecounter_Install
                0x0000000021014390       0x40 /opt/taste-rtems-qdp-arm/arm-rtems6/n7sbsp-samrh71f20/lib/librtemscpu.a(kern_tc.c.86.o)
                0x0000000021014390                _Timecounter_Install
 .text._Timecounter_Tick
                0x00000000210143d0       0x28 /opt/taste-rtems-qdp-arm/arm-rtems6/n7sbsp-samrh71f20/lib/librtemscpu.a(kern_tc.c.86.o)
                0x00000000210143d0                _Timecounter_Tick
 .text._Mutex_recursive_Acquire
                0x00000000210143f8       0x5c /opt/taste-rtems-qdp-arm/arm-rtems6/n7sbsp-samrh71f20/lib/librtemscpu.a(mutex.c.86.o)
                0x00000000210143f8                _Mutex_recursive_Acquire
 .text._Mutex_recursive_Release
                0x0000000021014454       0x44 /opt/taste-rtems-qdp-arm/arm-rtems6/n7sbsp-samrh71f20/lib/librtemscpu.a(mutex.c.86.o)
                0x0000000021014454                _Mutex_recursive_Release
 .text._Objects_Allocate
                0x0000000021014498       0x14 /opt/taste-rtems-qdp-arm/arm-rtems6/n7sbsp-samrh71f20/lib/librtemscpu.a(objectallocate.c.86.o)
                0x0000000021014498                _Objects_Allocate
 .text._Objects_Allocate_static
                0x00000000210144ac       0x1c /opt/taste-rtems-qdp-arm/arm-rtems6/n7sbsp-samrh71f20/lib/librtemscpu.a(objectallocatestatic.c.86.o)
                0x00000000210144ac                _Objects_Allocate_static
 .text._Objects_Free_nothing
                0x00000000210144c8        0x4 /opt/taste-rtems-qdp-arm/arm-rtems6/n7sbsp-samrh71f20/lib/librtemscpu.a(objectfreenothing.c.86.o)
                0x00000000210144c8                _Objects_Free_nothing
 .text._Objects_Free_static
                0x00000000210144cc       0x10 /opt/taste-rtems-qdp-arm/arm-rtems6/n7sbsp-samrh71f20/lib/librtemscpu.a(objectfreestatic.c.86.o)
                0x00000000210144cc                _Objects_Free_static
 .text._Objects_Get
                0x00000000210144dc       0x38 /opt/taste-rtems-qdp-arm/arm-rtems6/n7sbsp-samrh71f20/lib/librtemscpu.a(objectgetlocal.c.86.o)
                0x00000000210144dc                _Objects_Get
 .text._Objects_Initialize_information
                0x0000000021014514       0x70 /opt/taste-rtems-qdp-arm/arm-rtems6/n7sbsp-samrh71f20/lib/librtemscpu.a(objectinitializeinformation.c.86.o)
                0x0000000021014514                _Objects_Initialize_information
 .text._Scheduler_default_Map_priority
                0x0000000021014584        0x8 /opt/taste-rtems-qdp-arm/arm-rtems6/n7sbsp-samrh71f20/lib/librtemscpu.a(schedulerdefaultmappriority.c.86.o)
                0x0000000021014584                _Scheduler_default_Map_priority
 .text._Scheduler_default_Unmap_priority
                0x000000002101458c        0xc /opt/taste-rtems-qdp-arm/arm-rtems6/n7sbsp-samrh71f20/lib/librtemscpu.a(schedulerdefaultmappriority.c.86.o)
                0x000000002101458c                _Scheduler_default_Unmap_priority
 .text._Scheduler_default_Node_destroy
                0x0000000021014598        0x4 /opt/taste-rtems-qdp-arm/arm-rtems6/n7sbsp-samrh71f20/lib/librtemscpu.a(schedulerdefaultnodedestroy.c.86.o)
                0x0000000021014598                _Scheduler_default_Node_destroy
 .text._Scheduler_default_Release_job
                0x000000002101459c        0x4 /opt/taste-rtems-qdp-arm/arm-rtems6/n7sbsp-samrh71f20/lib/librtemscpu.a(schedulerdefaultreleasejob.c.86.o)
                0x000000002101459c                _Scheduler_default_Release_job
 .text._Scheduler_default_Cancel_job
                0x00000000210145a0        0x4 /opt/taste-rtems-qdp-arm/arm-rtems6/n7sbsp-samrh71f20/lib/librtemscpu.a(schedulerdefaultreleasejob.c.86.o)
                0x00000000210145a0                _Scheduler_default_Cancel_job
 .text._Scheduler_default_Start_idle
                0x00000000210145a4        0xc /opt/taste-rtems-qdp-arm/arm-rtems6/n7sbsp-samrh71f20/lib/librtemscpu.a(schedulerdefaultstartidle.c.86.o)
                0x00000000210145a4                _Scheduler_default_Start_idle
 .text._Scheduler_priority_Initialize
                0x00000000210145b0       0x48 /opt/taste-rtems-qdp-arm/arm-rtems6/n7sbsp-samrh71f20/lib/librtemscpu.a(schedulerpriority.c.86.o)
                0x00000000210145b0                _Scheduler_priority_Initialize
 .text._Scheduler_priority_Node_initialize
                0x00000000210145f8       0x60 /opt/taste-rtems-qdp-arm/arm-rtems6/n7sbsp-samrh71f20/lib/librtemscpu.a(schedulerpriority.c.86.o)
                0x00000000210145f8                _Scheduler_priority_Node_initialize
 .text._Scheduler_priority_Block