graph: { title: "/home/taste/work/work/data-compress-git-out/work/build/node_1/partition_1/runtime/SAMX-RTEMS-Runtime/arm-bsp/src/Sdramc/Sdramc.c"
node: { title: "Sdramc_init" label: "Sdramc_init\n/home/taste/work/work/data-compress-git-out/work/build/node_1/partition_1/runtime/SAMX-RTEMS-Runtime/arm-bsp/src/Sdramc/Sdramc.c:37:1\n16 bytes (static)" }
node: { title: "memset" label: "memset\n/opt/taste-rtems-qdp-arm/arm-rtems6/include/string.h:33:9" shape : ellipse }
edge: { sourcename: "Sdramc_init" targetname: "memset" label: "/home/taste/work/work/data-compress-git-out/work/build/node_1/partition_1/runtime/SAMX-RTEMS-Runtime/arm-bsp/src/Sdramc/Sdramc.c:39:2" }
node: { title: "Sdramc_startup" label: "Sdramc_startup\n/home/taste/work/work/data-compress-git-out/work/build/node_1/partition_1/runtime/SAMX-RTEMS-Runtime/arm-bsp/src/Sdramc/Sdramc.c:52:1\n16 bytes (static)" }
node: { title: "Sdramc_shutdown" label: "Sdramc_shutdown\n/home/taste/work/work/data-compress-git-out/work/build/node_1/partition_1/runtime/SAMX-RTEMS-Runtime/arm-bsp/src/Sdramc/Sdramc.c:59:1\n16 bytes (static)" }
node: { title: "/home/taste/work/work/data-compress-git-out/work/build/node_1/partition_1/runtime/SAMX-RTEMS-Runtime/arm-bsp/src/Sdramc/Sdramc.c:setLpsdramConfig" label: "setLpsdramConfig\n/home/taste/work/work/data-compress-git-out/work/build/node_1/partition_1/runtime/SAMX-RTEMS-Runtime/arm-bsp/src/Sdramc/Sdramc.c:66:1\n24 bytes (static)" }
node: { title: "/home/taste/work/work/data-compress-git-out/work/build/node_1/partition_1/runtime/SAMX-RTEMS-Runtime/arm-bsp/src/Sdramc/Sdramc.c:getCrValue" label: "getCrValue\n/home/taste/work/work/data-compress-git-out/work/build/node_1/partition_1/runtime/SAMX-RTEMS-Runtime/arm-bsp/src/Sdramc/Sdramc.c:83:1\n16 bytes (static)" }
node: { title: "/home/taste/work/work/data-compress-git-out/work/build/node_1/partition_1/runtime/SAMX-RTEMS-Runtime/arm-bsp/src/Sdramc/Sdramc.c:getCfr1Value" label: "getCfr1Value\n/home/taste/work/work/data-compress-git-out/work/build/node_1/partition_1/runtime/SAMX-RTEMS-Runtime/arm-bsp/src/Sdramc/Sdramc.c:118:1\n16 bytes (static)" }
node: { title: "/home/taste/work/work/data-compress-git-out/work/build/node_1/partition_1/runtime/SAMX-RTEMS-Runtime/arm-bsp/src/Sdramc/Sdramc.c:getLprValue" label: "getLprValue\n/home/taste/work/work/data-compress-git-out/work/build/node_1/partition_1/runtime/SAMX-RTEMS-Runtime/arm-bsp/src/Sdramc/Sdramc.c:129:1\n16 bytes (static)" }
node: { title: "Sdramc_setConfig" label: "Sdramc_setConfig\n/home/taste/work/work/data-compress-git-out/work/build/node_1/partition_1/runtime/SAMX-RTEMS-Runtime/arm-bsp/src/Sdramc/Sdramc.c:143:1\n24 bytes (static)" }
edge: { sourcename: "Sdramc_setConfig" targetname: "/home/taste/work/work/data-compress-git-out/work/build/node_1/partition_1/runtime/SAMX-RTEMS-Runtime/arm-bsp/src/Sdramc/Sdramc.c:getCrValue" label: "/home/taste/work/work/data-compress-git-out/work/build/node_1/partition_1/runtime/SAMX-RTEMS-Runtime/arm-bsp/src/Sdramc/Sdramc.c:147:26" }
edge: { sourcename: "Sdramc_setConfig" targetname: "/home/taste/work/work/data-compress-git-out/work/build/node_1/partition_1/runtime/SAMX-RTEMS-Runtime/arm-bsp/src/Sdramc/Sdramc.c:getCfr1Value" label: "/home/taste/work/work/data-compress-git-out/work/build/node_1/partition_1/runtime/SAMX-RTEMS-Runtime/arm-bsp/src/Sdramc/Sdramc.c:148:28" }
edge: { sourcename: "Sdramc_setConfig" targetname: "/home/taste/work/work/data-compress-git-out/work/build/node_1/partition_1/runtime/SAMX-RTEMS-Runtime/arm-bsp/src/Sdramc/Sdramc.c:getLprValue" label: "/home/taste/work/work/data-compress-git-out/work/build/node_1/partition_1/runtime/SAMX-RTEMS-Runtime/arm-bsp/src/Sdramc/Sdramc.c:149:27" }
edge: { sourcename: "Sdramc_setConfig" targetname: "/home/taste/work/work/data-compress-git-out/work/build/node_1/partition_1/runtime/SAMX-RTEMS-Runtime/arm-bsp/src/Sdramc/Sdramc.c:setLpsdramConfig" label: "/home/taste/work/work/data-compress-git-out/work/build/node_1/partition_1/runtime/SAMX-RTEMS-Runtime/arm-bsp/src/Sdramc/Sdramc.c:152:3" }
node: { title: "/home/taste/work/work/data-compress-git-out/work/build/node_1/partition_1/runtime/SAMX-RTEMS-Runtime/arm-bsp/src/Sdramc/Sdramc.c:readCrRegistry" label: "readCrRegistry\n/home/taste/work/work/data-compress-git-out/work/build/node_1/partition_1/runtime/SAMX-RTEMS-Runtime/arm-bsp/src/Sdramc/Sdramc.c:167:1\n24 bytes (static)" }
node: { title: "/home/taste/work/work/data-compress-git-out/work/build/node_1/partition_1/runtime/SAMX-RTEMS-Runtime/arm-bsp/src/Sdramc/Sdramc.c:readCfr1" label: "readCfr1\n/home/taste/work/work/data-compress-git-out/work/build/node_1/partition_1/runtime/SAMX-RTEMS-Runtime/arm-bsp/src/Sdramc/Sdramc.c:196:1\n24 bytes (static)" }
node: { title: "/home/taste/work/work/data-compress-git-out/work/build/node_1/partition_1/runtime/SAMX-RTEMS-Runtime/arm-bsp/src/Sdramc/Sdramc.c:readLpr" label: "readLpr\n/home/taste/work/work/data-compress-git-out/work/build/node_1/partition_1/runtime/SAMX-RTEMS-Runtime/arm-bsp/src/Sdramc/Sdramc.c:208:1\n24 bytes (static)" }
node: { title: "Sdramc_getConfig" label: "Sdramc_getConfig\n/home/taste/work/work/data-compress-git-out/work/build/node_1/partition_1/runtime/SAMX-RTEMS-Runtime/arm-bsp/src/Sdramc/Sdramc.c:225:1\n24 bytes (static)" }
edge: { sourcename: "Sdramc_getConfig" targetname: "/home/taste/work/work/data-compress-git-out/work/build/node_1/partition_1/runtime/SAMX-RTEMS-Runtime/arm-bsp/src/Sdramc/Sdramc.c:readCrRegistry" label: "/home/taste/work/work/data-compress-git-out/work/build/node_1/partition_1/runtime/SAMX-RTEMS-Runtime/arm-bsp/src/Sdramc/Sdramc.c:227:2" }
edge: { sourcename: "Sdramc_getConfig" targetname: "/home/taste/work/work/data-compress-git-out/work/build/node_1/partition_1/runtime/SAMX-RTEMS-Runtime/arm-bsp/src/Sdramc/Sdramc.c:readCfr1" label: "/home/taste/work/work/data-compress-git-out/work/build/node_1/partition_1/runtime/SAMX-RTEMS-Runtime/arm-bsp/src/Sdramc/Sdramc.c:237:2" }
edge: { sourcename: "Sdramc_getConfig" targetname: "/home/taste/work/work/data-compress-git-out/work/build/node_1/partition_1/runtime/SAMX-RTEMS-Runtime/arm-bsp/src/Sdramc/Sdramc.c:readLpr" label: "/home/taste/work/work/data-compress-git-out/work/build/node_1/partition_1/runtime/SAMX-RTEMS-Runtime/arm-bsp/src/Sdramc/Sdramc.c:238:2" }
node: { title: "Sdramc_setOcmsConfig" label: "Sdramc_setOcmsConfig\n/home/taste/work/work/data-compress-git-out/work/build/node_1/partition_1/runtime/SAMX-RTEMS-Runtime/arm-bsp/src/Sdramc/Sdramc.c:247:1\n16 bytes (static)" }
node: { title: "Sdramc_getOcmsConfig" label: "Sdramc_getOcmsConfig\n/home/taste/work/work/data-compress-git-out/work/build/node_1/partition_1/runtime/SAMX-RTEMS-Runtime/arm-bsp/src/Sdramc/Sdramc.c:261:1\n16 bytes (static)" }
node: { title: "/home/taste/work/work/data-compress-git-out/work/build/node_1/partition_1/runtime/SAMX-RTEMS-Runtime/arm-bsp/src/Sdramc/Sdramc.c:delay" label: "delay\n/home/taste/work/work/data-compress-git-out/work/build/node_1/partition_1/runtime/SAMX-RTEMS-Runtime/arm-bsp/src/Sdramc/Sdramc.c:270:1\n32 bytes (static)" }
node: { title: "/home/taste/work/work/data-compress-git-out/work/build/node_1/partition_1/runtime/SAMX-RTEMS-Runtime/arm-bsp/src/Sdramc/Sdramc.c:memoryBarrier" label: "memoryBarrier\n/home/taste/work/work/data-compress-git-out/work/build/node_1/partition_1/runtime/SAMX-RTEMS-Runtime/arm-bsp/src/Sdramc/Sdramc.c:280:1\n4 bytes (static)" }
node: { title: "/home/taste/work/work/data-compress-git-out/work/build/node_1/partition_1/runtime/SAMX-RTEMS-Runtime/arm-bsp/src/Sdramc/Sdramc.c:performWriteToBank00MemoryAddress" label: "performWriteToBank00MemoryAddress\n/home/taste/work/work/data-compress-git-out/work/build/node_1/partition_1/runtime/SAMX-RTEMS-Runtime/arm-bsp/src/Sdramc/Sdramc.c:287:1\n24 bytes (static)" }
node: { title: "/home/taste/work/work/data-compress-git-out/work/build/node_1/partition_1/runtime/SAMX-RTEMS-Runtime/arm-bsp/src/Sdramc/Sdramc.c:getNumberOfRowBitsValue" label: "getNumberOfRowBitsValue\n/home/taste/work/work/data-compress-git-out/work/build/node_1/partition_1/runtime/SAMX-RTEMS-Runtime/arm-bsp/src/Sdramc/Sdramc.c:294:1\n16 bytes (static)" }
node: { title: "__assert_func" label: "__assert_func\n/opt/taste-rtems-qdp-arm/arm-rtems6/include/assert.h:41:6" shape : ellipse }
edge: { sourcename: "/home/taste/work/work/data-compress-git-out/work/build/node_1/partition_1/runtime/SAMX-RTEMS-Runtime/arm-bsp/src/Sdramc/Sdramc.c:getNumberOfRowBitsValue" targetname: "__assert_func" label: "/home/taste/work/work/data-compress-git-out/work/build/node_1/partition_1/runtime/SAMX-RTEMS-Runtime/arm-bsp/src/Sdramc/Sdramc.c:302:2" }
node: { title: "/home/taste/work/work/data-compress-git-out/work/build/node_1/partition_1/runtime/SAMX-RTEMS-Runtime/arm-bsp/src/Sdramc/Sdramc.c:getNumberOfColumnBitsValue" label: "getNumberOfColumnBitsValue\n/home/taste/work/work/data-compress-git-out/work/build/node_1/partition_1/runtime/SAMX-RTEMS-Runtime/arm-bsp/src/Sdramc/Sdramc.c:307:1\n16 bytes (static)" }
edge: { sourcename: "/home/taste/work/work/data-compress-git-out/work/build/node_1/partition_1/runtime/SAMX-RTEMS-Runtime/arm-bsp/src/Sdramc/Sdramc.c:getNumberOfColumnBitsValue" targetname: "__assert_func" label: "/home/taste/work/work/data-compress-git-out/work/build/node_1/partition_1/runtime/SAMX-RTEMS-Runtime/arm-bsp/src/Sdramc/Sdramc.c:315:2" }
node: { title: "/home/taste/work/work/data-compress-git-out/work/build/node_1/partition_1/runtime/SAMX-RTEMS-Runtime/arm-bsp/src/Sdramc/Sdramc.c:getBankAddressBitCount" label: "getBankAddressBitCount\n/home/taste/work/work/data-compress-git-out/work/build/node_1/partition_1/runtime/SAMX-RTEMS-Runtime/arm-bsp/src/Sdramc/Sdramc.c:320:1\n16 bytes (static)" }
edge: { sourcename: "/home/taste/work/work/data-compress-git-out/work/build/node_1/partition_1/runtime/SAMX-RTEMS-Runtime/arm-bsp/src/Sdramc/Sdramc.c:getBankAddressBitCount" targetname: "__assert_func" label: "/home/taste/work/work/data-compress-git-out/work/build/node_1/partition_1/runtime/SAMX-RTEMS-Runtime/arm-bsp/src/Sdramc/Sdramc.c:326:2" }
node: { title: "/home/taste/work/work/data-compress-git-out/work/build/node_1/partition_1/runtime/SAMX-RTEMS-Runtime/arm-bsp/src/Sdramc/Sdramc.c:performWriteToBank01MemoryAddress" label: "performWriteToBank01MemoryAddress\n/home/taste/work/work/data-compress-git-out/work/build/node_1/partition_1/runtime/SAMX-RTEMS-Runtime/arm-bsp/src/Sdramc/Sdramc.c:331:1\n32 bytes (static)" }
edge: { sourcename: "/home/taste/work/work/data-compress-git-out/work/build/node_1/partition_1/runtime/SAMX-RTEMS-Runtime/arm-bsp/src/Sdramc/Sdramc.c:performWriteToBank01MemoryAddress" targetname: "/home/taste/work/work/data-compress-git-out/work/build/node_1/partition_1/runtime/SAMX-RTEMS-Runtime/arm-bsp/src/Sdramc/Sdramc.c:getNumberOfColumnBitsValue" label: "/home/taste/work/work/data-compress-git-out/work/build/node_1/partition_1/runtime/SAMX-RTEMS-Runtime/arm-bsp/src/Sdramc/Sdramc.c:334:11" }
edge: { sourcename: "/home/taste/work/work/data-compress-git-out/work/build/node_1/partition_1/runtime/SAMX-RTEMS-Runtime/arm-bsp/src/Sdramc/Sdramc.c:performWriteToBank01MemoryAddress" targetname: "/home/taste/work/work/data-compress-git-out/work/build/node_1/partition_1/runtime/SAMX-RTEMS-Runtime/arm-bsp/src/Sdramc/Sdramc.c:getNumberOfRowBitsValue" label: "/home/taste/work/work/data-compress-git-out/work/build/node_1/partition_1/runtime/SAMX-RTEMS-Runtime/arm-bsp/src/Sdramc/Sdramc.c:335:8" }
edge: { sourcename: "/home/taste/work/work/data-compress-git-out/work/build/node_1/partition_1/runtime/SAMX-RTEMS-Runtime/arm-bsp/src/Sdramc/Sdramc.c:performWriteToBank01MemoryAddress" targetname: "/home/taste/work/work/data-compress-git-out/work/build/node_1/partition_1/runtime/SAMX-RTEMS-Runtime/arm-bsp/src/Sdramc/Sdramc.c:getBankAddressBitCount" label: "/home/taste/work/work/data-compress-git-out/work/build/node_1/partition_1/runtime/SAMX-RTEMS-Runtime/arm-bsp/src/Sdramc/Sdramc.c:337:8" }
node: { title: "/home/taste/work/work/data-compress-git-out/work/build/node_1/partition_1/runtime/SAMX-RTEMS-Runtime/arm-bsp/src/Sdramc/Sdramc.c:setMode" label: "setMode\n/home/taste/work/work/data-compress-git-out/work/build/node_1/partition_1/runtime/SAMX-RTEMS-Runtime/arm-bsp/src/Sdramc/Sdramc.c:345:1\n24 bytes (static)" }
edge: { sourcename: "/home/taste/work/work/data-compress-git-out/work/build/node_1/partition_1/runtime/SAMX-RTEMS-Runtime/arm-bsp/src/Sdramc/Sdramc.c:setMode" targetname: "/home/taste/work/work/data-compress-git-out/work/build/node_1/partition_1/runtime/SAMX-RTEMS-Runtime/arm-bsp/src/Sdramc/Sdramc.c:memoryBarrier" label: "/home/taste/work/work/data-compress-git-out/work/build/node_1/partition_1/runtime/SAMX-RTEMS-Runtime/arm-bsp/src/Sdramc/Sdramc.c:355:2" }
node: { title: "Sdramc_performInitializationSequence" label: "Sdramc_performInitializationSequence\n/home/taste/work/work/data-compress-git-out/work/build/node_1/partition_1/runtime/SAMX-RTEMS-Runtime/arm-bsp/src/Sdramc/Sdramc.c:359:1\n24 bytes (static)" }
edge: { sourcename: "Sdramc_performInitializationSequence" targetname: "/home/taste/work/work/data-compress-git-out/work/build/node_1/partition_1/runtime/SAMX-RTEMS-Runtime/arm-bsp/src/Sdramc/Sdramc.c:delay" label: "/home/taste/work/work/data-compress-git-out/work/build/node_1/partition_1/runtime/SAMX-RTEMS-Runtime/arm-bsp/src/Sdramc/Sdramc.c:364:2" }
edge: { sourcename: "Sdramc_performInitializationSequence" targetname: "/home/taste/work/work/data-compress-git-out/work/build/node_1/partition_1/runtime/SAMX-RTEMS-Runtime/arm-bsp/src/Sdramc/Sdramc.c:setMode" label: "/home/taste/work/work/data-compress-git-out/work/build/node_1/partition_1/runtime/SAMX-RTEMS-Runtime/arm-bsp/src/Sdramc/Sdramc.c:365:2" }
edge: { sourcename: "Sdramc_performInitializationSequence" targetname: "/home/taste/work/work/data-compress-git-out/work/build/node_1/partition_1/runtime/SAMX-RTEMS-Runtime/arm-bsp/src/Sdramc/Sdramc.c:performWriteToBank00MemoryAddress" label: "/home/taste/work/work/data-compress-git-out/work/build/node_1/partition_1/runtime/SAMX-RTEMS-Runtime/arm-bsp/src/Sdramc/Sdramc.c:366:2" }
edge: { sourcename: "Sdramc_performInitializationSequence" targetname: "/home/taste/work/work/data-compress-git-out/work/build/node_1/partition_1/runtime/SAMX-RTEMS-Runtime/arm-bsp/src/Sdramc/Sdramc.c:setMode" label: "/home/taste/work/work/data-compress-git-out/work/build/node_1/partition_1/runtime/SAMX-RTEMS-Runtime/arm-bsp/src/Sdramc/Sdramc.c:367:2" }
edge: { sourcename: "Sdramc_performInitializationSequence" targetname: "/home/taste/work/work/data-compress-git-out/work/build/node_1/partition_1/runtime/SAMX-RTEMS-Runtime/arm-bsp/src/Sdramc/Sdramc.c:performWriteToBank00MemoryAddress" label: "/home/taste/work/work/data-compress-git-out/work/build/node_1/partition_1/runtime/SAMX-RTEMS-Runtime/arm-bsp/src/Sdramc/Sdramc.c:368:2" }
edge: { sourcename: "Sdramc_performInitializationSequence" targetname: "/home/taste/work/work/data-compress-git-out/work/build/node_1/partition_1/runtime/SAMX-RTEMS-Runtime/arm-bsp/src/Sdramc/Sdramc.c:delay" label: "/home/taste/work/work/data-compress-git-out/work/build/node_1/partition_1/runtime/SAMX-RTEMS-Runtime/arm-bsp/src/Sdramc/Sdramc.c:369:2" }
edge: { sourcename: "Sdramc_performInitializationSequence" targetname: "/home/taste/work/work/data-compress-git-out/work/build/node_1/partition_1/runtime/SAMX-RTEMS-Runtime/arm-bsp/src/Sdramc/Sdramc.c:setMode" label: "/home/taste/work/work/data-compress-git-out/work/build/node_1/partition_1/runtime/SAMX-RTEMS-Runtime/arm-bsp/src/Sdramc/Sdramc.c:372:3" }
edge: { sourcename: "Sdramc_performInitializationSequence" targetname: "/home/taste/work/work/data-compress-git-out/work/build/node_1/partition_1/runtime/SAMX-RTEMS-Runtime/arm-bsp/src/Sdramc/Sdramc.c:performWriteToBank00MemoryAddress" label: "/home/taste/work/work/data-compress-git-out/work/build/node_1/partition_1/runtime/SAMX-RTEMS-Runtime/arm-bsp/src/Sdramc/Sdramc.c:373:3" }
edge: { sourcename: "Sdramc_performInitializationSequence" targetname: "/home/taste/work/work/data-compress-git-out/work/build/node_1/partition_1/runtime/SAMX-RTEMS-Runtime/arm-bsp/src/Sdramc/Sdramc.c:setMode" label: "/home/taste/work/work/data-compress-git-out/work/build/node_1/partition_1/runtime/SAMX-RTEMS-Runtime/arm-bsp/src/Sdramc/Sdramc.c:375:2" }
edge: { sourcename: "Sdramc_performInitializationSequence" targetname: "/home/taste/work/work/data-compress-git-out/work/build/node_1/partition_1/runtime/SAMX-RTEMS-Runtime/arm-bsp/src/Sdramc/Sdramc.c:performWriteToBank00MemoryAddress" label: "/home/taste/work/work/data-compress-git-out/work/build/node_1/partition_1/runtime/SAMX-RTEMS-Runtime/arm-bsp/src/Sdramc/Sdramc.c:376:2" }
edge: { sourcename: "Sdramc_performInitializationSequence" targetname: "/home/taste/work/work/data-compress-git-out/work/build/node_1/partition_1/runtime/SAMX-RTEMS-Runtime/arm-bsp/src/Sdramc/Sdramc.c:delay" label: "/home/taste/work/work/data-compress-git-out/work/build/node_1/partition_1/runtime/SAMX-RTEMS-Runtime/arm-bsp/src/Sdramc/Sdramc.c:377:2" }
edge: { sourcename: "Sdramc_performInitializationSequence" targetname: "/home/taste/work/work/data-compress-git-out/work/build/node_1/partition_1/runtime/SAMX-RTEMS-Runtime/arm-bsp/src/Sdramc/Sdramc.c:setMode" label: "/home/taste/work/work/data-compress-git-out/work/build/node_1/partition_1/runtime/SAMX-RTEMS-Runtime/arm-bsp/src/Sdramc/Sdramc.c:380:3" }
edge: { sourcename: "Sdramc_performInitializationSequence" targetname: "/home/taste/work/work/data-compress-git-out/work/build/node_1/partition_1/runtime/SAMX-RTEMS-Runtime/arm-bsp/src/Sdramc/Sdramc.c:performWriteToBank01MemoryAddress" label: "/home/taste/work/work/data-compress-git-out/work/build/node_1/partition_1/runtime/SAMX-RTEMS-Runtime/arm-bsp/src/Sdramc/Sdramc.c:381:3" }
edge: { sourcename: "Sdramc_performInitializationSequence" targetname: "/home/taste/work/work/data-compress-git-out/work/build/node_1/partition_1/runtime/SAMX-RTEMS-Runtime/arm-bsp/src/Sdramc/Sdramc.c:setMode" label: "/home/taste/work/work/data-compress-git-out/work/build/node_1/partition_1/runtime/SAMX-RTEMS-Runtime/arm-bsp/src/Sdramc/Sdramc.c:383:2" }
edge: { sourcename: "Sdramc_performInitializationSequence" targetname: "/home/taste/work/work/data-compress-git-out/work/build/node_1/partition_1/runtime/SAMX-RTEMS-Runtime/arm-bsp/src/Sdramc/Sdramc.c:performWriteToBank00MemoryAddress" label: "/home/taste/work/work/data-compress-git-out/work/build/node_1/partition_1/runtime/SAMX-RTEMS-Runtime/arm-bsp/src/Sdramc/Sdramc.c:384:2" }
edge: { sourcename: "Sdramc_performInitializationSequence" targetname: "/home/taste/work/work/data-compress-git-out/work/build/node_1/partition_1/runtime/SAMX-RTEMS-Runtime/arm-bsp/src/Sdramc/Sdramc.c:delay" label: "/home/taste/work/work/data-compress-git-out/work/build/node_1/partition_1/runtime/SAMX-RTEMS-Runtime/arm-bsp/src/Sdramc/Sdramc.c:385:2" }
node: { title: "Sdramc_hasRefreshErrorBeenDetected" label: "Sdramc_hasRefreshErrorBeenDetected\n/home/taste/work/work/data-compress-git-out/work/build/node_1/partition_1/runtime/SAMX-RTEMS-Runtime/arm-bsp/src/Sdramc/Sdramc.c:394:1\n16 bytes (static)" }
}
