/home/taste/work/work/data-compress-git-out/work/testcompressuncompress/C/wrappers/testcompressuncompress_vm_if.c:11:6:testcompressuncompress_get_sender	16	static
/home/taste/work/work/data-compress-git-out/work/testcompressuncompress/C/wrappers/testcompressuncompress_vm_if.c:25:6:init_testcompressuncompress	8	static
/home/taste/work/work/data-compress-git-out/work/testcompressuncompress/C/wrappers/testcompressuncompress_vm_if.c:43:6:testcompressuncompress_RunOnce	8	static
/home/taste/work/work/data-compress-git-out/work/testcompressuncompress/C/wrappers/testcompressuncompress_vm_if.c:55:6:testcompressuncompress_samrh71rx	24	static
