/home/taste/work/work/data-compress-git-out/work/testcompressuncompress/C/wrappers/testcompressuncompress_invoke_ri.c:13:6:testcompressuncompress_RI_Comp_ClearBuffer	8	static
/home/taste/work/work/data-compress-git-out/work/testcompressuncompress/C/wrappers/testcompressuncompress_invoke_ri.c:19:6:testcompressuncompress_RI_Comp_ClearBuffer_To_PID	16	static
/home/taste/work/work/data-compress-git-out/work/testcompressuncompress/C/wrappers/testcompressuncompress_invoke_ri.c:44:6:testcompressuncompress_RI_Comp_ReadData	32	static
/home/taste/work/work/data-compress-git-out/work/testcompressuncompress/C/wrappers/testcompressuncompress_invoke_ri.c:56:6:testcompressuncompress_RI_Comp_ReadData_To_PID	56	static
/home/taste/work/work/data-compress-git-out/work/testcompressuncompress/C/wrappers/testcompressuncompress_invoke_ri.c:90:6:testcompressuncompress_RI_Comp_StartCompression	8	static
/home/taste/work/work/data-compress-git-out/work/testcompressuncompress/C/wrappers/testcompressuncompress_invoke_ri.c:96:6:testcompressuncompress_RI_Comp_StartCompression_To_PID	16	static
/home/taste/work/work/data-compress-git-out/work/testcompressuncompress/C/wrappers/testcompressuncompress_invoke_ri.c:117:6:testcompressuncompress_RI_Comp_Status	16	static
/home/taste/work/work/data-compress-git-out/work/testcompressuncompress/C/wrappers/testcompressuncompress_invoke_ri.c:127:6:testcompressuncompress_RI_Comp_Status_To_PID	40	static
/home/taste/work/work/data-compress-git-out/work/testcompressuncompress/C/wrappers/testcompressuncompress_invoke_ri.c:161:6:testcompressuncompress_RI_Comp_WriteBuffer	16	static
/home/taste/work/work/data-compress-git-out/work/testcompressuncompress/C/wrappers/testcompressuncompress_invoke_ri.c:171:6:testcompressuncompress_RI_Comp_WriteBuffer_To_PID	32	static
/home/taste/work/work/data-compress-git-out/work/testcompressuncompress/C/wrappers/testcompressuncompress_invoke_ri.c:197:6:testcompressuncompress_RI_Uncomp_ClearBuffer	8	static
/home/taste/work/work/data-compress-git-out/work/testcompressuncompress/C/wrappers/testcompressuncompress_invoke_ri.c:203:6:testcompressuncompress_RI_Uncomp_ClearBuffer_To_PID	16	static
/home/taste/work/work/data-compress-git-out/work/testcompressuncompress/C/wrappers/testcompressuncompress_invoke_ri.c:228:6:testcompressuncompress_RI_Uncomp_ReadData	32	static
/home/taste/work/work/data-compress-git-out/work/testcompressuncompress/C/wrappers/testcompressuncompress_invoke_ri.c:240:6:testcompressuncompress_RI_Uncomp_ReadData_To_PID	56	static
/home/taste/work/work/data-compress-git-out/work/testcompressuncompress/C/wrappers/testcompressuncompress_invoke_ri.c:274:6:testcompressuncompress_RI_Uncomp_StartUncompression	8	static
/home/taste/work/work/data-compress-git-out/work/testcompressuncompress/C/wrappers/testcompressuncompress_invoke_ri.c:280:6:testcompressuncompress_RI_Uncomp_StartUncompression_To_PID	16	static
/home/taste/work/work/data-compress-git-out/work/testcompressuncompress/C/wrappers/testcompressuncompress_invoke_ri.c:301:6:testcompressuncompress_RI_Uncomp_Status	16	static
/home/taste/work/work/data-compress-git-out/work/testcompressuncompress/C/wrappers/testcompressuncompress_invoke_ri.c:311:6:testcompressuncompress_RI_Uncomp_Status_To_PID	40	static
/home/taste/work/work/data-compress-git-out/work/testcompressuncompress/C/wrappers/testcompressuncompress_invoke_ri.c:345:6:testcompressuncompress_RI_Uncomp_WriteBuffer	16	static
/home/taste/work/work/data-compress-git-out/work/testcompressuncompress/C/wrappers/testcompressuncompress_invoke_ri.c:355:6:testcompressuncompress_RI_Uncomp_WriteBuffer_To_PID	32	static
/home/taste/work/work/data-compress-git-out/work/testcompressuncompress/C/wrappers/testcompressuncompress_invoke_ri.c:385:6:testcompressuncompress_RI_samrh71tx	16	static
/home/taste/work/work/data-compress-git-out/work/testcompressuncompress/C/wrappers/testcompressuncompress_invoke_ri.c:394:6:testcompressuncompress_RI_samrh71tx_To_PID	24	static
/home/taste/work/work/data-compress-git-out/work/testcompressuncompress/C/wrappers/testcompressuncompress_invoke_ri.c:430:6:testcompressuncompress_RI_get_sender	16	static
/home/taste/work/work/data-compress-git-out/work/testcompressuncompress/C/wrappers/testcompressuncompress_invoke_ri.c:436:6:testcompressuncompress_RI_get_last_error	16	static
/home/taste/work/work/data-compress-git-out/work/testcompressuncompress/C/wrappers/testcompressuncompress_invoke_ri.c:441:6:testcompressuncompress_get_last_error	16	static
