graph: { title: "/home/taste/work/work/data-compress-git-out/work/testcompressuncompress/C/src/testcompressuncompress.c"
node: { title: "testcompressuncompress_startup" label: "testcompressuncompress_startup\n/home/taste/work/work/data-compress-git-out/work/testcompressuncompress/C/src/testcompressuncompress.c:36:6\n8 bytes (static)" }
edge: { sourcename: "testcompressuncompress_startup" targetname: "register_uart_byte_transmitter_function" label: "/home/taste/work/work/data-compress-git-out/work/testcompressuncompress/C/src/testcompressuncompress.c:38:5" }
edge: { sourcename: "testcompressuncompress_startup" targetname: "transmit_bytes_over_uart" label: "/home/taste/work/work/data-compress-git-out/work/testcompressuncompress/C/src/testcompressuncompress.c:39:5" }
edge: { sourcename: "testcompressuncompress_startup" targetname: "transmit_bytes_over_uart" label: "/home/taste/work/work/data-compress-git-out/work/testcompressuncompress/C/src/testcompressuncompress.c:40:5" }
edge: { sourcename: "testcompressuncompress_startup" targetname: "transmit_bytes_over_uart" label: "/home/taste/work/work/data-compress-git-out/work/testcompressuncompress/C/src/testcompressuncompress.c:41:5" }
edge: { sourcename: "testcompressuncompress_startup" targetname: "transmit_bytes_over_uart" label: "/home/taste/work/work/data-compress-git-out/work/testcompressuncompress/C/src/testcompressuncompress.c:42:5" }
edge: { sourcename: "testcompressuncompress_startup" targetname: "transmit_bytes_over_uart" label: "/home/taste/work/work/data-compress-git-out/work/testcompressuncompress/C/src/testcompressuncompress.c:43:5" }
node: { title: "testcompressuncompress_PI_RunOnce" label: "testcompressuncompress_PI_RunOnce\n/home/taste/work/work/data-compress-git-out/work/testcompressuncompress/C/src/testcompressuncompress.c:46:6\n320 bytes (static)" }
node: { title: "memcpy" label: "__builtin_memcpy\n<built-in>" shape : ellipse }
edge: { sourcename: "testcompressuncompress_PI_RunOnce" targetname: "memcpy" }
node: { title: "testcompressuncompress_RI_Uncomp_Status" label: "testcompressuncompress_RI_Uncomp_Status\n/home/taste/work/work/data-compress-git-out/work/testcompressuncompress/C/src/testcompressuncompress.h:48:13" shape : ellipse }
edge: { sourcename: "testcompressuncompress_PI_RunOnce" targetname: "testcompressuncompress_RI_Uncomp_Status" label: "/home/taste/work/work/data-compress-git-out/work/testcompressuncompress/C/src/testcompressuncompress.c:77:5" }
node: { title: "sprintf" label: "sprintf\n/opt/taste-rtems-qdp-arm/arm-rtems6/include/stdio.h:250:5" shape : ellipse }
edge: { sourcename: "testcompressuncompress_PI_RunOnce" targetname: "sprintf" label: "/home/taste/work/work/data-compress-git-out/work/testcompressuncompress/C/src/testcompressuncompress.c:86:13" }
edge: { sourcename: "testcompressuncompress_PI_RunOnce" targetname: "transmit_bytes_over_uart" label: "/home/taste/work/work/data-compress-git-out/work/testcompressuncompress/C/src/testcompressuncompress.c:87:13" }
node: { title: "testcompressuncompress_RI_Comp_Status" label: "testcompressuncompress_RI_Comp_Status\n/home/taste/work/work/data-compress-git-out/work/testcompressuncompress/C/src/testcompressuncompress.h:33:13" shape : ellipse }
edge: { sourcename: "testcompressuncompress_PI_RunOnce" targetname: "testcompressuncompress_RI_Comp_Status" label: "/home/taste/work/work/data-compress-git-out/work/testcompressuncompress/C/src/testcompressuncompress.c:92:5" }
edge: { sourcename: "testcompressuncompress_PI_RunOnce" targetname: "sprintf" label: "/home/taste/work/work/data-compress-git-out/work/testcompressuncompress/C/src/testcompressuncompress.c:101:13" }
edge: { sourcename: "testcompressuncompress_PI_RunOnce" targetname: "transmit_bytes_over_uart" label: "/home/taste/work/work/data-compress-git-out/work/testcompressuncompress/C/src/testcompressuncompress.c:102:13" }
node: { title: "testcompressuncompress_RI_Uncomp_ClearBuffer" label: "testcompressuncompress_RI_Uncomp_ClearBuffer\n/home/taste/work/work/data-compress-git-out/work/testcompressuncompress/C/src/testcompressuncompress.h:39:13" shape : ellipse }
edge: { sourcename: "testcompressuncompress_PI_RunOnce" targetname: "testcompressuncompress_RI_Uncomp_ClearBuffer" label: "/home/taste/work/work/data-compress-git-out/work/testcompressuncompress/C/src/testcompressuncompress.c:111:9" }
node: { title: "testcompressuncompress_RI_Comp_StartCompression" label: "testcompressuncompress_RI_Comp_StartCompression\n/home/taste/work/work/data-compress-git-out/work/testcompressuncompress/C/src/testcompressuncompress.h:30:13" shape : ellipse }
edge: { sourcename: "testcompressuncompress_PI_RunOnce" targetname: "testcompressuncompress_RI_Comp_StartCompression" label: "/home/taste/work/work/data-compress-git-out/work/testcompressuncompress/C/src/testcompressuncompress.c:116:9" }
edge: { sourcename: "testcompressuncompress_PI_RunOnce" targetname: "testcompressuncompress_RI_Comp_Status" label: "/home/taste/work/work/data-compress-git-out/work/testcompressuncompress/C/src/testcompressuncompress.c:119:9" }
edge: { sourcename: "testcompressuncompress_PI_RunOnce" targetname: "sprintf" label: "/home/taste/work/work/data-compress-git-out/work/testcompressuncompress/C/src/testcompressuncompress.c:126:13" }
edge: { sourcename: "testcompressuncompress_PI_RunOnce" targetname: "transmit_bytes_over_uart" label: "/home/taste/work/work/data-compress-git-out/work/testcompressuncompress/C/src/testcompressuncompress.c:127:13" }
node: { title: "testcompressuncompress_RI_Comp_ReadData" label: "testcompressuncompress_RI_Comp_ReadData\n/home/taste/work/work/data-compress-git-out/work/testcompressuncompress/C/src/testcompressuncompress.h:27:13" shape : ellipse }
edge: { sourcename: "testcompressuncompress_PI_RunOnce" targetname: "testcompressuncompress_RI_Comp_ReadData" label: "/home/taste/work/work/data-compress-git-out/work/testcompressuncompress/C/src/testcompressuncompress.c:141:17" }
edge: { sourcename: "testcompressuncompress_PI_RunOnce" targetname: "sprintf" label: "/home/taste/work/work/data-compress-git-out/work/testcompressuncompress/C/src/testcompressuncompress.c:145:21" }
edge: { sourcename: "testcompressuncompress_PI_RunOnce" targetname: "transmit_bytes_over_uart" label: "/home/taste/work/work/data-compress-git-out/work/testcompressuncompress/C/src/testcompressuncompress.c:146:21" }
edge: { sourcename: "testcompressuncompress_PI_RunOnce" targetname: "sprintf" label: "/home/taste/work/work/data-compress-git-out/work/testcompressuncompress/C/src/testcompressuncompress.c:151:21" }
edge: { sourcename: "testcompressuncompress_PI_RunOnce" targetname: "transmit_bytes_over_uart" label: "/home/taste/work/work/data-compress-git-out/work/testcompressuncompress/C/src/testcompressuncompress.c:152:21" }
edge: { sourcename: "testcompressuncompress_PI_RunOnce" targetname: "transmit_bytes_over_uart" label: "/home/taste/work/work/data-compress-git-out/work/testcompressuncompress/C/src/testcompressuncompress.c:157:25" }
node: { title: "testcompressuncompress_RI_Uncomp_WriteBuffer" label: "testcompressuncompress_RI_Uncomp_WriteBuffer\n/home/taste/work/work/data-compress-git-out/work/testcompressuncompress/C/src/testcompressuncompress.h:51:13" shape : ellipse }
edge: { sourcename: "testcompressuncompress_PI_RunOnce" targetname: "testcompressuncompress_RI_Uncomp_WriteBuffer" label: "/home/taste/work/work/data-compress-git-out/work/testcompressuncompress/C/src/testcompressuncompress.c:162:17" }
edge: { sourcename: "testcompressuncompress_PI_RunOnce" targetname: "transmit_bytes_over_uart" label: "/home/taste/work/work/data-compress-git-out/work/testcompressuncompress/C/src/testcompressuncompress.c:168:13" }
node: { title: "testcompressuncompress_RI_Uncomp_StartUncompression" label: "testcompressuncompress_RI_Uncomp_StartUncompression\n/home/taste/work/work/data-compress-git-out/work/testcompressuncompress/C/src/testcompressuncompress.h:45:13" shape : ellipse }
edge: { sourcename: "testcompressuncompress_PI_RunOnce" targetname: "testcompressuncompress_RI_Uncomp_StartUncompression" label: "/home/taste/work/work/data-compress-git-out/work/testcompressuncompress/C/src/testcompressuncompress.c:169:13" }
edge: { sourcename: "testcompressuncompress_PI_RunOnce" targetname: "testcompressuncompress_RI_Uncomp_Status" label: "/home/taste/work/work/data-compress-git-out/work/testcompressuncompress/C/src/testcompressuncompress.c:172:13" }
edge: { sourcename: "testcompressuncompress_PI_RunOnce" targetname: "sprintf" label: "/home/taste/work/work/data-compress-git-out/work/testcompressuncompress/C/src/testcompressuncompress.c:180:17" }
edge: { sourcename: "testcompressuncompress_PI_RunOnce" targetname: "transmit_bytes_over_uart" label: "/home/taste/work/work/data-compress-git-out/work/testcompressuncompress/C/src/testcompressuncompress.c:181:17" }
node: { title: "testcompressuncompress_RI_Uncomp_ReadData" label: "testcompressuncompress_RI_Uncomp_ReadData\n/home/taste/work/work/data-compress-git-out/work/testcompressuncompress/C/src/testcompressuncompress.h:42:13" shape : ellipse }
edge: { sourcename: "testcompressuncompress_PI_RunOnce" targetname: "testcompressuncompress_RI_Uncomp_ReadData" label: "/home/taste/work/work/data-compress-git-out/work/testcompressuncompress/C/src/testcompressuncompress.c:194:21" }
edge: { sourcename: "testcompressuncompress_PI_RunOnce" targetname: "sprintf" label: "/home/taste/work/work/data-compress-git-out/work/testcompressuncompress/C/src/testcompressuncompress.c:198:25" }
edge: { sourcename: "testcompressuncompress_PI_RunOnce" targetname: "transmit_bytes_over_uart" label: "/home/taste/work/work/data-compress-git-out/work/testcompressuncompress/C/src/testcompressuncompress.c:199:25" }
edge: { sourcename: "testcompressuncompress_PI_RunOnce" targetname: "transmit_bytes_over_uart" label: "/home/taste/work/work/data-compress-git-out/work/testcompressuncompress/C/src/testcompressuncompress.c:204:25" }
node: { title: "testcompressuncompress_RI_Comp_ClearBuffer" label: "testcompressuncompress_RI_Comp_ClearBuffer\n/home/taste/work/work/data-compress-git-out/work/testcompressuncompress/C/src/testcompressuncompress.h:24:13" shape : ellipse }
edge: { sourcename: "testcompressuncompress_PI_RunOnce" targetname: "testcompressuncompress_RI_Comp_ClearBuffer" label: "/home/taste/work/work/data-compress-git-out/work/testcompressuncompress/C/src/testcompressuncompress.c:211:9" }
node: { title: "testcompressuncompress_PI_samrh71rx" label: "testcompressuncompress_PI_samrh71rx\n/home/taste/work/work/data-compress-git-out/work/testcompressuncompress/C/src/testcompressuncompress.c:218:6\n56 bytes (static)" }
node: { title: "testcompressuncompress_RI_Comp_WriteBuffer" label: "testcompressuncompress_RI_Comp_WriteBuffer\n/home/taste/work/work/data-compress-git-out/work/testcompressuncompress/C/src/testcompressuncompress.h:36:13" shape : ellipse }
edge: { sourcename: "testcompressuncompress_PI_samrh71rx" targetname: "testcompressuncompress_RI_Comp_WriteBuffer" label: "/home/taste/work/work/data-compress-git-out/work/testcompressuncompress/C/src/testcompressuncompress.c:250:17" }
edge: { sourcename: "testcompressuncompress_PI_samrh71rx" targetname: "testcompressuncompress_RI_Comp_WriteBuffer" label: "/home/taste/work/work/data-compress-git-out/work/testcompressuncompress/C/src/testcompressuncompress.c:254:13" }
edge: { sourcename: "testcompressuncompress_PI_samrh71rx" targetname: "testcompressuncompress_RI_Comp_WriteBuffer" label: "/home/taste/work/work/data-compress-git-out/work/testcompressuncompress/C/src/testcompressuncompress.c:261:13" }
node: { title: "register_uart_byte_transmitter_function" label: "register_uart_byte_transmitter_function\n/home/taste/work/work/data-compress-git-out/work/testcompressuncompress/C/src/testcompressuncompress.c:271:6\n16 bytes (static)" }
node: { title: "transmit_bytes_over_uart" label: "transmit_bytes_over_uart\n/home/taste/work/work/data-compress-git-out/work/testcompressuncompress/C/src/testcompressuncompress.c:278:6\n32 bytes (static)" }
node: { title: "strlen" label: "strlen\n/opt/taste-rtems-qdp-arm/arm-rtems6/include/string.h:41:9" shape : ellipse }
edge: { sourcename: "transmit_bytes_over_uart" targetname: "strlen" label: "/home/taste/work/work/data-compress-git-out/work/testcompressuncompress/C/src/testcompressuncompress.c:285:25" }
node: { title: "__indirect_call" label: "Indirect Call Placeholder" shape : ellipse }
edge: { sourcename: "transmit_bytes_over_uart" targetname: "__indirect_call" label: "/home/taste/work/work/data-compress-git-out/work/testcompressuncompress/C/src/testcompressuncompress.c:294:9" }
node: { title: "report_test_result_over_uart" label: "report_test_result_over_uart\n/home/taste/work/work/data-compress-git-out/work/testcompressuncompress/C/src/testcompressuncompress.c:298:6\n328 bytes (static)" }
edge: { sourcename: "report_test_result_over_uart" targetname: "sprintf" label: "/home/taste/work/work/data-compress-git-out/work/testcompressuncompress/C/src/testcompressuncompress.c:302:5" }
edge: { sourcename: "report_test_result_over_uart" targetname: "transmit_bytes_over_uart" label: "/home/taste/work/work/data-compress-git-out/work/testcompressuncompress/C/src/testcompressuncompress.c:303:5" }
edge: { sourcename: "report_test_result_over_uart" targetname: "transmit_bytes_over_uart" label: "/home/taste/work/work/data-compress-git-out/work/testcompressuncompress/C/src/testcompressuncompress.c:305:9" }
edge: { sourcename: "report_test_result_over_uart" targetname: "transmit_bytes_over_uart" label: "/home/taste/work/work/data-compress-git-out/work/testcompressuncompress/C/src/testcompressuncompress.c:307:9" }
edge: { sourcename: "report_test_result_over_uart" targetname: "sprintf" label: "/home/taste/work/work/data-compress-git-out/work/testcompressuncompress/C/src/testcompressuncompress.c:308:9" }
edge: { sourcename: "report_test_result_over_uart" targetname: "transmit_bytes_over_uart" label: "/home/taste/work/work/data-compress-git-out/work/testcompressuncompress/C/src/testcompressuncompress.c:309:9" }
}
