graph: { title: "/home/taste/work/work/data-compress-git-out/work/build/node_1/partition_1/runtime/Packetizer/ThinPacketizer.c"
node: { title: "ThinPacketizer_init" label: "ThinPacketizer_init\n/home/taste/work/work/data-compress-git-out/work/build/node_1/partition_1/runtime/Packetizer/ThinPacketizer.c:37:1\n24 bytes (static)" }
node: { title: "ThinPacketizer_packetize" label: "ThinPacketizer_packetize\n/home/taste/work/work/data-compress-git-out/work/build/node_1/partition_1/runtime/Packetizer/ThinPacketizer.c:47:1\n24 bytes (static)" }
node: { title: "__assert_func" label: "__assert_func\n/opt/taste-rtems-qdp-arm/arm-rtems6/include/assert.h:41:6" shape : ellipse }
edge: { sourcename: "ThinPacketizer_packetize" targetname: "__assert_func" label: "/home/taste/work/work/data-compress-git-out/work/build/node_1/partition_1/runtime/Packetizer/ThinPacketizer.c:63:5" }
edge: { sourcename: "ThinPacketizer_packetize" targetname: "__assert_func" label: "/home/taste/work/work/data-compress-git-out/work/build/node_1/partition_1/runtime/Packetizer/ThinPacketizer.c:64:5" }
edge: { sourcename: "ThinPacketizer_packetize" targetname: "__assert_func" label: "/home/taste/work/work/data-compress-git-out/work/build/node_1/partition_1/runtime/Packetizer/ThinPacketizer.c:65:5" }
edge: { sourcename: "ThinPacketizer_packetize" targetname: "__assert_func" label: "/home/taste/work/work/data-compress-git-out/work/build/node_1/partition_1/runtime/Packetizer/ThinPacketizer.c:66:5" }
edge: { sourcename: "ThinPacketizer_packetize" targetname: "__assert_func" label: "/home/taste/work/work/data-compress-git-out/work/build/node_1/partition_1/runtime/Packetizer/ThinPacketizer.c:67:5" }
node: { title: "memset" label: "memset\n/opt/taste-rtems-qdp-arm/arm-rtems6/include/string.h:33:9" shape : ellipse }
edge: { sourcename: "ThinPacketizer_packetize" targetname: "memset" label: "/home/taste/work/work/data-compress-git-out/work/build/node_1/partition_1/runtime/Packetizer/ThinPacketizer.c:69:5" }
edge: { sourcename: "ThinPacketizer_packetize" targetname: "thinWritePacketId" label: "/home/taste/work/work/data-compress-git-out/work/build/node_1/partition_1/runtime/Packetizer/ThinPacketizer.c:71:5" }
edge: { sourcename: "ThinPacketizer_packetize" targetname: "thinWritePacketDataLength" label: "/home/taste/work/work/data-compress-git-out/work/build/node_1/partition_1/runtime/Packetizer/ThinPacketizer.c:72:5" }
node: { title: "ThinPacketizer_depacketize" label: "ThinPacketizer_depacketize\n/home/taste/work/work/data-compress-git-out/work/build/node_1/partition_1/runtime/Packetizer/ThinPacketizer.c:78:1\n32 bytes (static)" }
edge: { sourcename: "ThinPacketizer_depacketize" targetname: "__assert_func" label: "/home/taste/work/work/data-compress-git-out/work/build/node_1/partition_1/runtime/Packetizer/ThinPacketizer.c:95:5" }
edge: { sourcename: "ThinPacketizer_depacketize" targetname: "__assert_func" label: "/home/taste/work/work/data-compress-git-out/work/build/node_1/partition_1/runtime/Packetizer/ThinPacketizer.c:96:5" }
edge: { sourcename: "ThinPacketizer_depacketize" targetname: "__assert_func" label: "/home/taste/work/work/data-compress-git-out/work/build/node_1/partition_1/runtime/Packetizer/ThinPacketizer.c:97:5" }
edge: { sourcename: "ThinPacketizer_depacketize" targetname: "__assert_func" label: "/home/taste/work/work/data-compress-git-out/work/build/node_1/partition_1/runtime/Packetizer/ThinPacketizer.c:98:5" }
edge: { sourcename: "ThinPacketizer_depacketize" targetname: "thinReadPacketDataLength" label: "/home/taste/work/work/data-compress-git-out/work/build/node_1/partition_1/runtime/Packetizer/ThinPacketizer.c:106:37" }
edge: { sourcename: "ThinPacketizer_depacketize" targetname: "thinReadPacketId" label: "/home/taste/work/work/data-compress-git-out/work/build/node_1/partition_1/runtime/Packetizer/ThinPacketizer.c:115:20" }
node: { title: "thinWritePacketId" label: "thinWritePacketId\n/home/taste/work/work/data-compress-git-out/work/build/node_1/partition_1/runtime/Packetizer/ThinPacketizer.c:123:1\n24 bytes (static)" }
node: { title: "thinReadPacketId" label: "thinReadPacketId\n/home/taste/work/work/data-compress-git-out/work/build/node_1/partition_1/runtime/Packetizer/ThinPacketizer.c:133:1\n16 bytes (static)" }
node: { title: "thinWritePacketDataLength" label: "thinWritePacketDataLength\n/home/taste/work/work/data-compress-git-out/work/build/node_1/partition_1/runtime/Packetizer/ThinPacketizer.c:139:1\n16 bytes (static)" }
node: { title: "thinReadPacketDataLength" label: "thinReadPacketDataLength\n/home/taste/work/work/data-compress-git-out/work/build/node_1/partition_1/runtime/Packetizer/ThinPacketizer.c:146:1\n16 bytes (static)" }
}
