graph: { title: "/home/taste/work/work/data-compress-git-out/work/build/node_1/partition_1/runtime/SAMX-RTEMS-Runtime/arm-bsp/src/Tic/Tic.c"
node: { title: "/home/taste/work/work/data-compress-git-out/work/build/node_1/partition_1/runtime/SAMX-RTEMS-Runtime/arm-bsp/src/Tic/Tic.c:shiftValueLeft" label: "shiftValueLeft\n/home/taste/work/work/data-compress-git-out/work/build/node_1/partition_1/runtime/SAMX-RTEMS-Runtime/arm-bsp/src/Utils/Bits.h:121:1\n32 bytes (static)" }
node: { title: "/home/taste/work/work/data-compress-git-out/work/build/node_1/partition_1/runtime/SAMX-RTEMS-Runtime/arm-bsp/src/Tic/Tic.c:shiftBitLeft" label: "shiftBitLeft\n/home/taste/work/work/data-compress-git-out/work/build/node_1/partition_1/runtime/SAMX-RTEMS-Runtime/arm-bsp/src/Utils/Bits.h:132:1\n24 bytes (static)" }
node: { title: "Tic_init" label: "Tic_init\n/home/taste/work/work/data-compress-git-out/work/build/node_1/partition_1/runtime/SAMX-RTEMS-Runtime/arm-bsp/src/Tic/Tic.c:35:1\n16 bytes (static)" }
node: { title: "memset" label: "memset\n/opt/taste-rtems-qdp-arm/arm-rtems6/include/string.h:33:9" shape : ellipse }
edge: { sourcename: "Tic_init" targetname: "memset" label: "/home/taste/work/work/data-compress-git-out/work/build/node_1/partition_1/runtime/SAMX-RTEMS-Runtime/arm-bsp/src/Tic/Tic.c:37:8" }
node: { title: "__assert_func" label: "__assert_func\n/opt/taste-rtems-qdp-arm/arm-rtems6/include/assert.h:41:6" shape : ellipse }
edge: { sourcename: "Tic_init" targetname: "__assert_func" label: "/home/taste/work/work/data-compress-git-out/work/build/node_1/partition_1/runtime/SAMX-RTEMS-Runtime/arm-bsp/src/Tic/Tic.c:58:11" }
node: { title: "Tic_enableChannel" label: "Tic_enableChannel\n/home/taste/work/work/data-compress-git-out/work/build/node_1/partition_1/runtime/SAMX-RTEMS-Runtime/arm-bsp/src/Tic/Tic.c:64:1\n16 bytes (static)" }
edge: { sourcename: "Tic_enableChannel" targetname: "__assert_func" label: "/home/taste/work/work/data-compress-git-out/work/build/node_1/partition_1/runtime/SAMX-RTEMS-Runtime/arm-bsp/src/Tic/Tic.c:66:2" }
node: { title: "Tic_disableChannel" label: "Tic_disableChannel\n/home/taste/work/work/data-compress-git-out/work/build/node_1/partition_1/runtime/SAMX-RTEMS-Runtime/arm-bsp/src/Tic/Tic.c:71:1\n16 bytes (static)" }
edge: { sourcename: "Tic_disableChannel" targetname: "__assert_func" label: "/home/taste/work/work/data-compress-git-out/work/build/node_1/partition_1/runtime/SAMX-RTEMS-Runtime/arm-bsp/src/Tic/Tic.c:73:2" }
node: { title: "Tic_isChannelEnabled" label: "Tic_isChannelEnabled\n/home/taste/work/work/data-compress-git-out/work/build/node_1/partition_1/runtime/SAMX-RTEMS-Runtime/arm-bsp/src/Tic/Tic.c:78:1\n16 bytes (static)" }
edge: { sourcename: "Tic_isChannelEnabled" targetname: "__assert_func" label: "/home/taste/work/work/data-compress-git-out/work/build/node_1/partition_1/runtime/SAMX-RTEMS-Runtime/arm-bsp/src/Tic/Tic.c:80:2" }
node: { title: "Tic_triggerChannel" label: "Tic_triggerChannel\n/home/taste/work/work/data-compress-git-out/work/build/node_1/partition_1/runtime/SAMX-RTEMS-Runtime/arm-bsp/src/Tic/Tic.c:86:1\n16 bytes (static)" }
edge: { sourcename: "Tic_triggerChannel" targetname: "__assert_func" label: "/home/taste/work/work/data-compress-git-out/work/build/node_1/partition_1/runtime/SAMX-RTEMS-Runtime/arm-bsp/src/Tic/Tic.c:88:2" }
node: { title: "Tic_syncAllChannels" label: "Tic_syncAllChannels\n/home/taste/work/work/data-compress-git-out/work/build/node_1/partition_1/runtime/SAMX-RTEMS-Runtime/arm-bsp/src/Tic/Tic.c:93:1\n16 bytes (static)" }
node: { title: "/home/taste/work/work/data-compress-git-out/work/build/node_1/partition_1/runtime/SAMX-RTEMS-Runtime/arm-bsp/src/Tic/Tic.c:prepareCaptureModeConfig" label: "prepareCaptureModeConfig\n/home/taste/work/work/data-compress-git-out/work/build/node_1/partition_1/runtime/SAMX-RTEMS-Runtime/arm-bsp/src/Tic/Tic.c:99:1\n24 bytes (static)" }
edge: { sourcename: "/home/taste/work/work/data-compress-git-out/work/build/node_1/partition_1/runtime/SAMX-RTEMS-Runtime/arm-bsp/src/Tic/Tic.c:prepareCaptureModeConfig" targetname: "/home/taste/work/work/data-compress-git-out/work/build/node_1/partition_1/runtime/SAMX-RTEMS-Runtime/arm-bsp/src/Tic/Tic.c:shiftBitLeft" label: "/home/taste/work/work/data-compress-git-out/work/build/node_1/partition_1/runtime/SAMX-RTEMS-Runtime/arm-bsp/src/Tic/Tic.c:101:23" }
edge: { sourcename: "/home/taste/work/work/data-compress-git-out/work/build/node_1/partition_1/runtime/SAMX-RTEMS-Runtime/arm-bsp/src/Tic/Tic.c:prepareCaptureModeConfig" targetname: "/home/taste/work/work/data-compress-git-out/work/build/node_1/partition_1/runtime/SAMX-RTEMS-Runtime/arm-bsp/src/Tic/Tic.c:shiftBitLeft" label: "/home/taste/work/work/data-compress-git-out/work/build/node_1/partition_1/runtime/SAMX-RTEMS-Runtime/arm-bsp/src/Tic/Tic.c:103:6" }
edge: { sourcename: "/home/taste/work/work/data-compress-git-out/work/build/node_1/partition_1/runtime/SAMX-RTEMS-Runtime/arm-bsp/src/Tic/Tic.c:prepareCaptureModeConfig" targetname: "/home/taste/work/work/data-compress-git-out/work/build/node_1/partition_1/runtime/SAMX-RTEMS-Runtime/arm-bsp/src/Tic/Tic.c:shiftBitLeft" label: "/home/taste/work/work/data-compress-git-out/work/build/node_1/partition_1/runtime/SAMX-RTEMS-Runtime/arm-bsp/src/Tic/Tic.c:105:6" }
edge: { sourcename: "/home/taste/work/work/data-compress-git-out/work/build/node_1/partition_1/runtime/SAMX-RTEMS-Runtime/arm-bsp/src/Tic/Tic.c:prepareCaptureModeConfig" targetname: "/home/taste/work/work/data-compress-git-out/work/build/node_1/partition_1/runtime/SAMX-RTEMS-Runtime/arm-bsp/src/Tic/Tic.c:shiftValueLeft" label: "/home/taste/work/work/data-compress-git-out/work/build/node_1/partition_1/runtime/SAMX-RTEMS-Runtime/arm-bsp/src/Tic/Tic.c:107:6" }
edge: { sourcename: "/home/taste/work/work/data-compress-git-out/work/build/node_1/partition_1/runtime/SAMX-RTEMS-Runtime/arm-bsp/src/Tic/Tic.c:prepareCaptureModeConfig" targetname: "/home/taste/work/work/data-compress-git-out/work/build/node_1/partition_1/runtime/SAMX-RTEMS-Runtime/arm-bsp/src/Tic/Tic.c:shiftValueLeft" label: "/home/taste/work/work/data-compress-git-out/work/build/node_1/partition_1/runtime/SAMX-RTEMS-Runtime/arm-bsp/src/Tic/Tic.c:109:6" }
edge: { sourcename: "/home/taste/work/work/data-compress-git-out/work/build/node_1/partition_1/runtime/SAMX-RTEMS-Runtime/arm-bsp/src/Tic/Tic.c:prepareCaptureModeConfig" targetname: "/home/taste/work/work/data-compress-git-out/work/build/node_1/partition_1/runtime/SAMX-RTEMS-Runtime/arm-bsp/src/Tic/Tic.c:shiftBitLeft" label: "/home/taste/work/work/data-compress-git-out/work/build/node_1/partition_1/runtime/SAMX-RTEMS-Runtime/arm-bsp/src/Tic/Tic.c:111:6" }
edge: { sourcename: "/home/taste/work/work/data-compress-git-out/work/build/node_1/partition_1/runtime/SAMX-RTEMS-Runtime/arm-bsp/src/Tic/Tic.c:prepareCaptureModeConfig" targetname: "/home/taste/work/work/data-compress-git-out/work/build/node_1/partition_1/runtime/SAMX-RTEMS-Runtime/arm-bsp/src/Tic/Tic.c:shiftValueLeft" label: "/home/taste/work/work/data-compress-git-out/work/build/node_1/partition_1/runtime/SAMX-RTEMS-Runtime/arm-bsp/src/Tic/Tic.c:112:6" }
edge: { sourcename: "/home/taste/work/work/data-compress-git-out/work/build/node_1/partition_1/runtime/SAMX-RTEMS-Runtime/arm-bsp/src/Tic/Tic.c:prepareCaptureModeConfig" targetname: "/home/taste/work/work/data-compress-git-out/work/build/node_1/partition_1/runtime/SAMX-RTEMS-Runtime/arm-bsp/src/Tic/Tic.c:shiftValueLeft" label: "/home/taste/work/work/data-compress-git-out/work/build/node_1/partition_1/runtime/SAMX-RTEMS-Runtime/arm-bsp/src/Tic/Tic.c:114:6" }
edge: { sourcename: "/home/taste/work/work/data-compress-git-out/work/build/node_1/partition_1/runtime/SAMX-RTEMS-Runtime/arm-bsp/src/Tic/Tic.c:prepareCaptureModeConfig" targetname: "/home/taste/work/work/data-compress-git-out/work/build/node_1/partition_1/runtime/SAMX-RTEMS-Runtime/arm-bsp/src/Tic/Tic.c:shiftValueLeft" label: "/home/taste/work/work/data-compress-git-out/work/build/node_1/partition_1/runtime/SAMX-RTEMS-Runtime/arm-bsp/src/Tic/Tic.c:116:6" }
node: { title: "/home/taste/work/work/data-compress-git-out/work/build/node_1/partition_1/runtime/SAMX-RTEMS-Runtime/arm-bsp/src/Tic/Tic.c:prepareWaveformModeConfig" label: "prepareWaveformModeConfig\n/home/taste/work/work/data-compress-git-out/work/build/node_1/partition_1/runtime/SAMX-RTEMS-Runtime/arm-bsp/src/Tic/Tic.c:122:1\n24 bytes (static)" }
edge: { sourcename: "/home/taste/work/work/data-compress-git-out/work/build/node_1/partition_1/runtime/SAMX-RTEMS-Runtime/arm-bsp/src/Tic/Tic.c:prepareWaveformModeConfig" targetname: "/home/taste/work/work/data-compress-git-out/work/build/node_1/partition_1/runtime/SAMX-RTEMS-Runtime/arm-bsp/src/Tic/Tic.c:shiftValueLeft" label: "/home/taste/work/work/data-compress-git-out/work/build/node_1/partition_1/runtime/SAMX-RTEMS-Runtime/arm-bsp/src/Tic/Tic.c:124:23" }
edge: { sourcename: "/home/taste/work/work/data-compress-git-out/work/build/node_1/partition_1/runtime/SAMX-RTEMS-Runtime/arm-bsp/src/Tic/Tic.c:prepareWaveformModeConfig" targetname: "/home/taste/work/work/data-compress-git-out/work/build/node_1/partition_1/runtime/SAMX-RTEMS-Runtime/arm-bsp/src/Tic/Tic.c:shiftValueLeft" label: "/home/taste/work/work/data-compress-git-out/work/build/node_1/partition_1/runtime/SAMX-RTEMS-Runtime/arm-bsp/src/Tic/Tic.c:126:6" }
edge: { sourcename: "/home/taste/work/work/data-compress-git-out/work/build/node_1/partition_1/runtime/SAMX-RTEMS-Runtime/arm-bsp/src/Tic/Tic.c:prepareWaveformModeConfig" targetname: "/home/taste/work/work/data-compress-git-out/work/build/node_1/partition_1/runtime/SAMX-RTEMS-Runtime/arm-bsp/src/Tic/Tic.c:shiftValueLeft" label: "/home/taste/work/work/data-compress-git-out/work/build/node_1/partition_1/runtime/SAMX-RTEMS-Runtime/arm-bsp/src/Tic/Tic.c:128:6" }
edge: { sourcename: "/home/taste/work/work/data-compress-git-out/work/build/node_1/partition_1/runtime/SAMX-RTEMS-Runtime/arm-bsp/src/Tic/Tic.c:prepareWaveformModeConfig" targetname: "/home/taste/work/work/data-compress-git-out/work/build/node_1/partition_1/runtime/SAMX-RTEMS-Runtime/arm-bsp/src/Tic/Tic.c:shiftValueLeft" label: "/home/taste/work/work/data-compress-git-out/work/build/node_1/partition_1/runtime/SAMX-RTEMS-Runtime/arm-bsp/src/Tic/Tic.c:130:6" }
edge: { sourcename: "/home/taste/work/work/data-compress-git-out/work/build/node_1/partition_1/runtime/SAMX-RTEMS-Runtime/arm-bsp/src/Tic/Tic.c:prepareWaveformModeConfig" targetname: "/home/taste/work/work/data-compress-git-out/work/build/node_1/partition_1/runtime/SAMX-RTEMS-Runtime/arm-bsp/src/Tic/Tic.c:shiftBitLeft" label: "/home/taste/work/work/data-compress-git-out/work/build/node_1/partition_1/runtime/SAMX-RTEMS-Runtime/arm-bsp/src/Tic/Tic.c:132:6" }
edge: { sourcename: "/home/taste/work/work/data-compress-git-out/work/build/node_1/partition_1/runtime/SAMX-RTEMS-Runtime/arm-bsp/src/Tic/Tic.c:prepareWaveformModeConfig" targetname: "/home/taste/work/work/data-compress-git-out/work/build/node_1/partition_1/runtime/SAMX-RTEMS-Runtime/arm-bsp/src/Tic/Tic.c:shiftValueLeft" label: "/home/taste/work/work/data-compress-git-out/work/build/node_1/partition_1/runtime/SAMX-RTEMS-Runtime/arm-bsp/src/Tic/Tic.c:134:6" }
edge: { sourcename: "/home/taste/work/work/data-compress-git-out/work/build/node_1/partition_1/runtime/SAMX-RTEMS-Runtime/arm-bsp/src/Tic/Tic.c:prepareWaveformModeConfig" targetname: "/home/taste/work/work/data-compress-git-out/work/build/node_1/partition_1/runtime/SAMX-RTEMS-Runtime/arm-bsp/src/Tic/Tic.c:shiftBitLeft" label: "/home/taste/work/work/data-compress-git-out/work/build/node_1/partition_1/runtime/SAMX-RTEMS-Runtime/arm-bsp/src/Tic/Tic.c:136:6" }
edge: { sourcename: "/home/taste/work/work/data-compress-git-out/work/build/node_1/partition_1/runtime/SAMX-RTEMS-Runtime/arm-bsp/src/Tic/Tic.c:prepareWaveformModeConfig" targetname: "/home/taste/work/work/data-compress-git-out/work/build/node_1/partition_1/runtime/SAMX-RTEMS-Runtime/arm-bsp/src/Tic/Tic.c:shiftValueLeft" label: "/home/taste/work/work/data-compress-git-out/work/build/node_1/partition_1/runtime/SAMX-RTEMS-Runtime/arm-bsp/src/Tic/Tic.c:137:6" }
edge: { sourcename: "/home/taste/work/work/data-compress-git-out/work/build/node_1/partition_1/runtime/SAMX-RTEMS-Runtime/arm-bsp/src/Tic/Tic.c:prepareWaveformModeConfig" targetname: "/home/taste/work/work/data-compress-git-out/work/build/node_1/partition_1/runtime/SAMX-RTEMS-Runtime/arm-bsp/src/Tic/Tic.c:shiftValueLeft" label: "/home/taste/work/work/data-compress-git-out/work/build/node_1/partition_1/runtime/SAMX-RTEMS-Runtime/arm-bsp/src/Tic/Tic.c:139:6" }
edge: { sourcename: "/home/taste/work/work/data-compress-git-out/work/build/node_1/partition_1/runtime/SAMX-RTEMS-Runtime/arm-bsp/src/Tic/Tic.c:prepareWaveformModeConfig" targetname: "/home/taste/work/work/data-compress-git-out/work/build/node_1/partition_1/runtime/SAMX-RTEMS-Runtime/arm-bsp/src/Tic/Tic.c:shiftValueLeft" label: "/home/taste/work/work/data-compress-git-out/work/build/node_1/partition_1/runtime/SAMX-RTEMS-Runtime/arm-bsp/src/Tic/Tic.c:141:6" }
edge: { sourcename: "/home/taste/work/work/data-compress-git-out/work/build/node_1/partition_1/runtime/SAMX-RTEMS-Runtime/arm-bsp/src/Tic/Tic.c:prepareWaveformModeConfig" targetname: "/home/taste/work/work/data-compress-git-out/work/build/node_1/partition_1/runtime/SAMX-RTEMS-Runtime/arm-bsp/src/Tic/Tic.c:shiftValueLeft" label: "/home/taste/work/work/data-compress-git-out/work/build/node_1/partition_1/runtime/SAMX-RTEMS-Runtime/arm-bsp/src/Tic/Tic.c:143:6" }
edge: { sourcename: "/home/taste/work/work/data-compress-git-out/work/build/node_1/partition_1/runtime/SAMX-RTEMS-Runtime/arm-bsp/src/Tic/Tic.c:prepareWaveformModeConfig" targetname: "/home/taste/work/work/data-compress-git-out/work/build/node_1/partition_1/runtime/SAMX-RTEMS-Runtime/arm-bsp/src/Tic/Tic.c:shiftValueLeft" label: "/home/taste/work/work/data-compress-git-out/work/build/node_1/partition_1/runtime/SAMX-RTEMS-Runtime/arm-bsp/src/Tic/Tic.c:145:6" }
edge: { sourcename: "/home/taste/work/work/data-compress-git-out/work/build/node_1/partition_1/runtime/SAMX-RTEMS-Runtime/arm-bsp/src/Tic/Tic.c:prepareWaveformModeConfig" targetname: "/home/taste/work/work/data-compress-git-out/work/build/node_1/partition_1/runtime/SAMX-RTEMS-Runtime/arm-bsp/src/Tic/Tic.c:shiftValueLeft" label: "/home/taste/work/work/data-compress-git-out/work/build/node_1/partition_1/runtime/SAMX-RTEMS-Runtime/arm-bsp/src/Tic/Tic.c:147:6" }
edge: { sourcename: "/home/taste/work/work/data-compress-git-out/work/build/node_1/partition_1/runtime/SAMX-RTEMS-Runtime/arm-bsp/src/Tic/Tic.c:prepareWaveformModeConfig" targetname: "/home/taste/work/work/data-compress-git-out/work/build/node_1/partition_1/runtime/SAMX-RTEMS-Runtime/arm-bsp/src/Tic/Tic.c:shiftValueLeft" label: "/home/taste/work/work/data-compress-git-out/work/build/node_1/partition_1/runtime/SAMX-RTEMS-Runtime/arm-bsp/src/Tic/Tic.c:149:6" }
edge: { sourcename: "/home/taste/work/work/data-compress-git-out/work/build/node_1/partition_1/runtime/SAMX-RTEMS-Runtime/arm-bsp/src/Tic/Tic.c:prepareWaveformModeConfig" targetname: "/home/taste/work/work/data-compress-git-out/work/build/node_1/partition_1/runtime/SAMX-RTEMS-Runtime/arm-bsp/src/Tic/Tic.c:shiftValueLeft" label: "/home/taste/work/work/data-compress-git-out/work/build/node_1/partition_1/runtime/SAMX-RTEMS-Runtime/arm-bsp/src/Tic/Tic.c:151:6" }
node: { title: "Tic_setChannelConfig" label: "Tic_setChannelConfig\n/home/taste/work/work/data-compress-git-out/work/build/node_1/partition_1/runtime/SAMX-RTEMS-Runtime/arm-bsp/src/Tic/Tic.c:157:1\n96 bytes (static)" }
edge: { sourcename: "Tic_setChannelConfig" targetname: "/home/taste/work/work/data-compress-git-out/work/build/node_1/partition_1/runtime/SAMX-RTEMS-Runtime/arm-bsp/src/Tic/Tic.c:shiftValueLeft" label: "/home/taste/work/work/data-compress-git-out/work/build/node_1/partition_1/runtime/SAMX-RTEMS-Runtime/arm-bsp/src/Tic/Tic.c:162:8" }
edge: { sourcename: "Tic_setChannelConfig" targetname: "/home/taste/work/work/data-compress-git-out/work/build/node_1/partition_1/runtime/SAMX-RTEMS-Runtime/arm-bsp/src/Tic/Tic.c:shiftBitLeft" label: "/home/taste/work/work/data-compress-git-out/work/build/node_1/partition_1/runtime/SAMX-RTEMS-Runtime/arm-bsp/src/Tic/Tic.c:163:6" }
edge: { sourcename: "Tic_setChannelConfig" targetname: "/home/taste/work/work/data-compress-git-out/work/build/node_1/partition_1/runtime/SAMX-RTEMS-Runtime/arm-bsp/src/Tic/Tic.c:shiftValueLeft" label: "/home/taste/work/work/data-compress-git-out/work/build/node_1/partition_1/runtime/SAMX-RTEMS-Runtime/arm-bsp/src/Tic/Tic.c:164:6" }
edge: { sourcename: "Tic_setChannelConfig" targetname: "/home/taste/work/work/data-compress-git-out/work/build/node_1/partition_1/runtime/SAMX-RTEMS-Runtime/arm-bsp/src/Tic/Tic.c:prepareCaptureModeConfig" label: "/home/taste/work/work/data-compress-git-out/work/build/node_1/partition_1/runtime/SAMX-RTEMS-Runtime/arm-bsp/src/Tic/Tic.c:168:10" }
edge: { sourcename: "Tic_setChannelConfig" targetname: "/home/taste/work/work/data-compress-git-out/work/build/node_1/partition_1/runtime/SAMX-RTEMS-Runtime/arm-bsp/src/Tic/Tic.c:prepareWaveformModeConfig" label: "/home/taste/work/work/data-compress-git-out/work/build/node_1/partition_1/runtime/SAMX-RTEMS-Runtime/arm-bsp/src/Tic/Tic.c:172:10" }
edge: { sourcename: "Tic_setChannelConfig" targetname: "__assert_func" label: "/home/taste/work/work/data-compress-git-out/work/build/node_1/partition_1/runtime/SAMX-RTEMS-Runtime/arm-bsp/src/Tic/Tic.c:175:11" }
edge: { sourcename: "Tic_setChannelConfig" targetname: "Tic_disableChannel" label: "/home/taste/work/work/data-compress-git-out/work/build/node_1/partition_1/runtime/SAMX-RTEMS-Runtime/arm-bsp/src/Tic/Tic.c:179:3" }
edge: { sourcename: "Tic_setChannelConfig" targetname: "/home/taste/work/work/data-compress-git-out/work/build/node_1/partition_1/runtime/SAMX-RTEMS-Runtime/arm-bsp/src/Tic/Tic.c:shiftValueLeft" label: "/home/taste/work/work/data-compress-git-out/work/build/node_1/partition_1/runtime/SAMX-RTEMS-Runtime/arm-bsp/src/Tic/Tic.c:182:4" }
edge: { sourcename: "Tic_setChannelConfig" targetname: "/home/taste/work/work/data-compress-git-out/work/build/node_1/partition_1/runtime/SAMX-RTEMS-Runtime/arm-bsp/src/Tic/Tic.c:shiftValueLeft" label: "/home/taste/work/work/data-compress-git-out/work/build/node_1/partition_1/runtime/SAMX-RTEMS-Runtime/arm-bsp/src/Tic/Tic.c:189:40" }
edge: { sourcename: "Tic_setChannelConfig" targetname: "/home/taste/work/work/data-compress-git-out/work/build/node_1/partition_1/runtime/SAMX-RTEMS-Runtime/arm-bsp/src/Tic/Tic.c:shiftValueLeft" label: "/home/taste/work/work/data-compress-git-out/work/build/node_1/partition_1/runtime/SAMX-RTEMS-Runtime/arm-bsp/src/Tic/Tic.c:191:40" }
edge: { sourcename: "Tic_setChannelConfig" targetname: "/home/taste/work/work/data-compress-git-out/work/build/node_1/partition_1/runtime/SAMX-RTEMS-Runtime/arm-bsp/src/Tic/Tic.c:shiftBitLeft" label: "/home/taste/work/work/data-compress-git-out/work/build/node_1/partition_1/runtime/SAMX-RTEMS-Runtime/arm-bsp/src/Tic/Tic.c:196:4" }
edge: { sourcename: "Tic_setChannelConfig" targetname: "/home/taste/work/work/data-compress-git-out/work/build/node_1/partition_1/runtime/SAMX-RTEMS-Runtime/arm-bsp/src/Tic/Tic.c:shiftValueLeft" label: "/home/taste/work/work/data-compress-git-out/work/build/node_1/partition_1/runtime/SAMX-RTEMS-Runtime/arm-bsp/src/Tic/Tic.c:197:6" }
edge: { sourcename: "Tic_setChannelConfig" targetname: "Tic_setChannelIrqConfig" label: "/home/taste/work/work/data-compress-git-out/work/build/node_1/partition_1/runtime/SAMX-RTEMS-Runtime/arm-bsp/src/Tic/Tic.c:200:2" }
edge: { sourcename: "Tic_setChannelConfig" targetname: "/home/taste/work/work/data-compress-git-out/work/build/node_1/partition_1/runtime/SAMX-RTEMS-Runtime/arm-bsp/src/Tic/Tic.c:shiftValueLeft" label: "/home/taste/work/work/data-compress-git-out/work/build/node_1/partition_1/runtime/SAMX-RTEMS-Runtime/arm-bsp/src/Tic/Tic.c:203:4" }
edge: { sourcename: "Tic_setChannelConfig" targetname: "/home/taste/work/work/data-compress-git-out/work/build/node_1/partition_1/runtime/SAMX-RTEMS-Runtime/arm-bsp/src/Tic/Tic.c:shiftValueLeft" label: "/home/taste/work/work/data-compress-git-out/work/build/node_1/partition_1/runtime/SAMX-RTEMS-Runtime/arm-bsp/src/Tic/Tic.c:205:6" }
edge: { sourcename: "Tic_setChannelConfig" targetname: "/home/taste/work/work/data-compress-git-out/work/build/node_1/partition_1/runtime/SAMX-RTEMS-Runtime/arm-bsp/src/Tic/Tic.c:shiftValueLeft" label: "/home/taste/work/work/data-compress-git-out/work/build/node_1/partition_1/runtime/SAMX-RTEMS-Runtime/arm-bsp/src/Tic/Tic.c:207:6" }
edge: { sourcename: "Tic_setChannelConfig" targetname: "Tic_enableChannel" label: "/home/taste/work/work/data-compress-git-out/work/build/node_1/partition_1/runtime/SAMX-RTEMS-Runtime/arm-bsp/src/Tic/Tic.c:211:3" }
node: { title: "/home/taste/work/work/data-compress-git-out/work/build/node_1/partition_1/runtime/SAMX-RTEMS-Runtime/arm-bsp/src/Tic/Tic.c:getCaptureModeConfig" label: "getCaptureModeConfig\n/home/taste/work/work/data-compress-git-out/work/build/node_1/partition_1/runtime/SAMX-RTEMS-Runtime/arm-bsp/src/Tic/Tic.c:215:1\n32 bytes (static)" }
edge: { sourcename: "/home/taste/work/work/data-compress-git-out/work/build/node_1/partition_1/runtime/SAMX-RTEMS-Runtime/arm-bsp/src/Tic/Tic.c:getCaptureModeConfig" targetname: "__assert_func" label: "/home/taste/work/work/data-compress-git-out/work/build/node_1/partition_1/runtime/SAMX-RTEMS-Runtime/arm-bsp/src/Tic/Tic.c:218:2" }
node: { title: "/home/taste/work/work/data-compress-git-out/work/build/node_1/partition_1/runtime/SAMX-RTEMS-Runtime/arm-bsp/src/Tic/Tic.c:getWaveformModeConfig" label: "getWaveformModeConfig\n/home/taste/work/work/data-compress-git-out/work/build/node_1/partition_1/runtime/SAMX-RTEMS-Runtime/arm-bsp/src/Tic/Tic.c:245:1\n32 bytes (static)" }
edge: { sourcename: "/home/taste/work/work/data-compress-git-out/work/build/node_1/partition_1/runtime/SAMX-RTEMS-Runtime/arm-bsp/src/Tic/Tic.c:getWaveformModeConfig" targetname: "__assert_func" label: "/home/taste/work/work/data-compress-git-out/work/build/node_1/partition_1/runtime/SAMX-RTEMS-Runtime/arm-bsp/src/Tic/Tic.c:248:2" }
node: { title: "Tic_getChannelConfig" label: "Tic_getChannelConfig\n/home/taste/work/work/data-compress-git-out/work/build/node_1/partition_1/runtime/SAMX-RTEMS-Runtime/arm-bsp/src/Tic/Tic.c:292:1\n32 bytes (static)" }
edge: { sourcename: "Tic_getChannelConfig" targetname: "__assert_func" label: "/home/taste/work/work/data-compress-git-out/work/build/node_1/partition_1/runtime/SAMX-RTEMS-Runtime/arm-bsp/src/Tic/Tic.c:295:2" }
edge: { sourcename: "Tic_getChannelConfig" targetname: "Tic_isChannelEnabled" label: "/home/taste/work/work/data-compress-git-out/work/build/node_1/partition_1/runtime/SAMX-RTEMS-Runtime/arm-bsp/src/Tic/Tic.c:298:22" }
edge: { sourcename: "Tic_getChannelConfig" targetname: "/home/taste/work/work/data-compress-git-out/work/build/node_1/partition_1/runtime/SAMX-RTEMS-Runtime/arm-bsp/src/Tic/Tic.c:getCaptureModeConfig" label: "/home/taste/work/work/data-compress-git-out/work/build/node_1/partition_1/runtime/SAMX-RTEMS-Runtime/arm-bsp/src/Tic/Tic.c:306:3" }
edge: { sourcename: "Tic_getChannelConfig" targetname: "/home/taste/work/work/data-compress-git-out/work/build/node_1/partition_1/runtime/SAMX-RTEMS-Runtime/arm-bsp/src/Tic/Tic.c:getWaveformModeConfig" label: "/home/taste/work/work/data-compress-git-out/work/build/node_1/partition_1/runtime/SAMX-RTEMS-Runtime/arm-bsp/src/Tic/Tic.c:308:3" }
edge: { sourcename: "Tic_getChannelConfig" targetname: "Tic_getChannelIrqConfig" label: "/home/taste/work/work/data-compress-git-out/work/build/node_1/partition_1/runtime/SAMX-RTEMS-Runtime/arm-bsp/src/Tic/Tic.c:318:2" }
node: { title: "Tic_setChannelIrqConfig" label: "Tic_setChannelIrqConfig\n/home/taste/work/work/data-compress-git-out/work/build/node_1/partition_1/runtime/SAMX-RTEMS-Runtime/arm-bsp/src/Tic/Tic.c:336:1\n24 bytes (static)" }
edge: { sourcename: "Tic_setChannelIrqConfig" targetname: "Tic_enableChannelIrq" label: "/home/taste/work/work/data-compress-git-out/work/build/node_1/partition_1/runtime/SAMX-RTEMS-Runtime/arm-bsp/src/Tic/Tic.c:340:6" }
edge: { sourcename: "Tic_setChannelIrqConfig" targetname: "Tic_disableChannelIrq" label: "/home/taste/work/work/data-compress-git-out/work/build/node_1/partition_1/runtime/SAMX-RTEMS-Runtime/arm-bsp/src/Tic/Tic.c:342:6" }
edge: { sourcename: "Tic_setChannelIrqConfig" targetname: "Tic_enableChannelIrq" label: "/home/taste/work/work/data-compress-git-out/work/build/node_1/partition_1/runtime/SAMX-RTEMS-Runtime/arm-bsp/src/Tic/Tic.c:345:36" }
edge: { sourcename: "Tic_setChannelIrqConfig" targetname: "Tic_disableChannelIrq" label: "/home/taste/work/work/data-compress-git-out/work/build/node_1/partition_1/runtime/SAMX-RTEMS-Runtime/arm-bsp/src/Tic/Tic.c:347:8" }
edge: { sourcename: "Tic_setChannelIrqConfig" targetname: "Tic_enableChannelIrq" label: "/home/taste/work/work/data-compress-git-out/work/build/node_1/partition_1/runtime/SAMX-RTEMS-Runtime/arm-bsp/src/Tic/Tic.c:351:6" }
edge: { sourcename: "Tic_setChannelIrqConfig" targetname: "Tic_disableChannelIrq" label: "/home/taste/work/work/data-compress-git-out/work/build/node_1/partition_1/runtime/SAMX-RTEMS-Runtime/arm-bsp/src/Tic/Tic.c:352:6" }
edge: { sourcename: "Tic_setChannelIrqConfig" targetname: "Tic_enableChannelIrq" label: "/home/taste/work/work/data-compress-git-out/work/build/node_1/partition_1/runtime/SAMX-RTEMS-Runtime/arm-bsp/src/Tic/Tic.c:356:6" }
edge: { sourcename: "Tic_setChannelIrqConfig" targetname: "Tic_disableChannelIrq" label: "/home/taste/work/work/data-compress-git-out/work/build/node_1/partition_1/runtime/SAMX-RTEMS-Runtime/arm-bsp/src/Tic/Tic.c:357:6" }
edge: { sourcename: "Tic_setChannelIrqConfig" targetname: "Tic_enableChannelIrq" label: "/home/taste/work/work/data-compress-git-out/work/build/node_1/partition_1/runtime/SAMX-RTEMS-Runtime/arm-bsp/src/Tic/Tic.c:361:6" }
edge: { sourcename: "Tic_setChannelIrqConfig" targetname: "Tic_disableChannelIrq" label: "/home/taste/work/work/data-compress-git-out/work/build/node_1/partition_1/runtime/SAMX-RTEMS-Runtime/arm-bsp/src/Tic/Tic.c:362:6" }
edge: { sourcename: "Tic_setChannelIrqConfig" targetname: "Tic_enableChannelIrq" label: "/home/taste/work/work/data-compress-git-out/work/build/node_1/partition_1/runtime/SAMX-RTEMS-Runtime/arm-bsp/src/Tic/Tic.c:366:6" }
edge: { sourcename: "Tic_setChannelIrqConfig" targetname: "Tic_disableChannelIrq" label: "/home/taste/work/work/data-compress-git-out/work/build/node_1/partition_1/runtime/SAMX-RTEMS-Runtime/arm-bsp/src/Tic/Tic.c:367:6" }
edge: { sourcename: "Tic_setChannelIrqConfig" targetname: "Tic_enableChannelIrq" label: "/home/taste/work/work/data-compress-git-out/work/build/node_1/partition_1/runtime/SAMX-RTEMS-Runtime/arm-bsp/src/Tic/Tic.c:371:6" }
edge: { sourcename: "Tic_setChannelIrqConfig" targetname: "Tic_disableChannelIrq" label: "/home/taste/work/work/data-compress-git-out/work/build/node_1/partition_1/runtime/SAMX-RTEMS-Runtime/arm-bsp/src/Tic/Tic.c:372:6" }
edge: { sourcename: "Tic_setChannelIrqConfig" targetname: "Tic_enableChannelIrq" label: "/home/taste/work/work/data-compress-git-out/work/build/node_1/partition_1/runtime/SAMX-RTEMS-Runtime/arm-bsp/src/Tic/Tic.c:376:6" }
edge: { sourcename: "Tic_setChannelIrqConfig" targetname: "Tic_disableChannelIrq" label: "/home/taste/work/work/data-compress-git-out/work/build/node_1/partition_1/runtime/SAMX-RTEMS-Runtime/arm-bsp/src/Tic/Tic.c:378:6" }
node: { title: "Tic_getChannelIrqConfig" label: "Tic_getChannelIrqConfig\n/home/taste/work/work/data-compress-git-out/work/build/node_1/partition_1/runtime/SAMX-RTEMS-Runtime/arm-bsp/src/Tic/Tic.c:383:1\n24 bytes (static)" }
edge: { sourcename: "Tic_getChannelIrqConfig" targetname: "Tic_isChannelIrqEnabled" label: "/home/taste/work/work/data-compress-git-out/work/build/node_1/partition_1/runtime/SAMX-RTEMS-Runtime/arm-bsp/src/Tic/Tic.c:386:40" }
edge: { sourcename: "Tic_getChannelIrqConfig" targetname: "Tic_isChannelIrqEnabled" label: "/home/taste/work/work/data-compress-git-out/work/build/node_1/partition_1/runtime/SAMX-RTEMS-Runtime/arm-bsp/src/Tic/Tic.c:388:36" }
edge: { sourcename: "Tic_getChannelIrqConfig" targetname: "Tic_isChannelIrqEnabled" label: "/home/taste/work/work/data-compress-git-out/work/build/node_1/partition_1/runtime/SAMX-RTEMS-Runtime/arm-bsp/src/Tic/Tic.c:390:34" }
edge: { sourcename: "Tic_getChannelIrqConfig" targetname: "Tic_isChannelIrqEnabled" label: "/home/taste/work/work/data-compress-git-out/work/build/node_1/partition_1/runtime/SAMX-RTEMS-Runtime/arm-bsp/src/Tic/Tic.c:392:34" }
edge: { sourcename: "Tic_getChannelIrqConfig" targetname: "Tic_isChannelIrqEnabled" label: "/home/taste/work/work/data-compress-git-out/work/build/node_1/partition_1/runtime/SAMX-RTEMS-Runtime/arm-bsp/src/Tic/Tic.c:394:34" }
edge: { sourcename: "Tic_getChannelIrqConfig" targetname: "Tic_isChannelIrqEnabled" label: "/home/taste/work/work/data-compress-git-out/work/build/node_1/partition_1/runtime/SAMX-RTEMS-Runtime/arm-bsp/src/Tic/Tic.c:396:34" }
edge: { sourcename: "Tic_getChannelIrqConfig" targetname: "Tic_isChannelIrqEnabled" label: "/home/taste/work/work/data-compress-git-out/work/build/node_1/partition_1/runtime/SAMX-RTEMS-Runtime/arm-bsp/src/Tic/Tic.c:398:34" }
edge: { sourcename: "Tic_getChannelIrqConfig" targetname: "Tic_isChannelIrqEnabled" label: "/home/taste/work/work/data-compress-git-out/work/build/node_1/partition_1/runtime/SAMX-RTEMS-Runtime/arm-bsp/src/Tic/Tic.c:400:40" }
node: { title: "Tic_enableChannelIrq" label: "Tic_enableChannelIrq\n/home/taste/work/work/data-compress-git-out/work/build/node_1/partition_1/runtime/SAMX-RTEMS-Runtime/arm-bsp/src/Tic/Tic.c:405:1\n24 bytes (static)" }
edge: { sourcename: "Tic_enableChannelIrq" targetname: "__assert_func" label: "/home/taste/work/work/data-compress-git-out/work/build/node_1/partition_1/runtime/SAMX-RTEMS-Runtime/arm-bsp/src/Tic/Tic.c:408:2" }
node: { title: "Tic_disableChannelIrq" label: "Tic_disableChannelIrq\n/home/taste/work/work/data-compress-git-out/work/build/node_1/partition_1/runtime/SAMX-RTEMS-Runtime/arm-bsp/src/Tic/Tic.c:413:1\n24 bytes (static)" }
edge: { sourcename: "Tic_disableChannelIrq" targetname: "__assert_func" label: "/home/taste/work/work/data-compress-git-out/work/build/node_1/partition_1/runtime/SAMX-RTEMS-Runtime/arm-bsp/src/Tic/Tic.c:416:2" }
node: { title: "Tic_isChannelIrqEnabled" label: "Tic_isChannelIrqEnabled\n/home/taste/work/work/data-compress-git-out/work/build/node_1/partition_1/runtime/SAMX-RTEMS-Runtime/arm-bsp/src/Tic/Tic.c:421:1\n24 bytes (static)" }
edge: { sourcename: "Tic_isChannelIrqEnabled" targetname: "__assert_func" label: "/home/taste/work/work/data-compress-git-out/work/build/node_1/partition_1/runtime/SAMX-RTEMS-Runtime/arm-bsp/src/Tic/Tic.c:424:2" }
node: { title: "Tic_getChannelStatus" label: "Tic_getChannelStatus\n/home/taste/work/work/data-compress-git-out/work/build/node_1/partition_1/runtime/SAMX-RTEMS-Runtime/arm-bsp/src/Tic/Tic.c:430:1\n32 bytes (static)" }
edge: { sourcename: "Tic_getChannelStatus" targetname: "__assert_func" label: "/home/taste/work/work/data-compress-git-out/work/build/node_1/partition_1/runtime/SAMX-RTEMS-Runtime/arm-bsp/src/Tic/Tic.c:433:2" }
node: { title: "Tic_getCounterValue" label: "Tic_getCounterValue\n/home/taste/work/work/data-compress-git-out/work/build/node_1/partition_1/runtime/SAMX-RTEMS-Runtime/arm-bsp/src/Tic/Tic.c:451:1\n16 bytes (static)" }
edge: { sourcename: "Tic_getCounterValue" targetname: "__assert_func" label: "/home/taste/work/work/data-compress-git-out/work/build/node_1/partition_1/runtime/SAMX-RTEMS-Runtime/arm-bsp/src/Tic/Tic.c:453:2" }
node: { title: "Tic_configureExternalClockSignals" label: "Tic_configureExternalClockSignals\n/home/taste/work/work/data-compress-git-out/work/build/node_1/partition_1/runtime/SAMX-RTEMS-Runtime/arm-bsp/src/Tic/Tic.c:458:1\n32 bytes (static)" }
edge: { sourcename: "Tic_configureExternalClockSignals" targetname: "/home/taste/work/work/data-compress-git-out/work/build/node_1/partition_1/runtime/SAMX-RTEMS-Runtime/arm-bsp/src/Tic/Tic.c:shiftValueLeft" label: "/home/taste/work/work/data-compress-git-out/work/build/node_1/partition_1/runtime/SAMX-RTEMS-Runtime/arm-bsp/src/Tic/Tic.c:465:9" }
edge: { sourcename: "Tic_configureExternalClockSignals" targetname: "/home/taste/work/work/data-compress-git-out/work/build/node_1/partition_1/runtime/SAMX-RTEMS-Runtime/arm-bsp/src/Tic/Tic.c:shiftValueLeft" label: "/home/taste/work/work/data-compress-git-out/work/build/node_1/partition_1/runtime/SAMX-RTEMS-Runtime/arm-bsp/src/Tic/Tic.c:466:6" }
edge: { sourcename: "Tic_configureExternalClockSignals" targetname: "/home/taste/work/work/data-compress-git-out/work/build/node_1/partition_1/runtime/SAMX-RTEMS-Runtime/arm-bsp/src/Tic/Tic.c:shiftValueLeft" label: "/home/taste/work/work/data-compress-git-out/work/build/node_1/partition_1/runtime/SAMX-RTEMS-Runtime/arm-bsp/src/Tic/Tic.c:468:6" }
node: { title: "Tic_writeProtect" label: "Tic_writeProtect\n/home/taste/work/work/data-compress-git-out/work/build/node_1/partition_1/runtime/SAMX-RTEMS-Runtime/arm-bsp/src/Tic/Tic.c:474:1\n32 bytes (static)" }
edge: { sourcename: "Tic_writeProtect" targetname: "Tic_enableChannel" label: "/home/taste/work/work/data-compress-git-out/work/build/node_1/partition_1/runtime/SAMX-RTEMS-Runtime/arm-bsp/src/Tic/Tic.c:480:2" }
edge: { sourcename: "Tic_writeProtect" targetname: "/home/taste/work/work/data-compress-git-out/work/build/node_1/partition_1/runtime/SAMX-RTEMS-Runtime/arm-bsp/src/Tic/Tic.c:shiftValueLeft" label: "/home/taste/work/work/data-compress-git-out/work/build/node_1/partition_1/runtime/SAMX-RTEMS-Runtime/arm-bsp/src/Tic/Tic.c:481:20" }
edge: { sourcename: "Tic_writeProtect" targetname: "/home/taste/work/work/data-compress-git-out/work/build/node_1/partition_1/runtime/SAMX-RTEMS-Runtime/arm-bsp/src/Tic/Tic.c:shiftBitLeft" label: "/home/taste/work/work/data-compress-git-out/work/build/node_1/partition_1/runtime/SAMX-RTEMS-Runtime/arm-bsp/src/Tic/Tic.c:483:6" }
edge: { sourcename: "Tic_writeProtect" targetname: "Tic_disableChannel" label: "/home/taste/work/work/data-compress-git-out/work/build/node_1/partition_1/runtime/SAMX-RTEMS-Runtime/arm-bsp/src/Tic/Tic.c:486:3" }
node: { title: "Tic_getRaValue" label: "Tic_getRaValue\n/home/taste/work/work/data-compress-git-out/work/build/node_1/partition_1/runtime/SAMX-RTEMS-Runtime/arm-bsp/src/Tic/Tic.c:490:1\n16 bytes (static)" }
edge: { sourcename: "Tic_getRaValue" targetname: "__assert_func" label: "/home/taste/work/work/data-compress-git-out/work/build/node_1/partition_1/runtime/SAMX-RTEMS-Runtime/arm-bsp/src/Tic/Tic.c:492:2" }
node: { title: "Tic_getRbValue" label: "Tic_getRbValue\n/home/taste/work/work/data-compress-git-out/work/build/node_1/partition_1/runtime/SAMX-RTEMS-Runtime/arm-bsp/src/Tic/Tic.c:498:1\n16 bytes (static)" }
edge: { sourcename: "Tic_getRbValue" targetname: "__assert_func" label: "/home/taste/work/work/data-compress-git-out/work/build/node_1/partition_1/runtime/SAMX-RTEMS-Runtime/arm-bsp/src/Tic/Tic.c:500:2" }
node: { title: "Tic_getRcValue" label: "Tic_getRcValue\n/home/taste/work/work/data-compress-git-out/work/build/node_1/partition_1/runtime/SAMX-RTEMS-Runtime/arm-bsp/src/Tic/Tic.c:506:1\n16 bytes (static)" }
edge: { sourcename: "Tic_getRcValue" targetname: "__assert_func" label: "/home/taste/work/work/data-compress-git-out/work/build/node_1/partition_1/runtime/SAMX-RTEMS-Runtime/arm-bsp/src/Tic/Tic.c:508:2" }
}
