graph: { title: "/home/taste/work/work/data-compress-git-out/work/build/node_2/partition_2/runtime/SAMX-RTEMS-Runtime/src/FaultHandler/FaultHandler.c"
node: { title: "/home/taste/work/work/data-compress-git-out/work/build/node_2/partition_2/runtime/SAMX-RTEMS-Runtime/src/FaultHandler/FaultHandler.c:Scb_isDCacheEnabled" label: "Scb_isDCacheEnabled\n/home/taste/work/work/data-compress-git-out/work/build/node_2/partition_2/runtime/SAMX-RTEMS-Runtime/arm-bsp/src/Scb/Scb.h:79:1\n16 bytes (static)" }
node: { title: "/home/taste/work/work/data-compress-git-out/work/build/node_2/partition_2/runtime/SAMX-RTEMS-Runtime/src/FaultHandler/FaultHandler.c:Scb_cleanDCache" label: "Scb_cleanDCache\n/home/taste/work/work/data-compress-git-out/work/build/node_2/partition_2/runtime/SAMX-RTEMS-Runtime/arm-bsp/src/Scb/Scb.h:187:1\n32 bytes (static)" }
edge: { sourcename: "/home/taste/work/work/data-compress-git-out/work/build/node_2/partition_2/runtime/SAMX-RTEMS-Runtime/src/FaultHandler/FaultHandler.c:Scb_cleanDCache" targetname: "/home/taste/work/work/data-compress-git-out/work/build/node_2/partition_2/runtime/SAMX-RTEMS-Runtime/src/FaultHandler/FaultHandler.c:Scb_isDCacheEnabled" label: "/home/taste/work/work/data-compress-git-out/work/build/node_2/partition_2/runtime/SAMX-RTEMS-Runtime/arm-bsp/src/Scb/Scb.h:189:7" }
node: { title: "/home/taste/work/work/data-compress-git-out/work/build/node_2/partition_2/runtime/SAMX-RTEMS-Runtime/src/FaultHandler/FaultHandler.c:Scb_invalidateDCache" label: "Scb_invalidateDCache\n/home/taste/work/work/data-compress-git-out/work/build/node_2/partition_2/runtime/SAMX-RTEMS-Runtime/arm-bsp/src/Scb/Scb.h:228:1\n32 bytes (static)" }
edge: { sourcename: "/home/taste/work/work/data-compress-git-out/work/build/node_2/partition_2/runtime/SAMX-RTEMS-Runtime/src/FaultHandler/FaultHandler.c:Scb_invalidateDCache" targetname: "/home/taste/work/work/data-compress-git-out/work/build/node_2/partition_2/runtime/SAMX-RTEMS-Runtime/src/FaultHandler/FaultHandler.c:Scb_isDCacheEnabled" label: "/home/taste/work/work/data-compress-git-out/work/build/node_2/partition_2/runtime/SAMX-RTEMS-Runtime/arm-bsp/src/Scb/Scb.h:230:7" }
node: { title: "Fault_HandlerTail" label: "Fault_HandlerTail\n/home/taste/work/work/data-compress-git-out/work/build/node_2/partition_2/runtime/SAMX-RTEMS-Runtime/src/FaultHandler/FaultHandler.c:31:32\n8 bytes (static)" }
node: { title: "DeathReportWriter_GenerateDeathReport" label: "DeathReportWriter_GenerateDeathReport\n/home/taste/work/work/data-compress-git-out/work/build/node_2/partition_2/runtime/SAMX-RTEMS-Runtime/src/FaultHandler/DeathReportWriter.h:40:6" shape : ellipse }
edge: { sourcename: "Fault_HandlerTail" targetname: "DeathReportWriter_GenerateDeathReport" label: "/home/taste/work/work/data-compress-git-out/work/build/node_2/partition_2/runtime/SAMX-RTEMS-Runtime/src/FaultHandler/FaultHandler.c:33:2" }
edge: { sourcename: "Fault_HandlerTail" targetname: "/home/taste/work/work/data-compress-git-out/work/build/node_2/partition_2/runtime/SAMX-RTEMS-Runtime/src/FaultHandler/FaultHandler.c:Scb_cleanDCache" label: "/home/taste/work/work/data-compress-git-out/work/build/node_2/partition_2/runtime/SAMX-RTEMS-Runtime/src/FaultHandler/FaultHandler.c:35:8" }
edge: { sourcename: "Fault_HandlerTail" targetname: "/home/taste/work/work/data-compress-git-out/work/build/node_2/partition_2/runtime/SAMX-RTEMS-Runtime/src/FaultHandler/FaultHandler.c:Scb_invalidateDCache" label: "/home/taste/work/work/data-compress-git-out/work/build/node_2/partition_2/runtime/SAMX-RTEMS-Runtime/src/FaultHandler/FaultHandler.c:36:8" }
node: { title: "Rstc_resetSystem" label: "Rstc_resetSystem\n/home/taste/work/work/data-compress-git-out/work/build/node_2/partition_2/runtime/SAMX-RTEMS-Runtime/arm-bsp/src/Rstc/Rstc.h:77:6" shape : ellipse }
edge: { sourcename: "Fault_HandlerTail" targetname: "Rstc_resetSystem" label: "/home/taste/work/work/data-compress-git-out/work/build/node_2/partition_2/runtime/SAMX-RTEMS-Runtime/src/FaultHandler/FaultHandler.c:37:2" }
node: { title: "Fault_Handler" label: "Fault_Handler\n/home/taste/work/work/data-compress-git-out/work/build/node_2/partition_2/runtime/SAMX-RTEMS-Runtime/src/FaultHandler/FaultHandler.c:42:41\n0 bytes (static)" }
node: { title: "FaultHandler_Init" label: "FaultHandler_Init\n/home/taste/work/work/data-compress-git-out/work/build/node_2/partition_2/runtime/SAMX-RTEMS-Runtime/src/FaultHandler/FaultHandler.c:182:6\n8 bytes (static)" }
node: { title: "Nvic_relocateVectorTable" label: "Nvic_relocateVectorTable\n/home/taste/work/work/data-compress-git-out/work/build/node_2/partition_2/runtime/SAMX-RTEMS-Runtime/arm-bsp/src/Nvic/Nvic.h:336:6" shape : ellipse }
edge: { sourcename: "FaultHandler_Init" targetname: "Nvic_relocateVectorTable" label: "/home/taste/work/work/data-compress-git-out/work/build/node_2/partition_2/runtime/SAMX-RTEMS-Runtime/src/FaultHandler/FaultHandler.c:190:2" }
}
