graph: { title: "/home/taste/work/work/data-compress-git-out/work/build/node_2/partition_2/runtime/SAMX-RTEMS-Runtime/src/Hal/Hal.c"
node: { title: "Hal_SetReloadsCounter" label: "Hal_SetReloadsCounter\n/home/taste/work/work/data-compress-git-out/work/build/node_2/partition_2/runtime/SAMX-RTEMS-Runtime/src/Hal/Hal.c:65:6\n16 bytes (static)" }
node: { title: "Hal_SetNsPerTickQ32" label: "Hal_SetNsPerTickQ32\n/home/taste/work/work/data-compress-git-out/work/build/node_2/partition_2/runtime/SAMX-RTEMS-Runtime/src/Hal/Hal.c:70:6\n24 bytes (static)" }
node: { title: "generate_new_hal_semaphore_name" label: "generate_new_hal_semaphore_name\n/home/taste/work/work/data-compress-git-out/work/build/node_2/partition_2/runtime/SAMX-RTEMS-Runtime/src/Hal/Hal.c:77:12\n4 bytes (static)" }
node: { title: "/home/taste/work/work/data-compress-git-out/work/build/node_2/partition_2/runtime/SAMX-RTEMS-Runtime/src/Hal/Hal.c:Init_setup_watchdog" label: "Init_setup_watchdog\n/home/taste/work/work/data-compress-git-out/work/build/node_2/partition_2/runtime/SAMX-RTEMS-Runtime/src/Hal/Hal.c:85:20\n40 bytes (static)" }
node: { title: "Wdt_init" label: "Wdt_init\n/home/taste/work/work/data-compress-git-out/work/build/node_2/partition_2/runtime/SAMX-RTEMS-Runtime/arm-bsp/src/Wdt/Wdt.h:76:6" shape : ellipse }
edge: { sourcename: "/home/taste/work/work/data-compress-git-out/work/build/node_2/partition_2/runtime/SAMX-RTEMS-Runtime/src/Hal/Hal.c:Init_setup_watchdog" targetname: "Wdt_init" label: "/home/taste/work/work/data-compress-git-out/work/build/node_2/partition_2/runtime/SAMX-RTEMS-Runtime/src/Hal/Hal.c:87:2" }
node: { title: "Wdt_setConfig" label: "Wdt_setConfig\n/home/taste/work/work/data-compress-git-out/work/build/node_2/partition_2/runtime/SAMX-RTEMS-Runtime/arm-bsp/src/Wdt/Wdt.h:81:6" shape : ellipse }
edge: { sourcename: "/home/taste/work/work/data-compress-git-out/work/build/node_2/partition_2/runtime/SAMX-RTEMS-Runtime/src/Hal/Hal.c:Init_setup_watchdog" targetname: "Wdt_setConfig" label: "/home/taste/work/work/data-compress-git-out/work/build/node_2/partition_2/runtime/SAMX-RTEMS-Runtime/src/Hal/Hal.c:120:2" }
node: { title: "Wdt_getConfig" label: "Wdt_getConfig\n/home/taste/work/work/data-compress-git-out/work/build/node_2/partition_2/runtime/SAMX-RTEMS-Runtime/arm-bsp/src/Wdt/Wdt.h:86:6" shape : ellipse }
edge: { sourcename: "/home/taste/work/work/data-compress-git-out/work/build/node_2/partition_2/runtime/SAMX-RTEMS-Runtime/src/Hal/Hal.c:Init_setup_watchdog" targetname: "Wdt_getConfig" label: "/home/taste/work/work/data-compress-git-out/work/build/node_2/partition_2/runtime/SAMX-RTEMS-Runtime/src/Hal/Hal.c:122:2" }
node: { title: "__assert_func" label: "__assert_func\n/opt/taste-rtems-qdp-arm/arm-rtems6/include/assert.h:41:6" shape : ellipse }
edge: { sourcename: "/home/taste/work/work/data-compress-git-out/work/build/node_2/partition_2/runtime/SAMX-RTEMS-Runtime/src/Hal/Hal.c:Init_setup_watchdog" targetname: "__assert_func" label: "/home/taste/work/work/data-compress-git-out/work/build/node_2/partition_2/runtime/SAMX-RTEMS-Runtime/src/Hal/Hal.c:123:2" }
edge: { sourcename: "/home/taste/work/work/data-compress-git-out/work/build/node_2/partition_2/runtime/SAMX-RTEMS-Runtime/src/Hal/Hal.c:Init_setup_watchdog" targetname: "__assert_func" label: "/home/taste/work/work/data-compress-git-out/work/build/node_2/partition_2/runtime/SAMX-RTEMS-Runtime/src/Hal/Hal.c:125:2" }
node: { title: "Hal_ResetWatchdog" label: "Hal_ResetWatchdog\n/home/taste/work/work/data-compress-git-out/work/build/node_2/partition_2/runtime/SAMX-RTEMS-Runtime/src/Hal/Hal.c:130:6\n8 bytes (static)" }
node: { title: "Wdt_reset" label: "Wdt_reset\n/home/taste/work/work/data-compress-git-out/work/build/node_2/partition_2/runtime/SAMX-RTEMS-Runtime/arm-bsp/src/Wdt/Wdt.h:90:6" shape : ellipse }
edge: { sourcename: "Hal_ResetWatchdog" targetname: "Wdt_reset" label: "/home/taste/work/work/data-compress-git-out/work/build/node_2/partition_2/runtime/SAMX-RTEMS-Runtime/src/Hal/Hal.c:132:2" }
node: { title: "timer_irq_handler" label: "timer_irq_handler\n/home/taste/work/work/data-compress-git-out/work/build/node_2/partition_2/runtime/SAMX-RTEMS-Runtime/src/Hal/Hal.c:135:6\n24 bytes (static)" }
node: { title: "ConcurrentAccessFlag_set" label: "ConcurrentAccessFlag_set\n/home/taste/work/work/data-compress-git-out/work/build/node_2/partition_2/runtime/SAMX-RTEMS-Runtime/arm-bsp/src/Utils/ConcurrentAccessFlag.h:66:6" shape : ellipse }
edge: { sourcename: "timer_irq_handler" targetname: "ConcurrentAccessFlag_set" label: "/home/taste/work/work/data-compress-git-out/work/build/node_2/partition_2/runtime/SAMX-RTEMS-Runtime/src/Hal/Hal.c:138:2" }
node: { title: "Tic_getChannelStatus" label: "Tic_getChannelStatus\n/home/taste/work/work/data-compress-git-out/work/build/node_2/partition_2/runtime/SAMX-RTEMS-Runtime/arm-bsp/src/Tic/Tic.h:380:6" shape : ellipse }
edge: { sourcename: "timer_irq_handler" targetname: "Tic_getChannelStatus" label: "/home/taste/work/work/data-compress-git-out/work/build/node_2/partition_2/runtime/SAMX-RTEMS-Runtime/src/Hal/Hal.c:141:2" }
node: { title: "/home/taste/work/work/data-compress-git-out/work/build/node_2/partition_2/runtime/SAMX-RTEMS-Runtime/src/Hal/Hal.c:Hal_InitTimer" label: "Hal_InitTimer\n/home/taste/work/work/data-compress-git-out/work/build/node_2/partition_2/runtime/SAMX-RTEMS-Runtime/src/Hal/Hal.c:144:13\n152 bytes (static)" }
node: { title: "SamRH71Core_EnablePeripheralClock" label: "SamRH71Core_EnablePeripheralClock\n/home/taste/work/work/data-compress-git-out/work/build/node_2/partition_2/runtime/SAMX-RTEMS-Runtime/src/SamRH71Core/SamRH71Core.h:59:6" shape : ellipse }
edge: { sourcename: "/home/taste/work/work/data-compress-git-out/work/build/node_2/partition_2/runtime/SAMX-RTEMS-Runtime/src/Hal/Hal.c:Hal_InitTimer" targetname: "SamRH71Core_EnablePeripheralClock" label: "/home/taste/work/work/data-compress-git-out/work/build/node_2/partition_2/runtime/SAMX-RTEMS-Runtime/src/Hal/Hal.c:150:2" }
node: { title: "rtems_interrupt_handler_install" label: "rtems_interrupt_handler_install\n/opt/taste-rtems-qdp-arm/arm-rtems6/n7sbsp-samrh71f20/lib/include/rtems/rtems/intr.h:1371:19" shape : ellipse }
edge: { sourcename: "/home/taste/work/work/data-compress-git-out/work/build/node_2/partition_2/runtime/SAMX-RTEMS-Runtime/src/Hal/Hal.c:Hal_InitTimer" targetname: "rtems_interrupt_handler_install" label: "/home/taste/work/work/data-compress-git-out/work/build/node_2/partition_2/runtime/SAMX-RTEMS-Runtime/src/Hal/Hal.c:158:2" }
node: { title: "rtems_interrupt_vector_enable" label: "rtems_interrupt_vector_enable\n/opt/taste-rtems-qdp-arm/arm-rtems6/n7sbsp-samrh71f20/lib/include/rtems/rtems/intr.h:1523:19" shape : ellipse }
edge: { sourcename: "/home/taste/work/work/data-compress-git-out/work/build/node_2/partition_2/runtime/SAMX-RTEMS-Runtime/src/Hal/Hal.c:Hal_InitTimer" targetname: "rtems_interrupt_vector_enable" label: "/home/taste/work/work/data-compress-git-out/work/build/node_2/partition_2/runtime/SAMX-RTEMS-Runtime/src/Hal/Hal.c:161:2" }
node: { title: "Tic_init" label: "Tic_init\n/home/taste/work/work/data-compress-git-out/work/build/node_2/partition_2/runtime/SAMX-RTEMS-Runtime/arm-bsp/src/Tic/Tic.h:299:6" shape : ellipse }
edge: { sourcename: "/home/taste/work/work/data-compress-git-out/work/build/node_2/partition_2/runtime/SAMX-RTEMS-Runtime/src/Hal/Hal.c:Hal_InitTimer" targetname: "Tic_init" label: "/home/taste/work/work/data-compress-git-out/work/build/node_2/partition_2/runtime/SAMX-RTEMS-Runtime/src/Hal/Hal.c:162:2" }
node: { title: "Tic_writeProtect" label: "Tic_writeProtect\n/home/taste/work/work/data-compress-git-out/work/build/node_2/partition_2/runtime/SAMX-RTEMS-Runtime/arm-bsp/src/Tic/Tic.h:399:6" shape : ellipse }
edge: { sourcename: "/home/taste/work/work/data-compress-git-out/work/build/node_2/partition_2/runtime/SAMX-RTEMS-Runtime/src/Hal/Hal.c:Hal_InitTimer" targetname: "Tic_writeProtect" label: "/home/taste/work/work/data-compress-git-out/work/build/node_2/partition_2/runtime/SAMX-RTEMS-Runtime/src/Hal/Hal.c:163:2" }
node: { title: "memset" label: "__builtin_memset\n<built-in>" shape : ellipse }
edge: { sourcename: "/home/taste/work/work/data-compress-git-out/work/build/node_2/partition_2/runtime/SAMX-RTEMS-Runtime/src/Hal/Hal.c:Hal_InitTimer" targetname: "memset" }
node: { title: "Tic_setChannelConfig" label: "Tic_setChannelConfig\n/home/taste/work/work/data-compress-git-out/work/build/node_2/partition_2/runtime/SAMX-RTEMS-Runtime/arm-bsp/src/Tic/Tic.h:330:6" shape : ellipse }
edge: { sourcename: "/home/taste/work/work/data-compress-git-out/work/build/node_2/partition_2/runtime/SAMX-RTEMS-Runtime/src/Hal/Hal.c:Hal_InitTimer" targetname: "Tic_setChannelConfig" label: "/home/taste/work/work/data-compress-git-out/work/build/node_2/partition_2/runtime/SAMX-RTEMS-Runtime/src/Hal/Hal.c:171:2" }
node: { title: "Tic_triggerChannel" label: "Tic_triggerChannel\n/home/taste/work/work/data-compress-git-out/work/build/node_2/partition_2/runtime/SAMX-RTEMS-Runtime/arm-bsp/src/Tic/Tic.h:320:6" shape : ellipse }
edge: { sourcename: "/home/taste/work/work/data-compress-git-out/work/build/node_2/partition_2/runtime/SAMX-RTEMS-Runtime/src/Hal/Hal.c:Hal_InitTimer" targetname: "Tic_triggerChannel" label: "/home/taste/work/work/data-compress-git-out/work/build/node_2/partition_2/runtime/SAMX-RTEMS-Runtime/src/Hal/Hal.c:173:2" }
node: { title: "Hal_Init" label: "Hal_Init\n/home/taste/work/work/data-compress-git-out/work/build/node_2/partition_2/runtime/SAMX-RTEMS-Runtime/src/Hal/Hal.c:176:6\n24 bytes (static)" }
edge: { sourcename: "Hal_Init" targetname: "/home/taste/work/work/data-compress-git-out/work/build/node_2/partition_2/runtime/SAMX-RTEMS-Runtime/src/Hal/Hal.c:Init_setup_watchdog" label: "/home/taste/work/work/data-compress-git-out/work/build/node_2/partition_2/runtime/SAMX-RTEMS-Runtime/src/Hal/Hal.c:178:2" }
node: { title: "SamRH71Core_Init" label: "SamRH71Core_Init\n/home/taste/work/work/data-compress-git-out/work/build/node_2/partition_2/runtime/SAMX-RTEMS-Runtime/src/SamRH71Core/SamRH71Core.h:39:6" shape : ellipse }
edge: { sourcename: "Hal_Init" targetname: "SamRH71Core_Init" label: "/home/taste/work/work/data-compress-git-out/work/build/node_2/partition_2/runtime/SAMX-RTEMS-Runtime/src/Hal/Hal.c:182:2" }
edge: { sourcename: "Hal_Init" targetname: "/home/taste/work/work/data-compress-git-out/work/build/node_2/partition_2/runtime/SAMX-RTEMS-Runtime/src/Hal/Hal.c:Hal_InitTimer" label: "/home/taste/work/work/data-compress-git-out/work/build/node_2/partition_2/runtime/SAMX-RTEMS-Runtime/src/Hal/Hal.c:185:2" }
node: { title: "SamRH71Core_GetMainClockFrequency" label: "SamRH71Core_GetMainClockFrequency\n/home/taste/work/work/data-compress-git-out/work/build/node_2/partition_2/runtime/SAMX-RTEMS-Runtime/src/SamRH71Core/SamRH71Core.h:66:10" shape : ellipse }
edge: { sourcename: "Hal_Init" targetname: "SamRH71Core_GetMainClockFrequency" label: "/home/taste/work/work/data-compress-git-out/work/build/node_2/partition_2/runtime/SAMX-RTEMS-Runtime/src/Hal/Hal.c:190:25" }
node: { title: "__aeabi_uldivmod" label: "__aeabi_uldivmod\n<built-in>" shape : ellipse }
edge: { sourcename: "Hal_Init" targetname: "__aeabi_uldivmod" }
node: { title: "Hal_GetElapsedTimeInNs" label: "Hal_GetElapsedTimeInNs\n/home/taste/work/work/data-compress-git-out/work/build/node_2/partition_2/runtime/SAMX-RTEMS-Runtime/src/Hal/Hal.c:203:10\n136 bytes (static)" }
node: { title: "ConcurrentAccessFlag_reset" label: "ConcurrentAccessFlag_reset\n/home/taste/work/work/data-compress-git-out/work/build/node_2/partition_2/runtime/SAMX-RTEMS-Runtime/arm-bsp/src/Utils/ConcurrentAccessFlag.h:51:6" shape : ellipse }
edge: { sourcename: "Hal_GetElapsedTimeInNs" targetname: "ConcurrentAccessFlag_reset" label: "/home/taste/work/work/data-compress-git-out/work/build/node_2/partition_2/runtime/SAMX-RTEMS-Runtime/src/Hal/Hal.c:209:3" }
node: { title: "Tic_getCounterValue" label: "Tic_getCounterValue\n/home/taste/work/work/data-compress-git-out/work/build/node_2/partition_2/runtime/SAMX-RTEMS-Runtime/arm-bsp/src/Tic/Tic.h:387:10" shape : ellipse }
edge: { sourcename: "Hal_GetElapsedTimeInNs" targetname: "Tic_getCounterValue" label: "/home/taste/work/work/data-compress-git-out/work/build/node_2/partition_2/runtime/SAMX-RTEMS-Runtime/src/Hal/Hal.c:211:11" }
node: { title: "ConcurrentAccessFlag_check" label: "ConcurrentAccessFlag_check\n/home/taste/work/work/data-compress-git-out/work/build/node_2/partition_2/runtime/SAMX-RTEMS-Runtime/arm-bsp/src/Utils/ConcurrentAccessFlag.h:60:6" shape : ellipse }
edge: { sourcename: "Hal_GetElapsedTimeInNs" targetname: "ConcurrentAccessFlag_check" label: "/home/taste/work/work/data-compress-git-out/work/build/node_2/partition_2/runtime/SAMX-RTEMS-Runtime/src/Hal/Hal.c:212:11" }
node: { title: "Hal_SleepNs" label: "Hal_SleepNs\n/home/taste/work/work/data-compress-git-out/work/build/node_2/partition_2/runtime/SAMX-RTEMS-Runtime/src/Hal/Hal.c:227:6\n32 bytes (static)" }
node: { title: "__aeabi_ul2d" label: "__aeabi_ul2d\n<built-in>" shape : ellipse }
edge: { sourcename: "Hal_SleepNs" targetname: "__aeabi_ul2d" }
edge: { sourcename: "Hal_SleepNs" targetname: "__aeabi_ul2d" }
node: { title: "rtems_task_wake_after" label: "rtems_task_wake_after\n/opt/taste-rtems-qdp-arm/arm-rtems6/n7sbsp-samrh71f20/lib/include/rtems/rtems/tasks.h:1585:19" shape : ellipse }
edge: { sourcename: "Hal_SleepNs" targetname: "rtems_task_wake_after" label: "/home/taste/work/work/data-compress-git-out/work/build/node_2/partition_2/runtime/SAMX-RTEMS-Runtime/src/Hal/Hal.c:232:9" }
node: { title: "Hal_SemaphoreCreate" label: "Hal_SemaphoreCreate\n/home/taste/work/work/data-compress-git-out/work/build/node_2/partition_2/runtime/SAMX-RTEMS-Runtime/src/Hal/Hal.c:236:10\n24 bytes (static)" }
edge: { sourcename: "Hal_SemaphoreCreate" targetname: "generate_new_hal_semaphore_name" label: "/home/taste/work/work/data-compress-git-out/work/build/node_2/partition_2/runtime/SAMX-RTEMS-Runtime/src/Hal/Hal.c:242:40" }
node: { title: "rtems_semaphore_create" label: "rtems_semaphore_create\n/opt/taste-rtems-qdp-arm/arm-rtems6/n7sbsp-samrh71f20/lib/include/rtems/rtems/sem.h:258:19" shape : ellipse }
edge: { sourcename: "Hal_SemaphoreCreate" targetname: "rtems_semaphore_create" label: "/home/taste/work/work/data-compress-git-out/work/build/node_2/partition_2/runtime/SAMX-RTEMS-Runtime/src/Hal/Hal.c:242:40" }
node: { title: "Hal_SemaphoreObtain" label: "Hal_SemaphoreObtain\n/home/taste/work/work/data-compress-git-out/work/build/node_2/partition_2/runtime/SAMX-RTEMS-Runtime/src/Hal/Hal.c:256:6\n24 bytes (static)" }
node: { title: "rtems_semaphore_obtain" label: "rtems_semaphore_obtain\n/opt/taste-rtems-qdp-arm/arm-rtems6/n7sbsp-samrh71f20/lib/include/rtems/rtems/sem.h:552:19" shape : ellipse }
edge: { sourcename: "Hal_SemaphoreObtain" targetname: "rtems_semaphore_obtain" label: "/home/taste/work/work/data-compress-git-out/work/build/node_2/partition_2/runtime/SAMX-RTEMS-Runtime/src/Hal/Hal.c:263:3" }
node: { title: "Hal_SemaphoreRelease" label: "Hal_SemaphoreRelease\n/home/taste/work/work/data-compress-git-out/work/build/node_2/partition_2/runtime/SAMX-RTEMS-Runtime/src/Hal/Hal.c:267:6\n24 bytes (static)" }
node: { title: "rtems_semaphore_release" label: "rtems_semaphore_release\n/opt/taste-rtems-qdp-arm/arm-rtems6/n7sbsp-samrh71f20/lib/include/rtems/rtems/sem.h:628:19" shape : ellipse }
edge: { sourcename: "Hal_SemaphoreRelease" targetname: "rtems_semaphore_release" label: "/home/taste/work/work/data-compress-git-out/work/build/node_2/partition_2/runtime/SAMX-RTEMS-Runtime/src/Hal/Hal.c:273:35" }
node: { title: "Hal_IdleTask" label: "Hal_IdleTask\n/home/taste/work/work/data-compress-git-out/work/build/node_2/partition_2/runtime/SAMX-RTEMS-Runtime/src/Hal/Hal.c:277:7\n16 bytes (static)" }
edge: { sourcename: "Hal_IdleTask" targetname: "Hal_ResetWatchdog" label: "/home/taste/work/work/data-compress-git-out/work/build/node_2/partition_2/runtime/SAMX-RTEMS-Runtime/src/Hal/Hal.c:282:4" }
node: { title: "Hal_GetResetReason" label: "Hal_GetResetReason\n/home/taste/work/work/data-compress-git-out/work/build/node_2/partition_2/runtime/SAMX-RTEMS-Runtime/src/Hal/Hal.c:289:19\n8 bytes (static)" }
node: { title: "BootHelper_GetResetReason" label: "BootHelper_GetResetReason\n/home/taste/work/work/data-compress-git-out/work/build/node_2/partition_2/runtime/SAMX-RTEMS-Runtime/src/BootHelper/BootHelper.h:45:19" shape : ellipse }
edge: { sourcename: "Hal_GetResetReason" targetname: "BootHelper_GetResetReason" label: "/home/taste/work/work/data-compress-git-out/work/build/node_2/partition_2/runtime/SAMX-RTEMS-Runtime/src/Hal/Hal.c:291:9" }
}
