/home/taste/work/work/data-compress-git-out/work/build/node_2/partition_2/runtime/SAMX-RTEMS-Runtime/src/Hal/Hal.c:65:6:Hal_SetReloadsCounter	16	static
/home/taste/work/work/data-compress-git-out/work/build/node_2/partition_2/runtime/SAMX-RTEMS-Runtime/src/Hal/Hal.c:70:6:Hal_SetNsPerTickQ32	24	static
/home/taste/work/work/data-compress-git-out/work/build/node_2/partition_2/runtime/SAMX-RTEMS-Runtime/src/Hal/Hal.c:77:12:generate_new_hal_semaphore_name	4	static
/home/taste/work/work/data-compress-git-out/work/build/node_2/partition_2/runtime/SAMX-RTEMS-Runtime/src/Hal/Hal.c:85:20:Init_setup_watchdog	40	static
/home/taste/work/work/data-compress-git-out/work/build/node_2/partition_2/runtime/SAMX-RTEMS-Runtime/src/Hal/Hal.c:130:6:Hal_ResetWatchdog	8	static
/home/taste/work/work/data-compress-git-out/work/build/node_2/partition_2/runtime/SAMX-RTEMS-Runtime/src/Hal/Hal.c:135:6:timer_irq_handler	24	static
/home/taste/work/work/data-compress-git-out/work/build/node_2/partition_2/runtime/SAMX-RTEMS-Runtime/src/Hal/Hal.c:144:13:Hal_InitTimer	152	static
/home/taste/work/work/data-compress-git-out/work/build/node_2/partition_2/runtime/SAMX-RTEMS-Runtime/src/Hal/Hal.c:176:6:Hal_Init	24	static
/home/taste/work/work/data-compress-git-out/work/build/node_2/partition_2/runtime/SAMX-RTEMS-Runtime/src/Hal/Hal.c:203:10:Hal_GetElapsedTimeInNs	136	static
/home/taste/work/work/data-compress-git-out/work/build/node_2/partition_2/runtime/SAMX-RTEMS-Runtime/src/Hal/Hal.c:227:6:Hal_SleepNs	32	static
/home/taste/work/work/data-compress-git-out/work/build/node_2/partition_2/runtime/SAMX-RTEMS-Runtime/src/Hal/Hal.c:236:10:Hal_SemaphoreCreate	24	static
/home/taste/work/work/data-compress-git-out/work/build/node_2/partition_2/runtime/SAMX-RTEMS-Runtime/src/Hal/Hal.c:256:6:Hal_SemaphoreObtain	24	static
/home/taste/work/work/data-compress-git-out/work/build/node_2/partition_2/runtime/SAMX-RTEMS-Runtime/src/Hal/Hal.c:267:6:Hal_SemaphoreRelease	24	static
/home/taste/work/work/data-compress-git-out/work/build/node_2/partition_2/runtime/SAMX-RTEMS-Runtime/src/Hal/Hal.c:277:7:Hal_IdleTask	16	static
/home/taste/work/work/data-compress-git-out/work/build/node_2/partition_2/runtime/SAMX-RTEMS-Runtime/src/Hal/Hal.c:289:19:Hal_GetResetReason	8	static
