/opt/taste-rtems-qdp-arm/arm-rtems6/include/sys/time.h:192:1:sbttons	56	static
/opt/taste-rtems-qdp-arm/arm-rtems6/include/sys/time.h:311:1:sbttots	48	static
/opt/taste-rtems-qdp-arm/arm-rtems6/n7sbsp-samrh71f20/lib/include/rtems/score/timestampimpl.h:89:20:_Timestamp_Set_to_zero	16	static
/opt/taste-rtems-qdp-arm/arm-rtems6/n7sbsp-samrh71f20/lib/include/rtems/score/timestampimpl.h:184:20:_Timestamp_Subtract	32	static
/opt/taste-rtems-qdp-arm/arm-rtems6/n7sbsp-samrh71f20/lib/include/rtems/score/timestampimpl.h:204:20:_Timestamp_Divide	80	static
/opt/taste-rtems-qdp-arm/arm-rtems6/n7sbsp-samrh71f20/lib/include/rtems/score/todimpl.h:317:20:_TOD_Get_uptime	16	static
/home/taste/work/work/data-compress-git-out/work/build/node_2/partition_2/runtime/SAMX-RTEMS-Runtime/src/Monitor/Monitor.c:61:1:handle_activation_log_cyclic_buffer	16	static
/home/taste/work/work/data-compress-git-out/work/build/node_2/partition_2/runtime/SAMX-RTEMS-Runtime/src/Monitor/Monitor.c:85:13:cpu_usage_visitor	48	static
/home/taste/work/work/data-compress-git-out/work/build/node_2/partition_2/runtime/SAMX-RTEMS-Runtime/src/Monitor/Monitor.c:120:21:find_high_water_mark	24	static
/home/taste/work/work/data-compress-git-out/work/build/node_2/partition_2/runtime/SAMX-RTEMS-Runtime/src/Monitor/Monitor.c:149:24:calculate_used_stack	24	static
/home/taste/work/work/data-compress-git-out/work/build/node_2/partition_2/runtime/SAMX-RTEMS-Runtime/src/Monitor/Monitor.c:162:13:thread_stack_usage_visitor	40	static
/home/taste/work/work/data-compress-git-out/work/build/node_2/partition_2/runtime/SAMX-RTEMS-Runtime/src/Monitor/Monitor.c:192:6:Monitor_Init	16	static
/home/taste/work/work/data-compress-git-out/work/build/node_2/partition_2/runtime/SAMX-RTEMS-Runtime/src/Monitor/Monitor.c:205:6:Monitor_MonitoringTick	8	static
/home/taste/work/work/data-compress-git-out/work/build/node_2/partition_2/runtime/SAMX-RTEMS-Runtime/src/Monitor/Monitor.c:213:6:Monitor_GetUsageData	16	static
/home/taste/work/work/data-compress-git-out/work/build/node_2/partition_2/runtime/SAMX-RTEMS-Runtime/src/Monitor/Monitor.c:226:6:Monitor_GetIdleCPUUsageData	16	static
/home/taste/work/work/data-compress-git-out/work/build/node_2/partition_2/runtime/SAMX-RTEMS-Runtime/src/Monitor/Monitor.c:233:9:Monitor_GetMaximumStackUsage	32	static
/home/taste/work/work/data-compress-git-out/work/build/node_2/partition_2/runtime/SAMX-RTEMS-Runtime/src/Monitor/Monitor.c:253:6:Monitor_SetMessageQueueOverflowCallback	16	static
/home/taste/work/work/data-compress-git-out/work/build/node_2/partition_2/runtime/SAMX-RTEMS-Runtime/src/Monitor/Monitor.c:260:10:Monitor_GetQueuedItemsCount	24	static
/home/taste/work/work/data-compress-git-out/work/build/node_2/partition_2/runtime/SAMX-RTEMS-Runtime/src/Monitor/Monitor.c:277:1:Monitor_GetMaximumQueuedItemsCount	16	static
/home/taste/work/work/data-compress-git-out/work/build/node_2/partition_2/runtime/SAMX-RTEMS-Runtime/src/Monitor/Monitor.c:282:6:Monitor_IndicateInterfaceActivated	16	static
/home/taste/work/work/data-compress-git-out/work/build/node_2/partition_2/runtime/SAMX-RTEMS-Runtime/src/Monitor/Monitor.c:288:6:Monitor_IndicateInterfaceDeactivated	16	static
/home/taste/work/work/data-compress-git-out/work/build/node_2/partition_2/runtime/SAMX-RTEMS-Runtime/src/Monitor/Monitor.c:294:6:Monitor_GetInterfaceActivationEntryLog	24	static
/home/taste/work/work/data-compress-git-out/work/build/node_2/partition_2/runtime/SAMX-RTEMS-Runtime/src/Monitor/Monitor.c:326:6:Monitor_FreezeInterfaceActivationLogging	4	static
/home/taste/work/work/data-compress-git-out/work/build/node_2/partition_2/runtime/SAMX-RTEMS-Runtime/src/Monitor/Monitor.c:341:6:Monitor_UnfreezeInterfaceActivationLogging	4	static
/home/taste/work/work/data-compress-git-out/work/build/node_2/partition_2/runtime/SAMX-RTEMS-Runtime/src/Monitor/Monitor.c:356:6:Monitor_ClearInterfaceActivationLog	4	static
