graph: { title: "/home/taste/work/work/data-compress-git-out/work/build/node_2/partition_2/runtime/SAMX-RTEMS-Runtime/src/Monitor/Monitor.c"
node: { title: "/home/taste/work/work/data-compress-git-out/work/build/node_2/partition_2/runtime/SAMX-RTEMS-Runtime/src/Monitor/Monitor.c:sbttons" label: "sbttons\n/opt/taste-rtems-qdp-arm/arm-rtems6/include/sys/time.h:192:1\n56 bytes (static)" }
node: { title: "/home/taste/work/work/data-compress-git-out/work/build/node_2/partition_2/runtime/SAMX-RTEMS-Runtime/src/Monitor/Monitor.c:sbttots" label: "sbttots\n/opt/taste-rtems-qdp-arm/arm-rtems6/include/sys/time.h:311:1\n48 bytes (static)" }
edge: { sourcename: "/home/taste/work/work/data-compress-git-out/work/build/node_2/partition_2/runtime/SAMX-RTEMS-Runtime/src/Monitor/Monitor.c:sbttots" targetname: "/home/taste/work/work/data-compress-git-out/work/build/node_2/partition_2/runtime/SAMX-RTEMS-Runtime/src/Monitor/Monitor.c:sbttons" label: "/opt/taste-rtems-qdp-arm/arm-rtems6/include/sys/time.h:316:16" }
node: { title: "/home/taste/work/work/data-compress-git-out/work/build/node_2/partition_2/runtime/SAMX-RTEMS-Runtime/src/Monitor/Monitor.c:_Timestamp_Set_to_zero" label: "_Timestamp_Set_to_zero\n/opt/taste-rtems-qdp-arm/arm-rtems6/n7sbsp-samrh71f20/lib/include/rtems/score/timestampimpl.h:89:20\n16 bytes (static)" }
node: { title: "/home/taste/work/work/data-compress-git-out/work/build/node_2/partition_2/runtime/SAMX-RTEMS-Runtime/src/Monitor/Monitor.c:_Timestamp_Subtract" label: "_Timestamp_Subtract\n/opt/taste-rtems-qdp-arm/arm-rtems6/n7sbsp-samrh71f20/lib/include/rtems/score/timestampimpl.h:184:20\n32 bytes (static)" }
node: { title: "/home/taste/work/work/data-compress-git-out/work/build/node_2/partition_2/runtime/SAMX-RTEMS-Runtime/src/Monitor/Monitor.c:_Timestamp_Divide" label: "_Timestamp_Divide\n/opt/taste-rtems-qdp-arm/arm-rtems6/n7sbsp-samrh71f20/lib/include/rtems/score/timestampimpl.h:204:20\n80 bytes (static)" }
edge: { sourcename: "/home/taste/work/work/data-compress-git-out/work/build/node_2/partition_2/runtime/SAMX-RTEMS-Runtime/src/Monitor/Monitor.c:_Timestamp_Divide" targetname: "/home/taste/work/work/data-compress-git-out/work/build/node_2/partition_2/runtime/SAMX-RTEMS-Runtime/src/Monitor/Monitor.c:sbttots" label: "/opt/taste-rtems-qdp-arm/arm-rtems6/n7sbsp-samrh71f20/lib/include/rtems/score/timestampimpl.h:214:14" }
edge: { sourcename: "/home/taste/work/work/data-compress-git-out/work/build/node_2/partition_2/runtime/SAMX-RTEMS-Runtime/src/Monitor/Monitor.c:_Timestamp_Divide" targetname: "/home/taste/work/work/data-compress-git-out/work/build/node_2/partition_2/runtime/SAMX-RTEMS-Runtime/src/Monitor/Monitor.c:sbttots" label: "/opt/taste-rtems-qdp-arm/arm-rtems6/n7sbsp-samrh71f20/lib/include/rtems/score/timestampimpl.h:215:15" }
node: { title: "_Timespec_Divide" label: "_Timespec_Divide\n/opt/taste-rtems-qdp-arm/arm-rtems6/n7sbsp-samrh71f20/lib/include/rtems/score/timespec.h:286:6" shape : ellipse }
edge: { sourcename: "/home/taste/work/work/data-compress-git-out/work/build/node_2/partition_2/runtime/SAMX-RTEMS-Runtime/src/Monitor/Monitor.c:_Timestamp_Divide" targetname: "_Timespec_Divide" label: "/opt/taste-rtems-qdp-arm/arm-rtems6/n7sbsp-samrh71f20/lib/include/rtems/score/timestampimpl.h:217:3" }
node: { title: "/home/taste/work/work/data-compress-git-out/work/build/node_2/partition_2/runtime/SAMX-RTEMS-Runtime/src/Monitor/Monitor.c:_TOD_Get_uptime" label: "_TOD_Get_uptime\n/opt/taste-rtems-qdp-arm/arm-rtems6/n7sbsp-samrh71f20/lib/include/rtems/score/todimpl.h:317:20\n16 bytes (static)" }
node: { title: "_Timecounter_Sbinuptime" label: "_Timecounter_Sbinuptime\n/opt/taste-rtems-qdp-arm/arm-rtems6/n7sbsp-samrh71f20/lib/include/rtems/score/timecounter.h:93:9" shape : ellipse }
edge: { sourcename: "/home/taste/work/work/data-compress-git-out/work/build/node_2/partition_2/runtime/SAMX-RTEMS-Runtime/src/Monitor/Monitor.c:_TOD_Get_uptime" targetname: "_Timecounter_Sbinuptime" label: "/opt/taste-rtems-qdp-arm/arm-rtems6/n7sbsp-samrh71f20/lib/include/rtems/score/todimpl.h:321:11" }
node: { title: "/home/taste/work/work/data-compress-git-out/work/build/node_2/partition_2/runtime/SAMX-RTEMS-Runtime/src/Monitor/Monitor.c:handle_activation_log_cyclic_buffer" label: "handle_activation_log_cyclic_buffer\n/home/taste/work/work/data-compress-git-out/work/build/node_2/partition_2/runtime/SAMX-RTEMS-Runtime/src/Monitor/Monitor.c:61:1\n16 bytes (static)" }
node: { title: "/home/taste/work/work/data-compress-git-out/work/build/node_2/partition_2/runtime/SAMX-RTEMS-Runtime/src/Monitor/Monitor.c:cpu_usage_visitor" label: "cpu_usage_visitor\n/home/taste/work/work/data-compress-git-out/work/build/node_2/partition_2/runtime/SAMX-RTEMS-Runtime/src/Monitor/Monitor.c:85:13\n48 bytes (static)" }
node: { title: "_Thread_Get_CPU_time_used_after_last_reset" label: "_Thread_Get_CPU_time_used_after_last_reset\n/opt/taste-rtems-qdp-arm/arm-rtems6/n7sbsp-samrh71f20/lib/include/rtems/score/threadimpl.h:1331:19" shape : ellipse }
edge: { sourcename: "/home/taste/work/work/data-compress-git-out/work/build/node_2/partition_2/runtime/SAMX-RTEMS-Runtime/src/Monitor/Monitor.c:cpu_usage_visitor" targetname: "_Thread_Get_CPU_time_used_after_last_reset" label: "/home/taste/work/work/data-compress-git-out/work/build/node_2/partition_2/runtime/SAMX-RTEMS-Runtime/src/Monitor/Monitor.c:93:3" }
edge: { sourcename: "/home/taste/work/work/data-compress-git-out/work/build/node_2/partition_2/runtime/SAMX-RTEMS-Runtime/src/Monitor/Monitor.c:cpu_usage_visitor" targetname: "/home/taste/work/work/data-compress-git-out/work/build/node_2/partition_2/runtime/SAMX-RTEMS-Runtime/src/Monitor/Monitor.c:_TOD_Get_uptime" label: "/home/taste/work/work/data-compress-git-out/work/build/node_2/partition_2/runtime/SAMX-RTEMS-Runtime/src/Monitor/Monitor.c:95:2" }
edge: { sourcename: "/home/taste/work/work/data-compress-git-out/work/build/node_2/partition_2/runtime/SAMX-RTEMS-Runtime/src/Monitor/Monitor.c:cpu_usage_visitor" targetname: "/home/taste/work/work/data-compress-git-out/work/build/node_2/partition_2/runtime/SAMX-RTEMS-Runtime/src/Monitor/Monitor.c:_Timestamp_Subtract" label: "/home/taste/work/work/data-compress-git-out/work/build/node_2/partition_2/runtime/SAMX-RTEMS-Runtime/src/Monitor/Monitor.c:96:2" }
edge: { sourcename: "/home/taste/work/work/data-compress-git-out/work/build/node_2/partition_2/runtime/SAMX-RTEMS-Runtime/src/Monitor/Monitor.c:cpu_usage_visitor" targetname: "/home/taste/work/work/data-compress-git-out/work/build/node_2/partition_2/runtime/SAMX-RTEMS-Runtime/src/Monitor/Monitor.c:_Timestamp_Divide" label: "/home/taste/work/work/data-compress-git-out/work/build/node_2/partition_2/runtime/SAMX-RTEMS-Runtime/src/Monitor/Monitor.c:97:2" }
node: { title: "/home/taste/work/work/data-compress-git-out/work/build/node_2/partition_2/runtime/SAMX-RTEMS-Runtime/src/Monitor/Monitor.c:find_high_water_mark" label: "find_high_water_mark\n/home/taste/work/work/data-compress-git-out/work/build/node_2/partition_2/runtime/SAMX-RTEMS-Runtime/src/Monitor/Monitor.c:120:21\n24 bytes (static)" }
node: { title: "/home/taste/work/work/data-compress-git-out/work/build/node_2/partition_2/runtime/SAMX-RTEMS-Runtime/src/Monitor/Monitor.c:calculate_used_stack" label: "calculate_used_stack\n/home/taste/work/work/data-compress-git-out/work/build/node_2/partition_2/runtime/SAMX-RTEMS-Runtime/src/Monitor/Monitor.c:149:24\n24 bytes (static)" }
node: { title: "/home/taste/work/work/data-compress-git-out/work/build/node_2/partition_2/runtime/SAMX-RTEMS-Runtime/src/Monitor/Monitor.c:thread_stack_usage_visitor" label: "thread_stack_usage_visitor\n/home/taste/work/work/data-compress-git-out/work/build/node_2/partition_2/runtime/SAMX-RTEMS-Runtime/src/Monitor/Monitor.c:162:13\n40 bytes (static)" }
edge: { sourcename: "/home/taste/work/work/data-compress-git-out/work/build/node_2/partition_2/runtime/SAMX-RTEMS-Runtime/src/Monitor/Monitor.c:thread_stack_usage_visitor" targetname: "/home/taste/work/work/data-compress-git-out/work/build/node_2/partition_2/runtime/SAMX-RTEMS-Runtime/src/Monitor/Monitor.c:find_high_water_mark" label: "/home/taste/work/work/data-compress-git-out/work/build/node_2/partition_2/runtime/SAMX-RTEMS-Runtime/src/Monitor/Monitor.c:181:26" }
edge: { sourcename: "/home/taste/work/work/data-compress-git-out/work/build/node_2/partition_2/runtime/SAMX-RTEMS-Runtime/src/Monitor/Monitor.c:thread_stack_usage_visitor" targetname: "/home/taste/work/work/data-compress-git-out/work/build/node_2/partition_2/runtime/SAMX-RTEMS-Runtime/src/Monitor/Monitor.c:calculate_used_stack" label: "/home/taste/work/work/data-compress-git-out/work/build/node_2/partition_2/runtime/SAMX-RTEMS-Runtime/src/Monitor/Monitor.c:184:43" }
node: { title: "Monitor_Init" label: "Monitor_Init\n/home/taste/work/work/data-compress-git-out/work/build/node_2/partition_2/runtime/SAMX-RTEMS-Runtime/src/Monitor/Monitor.c:192:6\n16 bytes (static)" }
edge: { sourcename: "Monitor_Init" targetname: "/home/taste/work/work/data-compress-git-out/work/build/node_2/partition_2/runtime/SAMX-RTEMS-Runtime/src/Monitor/Monitor.c:_Timestamp_Set_to_zero" label: "/home/taste/work/work/data-compress-git-out/work/build/node_2/partition_2/runtime/SAMX-RTEMS-Runtime/src/Monitor/Monitor.c:194:2" }
node: { title: "rtems_cpu_usage_reset" label: "rtems_cpu_usage_reset\n/opt/taste-rtems-qdp-arm/arm-rtems6/n7sbsp-samrh71f20/lib/include/rtems/cpuuse.h:181:6" shape : ellipse }
edge: { sourcename: "Monitor_Init" targetname: "rtems_cpu_usage_reset" label: "/home/taste/work/work/data-compress-git-out/work/build/node_2/partition_2/runtime/SAMX-RTEMS-Runtime/src/Monitor/Monitor.c:195:2" }
edge: { sourcename: "Monitor_Init" targetname: "/home/taste/work/work/data-compress-git-out/work/build/node_2/partition_2/runtime/SAMX-RTEMS-Runtime/src/Monitor/Monitor.c:_TOD_Get_uptime" label: "/home/taste/work/work/data-compress-git-out/work/build/node_2/partition_2/runtime/SAMX-RTEMS-Runtime/src/Monitor/Monitor.c:196:2" }
node: { title: "Monitor_MonitoringTick" label: "Monitor_MonitoringTick\n/home/taste/work/work/data-compress-git-out/work/build/node_2/partition_2/runtime/SAMX-RTEMS-Runtime/src/Monitor/Monitor.c:205:6\n8 bytes (static)" }
node: { title: "rtems_task_iterate" label: "rtems_task_iterate\n/opt/taste-rtems-qdp-arm/arm-rtems6/n7sbsp-samrh71f20/lib/include/rtems/rtems/tasks.h:1889:6" shape : ellipse }
edge: { sourcename: "Monitor_MonitoringTick" targetname: "rtems_task_iterate" label: "/home/taste/work/work/data-compress-git-out/work/build/node_2/partition_2/runtime/SAMX-RTEMS-Runtime/src/Monitor/Monitor.c:208:2" }
node: { title: "Monitor_GetUsageData" label: "Monitor_GetUsageData\n/home/taste/work/work/data-compress-git-out/work/build/node_2/partition_2/runtime/SAMX-RTEMS-Runtime/src/Monitor/Monitor.c:213:6\n16 bytes (static)" }
node: { title: "__aeabi_d2ulz" label: "__aeabi_d2ulz\n<built-in>" shape : ellipse }
edge: { sourcename: "Monitor_GetUsageData" targetname: "__aeabi_d2ulz" }
node: { title: "Monitor_GetIdleCPUUsageData" label: "Monitor_GetIdleCPUUsageData\n/home/taste/work/work/data-compress-git-out/work/build/node_2/partition_2/runtime/SAMX-RTEMS-Runtime/src/Monitor/Monitor.c:226:6\n16 bytes (static)" }
node: { title: "Monitor_GetMaximumStackUsage" label: "Monitor_GetMaximumStackUsage\n/home/taste/work/work/data-compress-git-out/work/build/node_2/partition_2/runtime/SAMX-RTEMS-Runtime/src/Monitor/Monitor.c:233:9\n32 bytes (static)" }
node: { title: "Monitor_SetMessageQueueOverflowCallback" label: "Monitor_SetMessageQueueOverflowCallback\n/home/taste/work/work/data-compress-git-out/work/build/node_2/partition_2/runtime/SAMX-RTEMS-Runtime/src/Monitor/Monitor.c:253:6\n16 bytes (static)" }
node: { title: "Monitor_GetQueuedItemsCount" label: "Monitor_GetQueuedItemsCount\n/home/taste/work/work/data-compress-git-out/work/build/node_2/partition_2/runtime/SAMX-RTEMS-Runtime/src/Monitor/Monitor.c:260:10\n24 bytes (static)" }
node: { title: "rtems_message_queue_get_number_pending" label: "rtems_message_queue_get_number_pending\n/opt/taste-rtems-qdp-arm/arm-rtems6/n7sbsp-samrh71f20/lib/include/rtems/rtems/message.h:854:19" shape : ellipse }
edge: { sourcename: "Monitor_GetQueuedItemsCount" targetname: "rtems_message_queue_get_number_pending" label: "/home/taste/work/work/data-compress-git-out/work/build/node_2/partition_2/runtime/SAMX-RTEMS-Runtime/src/Monitor/Monitor.c:267:6" }
node: { title: "Monitor_GetMaximumQueuedItemsCount" label: "Monitor_GetMaximumQueuedItemsCount\n/home/taste/work/work/data-compress-git-out/work/build/node_2/partition_2/runtime/SAMX-RTEMS-Runtime/src/Monitor/Monitor.c:277:1\n16 bytes (static)" }
node: { title: "Monitor_IndicateInterfaceActivated" label: "Monitor_IndicateInterfaceActivated\n/home/taste/work/work/data-compress-git-out/work/build/node_2/partition_2/runtime/SAMX-RTEMS-Runtime/src/Monitor/Monitor.c:282:6\n16 bytes (static)" }
edge: { sourcename: "Monitor_IndicateInterfaceActivated" targetname: "/home/taste/work/work/data-compress-git-out/work/build/node_2/partition_2/runtime/SAMX-RTEMS-Runtime/src/Monitor/Monitor.c:handle_activation_log_cyclic_buffer" label: "/home/taste/work/work/data-compress-git-out/work/build/node_2/partition_2/runtime/SAMX-RTEMS-Runtime/src/Monitor/Monitor.c:284:9" }
node: { title: "Monitor_IndicateInterfaceDeactivated" label: "Monitor_IndicateInterfaceDeactivated\n/home/taste/work/work/data-compress-git-out/work/build/node_2/partition_2/runtime/SAMX-RTEMS-Runtime/src/Monitor/Monitor.c:288:6\n16 bytes (static)" }
edge: { sourcename: "Monitor_IndicateInterfaceDeactivated" targetname: "/home/taste/work/work/data-compress-git-out/work/build/node_2/partition_2/runtime/SAMX-RTEMS-Runtime/src/Monitor/Monitor.c:handle_activation_log_cyclic_buffer" label: "/home/taste/work/work/data-compress-git-out/work/build/node_2/partition_2/runtime/SAMX-RTEMS-Runtime/src/Monitor/Monitor.c:290:9" }
node: { title: "Monitor_GetInterfaceActivationEntryLog" label: "Monitor_GetInterfaceActivationEntryLog\n/home/taste/work/work/data-compress-git-out/work/build/node_2/partition_2/runtime/SAMX-RTEMS-Runtime/src/Monitor/Monitor.c:294:6\n24 bytes (static)" }
node: { title: "Monitor_FreezeInterfaceActivationLogging" label: "Monitor_FreezeInterfaceActivationLogging\n/home/taste/work/work/data-compress-git-out/work/build/node_2/partition_2/runtime/SAMX-RTEMS-Runtime/src/Monitor/Monitor.c:326:6\n4 bytes (static)" }
node: { title: "Monitor_UnfreezeInterfaceActivationLogging" label: "Monitor_UnfreezeInterfaceActivationLogging\n/home/taste/work/work/data-compress-git-out/work/build/node_2/partition_2/runtime/SAMX-RTEMS-Runtime/src/Monitor/Monitor.c:341:6\n4 bytes (static)" }
node: { title: "Monitor_ClearInterfaceActivationLog" label: "Monitor_ClearInterfaceActivationLog\n/home/taste/work/work/data-compress-git-out/work/build/node_2/partition_2/runtime/SAMX-RTEMS-Runtime/src/Monitor/Monitor.c:356:6\n4 bytes (static)" }
}
