Archive member included to satisfy reference by file (symbol)

libpartition_2.a(Broker.o)    main.o (Broker_initialize)
libpartition_2.a(BrokerLock.o)
                              libpartition_2.a(Broker.o) (Broker_acquire_lock)
libpartition_2.a(CCSDSPacketizer.o)
                              libpartition_2.a(Broker.o) (CCSDS_Packetizer_init)
libpartition_2.a(DeviceProvidedPacketizer.o)
                              libpartition_2.a(Broker.o) (DeviceProvidedPacketizer_init)
libpartition_2.a(DriverHelper.o)
                              main.o (get_device_configuration)
libpartition_2.a(FaultHandler.o)
                              main.o (FaultHandler_Init)
libpartition_2.a(Hal.o)       main.o (Hal_Init)
libpartition_2.a(IsoChecksum.o)
                              libpartition_2.a(CCSDSPacketizer.o) (IsoChecksum_calculate)
libpartition_2.a(Monitor.o)   main.o (Monitor_Init)
libpartition_2.a(Nvic.o)      libpartition_2.a(FaultHandler.o) (Nvic_relocateVectorTable)
libpartition_2.a(Packetizer.o)
                              libpartition_2.a(Broker.o) (Packetizer_init)
libpartition_2.a(PassthroughPacketizer.o)
                              libpartition_2.a(Broker.o) (PassthroughPacketizer_init)
libpartition_2.a(Rstc.o)      libpartition_2.a(FaultHandler.o) (Rstc_resetSystem)
libpartition_2.a(SamRH71Core.o)
                              libpartition_2.a(Hal.o) (SamRH71Core_Init)
libpartition_2.a(Systick.o)   libpartition_2.a(SamRH71Core.o) (Systick_getDeviceRegisterStartAddress)
libpartition_2.a(ThinPacketizer.o)
                              libpartition_2.a(Broker.o) (ThinPacketizer_init)
libpartition_2.a(Tic.o)       libpartition_2.a(Hal.o) (Tic_init)
libpartition_2.a(Wdt.o)       libpartition_2.a(Hal.o) (Wdt_init)
libpartition_2.a(device_provided_packetizer.o)
                              libpartition_2.a(Broker.o) (getDeviceProvidedPacketizerHeaderSize)
libpartition_2.a(interfaces_info.o)
                              main.o (threads_info)
libpartition_2.a(samrh71_rtems_serial.o)
                              main.o (Samrh71RtemsSerialInit)
libpartition_2.a(system_spec.o)
                              libpartition_2.a(Broker.o) (port_to_bus_map)
libpartition_2.a(thread_uartotherend_samrh71tx.o)
                              main.o (uartotherend_samrh71tx_job)
libpartition_2.a(transport.o)
                              main.o (initialize_transport)
libpartition_2.a(transport_bus_map_initializer.o)
                              main.o (initialize_transport_bus_maps)
libpartition_2.a(uartotherend_vm_if.o)
                              main.o (init_uartotherend)
libpartition_2.a(BootHelper.o)
                              libpartition_2.a(Hal.o) (BootHelper_GetResetReason)
libpartition_2.a(ByteFifo.o)  libpartition_2.a(samrh71_rtems_serial.o) (ByteFifo_init)
libpartition_2.a(C_ASN1_Types.o)
                              libpartition_2.a(uartotherend_vm_if.o) (Decode_ACN_T_UInt8)
libpartition_2.a(ConcurrentAccessFlag.o)
                              libpartition_2.a(Hal.o) (ConcurrentAccessFlag_reset)
libpartition_2.a(Crc16.o)     libpartition_2.a(Packetizer.o) (calculateCrc16)
libpartition_2.a(CustomExceptionVector.o)
                              libpartition_2.a(FaultHandler.o) (exception_table)
libpartition_2.a(DeathReportWriter.o)
                              libpartition_2.a(FaultHandler.o) (DeathReportWriter_GenerateDeathReport)
libpartition_2.a(Escaper.o)   libpartition_2.a(samrh71_rtems_serial.o) (Escaper_init)
libpartition_2.a(Matrix.o)    libpartition_2.a(SamRH71Core.o) (Matrix_init)
libpartition_2.a(Mpu.o)       libpartition_2.a(SamRH71Core.o) (Mpu_init)
libpartition_2.a(Pio.o)       libpartition_2.a(samrh71_rtems_serial.o) (Pio_init)
libpartition_2.a(Pmc.o)       libpartition_2.a(SamRH71Core.o) (Pmc_init)
libpartition_2.a(RoutingHelper.o)
                              libpartition_2.a(transport_bus_map_initializer.o) (find_unique_destination)
libpartition_2.a(ThreadsCommon.o)
                              libpartition_2.a(thread_uartotherend_samrh71tx.o) (ThreadsCommon_ProcessRequest)
libpartition_2.a(Uart.o)      libpartition_2.a(samrh71_rtems_serial.o) (Uart_init)
libpartition_2.a(asn1crt_encoding.o)
                              libpartition_2.a(C_ASN1_Types.o) (BitStream_Init)
libpartition_2.a(dataview-uniq.o)
                              libpartition_2.a(C_ASN1_Types.o) (asn1SccT_UInt8_ACN_Encode)
libpartition_2.a(drivers_config.o)
                              libpartition_2.a(system_spec.o) (pohidrv_node_1_uart1)
libpartition_2.a(partition_2_interface.o)
                              libpartition_2.a(thread_uartotherend_samrh71tx.o) (call_uartotherend_samrh71tx)
libpartition_2.a(routing.o)   libpartition_2.a(thread_uartotherend_samrh71tx.o) (uartotherend_samrh71tx_sender_pid)
libpartition_2.a(uartotherend.o)
                              libpartition_2.a(uartotherend_vm_if.o) (CInituartotherend)
[...]
Memory Configuration

Name             Origin             Length             Attributes
ITCM             0x0000000000000000 0x0000000000020000
DTCM             0x0000000020000000 0x0000000000040000
INTFLASH         0x0000000010000000 0x0000000000020000
INTSRAM          0x0000000021000000 0x00000000000b0000
LOG              0x00000000210b5000 0x0000000000001000
NOCACHE          0x00000000210c0000 0x0000000000000000
SDRAM            0x0000000070000000 0x0000000004000000
SDRAM_NOCACHE    0x0000000074000000 0x0000000000000000
UNEXPECTED_SECTIONS 0x00000000ffffffff 0x0000000000000000
*default*        0x0000000000000000 0xffffffffffffffff

Linker script and memory map

LOAD /opt/taste-rtems-qdp-arm/arm-rtems6/n7sbsp-samrh71f20/lib/start.o
LOAD /opt/taste-rtems-qdp-arm/bin/../lib/gcc/arm-rtems6/12.3.1/thumb/cortex-m7/hard/crti.o
LOAD /opt/taste-rtems-qdp-arm/bin/../lib/gcc/arm-rtems6/12.3.1/thumb/cortex-m7/hard/crtbegin.o
LOAD main.o
LOAD libpartition_2.a
                0x0000000000000080                bsp_section_rwbarrier_align = 0x80
                0x00000000210bfc00                DEATH_REPORT_BEGIN = 0x210bfc00
                0x0000000000001000                bsp_stack_main_size = DEFINED (bsp_stack_main_size)?bsp_stack_main_size:0x1000
                0x0000000000001000                bsp_stack_main_size = ALIGN (bsp_stack_main_size, bsp_stack_align)
                [0x00000000000001ac]                bsp_vector_table_size = DEFINED (bsp_vector_table_size)?bsp_vector_table_size:0x40
                0x0000000000000001                bsp_section_xbarrier_align = DEFINED (bsp_section_xbarrier_align)?bsp_section_xbarrier_align:0x1
                0x0000000000000001                bsp_section_robarrier_align = DEFINED (bsp_section_robarrier_align)?bsp_section_robarrier_align:0x1
                0x0000000000000080                bsp_section_rwbarrier_align = DEFINED (bsp_section_rwbarrier_align)?bsp_section_rwbarrier_align:0x1
                0x0000000000000008                bsp_stack_align = DEFINED (bsp_stack_align)?bsp_stack_align:0x8
                0x0000000000000000                bsp_stack_abt_size = DEFINED (bsp_stack_abt_size)?bsp_stack_abt_size:0x0
                0x0000000000000000                bsp_stack_abt_size = ALIGN (bsp_stack_abt_size, bsp_stack_align)
                0x0000000000000000                bsp_stack_fiq_size = DEFINED (bsp_stack_fiq_size)?bsp_stack_fiq_size:0x0
                0x0000000000000000                bsp_stack_fiq_size = ALIGN (bsp_stack_fiq_size, bsp_stack_align)
                0x0000000000000000                bsp_stack_und_size = DEFINED (bsp_stack_und_size)?bsp_stack_und_size:0x0
                0x0000000000000000                bsp_stack_und_size = ALIGN (bsp_stack_und_size, bsp_stack_align)
                0x0000000000000000                bsp_stack_hyp_size = DEFINED (bsp_stack_hyp_size)?bsp_stack_hyp_size:0x0
                0x0000000000000000                bsp_stack_hyp_size = ALIGN (bsp_stack_hyp_size, bsp_stack_align)

.start          0x0000000021000000      0x488
                0x0000000021000000                bsp_section_start_begin = .
 *(.vector)
 .vector        0x0000000021000000      0x1ac libpartition_2.a(CustomExceptionVector.o)
                0x0000000021000000                exception_table
 *(.bsp_start_text)
 .bsp_start_text
                0x00000000210001ac      0x1e8 /opt/taste-rtems-qdp-arm/arm-rtems6/n7sbsp-samrh71f20/lib/start.o
                0x00000000210001ac                bsp_start_vector_table_begin
                0x0000000021000358                _start
                0x0000000021000358                bsp_start_vector_table_end
                0x000000002100037c                bsp_start_hook_0_done
 .bsp_start_text
                0x0000000021000394       0xd8 /opt/taste-rtems-qdp-arm/arm-rtems6/n7sbsp-samrh71f20/lib/librtemsbsp.a(bspstarthooks.c.7.o)
                0x0000000021000394                bsp_start_hook_0
                0x0000000021000398                bsp_start_hook_1
 .bsp_start_text
                0x000000002100046c       0x1c /opt/taste-rtems-qdp-arm/arm-rtems6/n7sbsp-samrh71f20/lib/librtemsbsp.a(bspreset-armv7m.c.7.o)
                0x000000002100046c                bsp_reset
 *(.bsp_start_data)
                0x0000000021000488                bsp_section_start_end = .
                0x0000000000000488                bsp_section_start_size = (bsp_section_start_end - bsp_section_start_begin)

.xbarrier       0x0000000021000488        0x0
                0x0000000021000488                . = ALIGN (bsp_section_xbarrier_align)

.text           0x00000000210004c0     0xd490
                0x00000000210004c0                bsp_section_text_begin = .
 *(.text.unlikely .text.*_unlikely)
 *(.text .stub .text.* .gnu.linkonce.t.*)
 .text          0x00000000210004c0       0x8c /opt/taste-rtems-qdp-arm/bin/../lib/gcc/arm-rtems6/12.3.1/thumb/cortex-m7/hard/crtbegin.o
 .text.rtems_fatal
                0x000000002100054c       0x12 main.o
 *fill*         0x000000002100055e        0x2 
 .text.initialize_devices
                0x0000000021000560       0x88 main.o
 .text.initialize_interface_to_queue_map
                0x00000000210005e8       0x34 main.o
 .text.generate_new_partition_task_name
                0x000000002100061c       0x1c main.o
                0x000000002100061c                generate_new_partition_task_name
 .text.generate_new_partition_queue_name
                0x0000000021000638       0x1c main.o
                0x0000000021000638                generate_new_partition_queue_name
 .text.generate_new_partition_semaphore_name
                0x0000000021000654       0x1c main.o
                0x0000000021000654                generate_new_partition_semaphore_name
 .text.Create_Thread_uartotherend_samrh71tx
                0x0000000021000670      0x12c main.o
 .text.Start_Thread_uartotherend_samrh71tx
                0x000000002100079c       0x44 main.o
 .text.Init     0x00000000210007e0       0x9c main.o
                0x00000000210007e0                Init
 .text.abort    0x000000002100087c        0xc main.o
                0x000000002100087c                abort
 .text.__assert_func
                0x0000000021000888       0x16 main.o
                0x0000000021000888                __assert_func
 .text.Broker_packetizer_error_to_broker_error
                0x000000002100089e       0x3e libpartition_2.a(Broker.o)
 .text.Broker_initialize_packetizers_functions
                0x00000000210008dc       0xe0 libpartition_2.a(Broker.o)
                0x00000000210008dc                Broker_initialize_packetizers_functions
 .text.Broker_initialize
                0x00000000210009bc       0x78 libpartition_2.a(Broker.o)
                0x00000000210009bc                Broker_initialize
 .text.Broker_receive_packet
                0x0000000021000a34       0xd4 libpartition_2.a(Broker.o)
                0x0000000021000a34                Broker_receive_packet
 .text.Broker_acquire_lock
                0x0000000021000b08       0x40 libpartition_2.a(BrokerLock.o)
                0x0000000021000b08                Broker_acquire_lock
 .text.Broker_release_lock
                0x0000000021000b48       0x18 libpartition_2.a(BrokerLock.o)
                0x0000000021000b48                Broker_release_lock
 .text.CCSDS_Packetizer_init
                0x0000000021000b60       0x24 libpartition_2.a(CCSDSPacketizer.o)
                0x0000000021000b60                CCSDS_Packetizer_init
 .text.CCSDS_Packetizer_packetize
                0x0000000021000b84      0x11c libpartition_2.a(CCSDSPacketizer.o)
                0x0000000021000b84                CCSDS_Packetizer_packetize
 .text.CCSDS_Packetizer_depacketize
                0x0000000021000ca0      0x140 libpartition_2.a(CCSDSPacketizer.o)
                0x0000000021000ca0                CCSDS_Packetizer_depacketize
 .text.writeCCSDSPacketId
                0x0000000021000de0       0x70 libpartition_2.a(CCSDSPacketizer.o)
                0x0000000021000de0                writeCCSDSPacketId
 .text.writeCCSDSPacketSequenceControl
                0x0000000021000e50       0x76 libpartition_2.a(CCSDSPacketizer.o)
                0x0000000021000e50                writeCCSDSPacketSequenceControl
 .text.writeCCSDSPacketDataLength
                0x0000000021000ec6       0x32 libpartition_2.a(CCSDSPacketizer.o)
                0x0000000021000ec6                writeCCSDSPacketDataLength
 .text.writeChecksum
                0x0000000021000ef8       0x42 libpartition_2.a(CCSDSPacketizer.o)
                0x0000000021000ef8                writeChecksum
 .text.readCCSDSPacketDataLength
                0x0000000021000f3a       0x26 libpartition_2.a(CCSDSPacketizer.o)
                0x0000000021000f3a                readCCSDSPacketDataLength
 .text.DeviceProvidedPacketizer_init
                0x0000000021000f60       0x32 libpartition_2.a(DeviceProvidedPacketizer.o)
                0x0000000021000f60                DeviceProvidedPacketizer_init
 .text.DeviceProvidedPacketizer_packetize
                0x0000000021000f92       0x48 libpartition_2.a(DeviceProvidedPacketizer.o)
                0x0000000021000f92                DeviceProvidedPacketizer_packetize
 .text.DeviceProvidedPacketizer_depacketize
                0x0000000021000fda       0x4e libpartition_2.a(DeviceProvidedPacketizer.o)
                0x0000000021000fda                DeviceProvidedPacketizer_depacketize
 .text.get_device_configuration
                0x0000000021001028       0x2c libpartition_2.a(DriverHelper.o)
                0x0000000021001028                get_device_configuration
 .text.get_remote_device_configuration
                0x0000000021001054       0x64 libpartition_2.a(DriverHelper.o)
                0x0000000021001054                get_remote_device_configuration
 .text.get_device_packetizer_cfg
                0x00000000210010b8       0x2c libpartition_2.a(DriverHelper.o)
                0x00000000210010b8                get_device_packetizer_cfg
 .text.Scb_isDCacheEnabled
                0x00000000210010e4       0x30 libpartition_2.a(FaultHandler.o)
 .text.Scb_cleanDCache
                0x0000000021001114       0x80 libpartition_2.a(FaultHandler.o)
 .text.Scb_invalidateDCache
                0x0000000021001194       0x80 libpartition_2.a(FaultHandler.o)
 .text.Fault_HandlerTail
                0x0000000021001214       0x18 libpartition_2.a(FaultHandler.o)
                0x0000000021001214                Fault_HandlerTail
 *fill*         0x000000002100122c        0x4 
 .text.Fault_Handler
                0x0000000021001230       0xb4 libpartition_2.a(FaultHandler.o)
                0x0000000021001230                Fault_Handler
 .text.FaultHandler_Init
                0x00000000210012e4       0x40 libpartition_2.a(FaultHandler.o)
                0x00000000210012e4                FaultHandler_Init
 .text.Init_setup_watchdog
                0x0000000021001324       0x88 libpartition_2.a(Hal.o)
 .text.timer_irq_handler
                0x00000000210013ac       0x40 libpartition_2.a(Hal.o)
                0x00000000210013ac                timer_irq_handler
 .text.Hal_InitTimer
                0x00000000210013ec       0x88 libpartition_2.a(Hal.o)
 *fill*         0x0000000021001474        0x4 
 .text.Hal_Init
                0x0000000021001478       0xa0 libpartition_2.a(Hal.o)
                0x0000000021001478                Hal_Init
 .text.Hal_GetElapsedTimeInNs
                0x0000000021001518      0x164 libpartition_2.a(Hal.o)
                0x0000000021001518                Hal_GetElapsedTimeInNs
 .text.fletcher16
                0x000000002100167c       0xa8 libpartition_2.a(IsoChecksum.o)
 .text.IsoChecksum_calculate
                0x0000000021001724       0x7c libpartition_2.a(IsoChecksum.o)
                0x0000000021001724                IsoChecksum_calculate
 .text._Timestamp_Set_to_zero
                0x00000000210017a0       0x22 libpartition_2.a(Monitor.o)
 .text._TOD_Get_uptime
                0x00000000210017c2       0x1e libpartition_2.a(Monitor.o)
 .text.handle_activation_log_cyclic_buffer
                0x00000000210017e0       0x18 libpartition_2.a(Monitor.o)
 .text.Monitor_Init
                0x00000000210017f8       0x48 libpartition_2.a(Monitor.o)
                0x00000000210017f8                Monitor_Init
 .text.Monitor_GetQueuedItemsCount
                0x0000000021001840       0x48 libpartition_2.a(Monitor.o)
                0x0000000021001840                Monitor_GetQueuedItemsCount
 .text.Monitor_IndicateInterfaceActivated
                0x0000000021001888       0x1a libpartition_2.a(Monitor.o)
                0x0000000021001888                Monitor_IndicateInterfaceActivated
 .text.Monitor_IndicateInterfaceDeactivated
                0x00000000210018a2       0x1a libpartition_2.a(Monitor.o)
                0x00000000210018a2                Monitor_IndicateInterfaceDeactivated
 .text.Nvic_enableIrq
                0x00000000210018bc       0x10 libpartition_2.a(Nvic.o)
 .text.Nvic_disableIrq
                0x00000000210018cc       0x10 libpartition_2.a(Nvic.o)
 .text.Nvic_enableFaultIrq
                0x00000000210018dc       0x10 libpartition_2.a(Nvic.o)
 .text.Nvic_disableFaultIrq
                0x00000000210018ec       0x10 libpartition_2.a(Nvic.o)
 .text.Nvic_relocateVectorTable
                0x00000000210018fc       0x2e libpartition_2.a(Nvic.o)
                0x00000000210018fc                Nvic_relocateVectorTable
 *fill*         0x000000002100192a        0x2 
 .text.Nvic_relocateVectorTableUnsafe
                0x000000002100192c       0x48 libpartition_2.a(Nvic.o)
                0x000000002100192c                Nvic_relocateVectorTableUnsafe
 .text.Packetizer_init
                0x0000000021001974       0x24 libpartition_2.a(Packetizer.o)
                0x0000000021001974                Packetizer_init
 .text.Packetizer_packetize
                0x0000000021001998       0xf0 libpartition_2.a(Packetizer.o)
                0x0000000021001998                Packetizer_packetize
 .text.Packetizer_depacketize
                0x0000000021001a88      0x170 libpartition_2.a(Packetizer.o)
                0x0000000021001a88                Packetizer_depacketize
 .text.writePacketId
                0x0000000021001bf8       0x70 libpartition_2.a(Packetizer.o)
                0x0000000021001bf8                writePacketId
 .text.writePacketSequenceControl
                0x0000000021001c68       0x76 libpartition_2.a(Packetizer.o)
                0x0000000021001c68                writePacketSequenceControl
 .text.writePacketDataLength
                0x0000000021001cde       0x76 libpartition_2.a(Packetizer.o)
                0x0000000021001cde                writePacketDataLength
 .text.writeCrc
                0x0000000021001d54       0x42 libpartition_2.a(Packetizer.o)
                0x0000000021001d54                writeCrc
 .text.writeSenderPid
                0x0000000021001d96       0x3a libpartition_2.a(Packetizer.o)
                0x0000000021001d96                writeSenderPid
 .text.readPacketDataLength
                0x0000000021001dd0       0x50 libpartition_2.a(Packetizer.o)
                0x0000000021001dd0                readPacketDataLength
 .text.PassthroughPacketizer_init
                0x0000000021001e20       0x40 libpartition_2.a(PassthroughPacketizer.o)
                0x0000000021001e20                PassthroughPacketizer_init
 .text.PassthroughPacketizer_packetize
                0x0000000021001e60       0x4c libpartition_2.a(PassthroughPacketizer.o)
                0x0000000021001e60                PassthroughPacketizer_packetize
 .text.PassthroughPacketizer_depacketize
                0x0000000021001eac       0x98 libpartition_2.a(PassthroughPacketizer.o)
                0x0000000021001eac                PassthroughPacketizer_depacketize
 .text.shiftValueLeft
                0x0000000021001f44       0x28 libpartition_2.a(Rstc.o)
 .text.Rstc_resetSystem
                0x0000000021001f6c       0x2c libpartition_2.a(Rstc.o)
                0x0000000021001f6c                Rstc_resetSystem
 .text.Pmc_getDeviceRegisterStartAddress
                0x0000000021001f98       0x14 libpartition_2.a(SamRH71Core.o)
 .text.Matrix_getDeviceBaseAddress
                0x0000000021001fac       0x12 libpartition_2.a(SamRH71Core.o)
 *fill*         0x0000000021001fbe        0x2 
 .text.extract_main_oscillator_frequency
                0x0000000021001fc0       0x90 libpartition_2.a(SamRH71Core.o)
 .text.apply_plla_config
                0x0000000021002050      0x100 libpartition_2.a(SamRH71Core.o)
 .text.SamRH71Core_InitMatrix
                0x0000000021002150       0x94 libpartition_2.a(SamRH71Core.o)
 .text.SamRH71Core_GetProcessorClockFrequency
                0x00000000210021e4      0x104 libpartition_2.a(SamRH71Core.o)
                0x00000000210021e4                SamRH71Core_GetProcessorClockFrequency
 .text.SamRH71Core_Init
                0x00000000210022e8      0x160 libpartition_2.a(SamRH71Core.o)
                0x00000000210022e8                SamRH71Core_Init
 .text.SamRH71Core_EnablePeripheralClock
                0x0000000021002448       0x48 libpartition_2.a(SamRH71Core.o)
                0x0000000021002448                SamRH71Core_EnablePeripheralClock
 .text.SamRH71Core_GetMainClockFrequency
                0x0000000021002490       0x50 libpartition_2.a(SamRH71Core.o)
                0x0000000021002490                SamRH71Core_GetMainClockFrequency
 .text.SamRH71Core_InterruptSubscribe
                0x00000000210024e0       0x2c libpartition_2.a(SamRH71Core.o)
                0x00000000210024e0                SamRH71Core_InterruptSubscribe
 .text.SamRH71Core_GenerateNewSemaphoreName
                0x000000002100250c       0x1c libpartition_2.a(SamRH71Core.o)
                0x000000002100250c                SamRH71Core_GenerateNewSemaphoreName
 .text.SamRH71Core_GenerateNewTaskName
                0x0000000021002528       0x1c libpartition_2.a(SamRH71Core.o)
                0x0000000021002528                SamRH71Core_GenerateNewTaskName
 .text.shiftValueLeft
                0x0000000021002544       0x28 libpartition_2.a(Systick.o)
 .text.shiftBitLeft
                0x000000002100256c       0x2e libpartition_2.a(Systick.o)
 *fill*         0x000000002100259a        0x2 
 .text.Systick_getDeviceRegisterStartAddress
                0x000000002100259c       0x14 libpartition_2.a(Systick.o)
                0x000000002100259c                Systick_getDeviceRegisterStartAddress
 .text.Systick_init
                0x00000000210025b0       0x1c libpartition_2.a(Systick.o)
                0x00000000210025b0                Systick_init
 .text.Systick_setConfig
                0x00000000210025cc       0x86 libpartition_2.a(Systick.o)
                0x00000000210025cc                Systick_setConfig
 .text.Systick_getConfig
                0x0000000021002652       0x64 libpartition_2.a(Systick.o)
                0x0000000021002652                Systick_getConfig
 .text.Systick_clearCurrentValue
                0x00000000210026b6       0x1c libpartition_2.a(Systick.o)
                0x00000000210026b6                Systick_clearCurrentValue
 .text.Systick_getCurrentValue
                0x00000000210026d2       0x1a libpartition_2.a(Systick.o)
                0x00000000210026d2                Systick_getCurrentValue
 .text.Systick_hasCountedToZero
                0x00000000210026ec       0x28 libpartition_2.a(Systick.o)
                0x00000000210026ec                Systick_hasCountedToZero
 .text.ThinPacketizer_init
                0x0000000021002714       0x1e libpartition_2.a(ThinPacketizer.o)
                0x0000000021002714                ThinPacketizer_init
 *fill*         0x0000000021002732        0x2 
 .text.ThinPacketizer_packetize
                0x0000000021002734       0xb4 libpartition_2.a(ThinPacketizer.o)
                0x0000000021002734                ThinPacketizer_packetize
 .text.ThinPacketizer_depacketize
                0x00000000210027e8       0xc0 libpartition_2.a(ThinPacketizer.o)
                0x00000000210027e8                ThinPacketizer_depacketize
 .text.thinWritePacketId
                0x00000000210028a8       0x4a libpartition_2.a(ThinPacketizer.o)
                0x00000000210028a8                thinWritePacketId
 .text.thinReadPacketId
                0x00000000210028f2       0x26 libpartition_2.a(ThinPacketizer.o)
                0x00000000210028f2                thinReadPacketId
 .text.thinWritePacketDataLength
                0x0000000021002918       0x32 libpartition_2.a(ThinPacketizer.o)
                0x0000000021002918                thinWritePacketDataLength
 .text.thinReadPacketDataLength
                0x000000002100294a       0x26 libpartition_2.a(ThinPacketizer.o)
                0x000000002100294a                thinReadPacketDataLength
 .text.shiftValueLeft
                0x0000000021002970       0x28 libpartition_2.a(Tic.o)
 .text.shiftBitLeft
                0x0000000021002998       0x2e libpartition_2.a(Tic.o)
 *fill*         0x00000000210029c6        0x2 
 .text.Tic_init
                0x00000000210029c8       0x88 libpartition_2.a(Tic.o)
                0x00000000210029c8                Tic_init
 .text.Tic_enableChannel
                0x0000000021002a50       0x40 libpartition_2.a(Tic.o)
                0x0000000021002a50                Tic_enableChannel
 .text.Tic_disableChannel
                0x0000000021002a90       0x40 libpartition_2.a(Tic.o)
                0x0000000021002a90                Tic_disableChannel
 .text.Tic_triggerChannel
                0x0000000021002ad0       0x40 libpartition_2.a(Tic.o)
                0x0000000021002ad0                Tic_triggerChannel
 .text.prepareCaptureModeConfig
                0x0000000021002b10       0xd0 libpartition_2.a(Tic.o)
 .text.prepareWaveformModeConfig
                0x0000000021002be0      0x12c libpartition_2.a(Tic.o)
 .text.Tic_setChannelConfig
                0x0000000021002d0c      0x1f0 libpartition_2.a(Tic.o)
                0x0000000021002d0c                Tic_setChannelConfig
 .text.Tic_setChannelIrqConfig
                0x0000000021002efc      0x104 libpartition_2.a(Tic.o)
                0x0000000021002efc                Tic_setChannelIrqConfig
 .text.Tic_enableChannelIrq
                0x0000000021003000       0x5c libpartition_2.a(Tic.o)
                0x0000000021003000                Tic_enableChannelIrq
 .text.Tic_disableChannelIrq
                0x000000002100305c       0x5c libpartition_2.a(Tic.o)
                0x000000002100305c                Tic_disableChannelIrq
 .text.Tic_getChannelStatus
                0x00000000210030b8      0x120 libpartition_2.a(Tic.o)
                0x00000000210030b8                Tic_getChannelStatus
 .text.Tic_getCounterValue
                0x00000000210031d8       0x40 libpartition_2.a(Tic.o)
                0x00000000210031d8                Tic_getCounterValue
 .text.Tic_writeProtect
                0x0000000021003218       0x78 libpartition_2.a(Tic.o)
                0x0000000021003218                Tic_writeProtect
 .text.shiftValueLeft
                0x0000000021003290       0x28 libpartition_2.a(Wdt.o)
 .text.shiftBitLeft
                0x00000000210032b8       0x2e libpartition_2.a(Wdt.o)
 *fill*         0x00000000210032e6        0x2 
 .text.Wdt_init
                0x00000000210032e8       0x20 libpartition_2.a(Wdt.o)
                0x00000000210032e8                Wdt_init
 .text.Wdt_setConfig
                0x0000000021003308       0xdc libpartition_2.a(Wdt.o)
                0x0000000021003308                Wdt_setConfig
 .text.Wdt_getConfig
                0x00000000210033e4       0xc4 libpartition_2.a(Wdt.o)
                0x00000000210033e4                Wdt_getConfig
 .text.getDeviceProvidedPacketizerInitFunction
                0x00000000210034a8       0x2c libpartition_2.a(device_provided_packetizer.o)
                0x00000000210034a8                getDeviceProvidedPacketizerInitFunction
 .text.getDeviceProvidedPacketizerPacketizeFunction
                0x00000000210034d4       0x2c libpartition_2.a(device_provided_packetizer.o)
                0x00000000210034d4                getDeviceProvidedPacketizerPacketizeFunction
 .text.getDeviceProvidedPacketizerDepacketizeFunction
                0x0000000021003500       0x2c libpartition_2.a(device_provided_packetizer.o)
                0x0000000021003500                getDeviceProvidedPacketizerDepacketizeFunction
 .text.setDeviceProvidedPacketizerHeaderSize
                0x000000002100352c       0x2c libpartition_2.a(device_provided_packetizer.o)
                0x000000002100352c                setDeviceProvidedPacketizerHeaderSize
 .text.UART0_Handler
                0x0000000021003558       0x2c libpartition_2.a(samrh71_rtems_serial.o)
                0x0000000021003558                UART0_Handler
 .text.UART1_Handler
                0x0000000021003584       0x2c libpartition_2.a(samrh71_rtems_serial.o)
                0x0000000021003584                UART1_Handler
 .text.UART2_Handler
                0x00000000210035b0       0x2c libpartition_2.a(samrh71_rtems_serial.o)
                0x00000000210035b0                UART2_Handler
 .text.UART3_Handler
                0x00000000210035dc       0x2c libpartition_2.a(samrh71_rtems_serial.o)
                0x00000000210035dc                UART3_Handler
 .text.UART4_Handler
                0x0000000021003608       0x2c libpartition_2.a(samrh71_rtems_serial.o)
                0x0000000021003608                UART4_Handler
 .text.UART5_Handler
                0x0000000021003634       0x2c libpartition_2.a(samrh71_rtems_serial.o)
                0x0000000021003634                UART5_Handler
 .text.UART6_Handler
                0x0000000021003660       0x2c libpartition_2.a(samrh71_rtems_serial.o)
                0x0000000021003660                UART6_Handler
 .text.UART7_Handler
                0x000000002100368c       0x2c libpartition_2.a(samrh71_rtems_serial.o)
                0x000000002100368c                UART7_Handler
 .text.UART8_Handler
                0x00000000210036b8       0x2c libpartition_2.a(samrh71_rtems_serial.o)
                0x00000000210036b8                UART8_Handler
 .text.UART9_Handler
                0x00000000210036e4       0x2c libpartition_2.a(samrh71_rtems_serial.o)
                0x00000000210036e4                UART9_Handler
 .text.SamRH71RtemsSerial_Init_global
                0x0000000021003710       0xe8 libpartition_2.a(samrh71_rtems_serial.o)
 .text.Samrh71RtemsSerial_uart_error_handler
                0x00000000210037f8       0x30 libpartition_2.a(samrh71_rtems_serial.o)
 .text.Samrh71RtemsSerial_make_uart_pin_config
                0x0000000021003828       0x36 libpartition_2.a(samrh71_rtems_serial.o)
 *fill*         0x000000002100385e        0x2 
 .text.Samrh71RtemsSerial_get_uart_id
                0x0000000021003860       0x84 libpartition_2.a(samrh71_rtems_serial.o)
 .text.Samrh71RtemsSerial_get_flexcom_id
                0x00000000210038e4       0x88 libpartition_2.a(samrh71_rtems_serial.o)
 .text.Samrh71RtemsSerial_get_uart_tx_pin_config
                0x000000002100396c      0x124 libpartition_2.a(samrh71_rtems_serial.o)
 .text.Samrh71RtemsSerial_get_uart_rx_pin_config
                0x0000000021003a90      0x124 libpartition_2.a(samrh71_rtems_serial.o)
 .text.Samrh71RtemsSerial_uart_init_pin
                0x0000000021003bb4       0x6c libpartition_2.a(samrh71_rtems_serial.o)
 .text.Samrh71RtemsSerial_get_periph_uart_id
                0x0000000021003c20       0x88 libpartition_2.a(samrh71_rtems_serial.o)
 .text.Samrh71RtemsSerial_uart_init_pio
                0x0000000021003ca8       0x40 libpartition_2.a(samrh71_rtems_serial.o)
 .text.Samrh71RtemsSerial_uart_init_pmc
                0x0000000021003ce8       0x56 libpartition_2.a(samrh71_rtems_serial.o)
 *fill*         0x0000000021003d3e        0x2 
 .text.Samrh71RtemsSerial_uart_init_flexcom
                0x0000000021003d40       0x2c libpartition_2.a(samrh71_rtems_serial.o)
 .text.Samrh71RtemsSerial_uart_init_handle
                0x0000000021003d6c       0xdc libpartition_2.a(samrh71_rtems_serial.o)
 .text.SamRH71RtemsSerialInit_uart_init_hardware
                0x0000000021003e48       0xc4 libpartition_2.a(samrh71_rtems_serial.o)
 .text.SamRH71RtemsSerialInit_uart_write
                0x0000000021003f0c       0x5c libpartition_2.a(samrh71_rtems_serial.o)
 .text.SamRH71RtemsSerial_uart_read
                0x0000000021003f68       0x6c libpartition_2.a(samrh71_rtems_serial.o)
 .text.SamRH71RtemsSerialInit_uart_register
                0x0000000021003fd4       0x1e libpartition_2.a(samrh71_rtems_serial.o)
 *fill*         0x0000000021003ff2        0x2 
 .text.SamRH71RtemsSerialInit_uart_parity
                0x0000000021003ff4       0x5c libpartition_2.a(samrh71_rtems_serial.o)
 .text.SamRH71RtemsSerialInit_uart_baudrate
                0x0000000021004050       0x9c libpartition_2.a(samrh71_rtems_serial.o)
 .text.SamRH71RtemsSerialInit_uart_init
                0x00000000210040ec       0x52 libpartition_2.a(samrh71_rtems_serial.o)
 *fill*         0x000000002100413e        0x2 
 .text.UartRxCallback
                0x0000000021004140       0x48 libpartition_2.a(samrh71_rtems_serial.o)
 .text.SamRH71RtemsSerialInit_rx_handler
                0x0000000021004188       0xbc libpartition_2.a(samrh71_rtems_serial.o)
 .text.UartTxCallback
                0x0000000021004244       0x48 libpartition_2.a(samrh71_rtems_serial.o)
 .text.SamRH71RtemsSerialInit_tx_handler
                0x000000002100428c       0x6c libpartition_2.a(samrh71_rtems_serial.o)
 .text.Samrh71RtemsSerialInit
                0x00000000210042f8       0xfc libpartition_2.a(samrh71_rtems_serial.o)
                0x00000000210042f8                Samrh71RtemsSerialInit
 .text.Samrh71RtemsSerialPoll
                0x00000000210043f4      0x150 libpartition_2.a(samrh71_rtems_serial.o)
                0x00000000210043f4                Samrh71RtemsSerialPoll
 .text.Samrh71RtemsSerialSend
                0x0000000021004544      0x104 libpartition_2.a(samrh71_rtems_serial.o)
                0x0000000021004544                Samrh71RtemsSerialSend
 .text.initialize_system_spec
                0x0000000021004648       0x30 libpartition_2.a(system_spec.o)
                0x0000000021004648                initialize_system_spec
 .text.uartotherend_samrh71tx_job
                0x0000000021004678       0x68 libpartition_2.a(thread_uartotherend_samrh71tx.o)
                0x0000000021004678                uartotherend_samrh71tx_job
 .text.deliver_to_uartotherend_samrh71tx
                0x00000000210046e0       0x5c libpartition_2.a(transport.o)
                0x00000000210046e0                deliver_to_uartotherend_samrh71tx
 .text.initialize_transport
                0x000000002100473c       0x1c libpartition_2.a(transport.o)
                0x000000002100473c                initialize_transport
 .text.initialize_transport_bus_maps
                0x0000000021004758       0x28 libpartition_2.a(transport_bus_map_initializer.o)
                0x0000000021004758                initialize_transport_bus_maps
 .text.init_uartotherend
                0x0000000021004780       0x24 libpartition_2.a(uartotherend_vm_if.o)
                0x0000000021004780                init_uartotherend
 .text.uartotherend_samrh71tx
                0x00000000210047a4       0x44 libpartition_2.a(uartotherend_vm_if.o)
                0x00000000210047a4                uartotherend_samrh71tx
 .text.ByteFifo_isFull
                0x00000000210047e8       0x26 libpartition_2.a(ByteFifo.o)
 .text.ByteFifo_isEmpty
                0x000000002100480e       0x22 libpartition_2.a(ByteFifo.o)
 .text.ByteFifo_init
                0x0000000021004830       0x50 libpartition_2.a(ByteFifo.o)
                0x0000000021004830                ByteFifo_init
 .text.ByteFifo_initFromBytes
                0x0000000021004880       0x50 libpartition_2.a(ByteFifo.o)
                0x0000000021004880                ByteFifo_initFromBytes
 .text.ByteFifo_getCount
                0x00000000210048d0       0x44 libpartition_2.a(ByteFifo.o)
                0x00000000210048d0                ByteFifo_getCount
 .text.ByteFifo_push
                0x0000000021004914       0x5c libpartition_2.a(ByteFifo.o)
                0x0000000021004914                ByteFifo_push
 .text.ByteFifo_pull
                0x0000000021004970       0x5e libpartition_2.a(ByteFifo.o)
                0x0000000021004970                ByteFifo_pull
 .text.Decode_ACN_T_UInt8
                0x00000000210049ce       0x4e libpartition_2.a(C_ASN1_Types.o)
                0x00000000210049ce                Decode_ACN_T_UInt8
 .text.ConcurrentAccessFlag_reset
                0x0000000021004a1c       0x1e libpartition_2.a(ConcurrentAccessFlag.o)
                0x0000000021004a1c                ConcurrentAccessFlag_reset
 .text.ConcurrentAccessFlag_check
                0x0000000021004a3a       0x28 libpartition_2.a(ConcurrentAccessFlag.o)
                0x0000000021004a3a                ConcurrentAccessFlag_check
 .text.ConcurrentAccessFlag_set
                0x0000000021004a62       0x1e libpartition_2.a(ConcurrentAccessFlag.o)
                0x0000000021004a62                ConcurrentAccessFlag_set
 .text.crc16    0x0000000021004a80       0x34 libpartition_2.a(Crc16.o)
 .text.calculateCrc16
                0x0000000021004ab4       0x42 libpartition_2.a(Crc16.o)
                0x0000000021004ab4                calculateCrc16
 *fill*         0x0000000021004af6        0x2 
 .text.save_stack
                0x0000000021004af8       0x74 libpartition_2.a(DeathReportWriter.o)
 .text.calculate_crc
                0x0000000021004b6c       0x7a libpartition_2.a(DeathReportWriter.o)
 .text.calculate_report_crc
                0x0000000021004be6       0x28 libpartition_2.a(DeathReportWriter.o)
 *fill*         0x0000000021004c0e        0x2 
 .text.DeathReportWriter_GenerateDeathReport
                0x0000000021004c10       0x3c libpartition_2.a(DeathReportWriter.o)
                0x0000000021004c10                DeathReportWriter_GenerateDeathReport
 .text.Escaper_init
                0x0000000021004c4c       0x50 libpartition_2.a(Escaper.o)
                0x0000000021004c4c                Escaper_init
 .text.Escaper_start_decoder
                0x0000000021004c9c       0x1a libpartition_2.a(Escaper.o)
                0x0000000021004c9c                Escaper_start_decoder
 *fill*         0x0000000021004cb6        0x2 
 .text.Escaper_decode_packet
                0x0000000021004cb8      0x144 libpartition_2.a(Escaper.o)
                0x0000000021004cb8                Escaper_decode_packet
 .text.Escaper_start_encoder
                0x0000000021004dfc       0x26 libpartition_2.a(Escaper.o)
                0x0000000021004dfc                Escaper_start_encoder
 .text.Escaper_encode_packet
                0x0000000021004e22      0x15c libpartition_2.a(Escaper.o)
                0x0000000021004e22                Escaper_encode_packet
 .text.shiftValueLeft
                0x0000000021004f7e       0x28 libpartition_2.a(Matrix.o)
 .text.changeBitAtOffset
                0x0000000021004fa6       0x48 libpartition_2.a(Matrix.o)
 .text.setValueAtOffset
                0x0000000021004fee       0x3e libpartition_2.a(Matrix.o)
 .text.Matrix_init
                0x000000002100502c       0x4c libpartition_2.a(Matrix.o)
                0x000000002100502c                Matrix_init
 .text.Matrix_setSlaveRegionProtectionConfig
                0x0000000021005078      0x158 libpartition_2.a(Matrix.o)
                0x0000000021005078                Matrix_setSlaveRegionProtectionConfig
 .text.Mpu_init
                0x00000000210051d0       0x20 libpartition_2.a(Mpu.o)
                0x00000000210051d0                Mpu_init
 .text.Mpu_setConfig
                0x00000000210051f0       0x5a libpartition_2.a(Mpu.o)
                0x00000000210051f0                Mpu_setConfig
 .text.returnError
                0x000000002100524a       0x24 libpartition_2.a(Pio.o)
 .text.shiftValueLeft
                0x000000002100526e       0x28 libpartition_2.a(Pio.o)
 .text.setValueAtOffset
                0x0000000021005296       0x3e libpartition_2.a(Pio.o)
 .text.Pio_init
                0x00000000210052d4       0xdc libpartition_2.a(Pio.o)
                0x00000000210052d4                Pio_init
 .text.setControlConfig
                0x00000000210053b0       0x40 libpartition_2.a(Pio.o)
 .text.setDirectionConfig
                0x00000000210053f0       0x68 libpartition_2.a(Pio.o)
 .text.setPullConfig
                0x0000000021005458       0xb0 libpartition_2.a(Pio.o)
 .text.setOpenDrain
                0x0000000021005508       0x40 libpartition_2.a(Pio.o)
 .text.setSchmittTriggerConfig
                0x0000000021005548       0x40 libpartition_2.a(Pio.o)
 .text.setIrqConfig
                0x0000000021005588       0x5c libpartition_2.a(Pio.o)
 .text.setDriveStrengthConfig
                0x00000000210055e4       0x44 libpartition_2.a(Pio.o)
 .text.Pio_setPortConfig
                0x0000000021005628       0x4c libpartition_2.a(Pio.o)
                0x0000000021005628                Pio_setPortConfig
 .text.Pio_setPinsConfig
                0x0000000021005674       0xa4 libpartition_2.a(Pio.o)
                0x0000000021005674                Pio_setPinsConfig
 .text.returnError
                0x0000000021005718       0x24 libpartition_2.a(Pmc.o)
 .text.shiftValueLeft
                0x000000002100573c       0x28 libpartition_2.a(Pmc.o)
 .text.shiftBitLeft
                0x0000000021005764       0x2e libpartition_2.a(Pmc.o)
 .text.waitForRegisterWithTimeout
                0x0000000021005792       0x3e libpartition_2.a(Pmc.o)
 .text.isBetweenUint32
                0x00000000210057d0       0x34 libpartition_2.a(Pmc.o)
 .text.setMasterClockSource
                0x0000000021005804       0x88 libpartition_2.a(Pmc.o)
 .text.enableRC
                0x000000002100588c       0x9c libpartition_2.a(Pmc.o)
 .text.switchMainClockToRC
                0x0000000021005928       0xa4 libpartition_2.a(Pmc.o)
 .text.setMasterClockPrescalerAndDivider
                0x00000000210059cc       0xd8 libpartition_2.a(Pmc.o)
 .text.resetMainClockGenerator
                0x0000000021005aa4       0x3e libpartition_2.a(Pmc.o)
 .text.disablePll
                0x0000000021005ae2       0x26 libpartition_2.a(Pmc.o)
 .text.resetMainAndMasterClockConfiguration
                0x0000000021005b08       0xc8 libpartition_2.a(Pmc.o)
 .text.disableXtal
                0x0000000021005bd0       0x44 libpartition_2.a(Pmc.o)
 .text.enableXtal
                0x0000000021005c14       0x78 libpartition_2.a(Pmc.o)
 .text.switchMainClockToXtal
                0x0000000021005c8c       0x56 libpartition_2.a(Pmc.o)
 .text.disableRC
                0x0000000021005ce2       0x88 libpartition_2.a(Pmc.o)
 *fill*         0x0000000021005d6a        0x2 
 .text.configureMainckRcOsc
                0x0000000021005d6c       0x64 libpartition_2.a(Pmc.o)
 .text.preconfigureXtal
                0x0000000021005dd0       0xbc libpartition_2.a(Pmc.o)
 .text.trySwitchingToTC
                0x0000000021005e8c       0x3c libpartition_2.a(Pmc.o)
 .text.configureMainckXOsc
                0x0000000021005ec8       0xe0 libpartition_2.a(Pmc.o)
 .text.configureMainckBypass
                0x0000000021005fa8      0x10c libpartition_2.a(Pmc.o)
 .text.configurePlla
                0x00000000210060b4      0x124 libpartition_2.a(Pmc.o)
 .text.configurePllb
                0x00000000210061d8      0x128 libpartition_2.a(Pmc.o)
 .text.Pmc_init
                0x0000000021006300       0x1c libpartition_2.a(Pmc.o)
                0x0000000021006300                Pmc_init
 .text.Pmc_setMainckConfig
                0x000000002100631c      0x13c libpartition_2.a(Pmc.o)
                0x000000002100631c                Pmc_setMainckConfig
 .text.Pmc_getMainckConfig
                0x0000000021006458       0xbe libpartition_2.a(Pmc.o)
                0x0000000021006458                Pmc_getMainckConfig
 *fill*         0x0000000021006516        0x2 
 .text.Pmc_setPllConfig
                0x0000000021006518       0x60 libpartition_2.a(Pmc.o)
                0x0000000021006518                Pmc_setPllConfig
 .text.Pmc_getPllConfig
                0x0000000021006578       0xe2 libpartition_2.a(Pmc.o)
                0x0000000021006578                Pmc_getPllConfig
 .text.Pmc_setMasterckConfig
                0x000000002100665a       0x88 libpartition_2.a(Pmc.o)
                0x000000002100665a                Pmc_setMasterckConfig
 .text.Pmc_getMasterckConfig
                0x00000000210066e2       0x40 libpartition_2.a(Pmc.o)
                0x00000000210066e2                Pmc_getMasterckConfig
 .text.Pmc_setConfig
                0x0000000021006722       0xda libpartition_2.a(Pmc.o)
                0x0000000021006722                Pmc_setConfig
 .text.Pmc_enablePeripheralClk
                0x00000000210067fc       0x4a libpartition_2.a(Pmc.o)
                0x00000000210067fc                Pmc_enablePeripheralClk
 *fill*         0x0000000021006846        0x2 
 .text.Pmc_isPeripheralClkEnabled
                0x0000000021006848       0x6c libpartition_2.a(Pmc.o)
                0x0000000021006848                Pmc_isPeripheralClkEnabled
 .text.Pmc_setPckConfig
                0x00000000210068b4       0xac libpartition_2.a(Pmc.o)
                0x00000000210068b4                Pmc_setPckConfig
 .text.Pmc_measureMainck
                0x0000000021006960       0x90 libpartition_2.a(Pmc.o)
                0x0000000021006960                Pmc_measureMainck
 .text.Pmc_setRc2OscillatorConfig
                0x00000000210069f0       0xa8 libpartition_2.a(Pmc.o)
                0x00000000210069f0                Pmc_setRc2OscillatorConfig
 .text.find_unique_destination
                0x0000000021006a98       0x60 libpartition_2.a(RoutingHelper.o)
                0x0000000021006a98                find_unique_destination
 .text.check_bus_has_any_destination_port
                0x0000000021006af8       0x50 libpartition_2.a(RoutingHelper.o)
                0x0000000021006af8                check_bus_has_any_destination_port
 .text.update_execution_time_data
                0x0000000021006b48      0x140 libpartition_2.a(ThreadsCommon.o)
 .text.ThreadsCommon_ProcessRequest
                0x0000000021006c88       0x80 libpartition_2.a(ThreadsCommon.o)
                0x0000000021006c88                ThreadsCommon_ProcessRequest
 .text.ThreadsCommon_SendRequest
                0x0000000021006d08       0x7c libpartition_2.a(ThreadsCommon.o)
                0x0000000021006d08                ThreadsCommon_SendRequest
 .text.ByteFifo_isFull
                0x0000000021006d84       0x26 libpartition_2.a(Uart.o)
 .text.ByteFifo_isEmpty
                0x0000000021006daa       0x22 libpartition_2.a(Uart.o)
 .text.setErrorCode
                0x0000000021006dcc       0x22 libpartition_2.a(Uart.o)
 .text.shiftValueLeft
                0x0000000021006dee       0x28 libpartition_2.a(Uart.o)
 .text.shiftBitLeft
                0x0000000021006e16       0x2e libpartition_2.a(Uart.o)
 .text.enterCriticalSection
                0x0000000021006e44       0x2e libpartition_2.a(Uart.o)
 .text.exitCriticalSection
                0x0000000021006e72       0x26 libpartition_2.a(Uart.o)
 .text.disableTxIrq
                0x0000000021006e98       0x24 libpartition_2.a(Uart.o)
 .text.disableRxIrq
                0x0000000021006ebc       0x24 libpartition_2.a(Uart.o)
 .text.addressBase
                0x0000000021006ee0       0x20 libpartition_2.a(Uart.o)
 .text.Uart_init
                0x0000000021006f00       0x50 libpartition_2.a(Uart.o)
                0x0000000021006f00                Uart_init
 .text.Uart_reset
                0x0000000021006f50       0x50 libpartition_2.a(Uart.o)
                0x0000000021006f50                Uart_reset
 .text.Uart_setConfig
                0x0000000021006fa0      0x174 libpartition_2.a(Uart.o)
                0x0000000021006fa0                Uart_setConfig
 .text.Uart_writeAsync
                0x0000000021007114       0x6a libpartition_2.a(Uart.o)
                0x0000000021007114                Uart_writeAsync
 .text.Uart_readAsync
                0x000000002100717e       0x5e libpartition_2.a(Uart.o)
                0x000000002100717e                Uart_readAsync
 .text.Uart_readRxFifo
                0x00000000210071dc       0x70 libpartition_2.a(Uart.o)
                0x00000000210071dc                Uart_readRxFifo
 .text.Uart_registerErrorHandler
                0x000000002100724c       0x40 libpartition_2.a(Uart.o)
                0x000000002100724c                Uart_registerErrorHandler
 .text.handleRxInterrupt
                0x000000002100728c       0xa0 libpartition_2.a(Uart.o)
 .text.getNextTxFifo
                0x000000002100732c       0x2a libpartition_2.a(Uart.o)
 .text.handleTxInterrupt
                0x0000000021007356       0x9e libpartition_2.a(Uart.o)
 .text.Uart_handleInterrupt
                0x00000000210073f4       0x8e libpartition_2.a(Uart.o)
                0x00000000210073f4                Uart_handleInterrupt
 .text.Uart_getLinkErrors
                0x0000000021007482       0x52 libpartition_2.a(Uart.o)
                0x0000000021007482                Uart_getLinkErrors
 .text.Uart_getStatusRegister
                0x00000000210074d4       0x28 libpartition_2.a(Uart.o)
                0x00000000210074d4                Uart_getStatusRegister
 .text.BitStream_AttachBuffer
                0x00000000210074fc       0x3c libpartition_2.a(asn1crt_encoding.o)
                0x00000000210074fc                BitStream_AttachBuffer
 .text.BitStream_ReadByte
                0x0000000021007538       0x94 libpartition_2.a(asn1crt_encoding.o)
                0x0000000021007538                BitStream_ReadByte
 .text.BitStream_ReadPartialByte
                0x00000000210075cc      0x104 libpartition_2.a(asn1crt_encoding.o)
                0x00000000210075cc                BitStream_ReadPartialByte
 .text.BitStream_DecodeNonNegativeInteger32Neg
                0x00000000210076d0       0x9a libpartition_2.a(asn1crt_encoding.o)
 .text.BitStream_DecodeNonNegativeInteger
                0x000000002100776a       0x20 libpartition_2.a(asn1crt_encoding.o)
                0x000000002100776a                BitStream_DecodeNonNegativeInteger
 .text.GetNumberOfBitsForNonNegativeInteger32
                0x000000002100778a       0x6c libpartition_2.a(asn1crt_encoding.o)
                0x000000002100778a                GetNumberOfBitsForNonNegativeInteger32
 .text.GetNumberOfBitsForNonNegativeInteger
                0x00000000210077f6       0x18 libpartition_2.a(asn1crt_encoding.o)
                0x00000000210077f6                GetNumberOfBitsForNonNegativeInteger
 *fill*         0x000000002100780e        0x2 
 .text.BitStream_DecodeConstraintPosWholeNumber
                0x0000000021007810       0x9c libpartition_2.a(asn1crt_encoding.o)
                0x0000000021007810                BitStream_DecodeConstraintPosWholeNumber
 .text.asn1SccT_UInt8_IsConstraintValid
                0x00000000210078ac       0x3a libpartition_2.a(dataview-uniq.o)
                0x00000000210078ac                asn1SccT_UInt8_IsConstraintValid
 .text.asn1SccT_UInt8_ACN_Decode
                0x00000000210078e6       0x5e libpartition_2.a(dataview-uniq.o)
                0x00000000210078e6                asn1SccT_UInt8_ACN_Decode
 .text.call_uartotherend_samrh71tx
                0x0000000021007944       0x1a libpartition_2.a(partition_2_interface.o)
                0x0000000021007944                call_uartotherend_samrh71tx
 *fill*         0x000000002100795e        0x2 
 .text.uartotherend_samrh71tx_get_sender
                0x0000000021007960       0x18 libpartition_2.a(routing.o)
                0x0000000021007960                uartotherend_samrh71tx_get_sender
 .text.CInituartotherend
                0x0000000021007978       0x24 libpartition_2.a(uartotherend.o)
                0x0000000021007978                CInituartotherend
 .text.uartotherend_PI_samrh71tx
                0x000000002100799c       0x16 libpartition_2.a(uartotherend.o)
                0x000000002100799c                uartotherend_PI_samrh71tx
 *fill*         0x00000000210079b2        0x2 
 .text.branch_startup_transition
                0x00000000210079b4       0x1c libpartition_2.a(uartotherend.o)
 .text.runTransitionUartotherend
                0x00000000210079d0       0x40 libpartition_2.a(uartotherend.o)
                0x00000000210079d0                runTransitionUartotherend
 .text.CPU_usage_Per_thread_handler
                0x0000000021007a10       0x20 /opt/taste-rtems-qdp-arm/arm-rtems6/n7sbsp-samrh71f20/lib/librtemscpu.a(cpuusagereset.c.86.o)
 .text.rtems_cpu_usage_reset
                0x0000000021007a30       0x2c /opt/taste-rtems-qdp-arm/arm-rtems6/n7sbsp-samrh71f20/lib/librtemscpu.a(cpuusagereset.c.86.o)
                0x0000000021007a30                rtems_cpu_usage_reset
 .text._Message_queue_Get_buffers
                0x0000000021007a5c       0x24 /opt/taste-rtems-qdp-arm/arm-rtems6/n7sbsp-samrh71f20/lib/librtemscpu.a(msgqconstruct.c.86.o)
 .text._Message_queue_Manager_initialization
                0x0000000021007a80        0xc /opt/taste-rtems-qdp-arm/arm-rtems6/n7sbsp-samrh71f20/lib/librtemscpu.a(msgqconstruct.c.86.o)
 .text._Message_queue_Create
                0x0000000021007a8c       0xa4 /opt/taste-rtems-qdp-arm/arm-rtems6/n7sbsp-samrh71f20/lib/librtemscpu.a(msgqconstruct.c.86.o)
                0x0000000021007a8c                _Message_queue_Create
 .text.rtems_message_queue_construct
                0x0000000021007b30       0x10 /opt/taste-rtems-qdp-arm/arm-rtems6/n7sbsp-samrh71f20/lib/librtemscpu.a(msgqconstruct.c.86.o)
                0x0000000021007b30                rtems_message_queue_construct
 .text.rtems_message_queue_get_number_pending
                0x0000000021007b40       0x30 /opt/taste-rtems-qdp-arm/arm-rtems6/n7sbsp-samrh71f20/lib/librtemscpu.a(msgqgetnumberpending.c.86.o)
                0x0000000021007b40                rtems_message_queue_get_number_pending
 .text.rtems_message_queue_receive
                0x0000000021007b70       0x60 /opt/taste-rtems-qdp-arm/arm-rtems6/n7sbsp-samrh71f20/lib/librtemscpu.a(msgqreceive.c.86.o)
                0x0000000021007b70                rtems_message_queue_receive
 .text.rtems_message_queue_send
                0x0000000021007bd0       0x48 /opt/taste-rtems-qdp-arm/arm-rtems6/n7sbsp-samrh71f20/lib/librtemscpu.a(msgqsend.c.86.o)
                0x0000000021007bd0                rtems_message_queue_send
 .text._Semaphore_Manager_initialization
                0x0000000021007c18        0xc /opt/taste-rtems-qdp-arm/arm-rtems6/n7sbsp-samrh71f20/lib/librtemscpu.a(semcreate.c.86.o)
 .text.rtems_semaphore_create
                0x0000000021007c24      0x184 /opt/taste-rtems-qdp-arm/arm-rtems6/n7sbsp-samrh71f20/lib/librtemscpu.a(semcreate.c.86.o)
                0x0000000021007c24                rtems_semaphore_create
 .text.rtems_semaphore_obtain
                0x0000000021007da8      0x170 /opt/taste-rtems-qdp-arm/arm-rtems6/n7sbsp-samrh71f20/lib/librtemscpu.a(semobtain.c.86.o)
                0x0000000021007da8                rtems_semaphore_obtain
 .text.rtems_semaphore_release
                0x0000000021007f18      0x120 /opt/taste-rtems-qdp-arm/arm-rtems6/n7sbsp-samrh71f20/lib/librtemscpu.a(semrelease.c.86.o)
                0x0000000021007f18                rtems_semaphore_release
 .text._RTEMS_tasks_Start_extension
                0x0000000021008038        0xc /opt/taste-rtems-qdp-arm/arm-rtems6/n7sbsp-samrh71f20/lib/librtemscpu.a(taskconstruct.c.86.o)
 .text._RTEMS_tasks_Prepare_user_stack
                0x0000000021008044       0x40 /opt/taste-rtems-qdp-arm/arm-rtems6/n7sbsp-samrh71f20/lib/librtemscpu.a(taskconstruct.c.86.o)
 .text._RTEMS_tasks_Manager_initialization
                0x0000000021008084       0x1c /opt/taste-rtems-qdp-arm/arm-rtems6/n7sbsp-samrh71f20/lib/librtemscpu.a(taskconstruct.c.86.o)
 .text._RTEMS_tasks_Create
                0x00000000210080a0      0x110 /opt/taste-rtems-qdp-arm/arm-rtems6/n7sbsp-samrh71f20/lib/librtemscpu.a(taskconstruct.c.86.o)
                0x00000000210080a0                _RTEMS_tasks_Create
 .text.rtems_task_construct
                0x00000000210081b0       0x10 /opt/taste-rtems-qdp-arm/arm-rtems6/n7sbsp-samrh71f20/lib/librtemscpu.a(taskconstruct.c.86.o)
                0x00000000210081b0                rtems_task_construct
 .text._RTEMS_tasks_Construct_user_task
                0x00000000210081c0       0x34 /opt/taste-rtems-qdp-arm/arm-rtems6/n7sbsp-samrh71f20/lib/librtemscpu.a(taskconstructuser.c.86.o)
                0x00000000210081c0                _RTEMS_tasks_Construct_user_task
 .text.rtems_task_delete
                0x00000000210081f4       0x48 /opt/taste-rtems-qdp-arm/arm-rtems6/n7sbsp-samrh71f20/lib/librtemscpu.a(taskdelete.c.86.o)
                0x00000000210081f4                rtems_task_delete
 .text.rtems_task_iterate
                0x000000002100823c       0x1c /opt/taste-rtems-qdp-arm/arm-rtems6/n7sbsp-samrh71f20/lib/librtemscpu.a(taskiterate.c.86.o)
                0x000000002100823c                rtems_task_iterate
 .text.rtems_task_start
                0x0000000021008258       0x3c /opt/taste-rtems-qdp-arm/arm-rtems6/n7sbsp-samrh71f20/lib/librtemscpu.a(taskstart.c.86.o)
                0x0000000021008258                rtems_task_start
 .text._Timer_Manager_initialization
                0x0000000021008294        0xc /opt/taste-rtems-qdp-arm/arm-rtems6/n7sbsp-samrh71f20/lib/librtemscpu.a(timercreate.c.86.o)
 .text._RTEMS_Lock_allocator
                0x00000000210082a0        0xc /opt/taste-rtems-qdp-arm/arm-rtems6/n7sbsp-samrh71f20/lib/librtemscpu.a(allocatormutex.c.86.o)
                0x00000000210082a0                _RTEMS_Lock_allocator
 .text._RTEMS_Unlock_allocator
                0x00000000210082ac        0xc /opt/taste-rtems-qdp-arm/arm-rtems6/n7sbsp-samrh71f20/lib/librtemscpu.a(allocatormutex.c.86.o)
                0x00000000210082ac                _RTEMS_Unlock_allocator
 .text._API_Mutex_Lock
                0x00000000210082b8       0x1c /opt/taste-rtems-qdp-arm/arm-rtems6/n7sbsp-samrh71f20/lib/librtemscpu.a(apimutexlock.c.86.o)
                0x00000000210082b8                _API_Mutex_Lock
 .text._API_Mutex_Unlock
                0x00000000210082d4       0x18 /opt/taste-rtems-qdp-arm/arm-rtems6/n7sbsp-samrh71f20/lib/librtemscpu.a(apimutexunlock.c.86.o)
                0x00000000210082d4                _API_Mutex_Unlock
 .text._CORE_message_queue_Initialize
                0x00000000210082ec       0x8c /opt/taste-rtems-qdp-arm/arm-rtems6/n7sbsp-samrh71f20/lib/librtemscpu.a(coremsg.c.86.o)
                0x00000000210082ec                _CORE_message_queue_Initialize
 .text._CORE_message_queue_Seize
                0x0000000021008378       0xb4 /opt/taste-rtems-qdp-arm/arm-rtems6/n7sbsp-samrh71f20/lib/librtemscpu.a(coremsgseize.c.86.o)
                0x0000000021008378                _CORE_message_queue_Seize
 .text._CORE_message_queue_Submit
                0x000000002100842c       0xd8 /opt/taste-rtems-qdp-arm/arm-rtems6/n7sbsp-samrh71f20/lib/librtemscpu.a(coremsgsubmit.c.86.o)
                0x000000002100842c                _CORE_message_queue_Submit
 .text._CORE_mutex_Seize_slow
                0x0000000021008504       0x2c /opt/taste-rtems-qdp-arm/arm-rtems6/n7sbsp-samrh71f20/lib/librtemscpu.a(coremutexseize.c.86.o)
                0x0000000021008504                _CORE_mutex_Seize_slow
 .text._CORE_semaphore_Initialize
                0x0000000021008530        0x8 /opt/taste-rtems-qdp-arm/arm-rtems6/n7sbsp-samrh71f20/lib/librtemscpu.a(coresem.c.86.o)
                0x0000000021008530                _CORE_semaphore_Initialize
 .text._Terminate
                0x0000000021008538       0x2c /opt/taste-rtems-qdp-arm/arm-rtems6/n7sbsp-samrh71f20/lib/librtemscpu.a(interr.c.86.o)
                0x0000000021008538                _Terminate
 .text._Internal_error
                0x0000000021008564        0xc /opt/taste-rtems-qdp-arm/arm-rtems6/n7sbsp-samrh71f20/lib/librtemscpu.a(interr.c.86.o)
                0x0000000021008564                _Internal_error
 .text._ISR_Is_in_progress
                0x0000000021008570       0x10 /opt/taste-rtems-qdp-arm/arm-rtems6/n7sbsp-samrh71f20/lib/librtemscpu.a(isrisinprogress.c.86.o)
                0x0000000021008570                _ISR_Is_in_progress
 .text.dummy_get_timecount
                0x0000000021008580        0x4 /opt/taste-rtems-qdp-arm/arm-rtems6/n7sbsp-samrh71f20/lib/librtemscpu.a(kern_tc.c.86.o)
 .text._Timecounter_Windup
                0x0000000021008584      0x320 /opt/taste-rtems-qdp-arm/arm-rtems6/n7sbsp-samrh71f20/lib/librtemscpu.a(kern_tc.c.86.o)
 .text._Timecounter_Sbinuptime
                0x00000000210088a4       0x6c /opt/taste-rtems-qdp-arm/arm-rtems6/n7sbsp-samrh71f20/lib/librtemscpu.a(kern_tc.c.86.o)
                0x00000000210088a4                _Timecounter_Sbinuptime
                0x00000000210088a4                rtems_clock_get_monotonic_sbintime
 .text._Timecounter_Getnanouptime
                0x0000000021008910       0x40 /opt/taste-rtems-qdp-arm/arm-rtems6/n7sbsp-samrh71f20/lib/librtemscpu.a(kern_tc.c.86.o)
                0x0000000021008910                rtems_clock_get_monotonic_coarse
                0x0000000021008910                _Timecounter_Getnanouptime
 .text._Timecounter_Getnanotime
                0x0000000021008950       0x2c /opt/taste-rtems-qdp-arm/arm-rtems6/n7sbsp-samrh71f20/lib/librtemscpu.a(kern_tc.c.86.o)
                0x0000000021008950                _Timecounter_Getnanotime
                0x0000000021008950                rtems_clock_get_realtime_coarse
 .text._Timecounter_Install
                0x000000002100897c       0x40 /opt/taste-rtems-qdp-arm/arm-rtems6/n7sbsp-samrh71f20/lib/librtemscpu.a(kern_tc.c.86.o)
                0x000000002100897c                _Timecounter_Install
 .text._Timecounter_Tick
                0x00000000210089bc       0x28 /opt/taste-rtems-qdp-arm/arm-rtems6/n7sbsp-samrh71f20/lib/librtemscpu.a(kern_tc.c.86.o)
                0x00000000210089bc                _Timecounter_Tick
 .text._Mutex_recursive_Acquire
                0x00000000210089e4       0x5c /opt/taste-rtems-qdp-arm/arm-rtems6/n7sbsp-samrh71f20/lib/librtemscpu.a(mutex.c.86.o)
                0x00000000210089e4                _Mutex_recursive_Acquire
 .text._Mutex_recursive_Release
                0x0000000021008a40       0x44 /opt/taste-rtems-qdp-arm/arm-rtems6/n7sbsp-samrh71f20/lib/librtemscpu.a(mutex.c.86.o)
                0x0000000021008a40                _Mutex_recursive_Release
 .text._Objects_Allocate
                0x0000000021008a84       0x14 /opt/taste-rtems-qdp-arm/arm-rtems6/n7sbsp-samrh71f20/lib/librtemscpu.a(objectallocate.c.86.o)
                0x0000000021008a84                _Objects_Allocate
 .text._Objects_Allocate_static
                0x0000000021008a98       0x1c /opt/taste-rtems-qdp-arm/arm-rtems6/n7sbsp-samrh71f20/lib/librtemscpu.a(objectallocatestatic.c.86.o)
                0x0000000021008a98                _Objects_Allocate_static
 .text._Objects_Free_nothing
                0x0000000021008ab4        0x4 /opt/taste-rtems-qdp-arm/arm-rtems6/n7sbsp-samrh71f20/lib/librtemscpu.a(objectfreenothing.c.86.o)
                0x0000000021008ab4                _Objects_Free_nothing
 .text._Objects_Free_static
                0x0000000021008ab8       0x10 /opt/taste-rtems-qdp-arm/arm-rtems6/n7sbsp-samrh71f20/lib/librtemscpu.a(objectfreestatic.c.86.o)
                0x0000000021008ab8                _Objects_Free_static
 .text._Objects_Get
                0x0000000021008ac8       0x38 /opt/taste-rtems-qdp-arm/arm-rtems6/n7sbsp-samrh71f20/lib/librtemscpu.a(objectgetlocal.c.86.o)
                0x0000000021008ac8                _Objects_Get
 .text._Objects_Initialize_information
                0x0000000021008b00       0x70 /opt/taste-rtems-qdp-arm/arm-rtems6/n7sbsp-samrh71f20/lib/librtemscpu.a(objectinitializeinformation.c.86.o)
                0x0000000021008b00                _Objects_Initialize_information
 .text._Scheduler_default_Map_priority
                0x0000000021008b70        0x8 /opt/taste-rtems-qdp-arm/arm-rtems6/n7sbsp-samrh71f20/lib/librtemscpu.a(schedulerdefaultmappriority.c.86.o)
                0x0000000021008b70                _Scheduler_default_Map_priority
 .text._Scheduler_default_Unmap_priority
                0x0000000021008b78        0xc /opt/taste-rtems-qdp-arm/arm-rtems6/n7sbsp-samrh71f20/lib/librtemscpu.a(schedulerdefaultmappriority.c.86.o)
                0x0000000021008b78                _Scheduler_default_Unmap_priority
 .text._Scheduler_default_Node_destroy
                0x0000000021008b84        0x4 /opt/taste-rtems-qdp-arm/arm-rtems6/n7sbsp-samrh71f20/lib/librtemscpu.a(schedulerdefaultnodedestroy.c.86.o)
                0x0000000021008b84                _Scheduler_default_Node_destroy
 .text._Scheduler_default_Release_job
                0x0000000021008b88        0x4 /opt/taste-rtems-qdp-arm/arm-rtems6/n7sbsp-samrh71f20/lib/librtemscpu.a(schedulerdefaultreleasejob.c.86.o)
                0x0000000021008b88                _Scheduler_default_Release_job
 .text._Scheduler_default_Cancel_job
                0x0000000021008b8c        0x4 /opt/taste-rtems-qdp-arm/arm-rtems6/n7sbsp-samrh71f20/lib/librtemscpu.a(schedulerdefaultreleasejob.c.86.o)
                0x0000000021008b8c                _Scheduler_default_Cancel_job
 .text._Scheduler_default_Start_idle
                0x0000000021008b90        0xc /opt/taste-rtems-qdp-arm/arm-rtems6/n7sbsp-samrh71f20/lib/librtemscpu.a(schedulerdefaultstartidle.c.86.o)
                0x0000000021008b90                _Scheduler_default_Start_idle
 .text._Scheduler_priority_Initialize
                0x0000000021008b9c       0x48 /opt/taste-rtems-qdp-arm/arm-rtems6/n7sbsp-samrh71f20/lib/librtemscpu.a(schedulerpriority.c.86.o)
                0x0000000021008b9c                _Scheduler_priority_Initialize
 .text._Scheduler_priority_Node_initialize
                0x0000000021008be4       0x60 /opt/taste-rtems-qdp-arm/arm-rtems6/n7sbsp-samrh71f20/lib/librtemscpu.a(schedulerpriority.c.86.o)
                0x0000000021008be4                _Scheduler_priority_Node_initialize
 .text._Scheduler_priority_Block
                0x0000000021008c44       0xac /opt/taste-rtems-qdp-arm/arm-rtems6/n7sbsp-samrh71f20/lib/librtemscpu.a(schedulerpriorityblock.c.86.o)
                0x0000000021008c44                _Scheduler_priority_Block
 .text._Scheduler_priority_Update_priority
                0x0000000021008cf0      0x16c /opt/taste-rtems-qdp-arm/arm-rtems6/n7sbsp-samrh71f20/lib/librtemscpu.a(schedulerprioritychangepriority.c.86.o)
                0x0000000021008cf0                _Scheduler_priority_Update_priority
 .text._Scheduler_priority_Schedule
                0x0000000021008e5c       0x70 /opt/taste-rtems-qdp-arm/arm-rtems6/n7sbsp-samrh71f20/lib/librtemscpu.a(schedulerpriorityschedule.c.86.o)
                0x0000000021008e5c                _Scheduler_priority_Schedule
 .text._Scheduler_priority_Unblock
                0x0000000021008ecc       0xe8 /opt/taste-rtems-qdp-arm/arm-rtems6/n7sbsp-samrh71f20/lib/librtemscpu.a(schedulerpriorityunblock.c.86.o)
                0x0000000021008ecc                _Scheduler_priority_Unblock
 .text._Scheduler_priority_Yield
                0x0000000021008fb4       0x84 /opt/taste-rtems-qdp-arm/arm-rtems6/n7sbsp-samrh71f20/lib/librtemscpu.a(schedulerpriorityyield.c.86.o)
                0x0000000021008fb4                _Scheduler_priority_Yield
 .text._Thread_Initialize_information
                0x0000000021009038       0x1c /opt/taste-rtems-qdp-arm/arm-rtems6/n7sbsp-samrh71f20/lib/librtemscpu.a(thread.c.86.o)
                0x0000000021009038                _Thread_Initialize_information
 .text._Thread_Handler_initialization
                0x0000000021009054       0x20 /opt/taste-rtems-qdp-arm/arm-rtems6/n7sbsp-samrh71f20/lib/librtemscpu.a(thread.c.86.o)
                0x0000000021009054                _Thread_Handler_initialization
 .text._Thread_Priority_do_perform_actions
                0x0000000021009074      0x154 /opt/taste-rtems-qdp-arm/arm-rtems6/n7sbsp-samrh71f20/lib/librtemscpu.a(threadchangepriority.c.86.o)
 .text._Thread_Priority_perform_actions
                0x00000000210091c8       0x28 /opt/taste-rtems-qdp-arm/arm-rtems6/n7sbsp-samrh71f20/lib/librtemscpu.a(threadchangepriority.c.86.o)
                0x00000000210091c8                _Thread_Priority_perform_actions
 .text._Thread_Priority_add
                0x00000000210091f0       0x48 /opt/taste-rtems-qdp-arm/arm-rtems6/n7sbsp-samrh71f20/lib/librtemscpu.a(threadchangepriority.c.86.o)
                0x00000000210091f0                _Thread_Priority_add
 .text._Thread_Priority_remove
                0x0000000021009238       0x48 /opt/taste-rtems-qdp-arm/arm-rtems6/n7sbsp-samrh71f20/lib/librtemscpu.a(threadchangepriority.c.86.o)
                0x0000000021009238                _Thread_Priority_remove
 .text._Thread_Priority_update
                0x0000000021009280       0x40 /opt/taste-rtems-qdp-arm/arm-rtems6/n7sbsp-samrh71f20/lib/librtemscpu.a(threadchangepriority.c.86.o)
                0x0000000021009280                _Thread_Priority_update
 .text._Thread_Do_dispatch
                0x00000000210092c0       0xc8 /opt/taste-rtems-qdp-arm/arm-rtems6/n7sbsp-samrh71f20/lib/librtemscpu.a(threaddispatch.c.86.o)
                0x00000000210092c0                _Thread_Do_dispatch
 .text._Thread_Dispatch_direct
                0x0000000021009388       0x20 /opt/taste-rtems-qdp-arm/arm-rtems6/n7sbsp-samrh71f20/lib/librtemscpu.a(threaddispatch.c.86.o)
                0x0000000021009388                _Thread_Dispatch_direct
                0x0000000021009388                _Thread_Dispatch_direct_no_return
 .text._Thread_Dispatch_enable
                0x00000000210093a8       0x2c /opt/taste-rtems-qdp-arm/arm-rtems6/n7sbsp-samrh71f20/lib/librtemscpu.a(threaddispatch.c.86.o)
                0x00000000210093a8                _Thread_Dispatch_enable
 .text._Thread_Entry_adaptor_numeric
                0x00000000210093d4        0x8 /opt/taste-rtems-qdp-arm/arm-rtems6/n7sbsp-samrh71f20/lib/librtemscpu.a(threadentryadaptornumeric.c.86.o)
                0x00000000210093d4                _Thread_Entry_adaptor_numeric
 .text._Thread_Get
                0x00000000210093dc       0x40 /opt/taste-rtems-qdp-arm/arm-rtems6/n7sbsp-samrh71f20/lib/librtemscpu.a(threadget.c.86.o)
                0x00000000210093dc                _Thread_Get
 .text._Thread_Get_CPU_time_used_locked
                0x000000002100941c       0x40 /opt/taste-rtems-qdp-arm/arm-rtems6/n7sbsp-samrh71f20/lib/librtemscpu.a(threadgetcputimeused.c.86.o)
                0x000000002100941c                _Thread_Get_CPU_time_used_locked
 .text._Thread_Handler
                0x000000002100945c       0x64 /opt/taste-rtems-qdp-arm/arm-rtems6/n7sbsp-samrh71f20/lib/librtemscpu.a(threadhandler.c.86.o)
                0x000000002100945c                _Thread_Handler
 .text._Thread_Free
                0x00000000210094c0       0x68 /opt/taste-rtems-qdp-arm/arm-rtems6/n7sbsp-samrh71f20/lib/librtemscpu.a(threadinitialize.c.86.o)
                0x00000000210094c0                _Thread_Free
 .text._Thread_Initialize
                0x0000000021009528      0x180 /opt/taste-rtems-qdp-arm/arm-rtems6/n7sbsp-samrh71f20/lib/librtemscpu.a(threadinitialize.c.86.o)
                0x0000000021009528                _Thread_Initialize
 .text._Thread_Iterate
                0x00000000210096a8       0x4c /opt/taste-rtems-qdp-arm/arm-rtems6/n7sbsp-samrh71f20/lib/librtemscpu.a(threaditerate.c.86.o)
                0x00000000210096a8                _Thread_Iterate
 .text._Thread_queue_Object_initialize
                0x00000000210096f4       0x10 /opt/taste-rtems-qdp-arm/arm-rtems6/n7sbsp-samrh71f20/lib/librtemscpu.a(threadq.c.86.o)
                0x00000000210096f4                _Thread_queue_Object_initialize
 .text._Thread_queue_Enqueue_do_nothing_extra
                0x0000000021009704        0x4 /opt/taste-rtems-qdp-arm/arm-rtems6/n7sbsp-samrh71f20/lib/librtemscpu.a(threadqenqueue.c.86.o)
                0x0000000021009704                _Thread_queue_Enqueue_do_nothing_extra
 .text._Thread_queue_Deadlock_status
                0x0000000021009708        0x8 /opt/taste-rtems-qdp-arm/arm-rtems6/n7sbsp-samrh71f20/lib/librtemscpu.a(threadqenqueue.c.86.o)
                0x0000000021009708                _Thread_queue_Deadlock_status
 .text._Thread_queue_Deadlock_fatal
                0x0000000021009710        0x8 /opt/taste-rtems-qdp-arm/arm-rtems6/n7sbsp-samrh71f20/lib/librtemscpu.a(threadqenqueue.c.86.o)
                0x0000000021009710                _Thread_queue_Deadlock_fatal
 .text._Thread_queue_Enqueue
                0x0000000021009718       0xd0 /opt/taste-rtems-qdp-arm/arm-rtems6/n7sbsp-samrh71f20/lib/librtemscpu.a(threadqenqueue.c.86.o)
                0x0000000021009718                _Thread_queue_Enqueue
 .text._Thread_queue_Extract_locked
                0x00000000210097e8       0x28 /opt/taste-rtems-qdp-arm/arm-rtems6/n7sbsp-samrh71f20/lib/librtemscpu.a(threadqenqueue.c.86.o)
                0x00000000210097e8                _Thread_queue_Extract_locked
 .text._Thread_queue_Resume
                0x0000000021009810       0x70 /opt/taste-rtems-qdp-arm/arm-rtems6/n7sbsp-samrh71f20/lib/librtemscpu.a(threadqenqueue.c.86.o)
                0x0000000021009810                _Thread_queue_Resume
 .text._Thread_queue_Surrender
                0x0000000021009880       0x6c /opt/taste-rtems-qdp-arm/arm-rtems6/n7sbsp-samrh71f20/lib/librtemscpu.a(threadqenqueue.c.86.o)
                0x0000000021009880                _Thread_queue_Surrender
 .text._Thread_queue_Surrender_no_priority
                0x00000000210098ec       0x1c /opt/taste-rtems-qdp-arm/arm-rtems6/n7sbsp-samrh71f20/lib/librtemscpu.a(threadqenqueue.c.86.o)
                0x00000000210098ec                _Thread_queue_Surrender_no_priority
 .text._Thread_queue_Surrender_priority_ceiling
                0x0000000021009908       0xa8 /opt/taste-rtems-qdp-arm/arm-rtems6/n7sbsp-samrh71f20/lib/librtemscpu.a(threadqenqueue.c.86.o)
                0x0000000021009908                _Thread_queue_Surrender_priority_ceiling
 .text._Thread_queue_Do_nothing_priority_actions
                0x00000000210099b0        0x8 /opt/taste-rtems-qdp-arm/arm-rtems6/n7sbsp-samrh71f20/lib/librtemscpu.a(threadqops.c.86.o)
                0x00000000210099b0                _Thread_queue_Do_nothing_priority_actions
 .text._Thread_queue_FIFO_first
                0x00000000210099b8        0x8 /opt/taste-rtems-qdp-arm/arm-rtems6/n7sbsp-samrh71f20/lib/librtemscpu.a(threadqops.c.86.o)
                0x00000000210099b8                _Thread_queue_FIFO_first
 .text._Thread_queue_Priority_first
                0x00000000210099c0       0x10 /opt/taste-rtems-qdp-arm/arm-rtems6/n7sbsp-samrh71f20/lib/librtemscpu.a(threadqops.c.86.o)
 .text._Thread_queue_Priority_priority_actions
                0x00000000210099d0       0x68 /opt/taste-rtems-qdp-arm/arm-rtems6/n7sbsp-samrh71f20/lib/librtemscpu.a(threadqops.c.86.o)
 .text._Thread_queue_Priority_inherit_priority_actions
                0x0000000021009a38       0x98 /opt/taste-rtems-qdp-arm/arm-rtems6/n7sbsp-samrh71f20/lib/librtemscpu.a(threadqops.c.86.o)
 .text._Thread_queue_FIFO_extract
                0x0000000021009ad0       0x30 /opt/taste-rtems-qdp-arm/arm-rtems6/n7sbsp-samrh71f20/lib/librtemscpu.a(threadqops.c.86.o)
                0x0000000021009ad0                _Thread_queue_FIFO_extract
 .text._Thread_queue_Priority_extract
                0x0000000021009b00       0x30 /opt/taste-rtems-qdp-arm/arm-rtems6/n7sbsp-samrh71f20/lib/librtemscpu.a(threadqops.c.86.o)
 .text._Thread_queue_Priority_inherit_extract
                0x0000000021009b30       0x8c /opt/taste-rtems-qdp-arm/arm-rtems6/n7sbsp-samrh71f20/lib/librtemscpu.a(threadqops.c.86.o)
 .text._Thread_queue_FIFO_surrender
                0x0000000021009bbc       0x38 /opt/taste-rtems-qdp-arm/arm-rtems6/n7sbsp-samrh71f20/lib/librtemscpu.a(threadqops.c.86.o)
                0x0000000021009bbc                _Thread_queue_FIFO_surrender
 .text._Thread_queue_Priority_surrender
                0x0000000021009bf4       0x40 /opt/taste-rtems-qdp-arm/arm-rtems6/n7sbsp-samrh71f20/lib/librtemscpu.a(threadqops.c.86.o)
 .text._Thread_queue_Priority_inherit_surrender
                0x0000000021009c34      0x144 /opt/taste-rtems-qdp-arm/arm-rtems6/n7sbsp-samrh71f20/lib/librtemscpu.a(threadqops.c.86.o)
 .text._Thread_queue_FIFO_enqueue
                0x0000000021009d78       0x54 /opt/taste-rtems-qdp-arm/arm-rtems6/n7sbsp-samrh71f20/lib/librtemscpu.a(threadqops.c.86.o)
                0x0000000021009d78                _Thread_queue_FIFO_enqueue
 .text._Thread_queue_Priority_inherit_enqueue
                0x0000000021009dcc       0xf4 /opt/taste-rtems-qdp-arm/arm-rtems6/n7sbsp-samrh71f20/lib/librtemscpu.a(threadqops.c.86.o)
 .text._Thread_queue_Priority_enqueue
                0x0000000021009ec0       0x90 /opt/taste-rtems-qdp-arm/arm-rtems6/n7sbsp-samrh71f20/lib/librtemscpu.a(threadqops.c.86.o)
 .text._Thread_queue_Add_timeout_ticks
                0x0000000021009f50       0x3c /opt/taste-rtems-qdp-arm/arm-rtems6/n7sbsp-samrh71f20/lib/librtemscpu.a(threadqtimeout.c.86.o)
                0x0000000021009f50                _Thread_queue_Add_timeout_ticks
 .text._Thread_CPU_budget_set_to_ticks_per_timeslice
                0x0000000021009f8c       0x10 /opt/taste-rtems-qdp-arm/arm-rtems6/n7sbsp-samrh71f20/lib/librtemscpu.a(threadresettimeslice.c.86.o)
                0x0000000021009f8c                _Thread_CPU_budget_set_to_ticks_per_timeslice
 .text._Thread_CPU_budget_consume_and_yield
                0x0000000021009f9c       0x2c /opt/taste-rtems-qdp-arm/arm-rtems6/n7sbsp-samrh71f20/lib/librtemscpu.a(threadresettimeslice.c.86.o)
                0x0000000021009f9c                _Thread_CPU_budget_consume_and_yield
 .text._Thread_Join_flush_filter
                0x0000000021009fc8        0x8 /opt/taste-rtems-qdp-arm/arm-rtems6/n7sbsp-samrh71f20/lib/librtemscpu.a(threadrestart.c.86.o)
 .text._Thread_Clear_waiting_for_join_at_exit
                0x0000000021009fd0        0xc /opt/taste-rtems-qdp-arm/arm-rtems6/n7sbsp-samrh71f20/lib/librtemscpu.a(threadrestart.c.86.o)
 .text._Thread_Change_life_locked
                0x0000000021009fdc       0x58 /opt/taste-rtems-qdp-arm/arm-rtems6/n7sbsp-samrh71f20/lib/librtemscpu.a(threadrestart.c.86.o)
 .text._Thread_Try_life_change_request
                0x000000002100a034       0x88 /opt/taste-rtems-qdp-arm/arm-rtems6/n7sbsp-samrh71f20/lib/librtemscpu.a(threadrestart.c.86.o)
 .text._Thread_Make_zombie
                0x000000002100a0bc       0x94 /opt/taste-rtems-qdp-arm/arm-rtems6/n7sbsp-samrh71f20/lib/librtemscpu.a(threadrestart.c.86.o)
 .text._Thread_Life_action_handler
                0x000000002100a150       0xdc /opt/taste-rtems-qdp-arm/arm-rtems6/n7sbsp-samrh71f20/lib/librtemscpu.a(threadrestart.c.86.o)
 .text._Thread_Kill_zombies
                0x000000002100a22c       0x50 /opt/taste-rtems-qdp-arm/arm-rtems6/n7sbsp-samrh71f20/lib/librtemscpu.a(threadrestart.c.86.o)
                0x000000002100a22c                _Thread_Kill_zombies
 .text._Thread_Cancel
                0x000000002100a27c       0x88 /opt/taste-rtems-qdp-arm/arm-rtems6/n7sbsp-samrh71f20/lib/librtemscpu.a(threadrestart.c.86.o)
                0x000000002100a27c                _Thread_Cancel
 .text._Thread_Close
                0x000000002100a304       0x78 /opt/taste-rtems-qdp-arm/arm-rtems6/n7sbsp-samrh71f20/lib/librtemscpu.a(threadrestart.c.86.o)
                0x000000002100a304                _Thread_Close
 .text._Thread_Exit
                0x000000002100a37c       0x34 /opt/taste-rtems-qdp-arm/arm-rtems6/n7sbsp-samrh71f20/lib/librtemscpu.a(threadrestart.c.86.o)
                0x000000002100a37c                _Thread_Exit
 .text._Thread_Set_life_protection
                0x000000002100a3b0       0x78 /opt/taste-rtems-qdp-arm/arm-rtems6/n7sbsp-samrh71f20/lib/librtemscpu.a(threadrestart.c.86.o)
                0x000000002100a3b0                _Thread_Set_life_protection
 .text._Thread_Set_state_locked
                0x000000002100a428       0x20 /opt/taste-rtems-qdp-arm/arm-rtems6/n7sbsp-samrh71f20/lib/librtemscpu.a(threadsetstate.c.86.o)
                0x000000002100a428                _Thread_Set_state_locked
 .text._Thread_Set_state
                0x000000002100a448       0x30 /opt/taste-rtems-qdp-arm/arm-rtems6/n7sbsp-samrh71f20/lib/librtemscpu.a(threadsetstate.c.86.o)
                0x000000002100a448                _Thread_Set_state
 .text._Thread_Start
                0x000000002100a478       0x5c /opt/taste-rtems-qdp-arm/arm-rtems6/n7sbsp-samrh71f20/lib/librtemscpu.a(threadstart.c.86.o)
                0x000000002100a478                _Thread_Start
 .text._Thread_Continue
                0x000000002100a4d4       0x98 /opt/taste-rtems-qdp-arm/arm-rtems6/n7sbsp-samrh71f20/lib/librtemscpu.a(threadtimeout.c.86.o)
                0x000000002100a4d4                _Thread_Continue
 .text._Thread_Timeout
                0x000000002100a56c        0xc /opt/taste-rtems-qdp-arm/arm-rtems6/n7sbsp-samrh71f20/lib/librtemscpu.a(threadtimeout.c.86.o)
                0x000000002100a56c                _Thread_Timeout
 .text._Thread_Yield
                0x000000002100a578       0x24 /opt/taste-rtems-qdp-arm/arm-rtems6/n7sbsp-samrh71f20/lib/librtemscpu.a(threadyield.c.86.o)
                0x000000002100a578                _Thread_Yield
 .text._TLS_Get_allocation_size
                0x000000002100a59c       0x5c /opt/taste-rtems-qdp-arm/arm-rtems6/n7sbsp-samrh71f20/lib/librtemscpu.a(tlsallocsize.c.86.o)
                0x000000002100a59c                _TLS_Get_allocation_size
 .text._User_extensions_Handler_initialization
                0x000000002100a5f8       0x48 /opt/taste-rtems-qdp-arm/arm-rtems6/n7sbsp-samrh71f20/lib/librtemscpu.a(userext.c.86.o)
                0x000000002100a5f8                _User_extensions_Handler_initialization
 .text._User_extensions_Add_set
                0x000000002100a640       0x50 /opt/taste-rtems-qdp-arm/arm-rtems6/n7sbsp-samrh71f20/lib/librtemscpu.a(userextaddset.c.86.o)
                0x000000002100a640                _User_extensions_Add_set
 .text._User_extensions_Thread_create_visitor
                0x000000002100a690       0x18 /opt/taste-rtems-qdp-arm/arm-rtems6/n7sbsp-samrh71f20/lib/librtemscpu.a(userextiterate.c.86.o)
                0x000000002100a690                _User_extensions_Thread_create_visitor
 .text._User_extensions_Thread_delete_visitor
                0x000000002100a6a8        0x8 /opt/taste-rtems-qdp-arm/arm-rtems6/n7sbsp-samrh71f20/lib/librtemscpu.a(userextiterate.c.86.o)
                0x000000002100a6a8                _User_extensions_Thread_delete_visitor
 .text._User_extensions_Thread_start_visitor
                0x000000002100a6b0        0x8 /opt/taste-rtems-qdp-arm/arm-rtems6/n7sbsp-samrh71f20/lib/librtemscpu.a(userextiterate.c.86.o)
                0x000000002100a6b0                _User_extensions_Thread_start_visitor
 .text._User_extensions_Thread_restart_visitor
                0x000000002100a6b8        0x8 /opt/taste-rtems-qdp-arm/arm-rtems6/n7sbsp-samrh71f20/lib/librtemscpu.a(userextiterate.c.86.o)
                0x000000002100a6b8                _User_extensions_Thread_restart_visitor
 .text._User_extensions_Thread_begin_visitor
                0x000000002100a6c0        0x8 /opt/taste-rtems-qdp-arm/arm-rtems6/n7sbsp-samrh71f20/lib/librtemscpu.a(userextiterate.c.86.o)
                0x000000002100a6c0                _User_extensions_Thread_begin_visitor
 .text._User_extensions_Thread_exitted_visitor
                0x000000002100a6c8        0x8 /opt/taste-rtems-qdp-arm/arm-rtems6/n7sbsp-samrh71f20/lib/librtemscpu.a(userextiterate.c.86.o)
                0x000000002100a6c8                _User_extensions_Thread_exitted_visitor
 .text._User_extensions_Fatal_visitor
                0x000000002100a6d0       0x1c /opt/taste-rtems-qdp-arm/arm-rtems6/n7sbsp-samrh71f20/lib/librtemscpu.a(userextiterate.c.86.o)
                0x000000002100a6d0                _User_extensions_Fatal_visitor
 .text._User_extensions_Thread_terminate_visitor
                0x000000002100a6ec        0x8 /opt/taste-rtems-qdp-arm/arm-rtems6/n7sbsp-samrh71f20/lib/librtemscpu.a(userextiterate.c.86.o)
                0x000000002100a6ec                _User_extensions_Thread_terminate_visitor
 .text._User_extensions_Iterate
                0x000000002100a6f4      0x100 /opt/taste-rtems-qdp-arm/arm-rtems6/n7sbsp-samrh71f20/lib/librtemscpu.a(userextiterate.c.86.o)
                0x000000002100a6f4                _User_extensions_Iterate
 .text._Watchdog_Insert
                0x000000002100a7f4       0x50 /opt/taste-rtems-qdp-arm/arm-rtems6/n7sbsp-samrh71f20/lib/librtemscpu.a(watchdoginsert.c.86.o)
                0x000000002100a7f4                _Watchdog_Insert
 .text._Watchdog_Remove
                0x000000002100a844       0x34 /opt/taste-rtems-qdp-arm/arm-rtems6/n7sbsp-samrh71f20/lib/librtemscpu.a(watchdogremove.c.86.o)
                0x000000002100a844                _Watchdog_Remove
 .text._Watchdog_Do_tickle
                0x000000002100a878       0x60 /opt/taste-rtems-qdp-arm/arm-rtems6/n7sbsp-samrh71f20/lib/librtemscpu.a(watchdogtick.c.86.o)
                0x000000002100a878                _Watchdog_Do_tickle
 .text._Watchdog_Tick
                0x000000002100a8d8       0xa4 /opt/taste-rtems-qdp-arm/arm-rtems6/n7sbsp-samrh71f20/lib/librtemscpu.a(watchdogtick.c.86.o)
                0x000000002100a8d8                _Watchdog_Tick
 .text.__aeabi_read_tp
                0x000000002100a97c       0x10 /opt/taste-rtems-qdp-arm/arm-rtems6/n7sbsp-samrh71f20/lib/librtemscpu.a(__aeabi_read_tp.c.55.o)
                0x000000002100a97c                __aeabi_read_tp
 .text._CPU_Context_restore
                0x000000002100a98c       0x18 /opt/taste-rtems-qdp-arm/arm-rtems6/n7sbsp-samrh71f20/lib/librtemscpu.a(armv7m-context-restore.c.55.o)
                0x000000002100a98c                _CPU_Context_restore
 .text._CPU_Context_switch
                0x000000002100a9a4       0x34 /opt/taste-rtems-qdp-arm/arm-rtems6/n7sbsp-samrh71f20/lib/librtemscpu.a(armv7m-context-switch.c.55.o)
                0x000000002100a9a4                _CPU_Context_switch
 .text._ARMV7M_Exception_default
                0x000000002100a9d8       0x7c /opt/taste-rtems-qdp-arm/arm-rtems6/n7sbsp-samrh71f20/lib/librtemscpu.a(armv7m-exception-default.c.55.o)
                0x000000002100a9d8                _ARMV7M_Exception_default
 .text._ARMV7M_Thread_dispatch
                0x000000002100aa54        0x8 /opt/taste-rtems-qdp-arm/arm-rtems6/n7sbsp-samrh71f20/lib/librtemscpu.a(armv7m-isr-dispatch.c.55.o)
 .text._ARMV7M_Pendable_service_call
                0x000000002100aa5c       0x44 /opt/taste-rtems-qdp-arm/arm-rtems6/n7sbsp-samrh71f20/lib/librtemscpu.a(armv7m-isr-dispatch.c.55.o)
                0x000000002100aa5c                _ARMV7M_Pendable_service_call
 .text._ARMV7M_Supervisor_call
                0x000000002100aaa0       0x24 /opt/taste-rtems-qdp-arm/arm-rtems6/n7sbsp-samrh71f20/lib/librtemscpu.a(armv7m-isr-dispatch.c.55.o)
                0x000000002100aaa0                _ARMV7M_Supervisor_call
 .text._CPU_ISR_Set_level
                0x000000002100aac4        0x8 /opt/taste-rtems-qdp-arm/arm-rtems6/n7sbsp-samrh71f20/lib/librtemscpu.a(armv7m-isr-level-set.c.55.o)
                0x000000002100aac4                _CPU_ISR_Set_level
 .text._CPU_Fatal_halt
                0x000000002100aacc       0x10 /opt/taste-rtems-qdp-arm/arm-rtems6/n7sbsp-samrh71f20/lib/librtemscpu.a(cpu.c.55.o)
                0x000000002100aacc                _CPU_Fatal_halt
 .text._Objects_Close
                0x000000002100aadc       0x18 /opt/taste-rtems-qdp-arm/arm-rtems6/n7sbsp-samrh71f20/lib/librtemscpu.a(objectclose.c.60.o)
                0x000000002100aadc                _Objects_Close
 .text._Stack_Allocator_allocate_for_idle_workspace
                0x000000002100aaf4       0x14 /opt/taste-rtems-qdp-arm/arm-rtems6/n7sbsp-samrh71f20/lib/librtemscpu.a(stackallocatorforidlewkspace.c.60.o)
                0x000000002100aaf4                _Stack_Allocator_allocate_for_idle_workspace
 .text._Thread_Dispatch
                0x000000002100ab08       0x24 /opt/taste-rtems-qdp-arm/arm-rtems6/n7sbsp-samrh71f20/lib/librtemscpu.a(threadplaindispatch.c.60.o)
                0x000000002100ab08                _Thread_Dispatch
 .text._Workspace_Allocate
                0x000000002100ab2c       0x10 /opt/taste-rtems-qdp-arm/arm-rtems6/n7sbsp-samrh71f20/lib/librtemscpu.a(wkspaceallocate.c.60.o)
                0x000000002100ab2c                _Workspace_Allocate
 .text.rtems_initialize_data_structures
                0x000000002100ab3c       0x20 /opt/taste-rtems-qdp-arm/arm-rtems6/n7sbsp-samrh71f20/lib/librtemscpu.a(exinit.c.86.o)
 .text.rtems_initialize_executive
                0x000000002100ab5c       0x2c /opt/taste-rtems-qdp-arm/arm-rtems6/n7sbsp-samrh71f20/lib/librtemscpu.a(exinit.c.86.o)
                0x000000002100ab5c                rtems_initialize_executive
 .text._Chain_Initialize
                0x000000002100ab88       0x30 /opt/taste-rtems-qdp-arm/arm-rtems6/n7sbsp-samrh71f20/lib/librtemscpu.a(chain.c.86.o)
                0x000000002100ab88                _Chain_Initialize
 .text._CORE_message_queue_Insert_message
                0x000000002100abb8       0x78 /opt/taste-rtems-qdp-arm/arm-rtems6/n7sbsp-samrh71f20/lib/librtemscpu.a(coremsginsert.c.86.o)
                0x000000002100abb8                _CORE_message_queue_Insert_message
 .text._ISR_Handler_initialization
                0x000000002100ac30       0x1c /opt/taste-rtems-qdp-arm/arm-rtems6/n7sbsp-samrh71f20/lib/librtemscpu.a(isr.c.86.o)
                0x000000002100ac30                _ISR_Handler_initialization
 .text._RBTree_Extract
                0x000000002100ac4c      0x1e8 /opt/taste-rtems-qdp-arm/arm-rtems6/n7sbsp-samrh71f20/lib/librtemscpu.a(rbtreeextract.c.86.o)
                0x000000002100ac4c                _RBTree_Extract
 .text._RBTree_Insert_color
                0x000000002100ae34       0xe8 /opt/taste-rtems-qdp-arm/arm-rtems6/n7sbsp-samrh71f20/lib/librtemscpu.a(rbtreeinsert.c.86.o)
                0x000000002100ae34                _RBTree_Insert_color
 .text._RBTree_Minimum
                0x000000002100af1c       0x14 /opt/taste-rtems-qdp-arm/arm-rtems6/n7sbsp-samrh71f20/lib/librtemscpu.a(rbtreemin.c.86.o)
                0x000000002100af1c                _RBTree_Minimum
 .text._Scheduler_Handler_initialization
                0x000000002100af30        0xc /opt/taste-rtems-qdp-arm/arm-rtems6/n7sbsp-samrh71f20/lib/librtemscpu.a(scheduler.c.86.o)
                0x000000002100af30                _Scheduler_Handler_initialization
 .text._Thread_Clear_state_locked
                0x000000002100af3c       0x28 /opt/taste-rtems-qdp-arm/arm-rtems6/n7sbsp-samrh71f20/lib/librtemscpu.a(threadclearstate.c.86.o)
                0x000000002100af3c                _Thread_Clear_state_locked
 .text._Thread_Clear_state
                0x000000002100af64       0x34 /opt/taste-rtems-qdp-arm/arm-rtems6/n7sbsp-samrh71f20/lib/librtemscpu.a(threadclearstate.c.86.o)
                0x000000002100af64                _Thread_Clear_state
 .text._Thread_Create_idle
                0x000000002100af98       0xe0 /opt/taste-rtems-qdp-arm/arm-rtems6/n7sbsp-samrh71f20/lib/librtemscpu.a(threadcreateidle.c.86.o)
                0x000000002100af98                _Thread_Create_idle
 .text._Thread_Entry_adaptor_idle
                0x000000002100b078        0xc /opt/taste-rtems-qdp-arm/arm-rtems6/n7sbsp-samrh71f20/lib/librtemscpu.a(threadentryadaptoridle.c.86.o)
                0x000000002100b078                _Thread_Entry_adaptor_idle
 .text._Thread_Load_environment
                0x000000002100b084       0x44 /opt/taste-rtems-qdp-arm/arm-rtems6/n7sbsp-samrh71f20/lib/librtemscpu.a(threadloadenv.c.86.o)
                0x000000002100b084                _Thread_Load_environment
 .text._Thread_queue_Flush_critical
                0x000000002100b0c8      0x104 /opt/taste-rtems-qdp-arm/arm-rtems6/n7sbsp-samrh71f20/lib/librtemscpu.a(threadqflush.c.86.o)
                0x000000002100b0c8                _Thread_queue_Flush_critical
 .text._Thread_Start_multitasking
                0x000000002100b1cc       0x18 /opt/taste-rtems-qdp-arm/arm-rtems6/n7sbsp-samrh71f20/lib/librtemscpu.a(threadstartmultitasking.c.86.o)
                0x000000002100b1cc                _Thread_Start_multitasking
 .text._ARM_Exception_default
                0x000000002100b1e4        0xc /opt/taste-rtems-qdp-arm/arm-rtems6/n7sbsp-samrh71f20/lib/librtemscpu.a(arm-exception-default.c.55.o)
                0x000000002100b1e4                _ARM_Exception_default
 .text._CPU_Thread_Idle_body
                0x000000002100b1f0        0x4 /opt/taste-rtems-qdp-arm/arm-rtems6/n7sbsp-samrh71f20/lib/librtemscpu.a(armv7-thread-idle.c.55.o)
                0x000000002100b1f0                _CPU_Thread_Idle_body
 .text._CPU_Context_Initialize
                0x000000002100b1f4       0x60 /opt/taste-rtems-qdp-arm/arm-rtems6/n7sbsp-samrh71f20/lib/librtemscpu.a(armv7m-context-initialize.c.55.o)
                0x000000002100b1f4                _CPU_Context_Initialize
 .text._CPU_Initialize
                0x000000002100b254       0x18 /opt/taste-rtems-qdp-arm/arm-rtems6/n7sbsp-samrh71f20/lib/librtemscpu.a(armv7m-initialize.c.55.o)
                0x000000002100b254                _CPU_Initialize
 .text._ARMV7M_Start_multitasking
                0x000000002100b26c       0x18 /opt/taste-rtems-qdp-arm/arm-rtems6/n7sbsp-samrh71f20/lib/librtemscpu.a(armv7m-multitasking-start-stop.c.55.o)
                0x000000002100b26c                _ARMV7M_Start_multitasking
 .text._Heap_Allocate_aligned_with_boundary
                0x000000002100b284      0x16c /opt/taste-rtems-qdp-arm/arm-rtems6/n7sbsp-samrh71f20/lib/librtemscpu.a(heapallocate.c.60.o)
                0x000000002100b284                _Heap_Allocate_aligned_with_boundary
 .text._ARMV7M_Set_exception_priority
                0x000000002100b3f0       0x28 /opt/taste-rtems-qdp-arm/arm-rtems6/n7sbsp-samrh71f20/lib/librtemscpu.a(armv7m-exception-priority-set.c.55.o)
                0x000000002100b3f0                _ARMV7M_Set_exception_priority
 .text._Heap_Block_split
                0x000000002100b418       0x9c /opt/taste-rtems-qdp-arm/arm-rtems6/n7sbsp-samrh71f20/lib/librtemscpu.a(heap.c.60.o)
 .text._Heap_Get_first_and_last_block
                0x000000002100b4b4       0x64 /opt/taste-rtems-qdp-arm/arm-rtems6/n7sbsp-samrh71f20/lib/librtemscpu.a(heap.c.60.o)
                0x000000002100b4b4                _Heap_Get_first_and_last_block
 .text._Heap_Initialize
                0x000000002100b518      0x108 /opt/taste-rtems-qdp-arm/arm-rtems6/n7sbsp-samrh71f20/lib/librtemscpu.a(heap.c.60.o)
                0x000000002100b518                _Heap_Initialize
 .text._Heap_Block_allocate
                0x000000002100b620       0xdc /opt/taste-rtems-qdp-arm/arm-rtems6/n7sbsp-samrh71f20/lib/librtemscpu.a(heap.c.60.o)
                0x000000002100b620                _Heap_Block_allocate
 .text.clock_InitializeEarly
                0x000000002100b6fc       0x58 /opt/taste-rtems-qdp-arm/arm-rtems6/n7sbsp-samrh71f20/lib/librtemsbsp.a(SystickRtems.c.7.o)
 .text.clock_getCounter
                0x000000002100b754       0x50 /opt/taste-rtems-qdp-arm/arm-rtems6/n7sbsp-samrh71f20/lib/librtemsbsp.a(SystickRtems.c.7.o)
                0x000000002100b754                clock_getCounter
 .text.clock_getTimecount
                0x000000002100b7a4        0xc /opt/taste-rtems-qdp-arm/arm-rtems6/n7sbsp-samrh71f20/lib/librtemsbsp.a(SystickRtems.c.7.o)
 .text._ARMV7M_Clock_handler
                0x000000002100b7b0       0x20 /opt/taste-rtems-qdp-arm/arm-rtems6/n7sbsp-samrh71f20/lib/librtemsbsp.a(SystickRtems.c.7.o)
                0x000000002100b7b0                _ARMV7M_Clock_handler
 .text.setCoreClockFrequency
                0x000000002100b7d0       0x24 /opt/taste-rtems-qdp-arm/arm-rtems6/n7sbsp-samrh71f20/lib/librtemsbsp.a(SystickRtems.c.7.o)
                0x000000002100b7d0                setCoreClockFrequency
 .text._Clock_Initialize
                0x000000002100b7f4       0x88 /opt/taste-rtems-qdp-arm/arm-rtems6/n7sbsp-samrh71f20/lib/librtemsbsp.a(SystickRtems.c.7.o)
                0x000000002100b7f4                _Clock_Initialize
 .text._ARMV7M_NVIC_Interrupt_dispatch
                0x000000002100b87c       0x44 /opt/taste-rtems-qdp-arm/arm-rtems6/n7sbsp-samrh71f20/lib/librtemsbsp.a(irq-dispatch-armv7m.c.7.o)
                0x000000002100b87c                _ARMV7M_NVIC_Interrupt_dispatch
 .text.bsp_interrupt_handler_default
                0x000000002100b8c0        0xc /opt/taste-rtems-qdp-arm/arm-rtems6/n7sbsp-samrh71f20/lib/librtemsbsp.a(irq-default-handler.c.7.o)
                0x000000002100b8c0                bsp_interrupt_handler_default
 .text.bsp_fatal_extension
                0x000000002100b8cc      0x104 /opt/taste-rtems-qdp-arm/arm-rtems6/n7sbsp-samrh71f20/lib/librtemsbsp.a(bspfatal-default.c.7.o)
                0x000000002100b8cc                bsp_fatal_extension
 .text.boot_card
                0x000000002100b9d0       0x18 /opt/taste-rtems-qdp-arm/arm-rtems6/n7sbsp-samrh71f20/lib/librtemsbsp.a(bootcard.c.12.o)
                0x000000002100b9d0                boot_card
 .text.rtems_interrupt_handler_install
                0x000000002100b9e8       0x84 /opt/taste-rtems-qdp-arm/arm-rtems6/n7sbsp-samrh71f20/lib/librtemsbsp.a(irq-handler-install.c.23.o)
                0x000000002100b9e8                rtems_interrupt_handler_install
 .text.rtems_interrupt_vector_enable
                0x000000002100ba6c        0xc /opt/taste-rtems-qdp-arm/arm-rtems6/n7sbsp-samrh71f20/lib/librtemsbsp.a(irq-enable-disable.c.25.o)
                0x000000002100ba6c                rtems_interrupt_vector_enable
 .text.bsp_interrupt_get_dispatch_table_slot