graph: { title: "/home/taste/work/work/data-compress-git-out/work/build/node_2/partition_2/runtime/RuntimeCommon/RoutingHelper.c"
node: { title: "find_unique_destination" label: "find_unique_destination\n/home/taste/work/work/data-compress-git-out/work/build/node_2/partition_2/runtime/RuntimeCommon/RoutingHelper.c:30:1\n24 bytes (static)" }
node: { title: "check_bus_has_any_destination_port" label: "check_bus_has_any_destination_port\n/home/taste/work/work/data-compress-git-out/work/build/node_2/partition_2/runtime/RuntimeCommon/RoutingHelper.c:49:1\n24 bytes (static)" }
}
