/home/taste/work/work/data-compress-git-out/work/build/node_2/partition_2/drivers/samrh71_rtems_serial/samrh71_rtems_serial.c:55:6:UART0_Handler	16	static
/home/taste/work/work/data-compress-git-out/work/build/node_2/partition_2/drivers/samrh71_rtems_serial/samrh71_rtems_serial.c:62:6:UART1_Handler	16	static
/home/taste/work/work/data-compress-git-out/work/build/node_2/partition_2/drivers/samrh71_rtems_serial/samrh71_rtems_serial.c:69:6:UART2_Handler	16	static
/home/taste/work/work/data-compress-git-out/work/build/node_2/partition_2/drivers/samrh71_rtems_serial/samrh71_rtems_serial.c:76:6:UART3_Handler	16	static
/home/taste/work/work/data-compress-git-out/work/build/node_2/partition_2/drivers/samrh71_rtems_serial/samrh71_rtems_serial.c:83:6:UART4_Handler	16	static
/home/taste/work/work/data-compress-git-out/work/build/node_2/partition_2/drivers/samrh71_rtems_serial/samrh71_rtems_serial.c:90:6:UART5_Handler	16	static
/home/taste/work/work/data-compress-git-out/work/build/node_2/partition_2/drivers/samrh71_rtems_serial/samrh71_rtems_serial.c:97:6:UART6_Handler	16	static
/home/taste/work/work/data-compress-git-out/work/build/node_2/partition_2/drivers/samrh71_rtems_serial/samrh71_rtems_serial.c:104:6:UART7_Handler	16	static
/home/taste/work/work/data-compress-git-out/work/build/node_2/partition_2/drivers/samrh71_rtems_serial/samrh71_rtems_serial.c:111:6:UART8_Handler	16	static
/home/taste/work/work/data-compress-git-out/work/build/node_2/partition_2/drivers/samrh71_rtems_serial/samrh71_rtems_serial.c:118:6:UART9_Handler	16	static
/home/taste/work/work/data-compress-git-out/work/build/node_2/partition_2/drivers/samrh71_rtems_serial/samrh71_rtems_serial.c:140:13:SamRH71RtemsSerial_Init_global	8	static
/home/taste/work/work/data-compress-git-out/work/build/node_2/partition_2/drivers/samrh71_rtems_serial/samrh71_rtems_serial.c:179:1:Samrh71RtemsSerial_uart_error_handler	16	static
/home/taste/work/work/data-compress-git-out/work/build/node_2/partition_2/drivers/samrh71_rtems_serial/samrh71_rtems_serial.c:198:1:Samrh71RtemsSerial_make_uart_pin_config	40	static
/home/taste/work/work/data-compress-git-out/work/build/node_2/partition_2/drivers/samrh71_rtems_serial/samrh71_rtems_serial.c:213:1:Samrh71RtemsSerial_get_uart_id	16	static
/home/taste/work/work/data-compress-git-out/work/build/node_2/partition_2/drivers/samrh71_rtems_serial/samrh71_rtems_serial.c:243:1:Samrh71RtemsSerial_get_flexcom_id	16	static
/home/taste/work/work/data-compress-git-out/work/build/node_2/partition_2/drivers/samrh71_rtems_serial/samrh71_rtems_serial.c:273:1:Samrh71RtemsSerial_get_uart_tx_pin_config	24	static
/home/taste/work/work/data-compress-git-out/work/build/node_2/partition_2/drivers/samrh71_rtems_serial/samrh71_rtems_serial.c:336:1:Samrh71RtemsSerial_get_uart_rx_pin_config	24	static
/home/taste/work/work/data-compress-git-out/work/build/node_2/partition_2/drivers/samrh71_rtems_serial/samrh71_rtems_serial.c:398:20:Samrh71RtemsSerial_uart_init_pin	72	static
/home/taste/work/work/data-compress-git-out/work/build/node_2/partition_2/drivers/samrh71_rtems_serial/samrh71_rtems_serial.c:422:32:Samrh71RtemsSerial_get_periph_uart_id	16	static
/home/taste/work/work/data-compress-git-out/work/build/node_2/partition_2/drivers/samrh71_rtems_serial/samrh71_rtems_serial.c:452:1:Samrh71RtemsSerial_uart_init_pio	48	static
/home/taste/work/work/data-compress-git-out/work/build/node_2/partition_2/drivers/samrh71_rtems_serial/samrh71_rtems_serial.c:464:1:Samrh71RtemsSerial_uart_init_pmc	48	static
/home/taste/work/work/data-compress-git-out/work/build/node_2/partition_2/drivers/samrh71_rtems_serial/samrh71_rtems_serial.c:484:1:Samrh71RtemsSerial_uart_init_flexcom	24	static
/home/taste/work/work/data-compress-git-out/work/build/node_2/partition_2/drivers/samrh71_rtems_serial/samrh71_rtems_serial.c:493:20:Samrh71RtemsSerial_uart_init_handle	16	static
/home/taste/work/work/data-compress-git-out/work/build/node_2/partition_2/drivers/samrh71_rtems_serial/samrh71_rtems_serial.c:536:13:SamRH71RtemsSerialInit_uart_init_hardware	56	static
/home/taste/work/work/data-compress-git-out/work/build/node_2/partition_2/drivers/samrh71_rtems_serial/samrh71_rtems_serial.c:576:13:SamRH71RtemsSerialInit_uart_write	32	static
/home/taste/work/work/data-compress-git-out/work/build/node_2/partition_2/drivers/samrh71_rtems_serial/samrh71_rtems_serial.c:599:13:SamRH71RtemsSerial_uart_read	64	static
/home/taste/work/work/data-compress-git-out/work/build/node_2/partition_2/drivers/samrh71_rtems_serial/samrh71_rtems_serial.c:615:1:SamRH71RtemsSerialInit_uart_register	16	static
/home/taste/work/work/data-compress-git-out/work/build/node_2/partition_2/drivers/samrh71_rtems_serial/samrh71_rtems_serial.c:622:1:SamRH71RtemsSerialInit_uart_parity	16	static
/home/taste/work/work/data-compress-git-out/work/build/node_2/partition_2/drivers/samrh71_rtems_serial/samrh71_rtems_serial.c:641:1:SamRH71RtemsSerialInit_uart_baudrate	16	static
/home/taste/work/work/data-compress-git-out/work/build/node_2/partition_2/drivers/samrh71_rtems_serial/samrh71_rtems_serial.c:669:20:SamRH71RtemsSerialInit_uart_init	24	static
/home/taste/work/work/data-compress-git-out/work/build/node_2/partition_2/drivers/samrh71_rtems_serial/samrh71_rtems_serial.c:681:13:UartRxCallback	24	static
/home/taste/work/work/data-compress-git-out/work/build/node_2/partition_2/drivers/samrh71_rtems_serial/samrh71_rtems_serial.c:691:1:SamRH71RtemsSerialInit_rx_handler	32	static
/home/taste/work/work/data-compress-git-out/work/build/node_2/partition_2/drivers/samrh71_rtems_serial/samrh71_rtems_serial.c:715:18:UartTxCallback	24	static
/home/taste/work/work/data-compress-git-out/work/build/node_2/partition_2/drivers/samrh71_rtems_serial/samrh71_rtems_serial.c:728:1:SamRH71RtemsSerialInit_tx_handler	32	static
/home/taste/work/work/data-compress-git-out/work/build/node_2/partition_2/drivers/samrh71_rtems_serial/samrh71_rtems_serial.c:743:6:Samrh71RtemsSerialInit	80	static
/home/taste/work/work/data-compress-git-out/work/build/node_2/partition_2/drivers/samrh71_rtems_serial/samrh71_rtems_serial.c:790:6:Samrh71RtemsSerialPoll	88	static
/home/taste/work/work/data-compress-git-out/work/build/node_2/partition_2/drivers/samrh71_rtems_serial/samrh71_rtems_serial.c:834:6:Samrh71RtemsSerialSend	64	static
/home/taste/work/work/data-compress-git-out/work/build/node_2/partition_2/drivers/samrh71_rtems_serial/samrh71_rtems_serial.c:872:6:Samrh71RtemsSerialRegisterUserUartErrorCallback	16	static
