graph: { title: "/home/taste/work/work/data-compress-git-out/work/build/node_2/partition_2/runtime/SAMX-RTEMS-Runtime/src/SamRH71Core/SamRH71Core.c"
node: { title: "/home/taste/work/work/data-compress-git-out/work/build/node_2/partition_2/runtime/SAMX-RTEMS-Runtime/src/SamRH71Core/SamRH71Core.c:Pmc_getDeviceRegisterStartAddress" label: "Pmc_getDeviceRegisterStartAddress\n/home/taste/work/work/data-compress-git-out/work/build/node_2/partition_2/runtime/SAMX-RTEMS-Runtime/arm-bsp/src/Pmc/Pmc.h:333:1\n4 bytes (static)" }
node: { title: "/home/taste/work/work/data-compress-git-out/work/build/node_2/partition_2/runtime/SAMX-RTEMS-Runtime/src/SamRH71Core/SamRH71Core.c:Matrix_getDeviceBaseAddress" label: "Matrix_getDeviceBaseAddress\n/home/taste/work/work/data-compress-git-out/work/build/node_2/partition_2/runtime/SAMX-RTEMS-Runtime/arm-bsp/src/Matrix/Matrix.h:385:1\n4 bytes (static)" }
node: { title: "/home/taste/work/work/data-compress-git-out/work/build/node_2/partition_2/runtime/SAMX-RTEMS-Runtime/src/SamRH71Core/SamRH71Core.c:extract_main_oscillator_frequency" label: "extract_main_oscillator_frequency\n/home/taste/work/work/data-compress-git-out/work/build/node_2/partition_2/runtime/SAMX-RTEMS-Runtime/src/SamRH71Core/SamRH71Core.c:47:17\n24 bytes (static)" }
node: { title: "Pmc_getMainckConfig" label: "Pmc_getMainckConfig\n/home/taste/work/work/data-compress-git-out/work/build/node_2/partition_2/runtime/SAMX-RTEMS-Runtime/arm-bsp/src/Pmc/Pmc.h:357:6" shape : ellipse }
edge: { sourcename: "/home/taste/work/work/data-compress-git-out/work/build/node_2/partition_2/runtime/SAMX-RTEMS-Runtime/src/SamRH71Core/SamRH71Core.c:extract_main_oscillator_frequency" targetname: "Pmc_getMainckConfig" label: "/home/taste/work/work/data-compress-git-out/work/build/node_2/partition_2/runtime/SAMX-RTEMS-Runtime/src/SamRH71Core/SamRH71Core.c:50:2" }
node: { title: "/home/taste/work/work/data-compress-git-out/work/build/node_2/partition_2/runtime/SAMX-RTEMS-Runtime/src/SamRH71Core/SamRH71Core.c:apply_plla_config" label: "apply_plla_config\n/home/taste/work/work/data-compress-git-out/work/build/node_2/partition_2/runtime/SAMX-RTEMS-Runtime/src/SamRH71Core/SamRH71Core.c:84:13\n104 bytes (static)" }
node: { title: "Pmc_getPllConfig" label: "Pmc_getPllConfig\n/home/taste/work/work/data-compress-git-out/work/build/node_2/partition_2/runtime/SAMX-RTEMS-Runtime/arm-bsp/src/Pmc/Pmc.h:371:6" shape : ellipse }
edge: { sourcename: "/home/taste/work/work/data-compress-git-out/work/build/node_2/partition_2/runtime/SAMX-RTEMS-Runtime/src/SamRH71Core/SamRH71Core.c:apply_plla_config" targetname: "Pmc_getPllConfig" label: "/home/taste/work/work/data-compress-git-out/work/build/node_2/partition_2/runtime/SAMX-RTEMS-Runtime/src/SamRH71Core/SamRH71Core.c:89:3" }
node: { title: "__aeabi_uldivmod" label: "__aeabi_uldivmod\n<built-in>" shape : ellipse }
edge: { sourcename: "/home/taste/work/work/data-compress-git-out/work/build/node_2/partition_2/runtime/SAMX-RTEMS-Runtime/src/SamRH71Core/SamRH71Core.c:apply_plla_config" targetname: "__aeabi_uldivmod" }
edge: { sourcename: "/home/taste/work/work/data-compress-git-out/work/build/node_2/partition_2/runtime/SAMX-RTEMS-Runtime/src/SamRH71Core/SamRH71Core.c:apply_plla_config" targetname: "__aeabi_uldivmod" }
node: { title: "/home/taste/work/work/data-compress-git-out/work/build/node_2/partition_2/runtime/SAMX-RTEMS-Runtime/src/SamRH71Core/SamRH71Core.c:SamRH71Core_InitMatrix" label: "SamRH71Core_InitMatrix\n/home/taste/work/work/data-compress-git-out/work/build/node_2/partition_2/runtime/SAMX-RTEMS-Runtime/src/SamRH71Core/SamRH71Core.c:103:13\n56 bytes (static)" }
edge: { sourcename: "/home/taste/work/work/data-compress-git-out/work/build/node_2/partition_2/runtime/SAMX-RTEMS-Runtime/src/SamRH71Core/SamRH71Core.c:SamRH71Core_InitMatrix" targetname: "/home/taste/work/work/data-compress-git-out/work/build/node_2/partition_2/runtime/SAMX-RTEMS-Runtime/src/SamRH71Core/SamRH71Core.c:Matrix_getDeviceBaseAddress" label: "/home/taste/work/work/data-compress-git-out/work/build/node_2/partition_2/runtime/SAMX-RTEMS-Runtime/src/SamRH71Core/SamRH71Core.c:112:2" }
node: { title: "Matrix_init" label: "Matrix_init\n/home/taste/work/work/data-compress-git-out/work/build/node_2/partition_2/runtime/SAMX-RTEMS-Runtime/arm-bsp/src/Matrix/Matrix.h:394:6" shape : ellipse }
edge: { sourcename: "/home/taste/work/work/data-compress-git-out/work/build/node_2/partition_2/runtime/SAMX-RTEMS-Runtime/src/SamRH71Core/SamRH71Core.c:SamRH71Core_InitMatrix" targetname: "Matrix_init" label: "/home/taste/work/work/data-compress-git-out/work/build/node_2/partition_2/runtime/SAMX-RTEMS-Runtime/src/SamRH71Core/SamRH71Core.c:112:2" }
node: { title: "Matrix_setSlaveRegionProtectionConfig" label: "Matrix_setSlaveRegionProtectionConfig\n/home/taste/work/work/data-compress-git-out/work/build/node_2/partition_2/runtime/SAMX-RTEMS-Runtime/arm-bsp/src/Matrix/Matrix.h:455:6" shape : ellipse }
edge: { sourcename: "/home/taste/work/work/data-compress-git-out/work/build/node_2/partition_2/runtime/SAMX-RTEMS-Runtime/src/SamRH71Core/SamRH71Core.c:SamRH71Core_InitMatrix" targetname: "Matrix_setSlaveRegionProtectionConfig" label: "/home/taste/work/work/data-compress-git-out/work/build/node_2/partition_2/runtime/SAMX-RTEMS-Runtime/src/SamRH71Core/SamRH71Core.c:130:4" }
node: { title: "SamRH71Core_GetProcessorClockFrequency" label: "SamRH71Core_GetProcessorClockFrequency\n/home/taste/work/work/data-compress-git-out/work/build/node_2/partition_2/runtime/SAMX-RTEMS-Runtime/src/SamRH71Core/SamRH71Core.c:137:10\n32 bytes (static)" }
node: { title: "Pmc_getMasterckConfig" label: "Pmc_getMasterckConfig\n/home/taste/work/work/data-compress-git-out/work/build/node_2/partition_2/runtime/SAMX-RTEMS-Runtime/arm-bsp/src/Pmc/Pmc.h:386:6" shape : ellipse }
edge: { sourcename: "SamRH71Core_GetProcessorClockFrequency" targetname: "Pmc_getMasterckConfig" label: "/home/taste/work/work/data-compress-git-out/work/build/node_2/partition_2/runtime/SAMX-RTEMS-Runtime/src/SamRH71Core/SamRH71Core.c:140:2" }
edge: { sourcename: "SamRH71Core_GetProcessorClockFrequency" targetname: "/home/taste/work/work/data-compress-git-out/work/build/node_2/partition_2/runtime/SAMX-RTEMS-Runtime/src/SamRH71Core/SamRH71Core.c:extract_main_oscillator_frequency" label: "/home/taste/work/work/data-compress-git-out/work/build/node_2/partition_2/runtime/SAMX-RTEMS-Runtime/src/SamRH71Core/SamRH71Core.c:142:27" }
edge: { sourcename: "SamRH71Core_GetProcessorClockFrequency" targetname: "/home/taste/work/work/data-compress-git-out/work/build/node_2/partition_2/runtime/SAMX-RTEMS-Runtime/src/SamRH71Core/SamRH71Core.c:apply_plla_config" label: "/home/taste/work/work/data-compress-git-out/work/build/node_2/partition_2/runtime/SAMX-RTEMS-Runtime/src/SamRH71Core/SamRH71Core.c:143:2" }
node: { title: "SamRH71Core_Init" label: "SamRH71Core_Init\n/home/taste/work/work/data-compress-git-out/work/build/node_2/partition_2/runtime/SAMX-RTEMS-Runtime/src/SamRH71Core/SamRH71Core.c:656:6\n192 bytes (static)" }
edge: { sourcename: "SamRH71Core_Init" targetname: "/home/taste/work/work/data-compress-git-out/work/build/node_2/partition_2/runtime/SAMX-RTEMS-Runtime/src/SamRH71Core/SamRH71Core.c:Pmc_getDeviceRegisterStartAddress" label: "/home/taste/work/work/data-compress-git-out/work/build/node_2/partition_2/runtime/SAMX-RTEMS-Runtime/src/SamRH71Core/SamRH71Core.c:658:2" }
node: { title: "Pmc_init" label: "Pmc_init\n/home/taste/work/work/data-compress-git-out/work/build/node_2/partition_2/runtime/SAMX-RTEMS-Runtime/arm-bsp/src/Pmc/Pmc.h:342:6" shape : ellipse }
edge: { sourcename: "SamRH71Core_Init" targetname: "Pmc_init" label: "/home/taste/work/work/data-compress-git-out/work/build/node_2/partition_2/runtime/SAMX-RTEMS-Runtime/src/SamRH71Core/SamRH71Core.c:658:2" }
node: { title: "Mpu_init" label: "Mpu_init\n/home/taste/work/work/data-compress-git-out/work/build/node_2/partition_2/runtime/SAMX-RTEMS-Runtime/arm-bsp/src/Mpu/Mpu.h:110:6" shape : ellipse }
edge: { sourcename: "SamRH71Core_Init" targetname: "Mpu_init" label: "/home/taste/work/work/data-compress-git-out/work/build/node_2/partition_2/runtime/SAMX-RTEMS-Runtime/src/SamRH71Core/SamRH71Core.c:659:2" }
node: { title: "Mpu_setConfig" label: "Mpu_setConfig\n/home/taste/work/work/data-compress-git-out/work/build/node_2/partition_2/runtime/SAMX-RTEMS-Runtime/arm-bsp/src/Mpu/Mpu.h:115:6" shape : ellipse }
edge: { sourcename: "SamRH71Core_Init" targetname: "Mpu_setConfig" label: "/home/taste/work/work/data-compress-git-out/work/build/node_2/partition_2/runtime/SAMX-RTEMS-Runtime/src/SamRH71Core/SamRH71Core.c:663:2" }
node: { title: "memset" label: "__builtin_memset\n<built-in>" shape : ellipse }
edge: { sourcename: "SamRH71Core_Init" targetname: "memset" }
node: { title: "Pmc_setConfig" label: "Pmc_setConfig\n/home/taste/work/work/data-compress-git-out/work/build/node_2/partition_2/runtime/SAMX-RTEMS-Runtime/arm-bsp/src/Pmc/Pmc.h:395:6" shape : ellipse }
edge: { sourcename: "SamRH71Core_Init" targetname: "Pmc_setConfig" label: "/home/taste/work/work/data-compress-git-out/work/build/node_2/partition_2/runtime/SAMX-RTEMS-Runtime/src/SamRH71Core/SamRH71Core.c:691:3" }
node: { title: "__assert_func" label: "__assert_func\n/opt/taste-rtems-qdp-arm/arm-rtems6/include/assert.h:41:6" shape : ellipse }
edge: { sourcename: "SamRH71Core_Init" targetname: "__assert_func" label: "/home/taste/work/work/data-compress-git-out/work/build/node_2/partition_2/runtime/SAMX-RTEMS-Runtime/src/SamRH71Core/SamRH71Core.c:692:2" }
edge: { sourcename: "SamRH71Core_Init" targetname: "SamRH71Core_GetProcessorClockFrequency" label: "/home/taste/work/work/data-compress-git-out/work/build/node_2/partition_2/runtime/SAMX-RTEMS-Runtime/src/SamRH71Core/SamRH71Core.c:695:27" }
node: { title: "setCoreClockFrequency" label: "setCoreClockFrequency\n/home/taste/work/work/data-compress-git-out/work/build/node_2/partition_2/runtime/SAMX-RTEMS-Runtime/src/SamRH71Core/SamRH71Core.c:41:13" shape : ellipse }
edge: { sourcename: "SamRH71Core_Init" targetname: "setCoreClockFrequency" label: "/home/taste/work/work/data-compress-git-out/work/build/node_2/partition_2/runtime/SAMX-RTEMS-Runtime/src/SamRH71Core/SamRH71Core.c:696:2" }
edge: { sourcename: "SamRH71Core_Init" targetname: "__aeabi_uldivmod" }
node: { title: "Systick_getDeviceRegisterStartAddress" label: "Systick_getDeviceRegisterStartAddress\n/home/taste/work/work/data-compress-git-out/work/build/node_2/partition_2/runtime/SAMX-RTEMS-Runtime/arm-bsp/src/Systick/Systick.h:77:20" shape : ellipse }
edge: { sourcename: "SamRH71Core_Init" targetname: "Systick_getDeviceRegisterStartAddress" label: "/home/taste/work/work/data-compress-git-out/work/build/node_2/partition_2/runtime/SAMX-RTEMS-Runtime/src/SamRH71Core/SamRH71Core.c:704:2" }
node: { title: "Systick_init" label: "Systick_init\n/home/taste/work/work/data-compress-git-out/work/build/node_2/partition_2/runtime/SAMX-RTEMS-Runtime/arm-bsp/src/Systick/Systick.h:82:6" shape : ellipse }
edge: { sourcename: "SamRH71Core_Init" targetname: "Systick_init" label: "/home/taste/work/work/data-compress-git-out/work/build/node_2/partition_2/runtime/SAMX-RTEMS-Runtime/src/SamRH71Core/SamRH71Core.c:704:2" }
node: { title: "Systick_getConfig" label: "Systick_getConfig\n/home/taste/work/work/data-compress-git-out/work/build/node_2/partition_2/runtime/SAMX-RTEMS-Runtime/arm-bsp/src/Systick/Systick.h:93:6" shape : ellipse }
edge: { sourcename: "SamRH71Core_Init" targetname: "Systick_getConfig" label: "/home/taste/work/work/data-compress-git-out/work/build/node_2/partition_2/runtime/SAMX-RTEMS-Runtime/src/SamRH71Core/SamRH71Core.c:706:2" }
node: { title: "Systick_setConfig" label: "Systick_setConfig\n/home/taste/work/work/data-compress-git-out/work/build/node_2/partition_2/runtime/SAMX-RTEMS-Runtime/arm-bsp/src/Systick/Systick.h:87:6" shape : ellipse }
edge: { sourcename: "SamRH71Core_Init" targetname: "Systick_setConfig" label: "/home/taste/work/work/data-compress-git-out/work/build/node_2/partition_2/runtime/SAMX-RTEMS-Runtime/src/SamRH71Core/SamRH71Core.c:709:2" }
edge: { sourcename: "SamRH71Core_Init" targetname: "/home/taste/work/work/data-compress-git-out/work/build/node_2/partition_2/runtime/SAMX-RTEMS-Runtime/src/SamRH71Core/SamRH71Core.c:SamRH71Core_InitMatrix" label: "/home/taste/work/work/data-compress-git-out/work/build/node_2/partition_2/runtime/SAMX-RTEMS-Runtime/src/SamRH71Core/SamRH71Core.c:711:2" }
node: { title: "SamRH71Core_EnablePeripheralClock" label: "SamRH71Core_EnablePeripheralClock\n/home/taste/work/work/data-compress-git-out/work/build/node_2/partition_2/runtime/SAMX-RTEMS-Runtime/src/SamRH71Core/SamRH71Core.c:714:6\n24 bytes (static)" }
node: { title: "Pmc_enablePeripheralClk" label: "Pmc_enablePeripheralClk\n/home/taste/work/work/data-compress-git-out/work/build/node_2/partition_2/runtime/SAMX-RTEMS-Runtime/arm-bsp/src/Pmc/Pmc.h:406:6" shape : ellipse }
edge: { sourcename: "SamRH71Core_EnablePeripheralClock" targetname: "Pmc_enablePeripheralClk" label: "/home/taste/work/work/data-compress-git-out/work/build/node_2/partition_2/runtime/SAMX-RTEMS-Runtime/src/SamRH71Core/SamRH71Core.c:716:2" }
node: { title: "Pmc_isPeripheralClkEnabled" label: "Pmc_isPeripheralClkEnabled\n/home/taste/work/work/data-compress-git-out/work/build/node_2/partition_2/runtime/SAMX-RTEMS-Runtime/arm-bsp/src/Pmc/Pmc.h:419:6" shape : ellipse }
edge: { sourcename: "SamRH71Core_EnablePeripheralClock" targetname: "Pmc_isPeripheralClkEnabled" label: "/home/taste/work/work/data-compress-git-out/work/build/node_2/partition_2/runtime/SAMX-RTEMS-Runtime/src/SamRH71Core/SamRH71Core.c:717:26" }
edge: { sourcename: "SamRH71Core_EnablePeripheralClock" targetname: "__assert_func" label: "/home/taste/work/work/data-compress-git-out/work/build/node_2/partition_2/runtime/SAMX-RTEMS-Runtime/src/SamRH71Core/SamRH71Core.c:718:2" }
node: { title: "SamRH71Core_GetMainClockFrequency" label: "SamRH71Core_GetMainClockFrequency\n/home/taste/work/work/data-compress-git-out/work/build/node_2/partition_2/runtime/SAMX-RTEMS-Runtime/src/SamRH71Core/SamRH71Core.c:721:10\n32 bytes (static)" }
edge: { sourcename: "SamRH71Core_GetMainClockFrequency" targetname: "Pmc_getMasterckConfig" label: "/home/taste/work/work/data-compress-git-out/work/build/node_2/partition_2/runtime/SAMX-RTEMS-Runtime/src/SamRH71Core/SamRH71Core.c:724:2" }
edge: { sourcename: "SamRH71Core_GetMainClockFrequency" targetname: "SamRH71Core_GetProcessorClockFrequency" label: "/home/taste/work/work/data-compress-git-out/work/build/node_2/partition_2/runtime/SAMX-RTEMS-Runtime/src/SamRH71Core/SamRH71Core.c:726:27" }
node: { title: "SamRH71Core_InterruptSubscribe" label: "SamRH71Core_InterruptSubscribe\n/home/taste/work/work/data-compress-git-out/work/build/node_2/partition_2/runtime/SAMX-RTEMS-Runtime/src/SamRH71Core/SamRH71Core.c:741:6\n32 bytes (static)" }
node: { title: "rtems_interrupt_handler_install" label: "rtems_interrupt_handler_install\n/opt/taste-rtems-qdp-arm/arm-rtems6/n7sbsp-samrh71f20/lib/include/rtems/rtems/intr.h:1371:19" shape : ellipse }
edge: { sourcename: "SamRH71Core_InterruptSubscribe" targetname: "rtems_interrupt_handler_install" label: "/home/taste/work/work/data-compress-git-out/work/build/node_2/partition_2/runtime/SAMX-RTEMS-Runtime/src/SamRH71Core/SamRH71Core.c:746:2" }
node: { title: "rtems_interrupt_vector_enable" label: "rtems_interrupt_vector_enable\n/opt/taste-rtems-qdp-arm/arm-rtems6/n7sbsp-samrh71f20/lib/include/rtems/rtems/intr.h:1523:19" shape : ellipse }
edge: { sourcename: "SamRH71Core_InterruptSubscribe" targetname: "rtems_interrupt_vector_enable" label: "/home/taste/work/work/data-compress-git-out/work/build/node_2/partition_2/runtime/SAMX-RTEMS-Runtime/src/SamRH71Core/SamRH71Core.c:748:2" }
node: { title: "SamRH71Core_GenerateNewSemaphoreName" label: "SamRH71Core_GenerateNewSemaphoreName\n/home/taste/work/work/data-compress-git-out/work/build/node_2/partition_2/runtime/SAMX-RTEMS-Runtime/src/SamRH71Core/SamRH71Core.c:751:12\n4 bytes (static)" }
node: { title: "SamRH71Core_GenerateNewTaskName" label: "SamRH71Core_GenerateNewTaskName\n/home/taste/work/work/data-compress-git-out/work/build/node_2/partition_2/runtime/SAMX-RTEMS-Runtime/src/SamRH71Core/SamRH71Core.c:757:12\n4 bytes (static)" }
node: { title: "SamRH71Core_SetPckConfig" label: "SamRH71Core_SetPckConfig\n/home/taste/work/work/data-compress-git-out/work/build/node_2/partition_2/runtime/SAMX-RTEMS-Runtime/src/SamRH71Core/SamRH71Core.c:763:6\n32 bytes (static)" }
node: { title: "Pmc_setPckConfig" label: "Pmc_setPckConfig\n/home/taste/work/work/data-compress-git-out/work/build/node_2/partition_2/runtime/SAMX-RTEMS-Runtime/arm-bsp/src/Pmc/Pmc.h:429:6" shape : ellipse }
edge: { sourcename: "SamRH71Core_SetPckConfig" targetname: "Pmc_setPckConfig" label: "/home/taste/work/work/data-compress-git-out/work/build/node_2/partition_2/runtime/SAMX-RTEMS-Runtime/src/SamRH71Core/SamRH71Core.c:767:9" }
node: { title: "SamRH71Core_DisableDataCacheInRegion" label: "SamRH71Core_DisableDataCacheInRegion\n/home/taste/work/work/data-compress-git-out/work/build/node_2/partition_2/runtime/SAMX-RTEMS-Runtime/src/SamRH71Core/SamRH71Core.c:770:6\n48 bytes (static)" }
edge: { sourcename: "SamRH71Core_DisableDataCacheInRegion" targetname: "__assert_func" label: "/home/taste/work/work/data-compress-git-out/work/build/node_2/partition_2/runtime/SAMX-RTEMS-Runtime/src/SamRH71Core/SamRH71Core.c:778:2" }
edge: { sourcename: "SamRH71Core_DisableDataCacheInRegion" targetname: "__assert_func" label: "/home/taste/work/work/data-compress-git-out/work/build/node_2/partition_2/runtime/SAMX-RTEMS-Runtime/src/SamRH71Core/SamRH71Core.c:780:2" }
edge: { sourcename: "SamRH71Core_DisableDataCacheInRegion" targetname: "__assert_func" label: "/home/taste/work/work/data-compress-git-out/work/build/node_2/partition_2/runtime/SAMX-RTEMS-Runtime/src/SamRH71Core/SamRH71Core.c:781:2" }
edge: { sourcename: "SamRH71Core_DisableDataCacheInRegion" targetname: "__assert_func" label: "/home/taste/work/work/data-compress-git-out/work/build/node_2/partition_2/runtime/SAMX-RTEMS-Runtime/src/SamRH71Core/SamRH71Core.c:789:2" }
node: { title: "Mpu_setRegionConfig" label: "Mpu_setRegionConfig\n/home/taste/work/work/data-compress-git-out/work/build/node_2/partition_2/runtime/SAMX-RTEMS-Runtime/arm-bsp/src/Mpu/Mpu.h:126:6" shape : ellipse }
edge: { sourcename: "SamRH71Core_DisableDataCacheInRegion" targetname: "Mpu_setRegionConfig" label: "/home/taste/work/work/data-compress-git-out/work/build/node_2/partition_2/runtime/SAMX-RTEMS-Runtime/src/SamRH71Core/SamRH71Core.c:804:2" }
}
