graph: { title: "/home/taste/work/work/data-compress-git-out/work/build/node_2/partition_2/runtime/SAMX-RTEMS-Runtime/src/ThreadsCommon/ThreadsCommon.c"
node: { title: "/home/taste/work/work/data-compress-git-out/work/build/node_2/partition_2/runtime/SAMX-RTEMS-Runtime/src/ThreadsCommon/ThreadsCommon.c:schedule_next_tick" label: "schedule_next_tick\n/home/taste/work/work/data-compress-git-out/work/build/node_2/partition_2/runtime/SAMX-RTEMS-Runtime/src/ThreadsCommon/ThreadsCommon.c:54:13\n24 bytes (static)" }
node: { title: "rtems_timer_fire_after" label: "rtems_timer_fire_after\n/opt/taste-rtems-qdp-arm/arm-rtems6/n7sbsp-samrh71f20/lib/include/rtems/rtems/timer.h:523:19" shape : ellipse }
edge: { sourcename: "/home/taste/work/work/data-compress-git-out/work/build/node_2/partition_2/runtime/SAMX-RTEMS-Runtime/src/ThreadsCommon/ThreadsCommon.c:schedule_next_tick" targetname: "rtems_timer_fire_after" label: "/home/taste/work/work/data-compress-git-out/work/build/node_2/partition_2/runtime/SAMX-RTEMS-Runtime/src/ThreadsCommon/ThreadsCommon.c:64:2" }
node: { title: "/home/taste/work/work/data-compress-git-out/work/build/node_2/partition_2/runtime/SAMX-RTEMS-Runtime/src/ThreadsCommon/ThreadsCommon.c:timer_callback" label: "timer_callback\n/home/taste/work/work/data-compress-git-out/work/build/node_2/partition_2/runtime/SAMX-RTEMS-Runtime/src/ThreadsCommon/ThreadsCommon.c:68:13\n24 bytes (static)" }
node: { title: "rtems_message_queue_send" label: "rtems_message_queue_send\n/opt/taste-rtems-qdp-arm/arm-rtems6/n7sbsp-samrh71f20/lib/include/rtems/rtems/message.h:581:19" shape : ellipse }
edge: { sourcename: "/home/taste/work/work/data-compress-git-out/work/build/node_2/partition_2/runtime/SAMX-RTEMS-Runtime/src/ThreadsCommon/ThreadsCommon.c:timer_callback" targetname: "rtems_message_queue_send" label: "/home/taste/work/work/data-compress-git-out/work/build/node_2/partition_2/runtime/SAMX-RTEMS-Runtime/src/ThreadsCommon/ThreadsCommon.c:73:2" }
edge: { sourcename: "/home/taste/work/work/data-compress-git-out/work/build/node_2/partition_2/runtime/SAMX-RTEMS-Runtime/src/ThreadsCommon/ThreadsCommon.c:timer_callback" targetname: "/home/taste/work/work/data-compress-git-out/work/build/node_2/partition_2/runtime/SAMX-RTEMS-Runtime/src/ThreadsCommon/ThreadsCommon.c:schedule_next_tick" label: "/home/taste/work/work/data-compress-git-out/work/build/node_2/partition_2/runtime/SAMX-RTEMS-Runtime/src/ThreadsCommon/ThreadsCommon.c:77:2" }
node: { title: "/home/taste/work/work/data-compress-git-out/work/build/node_2/partition_2/runtime/SAMX-RTEMS-Runtime/src/ThreadsCommon/ThreadsCommon.c:update_execution_time_data" label: "update_execution_time_data\n/home/taste/work/work/data-compress-git-out/work/build/node_2/partition_2/runtime/SAMX-RTEMS-Runtime/src/ThreadsCommon/ThreadsCommon.c:80:13\n48 bytes (static)" }
node: { title: "__aeabi_ul2d" label: "__aeabi_ul2d\n<built-in>" shape : ellipse }
edge: { sourcename: "/home/taste/work/work/data-compress-git-out/work/build/node_2/partition_2/runtime/SAMX-RTEMS-Runtime/src/ThreadsCommon/ThreadsCommon.c:update_execution_time_data" targetname: "__aeabi_ul2d" }
edge: { sourcename: "/home/taste/work/work/data-compress-git-out/work/build/node_2/partition_2/runtime/SAMX-RTEMS-Runtime/src/ThreadsCommon/ThreadsCommon.c:update_execution_time_data" targetname: "__aeabi_ul2d" }
node: { title: "ThreadsCommon_CreateCyclicRequest" label: "ThreadsCommon_CreateCyclicRequest\n/home/taste/work/work/data-compress-git-out/work/build/node_2/partition_2/runtime/SAMX-RTEMS-Runtime/src/ThreadsCommon/ThreadsCommon.c:105:6\n32 bytes (static)" }
node: { title: "__assert_func" label: "__assert_func\n/opt/taste-rtems-qdp-arm/arm-rtems6/include/assert.h:41:6" shape : ellipse }
edge: { sourcename: "ThreadsCommon_CreateCyclicRequest" targetname: "__assert_func" label: "/home/taste/work/work/data-compress-git-out/work/build/node_2/partition_2/runtime/SAMX-RTEMS-Runtime/src/ThreadsCommon/ThreadsCommon.c:110:2" }
node: { title: "memset" label: "memset\n/opt/taste-rtems-qdp-arm/arm-rtems6/include/string.h:33:9" shape : ellipse }
edge: { sourcename: "ThreadsCommon_CreateCyclicRequest" targetname: "memset" label: "/home/taste/work/work/data-compress-git-out/work/build/node_2/partition_2/runtime/SAMX-RTEMS-Runtime/src/ThreadsCommon/ThreadsCommon.c:111:2" }
node: { title: "generate_new_partition_timer_name" label: "generate_new_partition_timer_name\n/home/taste/work/work/data-compress-git-out/work/build/node_2/partition_2/runtime/SAMX-RTEMS-Runtime/src/ThreadsCommon/ThreadsCommon.c:34:19" shape : ellipse }
edge: { sourcename: "ThreadsCommon_CreateCyclicRequest" targetname: "generate_new_partition_timer_name" label: "/home/taste/work/work/data-compress-git-out/work/build/node_2/partition_2/runtime/SAMX-RTEMS-Runtime/src/ThreadsCommon/ThreadsCommon.c:117:20" }
node: { title: "rtems_timer_create" label: "rtems_timer_create\n/opt/taste-rtems-qdp-arm/arm-rtems6/n7sbsp-samrh71f20/lib/include/rtems/rtems/timer.h:350:19" shape : ellipse }
edge: { sourcename: "ThreadsCommon_CreateCyclicRequest" targetname: "rtems_timer_create" label: "/home/taste/work/work/data-compress-git-out/work/build/node_2/partition_2/runtime/SAMX-RTEMS-Runtime/src/ThreadsCommon/ThreadsCommon.c:118:50" }
edge: { sourcename: "ThreadsCommon_CreateCyclicRequest" targetname: "__aeabi_ul2d" }
edge: { sourcename: "ThreadsCommon_CreateCyclicRequest" targetname: "__aeabi_ul2d" }
edge: { sourcename: "ThreadsCommon_CreateCyclicRequest" targetname: "/home/taste/work/work/data-compress-git-out/work/build/node_2/partition_2/runtime/SAMX-RTEMS-Runtime/src/ThreadsCommon/ThreadsCommon.c:schedule_next_tick" label: "/home/taste/work/work/data-compress-git-out/work/build/node_2/partition_2/runtime/SAMX-RTEMS-Runtime/src/ThreadsCommon/ThreadsCommon.c:133:2" }
node: { title: "ThreadsCommon_ProcessRequest" label: "ThreadsCommon_ProcessRequest\n/home/taste/work/work/data-compress-git-out/work/build/node_2/partition_2/runtime/SAMX-RTEMS-Runtime/src/ThreadsCommon/ThreadsCommon.c:139:6\n56 bytes (static)" }
node: { title: "Monitor_IndicateInterfaceActivated" label: "Monitor_IndicateInterfaceActivated\n/home/taste/work/work/data-compress-git-out/work/build/node_2/partition_2/runtime/SAMX-RTEMS-Runtime/src/Monitor/Monitor.h:177:6" shape : ellipse }
edge: { sourcename: "ThreadsCommon_ProcessRequest" targetname: "Monitor_IndicateInterfaceActivated" label: "/home/taste/work/work/data-compress-git-out/work/build/node_2/partition_2/runtime/SAMX-RTEMS-Runtime/src/ThreadsCommon/ThreadsCommon.c:146:2" }
node: { title: "Hal_GetElapsedTimeInNs" label: "Hal_GetElapsedTimeInNs\n/home/taste/work/work/data-compress-git-out/work/build/node_2/partition_2/runtime/SAMX-RTEMS-Runtime/src/Hal/Hal.h:50:10" shape : ellipse }
edge: { sourcename: "ThreadsCommon_ProcessRequest" targetname: "Hal_GetElapsedTimeInNs" label: "/home/taste/work/work/data-compress-git-out/work/build/node_2/partition_2/runtime/SAMX-RTEMS-Runtime/src/ThreadsCommon/ThreadsCommon.c:149:41" }
node: { title: "__indirect_call" label: "Indirect Call Placeholder" shape : ellipse }
edge: { sourcename: "ThreadsCommon_ProcessRequest" targetname: "__indirect_call" label: "/home/taste/work/work/data-compress-git-out/work/build/node_2/partition_2/runtime/SAMX-RTEMS-Runtime/src/ThreadsCommon/ThreadsCommon.c:150:2" }
edge: { sourcename: "ThreadsCommon_ProcessRequest" targetname: "Hal_GetElapsedTimeInNs" label: "/home/taste/work/work/data-compress-git-out/work/build/node_2/partition_2/runtime/SAMX-RTEMS-Runtime/src/ThreadsCommon/ThreadsCommon.c:151:40" }
node: { title: "Monitor_IndicateInterfaceDeactivated" label: "Monitor_IndicateInterfaceDeactivated\n/home/taste/work/work/data-compress-git-out/work/build/node_2/partition_2/runtime/SAMX-RTEMS-Runtime/src/Monitor/Monitor.h:189:6" shape : ellipse }
edge: { sourcename: "ThreadsCommon_ProcessRequest" targetname: "Monitor_IndicateInterfaceDeactivated" label: "/home/taste/work/work/data-compress-git-out/work/build/node_2/partition_2/runtime/SAMX-RTEMS-Runtime/src/ThreadsCommon/ThreadsCommon.c:153:2" }
edge: { sourcename: "ThreadsCommon_ProcessRequest" targetname: "/home/taste/work/work/data-compress-git-out/work/build/node_2/partition_2/runtime/SAMX-RTEMS-Runtime/src/ThreadsCommon/ThreadsCommon.c:update_execution_time_data" label: "/home/taste/work/work/data-compress-git-out/work/build/node_2/partition_2/runtime/SAMX-RTEMS-Runtime/src/ThreadsCommon/ThreadsCommon.c:158:2" }
node: { title: "ThreadsCommon_SendRequest" label: "ThreadsCommon_SendRequest\n/home/taste/work/work/data-compress-git-out/work/build/node_2/partition_2/runtime/SAMX-RTEMS-Runtime/src/ThreadsCommon/ThreadsCommon.c:164:6\n32 bytes (static)" }
edge: { sourcename: "ThreadsCommon_SendRequest" targetname: "rtems_message_queue_send" label: "/home/taste/work/work/data-compress-git-out/work/build/node_2/partition_2/runtime/SAMX-RTEMS-Runtime/src/ThreadsCommon/ThreadsCommon.c:169:35" }
node: { title: "Monitor_GetQueuedItemsCount" label: "Monitor_GetQueuedItemsCount\n/home/taste/work/work/data-compress-git-out/work/build/node_2/partition_2/runtime/SAMX-RTEMS-Runtime/src/Monitor/Monitor.h:155:10" shape : ellipse }
edge: { sourcename: "ThreadsCommon_SendRequest" targetname: "Monitor_GetQueuedItemsCount" label: "/home/taste/work/work/data-compress-git-out/work/build/node_2/partition_2/runtime/SAMX-RTEMS-Runtime/src/ThreadsCommon/ThreadsCommon.c:172:32" }
edge: { sourcename: "ThreadsCommon_SendRequest" targetname: "__indirect_call" label: "/home/taste/work/work/data-compress-git-out/work/build/node_2/partition_2/runtime/SAMX-RTEMS-Runtime/src/ThreadsCommon/ThreadsCommon.c:181:3" }
}
