graph: { title: "/home/taste/work/work/data-compress-git-out/work/build/node_2/partition_2/transport.c"
node: { title: "deliver_to_testcompressuncompress_samrh71rx" label: "deliver_to_testcompressuncompress_samrh71rx\n/home/taste/work/work/data-compress-git-out/work/build/node_2/partition_2/transport.c:8:6\n24 bytes (static)" }
node: { title: "Broker_deliver_request" label: "Broker_deliver_request\n/home/taste/work/work/data-compress-git-out/work/build/node_2/partition_2/runtime/Broker/Broker.h:93:6" shape : ellipse }
edge: { sourcename: "deliver_to_testcompressuncompress_samrh71rx" targetname: "Broker_deliver_request" label: "/home/taste/work/work/data-compress-git-out/work/build/node_2/partition_2/transport.c:13:5" }
node: { title: "deliver_to_uartotherend_samrh71tx" label: "deliver_to_uartotherend_samrh71tx\n/home/taste/work/work/data-compress-git-out/work/build/node_2/partition_2/transport.c:26:6\n72 bytes (static)" }
node: { title: "memset" label: "__builtin_memset\n<built-in>" shape : ellipse }
edge: { sourcename: "deliver_to_uartotherend_samrh71tx" targetname: "memset" }
node: { title: "memcpy" label: "memcpy\n/opt/taste-rtems-qdp-arm/arm-rtems6/include/string.h:31:9" shape : ellipse }
edge: { sourcename: "deliver_to_uartotherend_samrh71tx" targetname: "memcpy" label: "/home/taste/work/work/data-compress-git-out/work/build/node_2/partition_2/transport.c:33:9" }
node: { title: "ThreadsCommon_SendRequest" label: "ThreadsCommon_SendRequest\n/home/taste/work/work/data-compress-git-out/work/build/node_2/partition_2/runtime/SAMX-RTEMS-Runtime/src/ThreadsCommon/ThreadsCommon.h:93:6" shape : ellipse }
edge: { sourcename: "deliver_to_uartotherend_samrh71tx" targetname: "ThreadsCommon_SendRequest" label: "/home/taste/work/work/data-compress-git-out/work/build/node_2/partition_2/transport.c:38:5" }
node: { title: "initialize_transport" label: "initialize_transport\n/home/taste/work/work/data-compress-git-out/work/build/node_2/partition_2/transport.c:46:6\n4 bytes (static)" }
}
